 S0C    S1C    S0U    S1U      EC       EU        OC         OU       MC     MU    CCSC   CCSU   YGC     YGCT    FGC    FGCT     GCT   
16896.0 11776.0  0.0   11776.0 251904.0 69494.6   42496.0    27518.9   15744.0 15065.6 1920.0 1712.2      9    0.232   0      0.000    0.232
16896.0 11776.0  0.0   11776.0 251904.0 72013.6   42496.0    27518.9   15744.0 15065.6 1920.0 1712.2      9    0.232   0      0.000    0.232
16896.0 11776.0  0.0   11776.0 251904.0 72013.6   42496.0    27518.9   15744.0 15065.6 1920.0 1712.2      9    0.232   0      0.000    0.232
16896.0 11776.0  0.0   11776.0 251904.0 72013.6   42496.0    27518.9   15744.0 15065.6 1920.0 1712.2      9    0.232   0      0.000    0.232
16896.0 11776.0  0.0   11776.0 251904.0 106367.2  42496.0    27518.9   15744.0 15065.6 1920.0 1712.2      9    0.232   0      0.000    0.232
16896.0 11776.0  0.0   11776.0 251904.0 126376.4  42496.0    27518.9   15744.0 15065.6 1920.0 1712.2      9    0.232   0      0.000    0.232
16896.0 11776.0  0.0   11776.0 251904.0 126376.4  42496.0    27518.9   15744.0 15065.6 1920.0 1712.2      9    0.232   0      0.000    0.232
16896.0 11776.0  0.0   11776.0 251904.0 128895.5  42496.0    27518.9   15744.0 15065.6 1920.0 1712.2      9    0.232   0      0.000    0.232
16896.0 11776.0  0.0   11776.0 251904.0 128895.5  42496.0    27518.9   15744.0 15065.6 1920.0 1712.2      9    0.232   0      0.000    0.232
16896.0 11776.0  0.0   11776.0 251904.0 128895.5  42496.0    27518.9   15744.0 15065.6 1920.0 1712.2      9    0.232   0      0.000    0.232
16896.0 11776.0  0.0   11776.0 251904.0 131414.5  42496.0    27518.9   15744.0 15065.6 1920.0 1712.2      9    0.232   0      0.000    0.232
16896.0 11776.0  0.0   11776.0 251904.0 131414.5  42496.0    27518.9   15744.0 15065.6 1920.0 1712.2      9    0.232   0      0.000    0.232
16896.0 11776.0  0.0   11776.0 251904.0 131414.5  42496.0    27518.9   15744.0 15065.6 1920.0 1712.2      9    0.232   0      0.000    0.232
16896.0 11776.0  0.0   11776.0 251904.0 133933.5  42496.0    27518.9   15744.0 15065.6 1920.0 1712.2      9    0.232   0      0.000    0.232
16896.0 11776.0  0.0   11776.0 251904.0 133933.5  42496.0    27518.9   15744.0 15065.6 1920.0 1712.2      9    0.232   0      0.000    0.232
16896.0 11776.0  0.0   11776.0 251904.0 133933.5  42496.0    27518.9   15744.0 15065.6 1920.0 1712.2      9    0.232   0      0.000    0.232
16896.0 11776.0  0.0   11776.0 251904.0 173404.9  42496.0    27518.9   15744.0 15065.6 1920.0 1712.2      9    0.232   0      0.000    0.232
16896.0 11776.0  0.0   11776.0 251904.0 194393.8  42496.0    27518.9   15744.0 15065.6 1920.0 1712.2      9    0.232   0      0.000    0.232
16896.0 11776.0  0.0   11776.0 251904.0 194393.8  42496.0    27518.9   15744.0 15065.6 1920.0 1712.2      9    0.232   0      0.000    0.232
16896.0 11776.0  0.0   11776.0 251904.0 196912.8  42496.0    27518.9   15744.0 15065.6 1920.0 1712.2      9    0.232   0      0.000    0.232
16896.0 11776.0  0.0   11776.0 251904.0 196912.8  42496.0    27518.9   15744.0 15065.6 1920.0 1712.2      9    0.232   0      0.000    0.232
16896.0 11776.0  0.0   11776.0 251904.0 196912.8  42496.0    27518.9   15744.0 15065.6 1920.0 1712.2      9    0.232   0      0.000    0.232
16896.0 11776.0  0.0   11776.0 251904.0 197941.0  42496.0    27518.9   15744.0 15065.6 1920.0 1712.2      9    0.232   0      0.000    0.232
16896.0 11776.0  0.0   11776.0 251904.0 197941.0  42496.0    27518.9   15744.0 15065.6 1920.0 1712.2      9    0.232   0      0.000    0.232
16896.0 11776.0  0.0   11776.0 251904.0 197941.0  42496.0    27518.9   15744.0 15065.6 1920.0 1712.2      9    0.232   0      0.000    0.232
16896.0 11776.0  0.0   11776.0 251904.0 197941.0  42496.0    27518.9   15744.0 15065.6 1920.0 1712.2      9    0.232   0      0.000    0.232
16896.0 11776.0  0.0   11776.0 251904.0 197941.0  42496.0    27518.9   15744.0 15065.6 1920.0 1712.2      9    0.232   0      0.000    0.232
16896.0 11776.0  0.0   11776.0 251904.0 197941.0  42496.0    27518.9   15744.0 15065.6 1920.0 1712.2      9    0.232   0      0.000    0.232
16896.0 11776.0  0.0   11776.0 251904.0 232490.9  42496.0    27518.9   15744.0 15065.6 1920.0 1712.2      9    0.232   0      0.000    0.232
16896.0 16896.0 10720.0  0.0   304128.0  6453.9   42496.0    31614.9   15744.0 15093.1 1920.0 1712.8     10    0.269   0      0.000    0.269
16896.0 16896.0 10720.0  0.0   304128.0  6453.9   42496.0    31614.9   15744.0 15093.1 1920.0 1712.8     10    0.269   0      0.000    0.269
16896.0 16896.0 10720.0  0.0   304128.0  8982.8   42496.0    31614.9   15744.0 15093.1 1920.0 1712.8     10    0.269   0      0.000    0.269
16896.0 16896.0 10720.0  0.0   304128.0  8982.8   42496.0    31614.9   15744.0 15093.1 1920.0 1712.8     10    0.269   0      0.000    0.269
16896.0 16896.0 10720.0  0.0   304128.0  8982.8   42496.0    31614.9   15744.0 15093.1 1920.0 1712.8     10    0.269   0      0.000    0.269
16896.0 16896.0 10720.0  0.0   304128.0 10503.5   42496.0    31614.9   15744.0 15093.1 1920.0 1712.8     10    0.269   0      0.000    0.269
16896.0 16896.0 10720.0  0.0   304128.0 10503.5   42496.0    31614.9   15744.0 15093.1 1920.0 1712.8     10    0.269   0      0.000    0.269
16896.0 16896.0 10720.0  0.0   304128.0 10503.5   42496.0    31614.9   15744.0 15093.1 1920.0 1712.8     10    0.269   0      0.000    0.269
16896.0 16896.0 10720.0  0.0   304128.0 12024.1   42496.0    31614.9   15744.0 15093.1 1920.0 1712.8     10    0.269   0      0.000    0.269
16896.0 16896.0 10720.0  0.0   304128.0 12024.1   42496.0    31614.9   15744.0 15093.1 1920.0 1712.8     10    0.269   0      0.000    0.269
16896.0 16896.0 10720.0  0.0   304128.0 12024.1   42496.0    31614.9   15744.0 15093.1 1920.0 1712.8     10    0.269   0      0.000    0.269
16896.0 16896.0 10720.0  0.0   304128.0 56880.7   42496.0    31614.9   15744.0 15093.1 1920.0 1712.8     10    0.269   0      0.000    0.269
16896.0 16896.0 10720.0  0.0   304128.0 72011.7   42496.0    31614.9   15744.0 15093.1 1920.0 1712.8     10    0.269   0      0.000    0.269
16896.0 16896.0 10720.0  0.0   304128.0 72011.7   42496.0    31614.9   15744.0 15093.1 1920.0 1712.8     10    0.269   0      0.000    0.269
16896.0 16896.0 10720.0  0.0   304128.0 73532.4   42496.0    31614.9   15744.0 15093.1 1920.0 1712.8     10    0.269   0      0.000    0.269
16896.0 16896.0 10720.0  0.0   304128.0 73532.4   42496.0    31614.9   15744.0 15093.1 1920.0 1712.8     10    0.269   0      0.000    0.269
16896.0 16896.0 10720.0  0.0   304128.0 73532.4   42496.0    31614.9   15744.0 15093.1 1920.0 1712.8     10    0.269   0      0.000    0.269
16896.0 16896.0 10720.0  0.0   304128.0 75053.0   42496.0    31614.9   15744.0 15093.1 1920.0 1712.8     10    0.269   0      0.000    0.269
16896.0 16896.0 10720.0  0.0   304128.0 75053.0   42496.0    31614.9   15744.0 15093.1 1920.0 1712.8     10    0.269   0      0.000    0.269
16896.0 16896.0 10720.0  0.0   304128.0 75053.0   42496.0    31614.9   15744.0 15093.1 1920.0 1712.8     10    0.269   0      0.000    0.269
16896.0 16896.0 10720.0  0.0   304128.0 76573.7   42496.0    31614.9   15744.0 15093.1 1920.0 1712.8     10    0.269   0      0.000    0.269
16896.0 16896.0 10720.0  0.0   304128.0 76573.7   42496.0    31614.9   15744.0 15093.1 1920.0 1712.8     10    0.269   0      0.000    0.269
16896.0 16896.0 10720.0  0.0   304128.0 76573.7   42496.0    31614.9   15744.0 15093.1 1920.0 1712.8     10    0.269   0      0.000    0.269
16896.0 16896.0 10720.0  0.0   304128.0 109801.2  42496.0    31614.9   15744.0 15093.1 1920.0 1712.8     10    0.269   0      0.000    0.269
16896.0 16896.0 10720.0  0.0   304128.0 134401.6  42496.0    31614.9   15744.0 15093.1 1920.0 1712.8     10    0.269   0      0.000    0.269
16896.0 16896.0 10720.0  0.0   304128.0 134401.6  42496.0    31614.9   15744.0 15093.1 1920.0 1712.8     10    0.269   0      0.000    0.269
16896.0 16896.0 10720.0  0.0   304128.0 135985.5  42496.0    31614.9   15744.0 15093.1 1920.0 1712.8     10    0.269   0      0.000    0.269
16896.0 16896.0 10720.0  0.0   304128.0 135985.5  42496.0    31614.9   15744.0 15093.1 1920.0 1712.8     10    0.269   0      0.000    0.269
16896.0 16896.0 10720.0  0.0   304128.0 135985.5  42496.0    31614.9   15744.0 15093.1 1920.0 1712.8     10    0.269   0      0.000    0.269
16896.0 16896.0 10720.0  0.0   304128.0 137506.1  42496.0    31614.9   15744.0 15093.1 1920.0 1712.8     10    0.269   0      0.000    0.269
16896.0 16896.0 10720.0  0.0   304128.0 137506.1  42496.0    31614.9   15744.0 15093.1 1920.0 1712.8     10    0.269   0      0.000    0.269
16896.0 16896.0 10720.0  0.0   304128.0 137506.1  42496.0    31614.9   15744.0 15093.1 1920.0 1712.8     10    0.269   0      0.000    0.269
16896.0 16896.0 10720.0  0.0   304128.0 137506.1  42496.0    31614.9   15744.0 15093.1 1920.0 1712.8     10    0.269   0      0.000    0.269
16896.0 16896.0 10720.0  0.0   304128.0 137506.1  42496.0    31614.9   15744.0 15093.1 1920.0 1712.8     10    0.269   0      0.000    0.269
16896.0 16896.0 10720.0  0.0   304128.0 137506.1  42496.0    31614.9   15744.0 15093.1 1920.0 1712.8     10    0.269   0      0.000    0.269
16896.0 16896.0 10720.0  0.0   304128.0 173757.8  42496.0    31614.9   15744.0 15093.1 1920.0 1712.8     10    0.269   0      0.000    0.269
16896.0 16896.0 10720.0  0.0   304128.0 195765.8  42496.0    31614.9   15744.0 15093.1 1920.0 1712.8     10    0.269   0      0.000    0.269
16896.0 16896.0 10720.0  0.0   304128.0 195765.8  42496.0    31614.9   15744.0 15093.1 1920.0 1712.8     10    0.269   0      0.000    0.269
16896.0 16896.0 10720.0  0.0   304128.0 195765.8  42496.0    31614.9   15744.0 15093.1 1920.0 1712.8     10    0.269   0      0.000    0.269
16896.0 16896.0 10720.0  0.0   304128.0 195765.8  42496.0    31614.9   15744.0 15093.1 1920.0 1712.8     10    0.269   0      0.000    0.269
16896.0 16896.0 10720.0  0.0   304128.0 195765.8  42496.0    31614.9   15744.0 15093.1 1920.0 1712.8     10    0.269   0      0.000    0.269
16896.0 16896.0 10720.0  0.0   304128.0 195765.8  42496.0    31614.9   15744.0 15093.1 1920.0 1712.8     10    0.269   0      0.000    0.269
16896.0 16896.0 10720.0  0.0   304128.0 195765.8  42496.0    31614.9   15744.0 15093.1 1920.0 1712.8     10    0.269   0      0.000    0.269
16896.0 16896.0 10720.0  0.0   304128.0 195765.8  42496.0    31614.9   15744.0 15093.1 1920.0 1712.8     10    0.269   0      0.000    0.269
16896.0 16896.0 10720.0  0.0   304128.0 195765.8  42496.0    31614.9   15744.0 15093.1 1920.0 1712.8     10    0.269   0      0.000    0.269
16896.0 16896.0 10720.0  0.0   304128.0 195765.8  42496.0    31614.9   15744.0 15093.1 1920.0 1712.8     10    0.269   0      0.000    0.269
16896.0 16896.0 10720.0  0.0   304128.0 195765.8  42496.0    31614.9   15744.0 15093.1 1920.0 1712.8     10    0.269   0      0.000    0.269
16896.0 16896.0 10720.0  0.0   304128.0 241905.9  42496.0    31614.9   15744.0 15093.1 1920.0 1712.8     10    0.269   0      0.000    0.269
16896.0 16896.0 10720.0  0.0   304128.0 252817.8  42496.0    31614.9   15744.0 15093.1 1920.0 1712.8     10    0.269   0      0.000    0.269
16896.0 16896.0 10720.0  0.0   304128.0 252817.8  42496.0    31614.9   15744.0 15093.1 1920.0 1712.8     10    0.269   0      0.000    0.269
16896.0 16896.0 10720.0  0.0   304128.0 252817.8  42496.0    31614.9   15744.0 15093.1 1920.0 1712.8     10    0.269   0      0.000    0.269
16896.0 16896.0 10720.0  0.0   304128.0 252817.8  42496.0    31614.9   15744.0 15093.1 1920.0 1712.8     10    0.269   0      0.000    0.269
16896.0 16896.0 10720.0  0.0   304128.0 252817.8  42496.0    31614.9   15744.0 15093.1 1920.0 1712.8     10    0.269   0      0.000    0.269
16896.0 16896.0 10720.0  0.0   304128.0 252817.8  42496.0    31614.9   15744.0 15093.1 1920.0 1712.8     10    0.269   0      0.000    0.269
16896.0 16896.0 10720.0  0.0   304128.0 252817.8  42496.0    31614.9   15744.0 15093.1 1920.0 1712.8     10    0.269   0      0.000    0.269
16896.0 16896.0 10720.0  0.0   304128.0 252817.8  42496.0    31614.9   15744.0 15093.1 1920.0 1712.8     10    0.269   0      0.000    0.269
16896.0 16896.0 10720.0  0.0   304128.0 252817.8  42496.0    31614.9   15744.0 15093.1 1920.0 1712.8     10    0.269   0      0.000    0.269
16896.0 16896.0 10720.0  0.0   304128.0 252817.8  42496.0    31614.9   15744.0 15093.1 1920.0 1712.8     10    0.269   0      0.000    0.269
16896.0 16896.0 10720.0  0.0   304128.0 252817.8  42496.0    31614.9   15744.0 15093.1 1920.0 1712.8     10    0.269   0      0.000    0.269
16896.0 16896.0 10720.0  0.0   304128.0 300782.9  42496.0    31614.9   15744.0 15093.1 1920.0 1712.8     10    0.269   0      0.000    0.269
16896.0 16896.0  0.0    0.0   304128.0  6323.5   61440.0    35794.1   15744.0 15107.3 1920.0 1713.1     11    0.306   1      0.178    0.484
16896.0 16896.0  0.0    0.0   304128.0  6323.5   61440.0    35794.1   15744.0 15107.3 1920.0 1713.1     11    0.306   1      0.178    0.484
16896.0 16896.0  0.0    0.0   304128.0  7967.9   61440.0    35794.1   15744.0 15107.3 1920.0 1713.1     11    0.306   1      0.178    0.484
16896.0 16896.0  0.0    0.0   304128.0  7967.9   61440.0    35794.1   15744.0 15107.3 1920.0 1713.1     11    0.306   1      0.178    0.484
16896.0 16896.0  0.0    0.0   304128.0  7967.9   61440.0    35794.1   15744.0 15107.3 1920.0 1713.1     11    0.306   1      0.178    0.484
16896.0 16896.0  0.0    0.0   304128.0  8956.6   61440.0    35794.1   15744.0 15107.3 1920.0 1713.1     11    0.306   1      0.178    0.484
16896.0 16896.0  0.0    0.0   304128.0  8956.6   61440.0    35794.1   15744.0 15107.3 1920.0 1713.1     11    0.306   1      0.178    0.484
16896.0 16896.0  0.0    0.0   304128.0  8956.6   61440.0    35794.1   15744.0 15107.3 1920.0 1713.1     11    0.306   1      0.178    0.484
16896.0 16896.0  0.0    0.0   304128.0  9945.3   61440.0    35794.1   15744.0 15107.3 1920.0 1713.1     11    0.306   1      0.178    0.484
16896.0 16896.0  0.0    0.0   304128.0  9945.3   61440.0    35794.1   15744.0 15107.3 1920.0 1713.1     11    0.306   1      0.178    0.484
16896.0 16896.0  0.0    0.0   304128.0  9945.3   61440.0    35794.1   15744.0 15107.3 1920.0 1713.1     11    0.306   1      0.178    0.484
16896.0 16896.0  0.0    0.0   304128.0 55652.4   61440.0    35794.1   15744.0 15107.3 1920.0 1713.1     11    0.306   1      0.178    0.484
16896.0 16896.0  0.0    0.0   304128.0 69834.1   61440.0    35794.1   15744.0 15107.3 1920.0 1713.1     11    0.306   1      0.178    0.484
16896.0 16896.0  0.0    0.0   304128.0 69834.1   61440.0    35794.1   15744.0 15107.3 1920.0 1713.1     11    0.306   1      0.178    0.484
16896.0 16896.0  0.0    0.0   304128.0 70822.9   61440.0    35794.1   15744.0 15107.3 1920.0 1713.1     11    0.306   1      0.178    0.484
16896.0 16896.0  0.0    0.0   304128.0 70822.9   61440.0    35794.1   15744.0 15107.3 1920.0 1713.1     11    0.306   1      0.178    0.484
16896.0 16896.0  0.0    0.0   304128.0 70822.9   61440.0    35794.1   15744.0 15107.3 1920.0 1713.1     11    0.306   1      0.178    0.484
16896.0 16896.0  0.0    0.0   304128.0 71811.6   61440.0    35794.1   15744.0 15107.3 1920.0 1713.1     11    0.306   1      0.178    0.484
16896.0 16896.0  0.0    0.0   304128.0 71811.6   61440.0    35794.1   15744.0 15107.3 1920.0 1713.1     11    0.306   1      0.178    0.484
16896.0 16896.0  0.0    0.0   304128.0 71811.6   61440.0    35794.1   15744.0 15107.3 1920.0 1713.1     11    0.306   1      0.178    0.484
16896.0 16896.0  0.0    0.0   304128.0 72800.3   61440.0    35794.1   15744.0 15107.3 1920.0 1713.1     11    0.306   1      0.178    0.484
16896.0 16896.0  0.0    0.0   304128.0 72800.3   61440.0    35794.1   15744.0 15107.3 1920.0 1713.1     11    0.306   1      0.178    0.484
16896.0 16896.0  0.0    0.0   304128.0 72800.3   61440.0    35794.1   15744.0 15107.3 1920.0 1713.1     11    0.306   1      0.178    0.484
16896.0 16896.0  0.0    0.0   304128.0 115825.1  61440.0    35794.1   15744.0 15107.3 1920.0 1713.1     11    0.306   1      0.178    0.484
16896.0 16896.0  0.0    0.0   304128.0 128849.1  61440.0    35794.1   15744.0 15107.3 1920.0 1713.1     11    0.306   1      0.178    0.484
16896.0 16896.0  0.0    0.0   304128.0 128849.1  61440.0    35794.1   15744.0 15107.3 1920.0 1713.1     11    0.306   1      0.178    0.484
16896.0 16896.0  0.0    0.0   304128.0 129838.1  61440.0    35794.1   15744.0 15107.3 1920.0 1713.1     11    0.306   1      0.178    0.484
16896.0 16896.0  0.0    0.0   304128.0 129838.1  61440.0    35794.1   15744.0 15107.3 1920.0 1713.1     11    0.306   1      0.178    0.484
16896.0 16896.0  0.0    0.0   304128.0 129838.1  61440.0    35794.1   15744.0 15107.3 1920.0 1713.1     11    0.306   1      0.178    0.484
16896.0 16896.0  0.0    0.0   304128.0 130827.1  61440.0    35794.1   15744.0 15107.3 1920.0 1713.1     11    0.306   1      0.178    0.484
16896.0 16896.0  0.0    0.0   304128.0 130827.1  61440.0    35794.1   15744.0 15107.3 1920.0 1713.1     11    0.306   1      0.178    0.484
16896.0 16896.0  0.0    0.0   304128.0 130827.1  61440.0    35794.1   15744.0 15107.3 1920.0 1713.1     11    0.306   1      0.178    0.484
16896.0 16896.0  0.0    0.0   304128.0 130827.1  61440.0    35794.1   15744.0 15107.3 1920.0 1713.1     11    0.306   1      0.178    0.484
16896.0 16896.0  0.0    0.0   304128.0 130827.1  61440.0    35794.1   15744.0 15107.3 1920.0 1713.1     11    0.306   1      0.178    0.484
16896.0 16896.0  0.0    0.0   304128.0 130827.1  61440.0    35794.1   15744.0 15107.3 1920.0 1713.1     11    0.306   1      0.178    0.484
16896.0 16896.0  0.0    0.0   304128.0 181455.5  61440.0    35794.1   15744.0 15107.3 1920.0 1713.1     11    0.306   1      0.178    0.484
16896.0 16896.0  0.0    0.0   304128.0 187825.5  61440.0    35794.1   15744.0 15107.3 1920.0 1713.1     11    0.306   1      0.178    0.484
16896.0 16896.0  0.0    0.0   304128.0 187825.5  61440.0    35794.1   15744.0 15107.3 1920.0 1713.1     11    0.306   1      0.178    0.484
16896.0 16896.0  0.0    0.0   304128.0 187825.5  61440.0    35794.1   15744.0 15107.3 1920.0 1713.1     11    0.306   1      0.178    0.484
16896.0 16896.0  0.0    0.0   304128.0 187825.5  61440.0    35794.1   15744.0 15107.3 1920.0 1713.1     11    0.306   1      0.178    0.484
16896.0 16896.0  0.0    0.0   304128.0 187825.5  61440.0    35794.1   15744.0 15107.3 1920.0 1713.1     11    0.306   1      0.178    0.484
16896.0 16896.0  0.0    0.0   304128.0 187866.6  61440.0    35794.1   15744.0 15107.3 1920.0 1713.1     11    0.306   1      0.178    0.484
16896.0 16896.0  0.0    0.0   304128.0 187866.6  61440.0    35794.1   15744.0 15107.3 1920.0 1713.1     11    0.306   1      0.178    0.484
16896.0 16896.0  0.0    0.0   304128.0 187866.6  61440.0    35794.1   15744.0 15107.3 1920.0 1713.1     11    0.306   1      0.178    0.484
16896.0 16896.0  0.0    0.0   304128.0 187866.6  61440.0    35794.1   15744.0 15107.3 1920.0 1713.1     11    0.306   1      0.178    0.484
16896.0 16896.0  0.0    0.0   304128.0 187866.6  61440.0    35794.1   15744.0 15107.3 1920.0 1713.1     11    0.306   1      0.178    0.484
16896.0 16896.0  0.0    0.0   304128.0 187866.6  61440.0    35794.1   15744.0 15107.3 1920.0 1713.1     11    0.306   1      0.178    0.484
16896.0 16896.0  0.0    0.0   304128.0 235912.7  61440.0    35794.1   15744.0 15107.3 1920.0 1713.1     11    0.306   1      0.178    0.484
16896.0 16896.0  0.0    0.0   304128.0 244594.8  61440.0    35794.1   15744.0 15107.3 1920.0 1713.1     11    0.306   1      0.178    0.484
16896.0 16896.0  0.0    0.0   304128.0 244594.8  61440.0    35794.1   15744.0 15107.3 1920.0 1713.1     11    0.306   1      0.178    0.484
16896.0 16896.0  0.0    0.0   304128.0 244594.8  61440.0    35794.1   15744.0 15107.3 1920.0 1713.1     11    0.306   1      0.178    0.484
16896.0 16896.0  0.0    0.0   304128.0 244594.8  61440.0    35794.1   15744.0 15107.3 1920.0 1713.1     11    0.306   1      0.178    0.484
16896.0 16896.0  0.0    0.0   304128.0 244594.8  61440.0    35794.1   15744.0 15107.3 1920.0 1713.1     11    0.306   1      0.178    0.484
16896.0 16896.0  0.0    0.0   304128.0 244594.8  61440.0    35794.1   15744.0 15107.3 1920.0 1713.1     11    0.306   1      0.178    0.484
16896.0 16896.0  0.0    0.0   304128.0 244594.8  61440.0    35794.1   15744.0 15107.3 1920.0 1713.1     11    0.306   1      0.178    0.484
16896.0 16896.0  0.0    0.0   304128.0 244594.8  61440.0    35794.1   15744.0 15107.3 1920.0 1713.1     11    0.306   1      0.178    0.484
16896.0 16896.0  0.0    0.0   304128.0 244594.8  61440.0    35794.1   15744.0 15107.3 1920.0 1713.1     11    0.306   1      0.178    0.484
16896.0 16896.0  0.0    0.0   304128.0 244594.8  61440.0    35794.1   15744.0 15107.3 1920.0 1713.1     11    0.306   1      0.178    0.484
16896.0 16896.0  0.0    0.0   304128.0 244594.8  61440.0    35794.1   15744.0 15107.3 1920.0 1713.1     11    0.306   1      0.178    0.484
16896.0 16896.0  0.0    0.0   304128.0 291466.8  61440.0    35794.1   15744.0 15107.3 1920.0 1713.1     11    0.306   1      0.178    0.484
16896.0 16896.0  0.0    0.0   304128.0 301325.0  61440.0    35794.1   15744.0 15107.3 1920.0 1713.1     11    0.306   1      0.178    0.484
16896.0 16896.0  0.0    0.0   304128.0 301325.0  61440.0    35794.1   15744.0 15107.3 1920.0 1713.1     11    0.306   1      0.178    0.484
16896.0 16896.0  0.0    0.0   304128.0 301325.0  61440.0    35794.1   15744.0 15107.3 1920.0 1713.1     11    0.306   1      0.178    0.484
16896.0 16896.0  0.0    0.0   304128.0 301325.0  61440.0    35794.1   15744.0 15107.3 1920.0 1713.1     11    0.306   1      0.178    0.484
16896.0 16896.0  0.0    0.0   304128.0 301325.0  61440.0    35794.1   15744.0 15107.3 1920.0 1713.1     11    0.306   1      0.178    0.484
16896.0 16896.0  0.0    0.0   304128.0 301325.0  61440.0    35794.1   15744.0 15107.3 1920.0 1713.1     11    0.306   1      0.178    0.484
16896.0 16896.0  0.0    0.0   304128.0 301325.0  61440.0    35794.1   15744.0 15107.3 1920.0 1713.1     11    0.306   1      0.178    0.484
16896.0 16896.0  0.0    0.0   304128.0 301325.0  61440.0    35794.1   15744.0 15107.3 1920.0 1713.1     11    0.306   1      0.178    0.484
16896.0 16896.0  0.0    0.0   304128.0 301325.0  61440.0    35794.1   15744.0 15107.3 1920.0 1713.1     11    0.306   1      0.178    0.484
16896.0 16896.0  0.0    0.0   304128.0 301325.0  61440.0    35794.1   15744.0 15107.3 1920.0 1713.1     11    0.306   1      0.178    0.484
16896.0 16896.0  0.0    0.0   304128.0 301325.0  61440.0    35794.1   15744.0 15107.3 1920.0 1713.1     11    0.306   1      0.178    0.484
16896.0 16896.0 3072.0  0.0   304128.0 43002.2   61440.0    35794.1   15744.0 15110.1 1920.0 1714.5     12    0.313   1      0.178    0.491
16896.0 16896.0 3072.0  0.0   304128.0 55229.1   61440.0    35794.1   15744.0 15110.1 1920.0 1714.5     12    0.313   1      0.178    0.491
16896.0 16896.0 3072.0  0.0   304128.0 55229.1   61440.0    35794.1   15744.0 15110.1 1920.0 1714.5     12    0.313   1      0.178    0.491
16896.0 16896.0 3072.0  0.0   304128.0 56298.0   61440.0    35794.1   15744.0 15110.1 1920.0 1714.5     12    0.313   1      0.178    0.491
16896.0 16896.0 3072.0  0.0   304128.0 56298.0   61440.0    35794.1   15744.0 15110.1 1920.0 1714.5     12    0.313   1      0.178    0.491
16896.0 16896.0 3072.0  0.0   304128.0 56298.0   61440.0    35794.1   15744.0 15110.1 1920.0 1714.5     12    0.313   1      0.178    0.491
16896.0 16896.0 3072.0  0.0   304128.0 56940.6   61440.0    35794.1   15744.0 15110.1 1920.0 1714.5     12    0.313   1      0.178    0.491
16896.0 16896.0 3072.0  0.0   304128.0 56940.6   61440.0    35794.1   15744.0 15110.1 1920.0 1714.5     12    0.313   1      0.178    0.491
16896.0 16896.0 3072.0  0.0   304128.0 56940.6   61440.0    35794.1   15744.0 15110.1 1920.0 1714.5     12    0.313   1      0.178    0.491
16896.0 16896.0 3072.0  0.0   304128.0 57583.3   61440.0    35794.1   15744.0 15110.1 1920.0 1714.5     12    0.313   1      0.178    0.491
16896.0 16896.0 3072.0  0.0   304128.0 57583.3   61440.0    35794.1   15744.0 15110.1 1920.0 1714.5     12    0.313   1      0.178    0.491
16896.0 16896.0 3072.0  0.0   304128.0 57583.3   61440.0    35794.1   15744.0 15110.1 1920.0 1714.5     12    0.313   1      0.178    0.491
16896.0 16896.0 3072.0  0.0   304128.0 112069.8  61440.0    35794.1   15744.0 15110.1 1920.0 1714.5     12    0.313   1      0.178    0.491
16896.0 16896.0 3072.0  0.0   304128.0 114908.6  61440.0    35794.1   15744.0 15110.1 1920.0 1714.5     12    0.313   1      0.178    0.491
16896.0 16896.0 3072.0  0.0   304128.0 114908.6  61440.0    35794.1   15744.0 15110.1 1920.0 1714.5     12    0.313   1      0.178    0.491
16896.0 16896.0 3072.0  0.0   304128.0 115551.5  61440.0    35794.1   15744.0 15110.1 1920.0 1714.5     12    0.313   1      0.178    0.491
16896.0 16896.0 3072.0  0.0   304128.0 115551.5  61440.0    35794.1   15744.0 15110.1 1920.0 1714.5     12    0.313   1      0.178    0.491
16896.0 16896.0 3072.0  0.0   304128.0 115551.5  61440.0    35794.1   15744.0 15110.1 1920.0 1714.5     12    0.313   1      0.178    0.491
16896.0 16896.0 3072.0  0.0   304128.0 116194.3  61440.0    35794.1   15744.0 15110.1 1920.0 1714.5     12    0.313   1      0.178    0.491
16896.0 16896.0 3072.0  0.0   304128.0 116194.3  61440.0    35794.1   15744.0 15110.1 1920.0 1714.5     12    0.313   1      0.178    0.491
16896.0 16896.0 3072.0  0.0   304128.0 116194.3  61440.0    35794.1   15744.0 15110.1 1920.0 1714.5     12    0.313   1      0.178    0.491
16896.0 16896.0 3072.0  0.0   304128.0 116863.7  61440.0    35794.1   15744.0 15110.1 1920.0 1714.5     12    0.313   1      0.178    0.491
16896.0 16896.0 3072.0  0.0   304128.0 116863.7  61440.0    35794.1   15744.0 15110.1 1920.0 1714.5     12    0.313   1      0.178    0.491
16896.0 16896.0 3072.0  0.0   304128.0 116863.7  61440.0    35794.1   15744.0 15110.1 1920.0 1714.5     12    0.313   1      0.178    0.491
16896.0 16896.0 3072.0  0.0   304128.0 166261.8  61440.0    35794.1   15744.0 15110.1 1920.0 1714.5     12    0.313   1      0.178    0.491
16896.0 16896.0 3072.0  0.0   304128.0 173952.9  61440.0    35794.1   15744.0 15110.1 1920.0 1714.5     12    0.313   1      0.178    0.491
16896.0 16896.0 3072.0  0.0   304128.0 173952.9  61440.0    35794.1   15744.0 15110.1 1920.0 1714.5     12    0.313   1      0.178    0.491
16896.0 16896.0 3072.0  0.0   304128.0 174595.6  61440.0    35794.1   15744.0 15110.1 1920.0 1714.5     12    0.313   1      0.178    0.491
16896.0 16896.0 3072.0  0.0   304128.0 174595.6  61440.0    35794.1   15744.0 15110.1 1920.0 1714.5     12    0.313   1      0.178    0.491
16896.0 16896.0 3072.0  0.0   304128.0 174595.6  61440.0    35794.1   15744.0 15110.1 1920.0 1714.5     12    0.313   1      0.178    0.491
16896.0 16896.0 3072.0  0.0   304128.0 174595.6  61440.0    35794.1   15744.0 15110.1 1920.0 1714.5     12    0.313   1      0.178    0.491
16896.0 16896.0 3072.0  0.0   304128.0 174595.6  61440.0    35794.1   15744.0 15110.1 1920.0 1714.5     12    0.313   1      0.178    0.491
16896.0 16896.0 3072.0  0.0   304128.0 174595.6  61440.0    35794.1   15744.0 15110.1 1920.0 1714.5     12    0.313   1      0.178    0.491
16896.0 16896.0 3072.0  0.0   304128.0 174595.6  61440.0    35794.1   15744.0 15110.1 1920.0 1714.5     12    0.313   1      0.178    0.491
16896.0 16896.0 3072.0  0.0   304128.0 174595.6  61440.0    35794.1   15744.0 15110.1 1920.0 1714.5     12    0.313   1      0.178    0.491
16896.0 16896.0 3072.0  0.0   304128.0 174595.6  61440.0    35794.1   15744.0 15110.1 1920.0 1714.5     12    0.313   1      0.178    0.491
16896.0 16896.0 3072.0  0.0   304128.0 226495.0  61440.0    35794.1   15744.0 15110.1 1920.0 1714.5     12    0.313   1      0.178    0.491
16896.0 16896.0 3072.0  0.0   304128.0 231342.8  61440.0    35794.1   15744.0 15110.1 1920.0 1714.5     12    0.313   1      0.178    0.491
16896.0 16896.0 3072.0  0.0   304128.0 231342.8  61440.0    35794.1   15744.0 15110.1 1920.0 1714.5     12    0.313   1      0.178    0.491
16896.0 16896.0 3072.0  0.0   304128.0 231342.8  61440.0    35794.1   15744.0 15110.1 1920.0 1714.5     12    0.313   1      0.178    0.491
16896.0 16896.0 3072.0  0.0   304128.0 231342.8  61440.0    35794.1   15744.0 15110.1 1920.0 1714.5     12    0.313   1      0.178    0.491
16896.0 16896.0 3072.0  0.0   304128.0 231342.8  61440.0    35794.1   15744.0 15110.1 1920.0 1714.5     12    0.313   1      0.178    0.491
16896.0 16896.0 3072.0  0.0   304128.0 231342.8  61440.0    35794.1   15744.0 15110.1 1920.0 1714.5     12    0.313   1      0.178    0.491
16896.0 16896.0 3072.0  0.0   304128.0 231342.8  61440.0    35794.1   15744.0 15110.1 1920.0 1714.5     12    0.313   1      0.178    0.491
16896.0 16896.0 3072.0  0.0   304128.0 231342.8  61440.0    35794.1   15744.0 15110.1 1920.0 1714.5     12    0.313   1      0.178    0.491
16896.0 16896.0 3072.0  0.0   304128.0 231342.8  61440.0    35794.1   15744.0 15110.1 1920.0 1714.5     12    0.313   1      0.178    0.491
16896.0 16896.0 3072.0  0.0   304128.0 231342.8  61440.0    35794.1   15744.0 15110.1 1920.0 1714.5     12    0.313   1      0.178    0.491
16896.0 16896.0 3072.0  0.0   304128.0 231342.8  61440.0    35794.1   15744.0 15110.1 1920.0 1714.5     12    0.313   1      0.178    0.491
16896.0 16896.0 3072.0  0.0   304128.0 286087.3  61440.0    35794.1   15744.0 15110.1 1920.0 1714.5     12    0.313   1      0.178    0.491
16896.0 16896.0 3072.0  0.0   304128.0 286087.3  61440.0    35794.1   15744.0 15110.1 1920.0 1714.5     12    0.313   1      0.178    0.491
16896.0 16896.0 3072.0  0.0   304128.0 286087.3  61440.0    35794.1   15744.0 15110.1 1920.0 1714.5     12    0.313   1      0.178    0.491
16896.0 16896.0 3072.0  0.0   304128.0 286087.3  61440.0    35794.1   15744.0 15110.1 1920.0 1714.5     12    0.313   1      0.178    0.491
16896.0 16896.0 3072.0  0.0   304128.0 286087.3  61440.0    35794.1   15744.0 15110.1 1920.0 1714.5     12    0.313   1      0.178    0.491
16896.0 16896.0 3072.0  0.0   304128.0 286087.3  61440.0    35794.1   15744.0 15110.1 1920.0 1714.5     12    0.313   1      0.178    0.491
16896.0 16896.0 3072.0  0.0   304128.0 286087.3  61440.0    35794.1   15744.0 15110.1 1920.0 1714.5     12    0.313   1      0.178    0.491
16896.0 16896.0 3072.0  0.0   304128.0 286087.3  61440.0    35794.1   15744.0 15110.1 1920.0 1714.5     12    0.313   1      0.178    0.491
16896.0 16896.0 3072.0  0.0   304128.0 286087.3  61440.0    35794.1   15744.0 15110.1 1920.0 1714.5     12    0.313   1      0.178    0.491
16896.0 16896.0 3072.0  0.0   304128.0 286087.3  61440.0    35794.1   15744.0 15110.1 1920.0 1714.5     12    0.313   1      0.178    0.491
16896.0 16896.0 3072.0  0.0   304128.0 286087.3  61440.0    35794.1   15744.0 15110.1 1920.0 1714.5     12    0.313   1      0.178    0.491
16896.0 16896.0 3072.0  0.0   304128.0 286087.3  61440.0    35794.1   15744.0 15110.1 1920.0 1714.5     12    0.313   1      0.178    0.491
16896.0 16896.0  0.0   3072.0 304128.0 40831.9   61440.0    38586.1   15744.0 15110.1 1920.0 1714.5     13    0.324   1      0.178    0.502
16896.0 16896.0  0.0   3072.0 304128.0 40831.9   61440.0    38586.1   15744.0 15110.1 1920.0 1714.5     13    0.324   1      0.178    0.502
16896.0 16896.0  0.0   3072.0 304128.0 40831.9   61440.0    38586.1   15744.0 15110.1 1920.0 1714.5     13    0.324   1      0.178    0.502
16896.0 16896.0  0.0   3072.0 304128.0 41527.9   61440.0    38586.1   15744.0 15110.1 1920.0 1714.5     13    0.324   1      0.178    0.502
16896.0 16896.0  0.0   3072.0 304128.0 41527.9   61440.0    38586.1   15744.0 15110.1 1920.0 1714.5     13    0.324   1      0.178    0.502
16896.0 16896.0  0.0   3072.0 304128.0 41527.9   61440.0    38586.1   15744.0 15110.1 1920.0 1714.5     13    0.324   1      0.178    0.502
16896.0 16896.0  0.0   3072.0 304128.0 41946.2   61440.0    38586.1   15744.0 15110.1 1920.0 1714.5     13    0.324   1      0.178    0.502
16896.0 16896.0  0.0   3072.0 304128.0 41946.2   61440.0    38586.1   15744.0 15110.1 1920.0 1714.5     13    0.324   1      0.178    0.502
16896.0 16896.0  0.0   3072.0 304128.0 41946.2   61440.0    38586.1   15744.0 15110.1 1920.0 1714.5     13    0.324   1      0.178    0.502
16896.0 16896.0  0.0   3072.0 304128.0 42364.5   61440.0    38586.1   15744.0 15110.1 1920.0 1714.5     13    0.324   1      0.178    0.502
16896.0 16896.0  0.0   3072.0 304128.0 42364.5   61440.0    38586.1   15744.0 15110.1 1920.0 1714.5     13    0.324   1      0.178    0.502
16896.0 16896.0  0.0   3072.0 304128.0 42364.5   61440.0    38586.1   15744.0 15110.1 1920.0 1714.5     13    0.324   1      0.178    0.502
16896.0 16896.0  0.0   3072.0 304128.0 97931.9   61440.0    38586.1   15744.0 15110.1 1920.0 1714.5     13    0.324   1      0.178    0.502
16896.0 16896.0  0.0   3072.0 304128.0 97931.9   61440.0    38586.1   15744.0 15110.1 1920.0 1714.5     13    0.324   1      0.178    0.502
16896.0 16896.0  0.0   3072.0 304128.0 97931.9   61440.0    38586.1   15744.0 15110.1 1920.0 1714.5     13    0.324   1      0.178    0.502
16896.0 16896.0  0.0   3072.0 304128.0 98350.3   61440.0    38586.1   15744.0 15110.1 1920.0 1714.5     13    0.324   1      0.178    0.502
16896.0 16896.0  0.0   3072.0 304128.0 98350.3   61440.0    38586.1   15744.0 15110.1 1920.0 1714.5     13    0.324   1      0.178    0.502
16896.0 16896.0  0.0   3072.0 304128.0 98350.3   61440.0    38586.1   15744.0 15110.1 1920.0 1714.5     13    0.324   1      0.178    0.502
16896.0 16896.0  0.0   3072.0 304128.0 98768.7   61440.0    38586.1   15744.0 15110.1 1920.0 1714.5     13    0.324   1      0.178    0.502
16896.0 16896.0  0.0   3072.0 304128.0 98768.7   61440.0    38586.1   15744.0 15110.1 1920.0 1714.5     13    0.324   1      0.178    0.502
16896.0 16896.0  0.0   3072.0 304128.0 98768.7   61440.0    38586.1   15744.0 15110.1 1920.0 1714.5     13    0.324   1      0.178    0.502
16896.0 16896.0  0.0   3072.0 304128.0 99187.3   61440.0    38586.1   15744.0 15110.1 1920.0 1714.5     13    0.324   1      0.178    0.502
16896.0 16896.0  0.0   3072.0 304128.0 99187.3   61440.0    38586.1   15744.0 15110.1 1920.0 1714.5     13    0.324   1      0.178    0.502
16896.0 16896.0  0.0   3072.0 304128.0 99187.3   61440.0    38586.1   15744.0 15110.1 1920.0 1714.5     13    0.324   1      0.178    0.502
16896.0 16896.0  0.0   3072.0 304128.0 156612.2  61440.0    38586.1   15744.0 15110.1 1920.0 1714.5     13    0.324   1      0.178    0.502
16896.0 16896.0  0.0   3072.0 304128.0 156612.2  61440.0    38586.1   15744.0 15110.1 1920.0 1714.5     13    0.324   1      0.178    0.502
16896.0 16896.0  0.0   3072.0 304128.0 156612.2  61440.0    38586.1   15744.0 15110.1 1920.0 1714.5     13    0.324   1      0.178    0.502
16896.0 16896.0  0.0   3072.0 304128.0 157030.7  61440.0    38586.1   15744.0 15110.1 1920.0 1714.5     13    0.324   1      0.178    0.502
16896.0 16896.0  0.0   3072.0 304128.0 157030.7  61440.0    38586.1   15744.0 15110.1 1920.0 1714.5     13    0.324   1      0.178    0.502
16896.0 16896.0  0.0   3072.0 304128.0 157030.7  61440.0    38586.1   15744.0 15110.1 1920.0 1714.5     13    0.324   1      0.178    0.502
16896.0 16896.0  0.0   3072.0 304128.0 157449.2  61440.0    38586.1   15744.0 15110.1 1920.0 1714.5     13    0.324   1      0.178    0.502
16896.0 16896.0  0.0   3072.0 304128.0 157449.2  61440.0    38586.1   15744.0 15110.1 1920.0 1714.5     13    0.324   1      0.178    0.502
16896.0 16896.0  0.0   3072.0 304128.0 157449.2  61440.0    38586.1   15744.0 15110.1 1920.0 1714.5     13    0.324   1      0.178    0.502
16896.0 16896.0  0.0   3072.0 304128.0 157449.2  61440.0    38586.1   15744.0 15110.1 1920.0 1714.5     13    0.324   1      0.178    0.502
16896.0 16896.0  0.0   3072.0 304128.0 157449.2  61440.0    38586.1   15744.0 15110.1 1920.0 1714.5     13    0.324   1      0.178    0.502
16896.0 16896.0  0.0   3072.0 304128.0 157449.2  61440.0    38586.1   15744.0 15110.1 1920.0 1714.5     13    0.324   1      0.178    0.502
16896.0 16896.0  0.0   3072.0 304128.0 212193.7  61440.0    38586.1   15744.0 15110.1 1920.0 1714.5     13    0.324   1      0.178    0.502
16896.0 16896.0  0.0   3072.0 304128.0 215008.5  61440.0    38586.1   15744.0 15110.1 1920.0 1714.5     13    0.324   1      0.178    0.502
16896.0 16896.0  0.0   3072.0 304128.0 215008.5  61440.0    38586.1   15744.0 15110.1 1920.0 1714.5     13    0.324   1      0.178    0.502
16896.0 16896.0  0.0   3072.0 304128.0 215008.5  61440.0    38586.1   15744.0 15110.1 1920.0 1714.5     13    0.324   1      0.178    0.502
16896.0 16896.0  0.0   3072.0 304128.0 215008.5  61440.0    38586.1   15744.0 15110.1 1920.0 1714.5     13    0.324   1      0.178    0.502
16896.0 16896.0  0.0   3072.0 304128.0 215008.5  61440.0    38586.1   15744.0 15110.1 1920.0 1714.5     13    0.324   1      0.178    0.502
16896.0 16896.0  0.0   3072.0 304128.0 215008.5  61440.0    38586.1   15744.0 15110.1 1920.0 1714.5     13    0.324   1      0.178    0.502
16896.0 16896.0  0.0   3072.0 304128.0 215008.5  61440.0    38586.1   15744.0 15110.1 1920.0 1714.5     13    0.324   1      0.178    0.502
16896.0 16896.0  0.0   3072.0 304128.0 215008.5  61440.0    38586.1   15744.0 15110.1 1920.0 1714.5     13    0.324   1      0.178    0.502
16896.0 16896.0  0.0   3072.0 304128.0 215008.5  61440.0    38586.1   15744.0 15110.1 1920.0 1714.5     13    0.324   1      0.178    0.502
16896.0 16896.0  0.0   3072.0 304128.0 215008.5  61440.0    38586.1   15744.0 15110.1 1920.0 1714.5     13    0.324   1      0.178    0.502
16896.0 16896.0  0.0   3072.0 304128.0 215008.5  61440.0    38586.1   15744.0 15110.1 1920.0 1714.5     13    0.324   1      0.178    0.502
16896.0 16896.0  0.0   3072.0 304128.0 264734.8  61440.0    38586.1   15744.0 15110.1 1920.0 1714.5     13    0.324   1      0.178    0.502
16896.0 16896.0  0.0   3072.0 304128.0 270673.6  61440.0    38586.1   15744.0 15110.1 1920.0 1714.5     13    0.324   1      0.178    0.502
16896.0 16896.0  0.0   3072.0 304128.0 270673.6  61440.0    38586.1   15744.0 15110.1 1920.0 1714.5     13    0.324   1      0.178    0.502
16896.0 16896.0  0.0   3072.0 304128.0 270673.6  61440.0    38586.1   15744.0 15110.1 1920.0 1714.5     13    0.324   1      0.178    0.502
16896.0 16896.0  0.0   3072.0 304128.0 270673.6  61440.0    38586.1   15744.0 15110.1 1920.0 1714.5     13    0.324   1      0.178    0.502
16896.0 16896.0  0.0   3072.0 304128.0 270673.6  61440.0    38586.1   15744.0 15110.1 1920.0 1714.5     13    0.324   1      0.178    0.502
16896.0 16896.0  0.0   3072.0 304128.0 270673.6  61440.0    38586.1   15744.0 15110.1 1920.0 1714.5     13    0.324   1      0.178    0.502
16896.0 16896.0  0.0   3072.0 304128.0 270673.6  61440.0    38586.1   15744.0 15110.1 1920.0 1714.5     13    0.324   1      0.178    0.502
16896.0 16896.0  0.0   3072.0 304128.0 270673.6  61440.0    38586.1   15744.0 15110.1 1920.0 1714.5     13    0.324   1      0.178    0.502
16896.0 16896.0  0.0   3072.0 304128.0 270673.6  61440.0    38586.1   15744.0 15110.1 1920.0 1714.5     13    0.324   1      0.178    0.502
16896.0 16896.0  0.0   3072.0 304128.0 270673.6  61440.0    38586.1   15744.0 15110.1 1920.0 1714.5     13    0.324   1      0.178    0.502
16896.0 16896.0  0.0   3072.0 304128.0 270673.6  61440.0    38586.1   15744.0 15110.1 1920.0 1714.5     13    0.324   1      0.178    0.502
15872.0 16384.0 3072.0  0.0   304128.0 23823.2   61440.0    41410.1   15744.0 15116.3 1920.0 1714.5     14    0.340   1      0.178    0.518
15872.0 16384.0 3072.0  0.0   304128.0 25289.4   61440.0    41410.1   15744.0 15116.3 1920.0 1714.5     14    0.340   1      0.178    0.518
15872.0 16384.0 3072.0  0.0   304128.0 25289.4   61440.0    41410.1   15744.0 15116.3 1920.0 1714.5     14    0.340   1      0.178    0.518
15872.0 16384.0 3072.0  0.0   304128.0 25742.8   61440.0    41410.1   15744.0 15116.3 1920.0 1714.5     14    0.340   1      0.178    0.518
15872.0 16384.0 3072.0  0.0   304128.0 25742.8   61440.0    41410.1   15744.0 15116.3 1920.0 1714.5     14    0.340   1      0.178    0.518
15872.0 16384.0 3072.0  0.0   304128.0 25742.8   61440.0    41410.1   15744.0 15116.3 1920.0 1714.5     14    0.340   1      0.178    0.518
15872.0 16384.0 3072.0  0.0   304128.0 26015.2   61440.0    41410.1   15744.0 15116.3 1920.0 1714.5     14    0.340   1      0.178    0.518
15872.0 16384.0 3072.0  0.0   304128.0 26015.2   61440.0    41410.1   15744.0 15116.3 1920.0 1714.5     14    0.340   1      0.178    0.518
15872.0 16384.0 3072.0  0.0   304128.0 26015.2   61440.0    41410.1   15744.0 15116.3 1920.0 1714.5     14    0.340   1      0.178    0.518
15872.0 16384.0 3072.0  0.0   304128.0 26287.7   61440.0    41410.1   15744.0 15116.3 1920.0 1714.5     14    0.340   1      0.178    0.518
15872.0 16384.0 3072.0  0.0   304128.0 26287.7   61440.0    41410.1   15744.0 15116.3 1920.0 1714.5     14    0.340   1      0.178    0.518
15872.0 16384.0 3072.0  0.0   304128.0 26287.7   61440.0    41410.1   15744.0 15116.3 1920.0 1714.5     14    0.340   1      0.178    0.518
15872.0 16384.0 3072.0  0.0   304128.0 79855.8   61440.0    41410.1   15744.0 15116.3 1920.0 1714.5     14    0.340   1      0.178    0.518
15872.0 16384.0 3072.0  0.0   304128.0 83223.4   61440.0    41410.1   15744.0 15116.3 1920.0 1714.5     14    0.340   1      0.178    0.518
15872.0 16384.0 3072.0  0.0   304128.0 83223.4   61440.0    41410.1   15744.0 15116.3 1920.0 1714.5     14    0.340   1      0.178    0.518
15872.0 16384.0 3072.0  0.0   304128.0 83495.9   61440.0    41410.1   15744.0 15116.3 1920.0 1714.5     14    0.340   1      0.178    0.518
15872.0 16384.0 3072.0  0.0   304128.0 83495.9   61440.0    41410.1   15744.0 15116.3 1920.0 1714.5     14    0.340   1      0.178    0.518
15872.0 16384.0 3072.0  0.0   304128.0 83495.9   61440.0    41410.1   15744.0 15116.3 1920.0 1714.5     14    0.340   1      0.178    0.518
15872.0 16384.0 3072.0  0.0   304128.0 83768.4   61440.0    41410.1   15744.0 15116.3 1920.0 1714.5     14    0.340   1      0.178    0.518
15872.0 16384.0 3072.0  0.0   304128.0 83768.4   61440.0    41410.1   15744.0 15116.3 1920.0 1714.5     14    0.340   1      0.178    0.518
15872.0 16384.0 3072.0  0.0   304128.0 83768.4   61440.0    41410.1   15744.0 15116.3 1920.0 1714.5     14    0.340   1      0.178    0.518
15872.0 16384.0 3072.0  0.0   304128.0 84041.0   61440.0    41410.1   15744.0 15116.3 1920.0 1714.5     14    0.340   1      0.178    0.518
15872.0 16384.0 3072.0  0.0   304128.0 84041.0   61440.0    41410.1   15744.0 15116.3 1920.0 1714.5     14    0.340   1      0.178    0.518
15872.0 16384.0 3072.0  0.0   304128.0 84041.0   61440.0    41410.1   15744.0 15116.3 1920.0 1714.5     14    0.340   1      0.178    0.518
15872.0 16384.0 3072.0  0.0   304128.0 141440.8  61440.0    41410.1   15744.0 15116.3 1920.0 1714.5     14    0.340   1      0.178    0.518
15872.0 16384.0 3072.0  0.0   304128.0 141440.8  61440.0    41410.1   15744.0 15116.3 1920.0 1714.5     14    0.340   1      0.178    0.518
15872.0 16384.0 3072.0  0.0   304128.0 141440.8  61440.0    41410.1   15744.0 15116.3 1920.0 1714.5     14    0.340   1      0.178    0.518
15872.0 16384.0 3072.0  0.0   304128.0 141713.5  61440.0    41410.1   15744.0 15116.3 1920.0 1714.5     14    0.340   1      0.178    0.518
15872.0 16384.0 3072.0  0.0   304128.0 141713.5  61440.0    41410.1   15744.0 15116.3 1920.0 1714.5     14    0.340   1      0.178    0.518
15872.0 16384.0 3072.0  0.0   304128.0 141713.5  61440.0    41410.1   15744.0 15116.3 1920.0 1714.5     14    0.340   1      0.178    0.518
15872.0 16384.0 3072.0  0.0   304128.0 141986.1  61440.0    41410.1   15744.0 15116.3 1920.0 1714.5     14    0.340   1      0.178    0.518
15872.0 16384.0 3072.0  0.0   304128.0 141986.1  61440.0    41410.1   15744.0 15116.3 1920.0 1714.5     14    0.340   1      0.178    0.518
15872.0 16384.0 3072.0  0.0   304128.0 141986.1  61440.0    41410.1   15744.0 15116.3 1920.0 1714.5     14    0.340   1      0.178    0.518
15872.0 16384.0 3072.0  0.0   304128.0 141986.1  61440.0    41410.1   15744.0 15116.3 1920.0 1714.5     14    0.340   1      0.178    0.518
15872.0 16384.0 3072.0  0.0   304128.0 141986.1  61440.0    41410.1   15744.0 15116.3 1920.0 1714.5     14    0.340   1      0.178    0.518
15872.0 16384.0 3072.0  0.0   304128.0 141986.1  61440.0    41410.1   15744.0 15116.3 1920.0 1714.5     14    0.340   1      0.178    0.518
15872.0 16384.0 3072.0  0.0   304128.0 197649.9  61440.0    41410.1   15744.0 15116.3 1920.0 1714.5     14    0.340   1      0.178    0.518
15872.0 16384.0 3072.0  0.0   304128.0 197649.9  61440.0    41410.1   15744.0 15116.3 1920.0 1714.5     14    0.340   1      0.178    0.518
15872.0 16384.0 3072.0  0.0   304128.0 197649.9  61440.0    41410.1   15744.0 15116.3 1920.0 1714.5     14    0.340   1      0.178    0.518
15872.0 16384.0 3072.0  0.0   304128.0 197649.9  61440.0    41410.1   15744.0 15116.3 1920.0 1714.5     14    0.340   1      0.178    0.518
15872.0 16384.0 3072.0  0.0   304128.0 197649.9  61440.0    41410.1   15744.0 15116.3 1920.0 1714.5     14    0.340   1      0.178    0.518
15872.0 16384.0 3072.0  0.0   304128.0 197649.9  61440.0    41410.1   15744.0 15116.3 1920.0 1714.5     14    0.340   1      0.178    0.518
15872.0 16384.0 3072.0  0.0   304128.0 197649.9  61440.0    41410.1   15744.0 15116.3 1920.0 1714.5     14    0.340   1      0.178    0.518
15872.0 16384.0 3072.0  0.0   304128.0 197649.9  61440.0    41410.1   15744.0 15116.3 1920.0 1714.5     14    0.340   1      0.178    0.518
15872.0 16384.0 3072.0  0.0   304128.0 197649.9  61440.0    41410.1   15744.0 15116.3 1920.0 1714.5     14    0.340   1      0.178    0.518
15872.0 16384.0 3072.0  0.0   304128.0 197649.9  61440.0    41410.1   15744.0 15116.3 1920.0 1714.5     14    0.340   1      0.178    0.518
15872.0 16384.0 3072.0  0.0   304128.0 197649.9  61440.0    41410.1   15744.0 15116.3 1920.0 1714.5     14    0.340   1      0.178    0.518
15872.0 16384.0 3072.0  0.0   304128.0 197649.9  61440.0    41410.1   15744.0 15116.3 1920.0 1714.5     14    0.340   1      0.178    0.518
15872.0 16384.0 3072.0  0.0   304128.0 254207.4  61440.0    41410.1   15744.0 15116.3 1920.0 1714.5     14    0.340   1      0.178    0.518
15872.0 16384.0 3072.0  0.0   304128.0 254207.4  61440.0    41410.1   15744.0 15116.3 1920.0 1714.5     14    0.340   1      0.178    0.518
15872.0 16384.0 3072.0  0.0   304128.0 254207.4  61440.0    41410.1   15744.0 15116.3 1920.0 1714.5     14    0.340   1      0.178    0.518
15872.0 16384.0 3072.0  0.0   304128.0 254207.4  61440.0    41410.1   15744.0 15116.3 1920.0 1714.5     14    0.340   1      0.178    0.518
15872.0 16384.0 3072.0  0.0   304128.0 254207.4  61440.0    41410.1   15744.0 15116.3 1920.0 1714.5     14    0.340   1      0.178    0.518
15872.0 16384.0 3072.0  0.0   304128.0 254207.4  61440.0    41410.1   15744.0 15116.3 1920.0 1714.5     14    0.340   1      0.178    0.518
15872.0 16384.0 3072.0  0.0   304128.0 254207.4  61440.0    41410.1   15744.0 15116.3 1920.0 1714.5     14    0.340   1      0.178    0.518
15872.0 16384.0 3072.0  0.0   304128.0 254207.4  61440.0    41410.1   15744.0 15116.3 1920.0 1714.5     14    0.340   1      0.178    0.518
15872.0 16384.0 3072.0  0.0   304128.0 254207.4  61440.0    41410.1   15744.0 15116.3 1920.0 1714.5     14    0.340   1      0.178    0.518
15872.0 16384.0 3072.0  0.0   304128.0 254207.4  61440.0    41410.1   15744.0 15116.3 1920.0 1714.5     14    0.340   1      0.178    0.518
15872.0 16384.0 3072.0  0.0   304128.0 254207.4  61440.0    41410.1   15744.0 15116.3 1920.0 1714.5     14    0.340   1      0.178    0.518
15872.0 16384.0 3072.0  0.0   304128.0 254207.4  61440.0    41410.1   15744.0 15116.3 1920.0 1714.5     14    0.340   1      0.178    0.518
13824.0 3584.0  0.0   3136.0 289792.0  6195.0   61440.0    44234.1   15744.0 15125.1 1920.0 1714.5     15    0.360   1      0.178    0.538
13824.0 3584.0  0.0   3136.0 289792.0  6195.0   61440.0    44234.1   15744.0 15125.1 1920.0 1714.5     15    0.360   1      0.178    0.538
13824.0 3584.0  0.0   3136.0 289792.0  6195.0   61440.0    44234.1   15744.0 15125.1 1920.0 1714.5     15    0.360   1      0.178    0.538
13824.0 3584.0  0.0   3136.0 289792.0  6476.9   61440.0    44234.1   15744.0 15125.1 1920.0 1714.5     15    0.360   1      0.178    0.538
13824.0 3584.0  0.0   3136.0 289792.0  6476.9   61440.0    44234.1   15744.0 15125.1 1920.0 1714.5     15    0.360   1      0.178    0.538
13824.0 3584.0  0.0   3136.0 289792.0  6476.9   61440.0    44234.1   15744.0 15125.1 1920.0 1714.5     15    0.360   1      0.178    0.538
13824.0 3584.0  0.0   3136.0 289792.0  6646.1   61440.0    44234.1   15744.0 15125.1 1920.0 1714.5     15    0.360   1      0.178    0.538
13824.0 3584.0  0.0   3136.0 289792.0  6646.1   61440.0    44234.1   15744.0 15125.1 1920.0 1714.5     15    0.360   1      0.178    0.538
13824.0 3584.0  0.0   3136.0 289792.0  6646.1   61440.0    44234.1   15744.0 15125.1 1920.0 1714.5     15    0.360   1      0.178    0.538
13824.0 3584.0  0.0   3136.0 289792.0  6832.0   61440.0    44234.1   15744.0 15125.1 1920.0 1714.5     15    0.360   1      0.178    0.538
13824.0 3584.0  0.0   3136.0 289792.0  6832.0   61440.0    44234.1   15744.0 15125.1 1920.0 1714.5     15    0.360   1      0.178    0.538
13824.0 3584.0  0.0   3136.0 289792.0  6832.0   61440.0    44234.1   15744.0 15125.1 1920.0 1714.5     15    0.360   1      0.178    0.538
13824.0 3584.0  0.0   3136.0 289792.0 64646.4   61440.0    44234.1   15744.0 15125.1 1920.0 1714.5     15    0.360   1      0.178    0.538
13824.0 3584.0  0.0   3136.0 289792.0 64646.4   61440.0    44234.1   15744.0 15125.1 1920.0 1714.5     15    0.360   1      0.178    0.538
13824.0 3584.0  0.0   3136.0 289792.0 64646.4   61440.0    44234.1   15744.0 15125.1 1920.0 1714.5     15    0.360   1      0.178    0.538
13824.0 3584.0  0.0   3136.0 289792.0 64815.8   61440.0    44234.1   15744.0 15125.1 1920.0 1714.5     15    0.360   1      0.178    0.538
13824.0 3584.0  0.0   3136.0 289792.0 64815.8   61440.0    44234.1   15744.0 15125.1 1920.0 1714.5     15    0.360   1      0.178    0.538
13824.0 3584.0  0.0   3136.0 289792.0 64815.8   61440.0    44234.1   15744.0 15125.1 1920.0 1714.5     15    0.360   1      0.178    0.538
13824.0 3584.0  0.0   3136.0 289792.0 64985.1   61440.0    44234.1   15744.0 15125.1 1920.0 1714.5     15    0.360   1      0.178    0.538
13824.0 3584.0  0.0   3136.0 289792.0 64985.1   61440.0    44234.1   15744.0 15125.1 1920.0 1714.5     15    0.360   1      0.178    0.538
13824.0 3584.0  0.0   3136.0 289792.0 64985.1   61440.0    44234.1   15744.0 15125.1 1920.0 1714.5     15    0.360   1      0.178    0.538
13824.0 3584.0  0.0   3136.0 289792.0 65154.5   61440.0    44234.1   15744.0 15125.1 1920.0 1714.5     15    0.360   1      0.178    0.538
13824.0 3584.0  0.0   3136.0 289792.0 65154.5   61440.0    44234.1   15744.0 15125.1 1920.0 1714.5     15    0.360   1      0.178    0.538
13824.0 3584.0  0.0   3136.0 289792.0 65154.5   61440.0    44234.1   15744.0 15125.1 1920.0 1714.5     15    0.360   1      0.178    0.538
13824.0 3584.0  0.0   3136.0 289792.0 121423.9  61440.0    44234.1   15744.0 15125.1 1920.0 1714.5     15    0.360   1      0.178    0.538
13824.0 3584.0  0.0   3136.0 289792.0 121423.9  61440.0    44234.1   15744.0 15125.1 1920.0 1714.5     15    0.360   1      0.178    0.538
13824.0 3584.0  0.0   3136.0 289792.0 121423.9  61440.0    44234.1   15744.0 15125.1 1920.0 1714.5     15    0.360   1      0.178    0.538
13824.0 3584.0  0.0   3136.0 289792.0 121593.3  61440.0    44234.1   15744.0 15125.1 1920.0 1714.5     15    0.360   1      0.178    0.538
13824.0 3584.0  0.0   3136.0 289792.0 121593.3  61440.0    44234.1   15744.0 15125.1 1920.0 1714.5     15    0.360   1      0.178    0.538
13824.0 3584.0  0.0   3136.0 289792.0 121593.3  61440.0    44234.1   15744.0 15125.1 1920.0 1714.5     15    0.360   1      0.178    0.538
13824.0 3584.0  0.0   3136.0 289792.0 121762.7  61440.0    44234.1   15744.0 15125.1 1920.0 1714.5     15    0.360   1      0.178    0.538
13824.0 3584.0  0.0   3136.0 289792.0 121762.7  61440.0    44234.1   15744.0 15125.1 1920.0 1714.5     15    0.360   1      0.178    0.538
13824.0 3584.0  0.0   3136.0 289792.0 121762.7  61440.0    44234.1   15744.0 15125.1 1920.0 1714.5     15    0.360   1      0.178    0.538
13824.0 3584.0  0.0   3136.0 289792.0 121762.7  61440.0    44234.1   15744.0 15125.1 1920.0 1714.5     15    0.360   1      0.178    0.538
13824.0 3584.0  0.0   3136.0 289792.0 121762.7  61440.0    44234.1   15744.0 15125.1 1920.0 1714.5     15    0.360   1      0.178    0.538
13824.0 3584.0  0.0   3136.0 289792.0 121762.7  61440.0    44234.1   15744.0 15125.1 1920.0 1714.5     15    0.360   1      0.178    0.538
13824.0 3584.0  0.0   3136.0 289792.0 178009.6  61440.0    44234.1   15744.0 15125.1 1920.0 1714.5     15    0.360   1      0.178    0.538
13824.0 3584.0  0.0   3136.0 289792.0 178009.6  61440.0    44234.1   15744.0 15125.1 1920.0 1714.5     15    0.360   1      0.178    0.538
13824.0 3584.0  0.0   3136.0 289792.0 178009.6  61440.0    44234.1   15744.0 15125.1 1920.0 1714.5     15    0.360   1      0.178    0.538
13824.0 3584.0  0.0   3136.0 289792.0 178009.6  61440.0    44234.1   15744.0 15125.1 1920.0 1714.5     15    0.360   1      0.178    0.538
13824.0 3584.0  0.0   3136.0 289792.0 178009.6  61440.0    44234.1   15744.0 15125.1 1920.0 1714.5     15    0.360   1      0.178    0.538
13824.0 3584.0  0.0   3136.0 289792.0 178009.6  61440.0    44234.1   15744.0 15125.1 1920.0 1714.5     15    0.360   1      0.178    0.538
13824.0 3584.0  0.0   3136.0 289792.0 178009.6  61440.0    44234.1   15744.0 15125.1 1920.0 1714.5     15    0.360   1      0.178    0.538
13824.0 3584.0  0.0   3136.0 289792.0 178009.6  61440.0    44234.1   15744.0 15125.1 1920.0 1714.5     15    0.360   1      0.178    0.538
13824.0 3584.0  0.0   3136.0 289792.0 178009.6  61440.0    44234.1   15744.0 15125.1 1920.0 1714.5     15    0.360   1      0.178    0.538
13824.0 3584.0  0.0   3136.0 289792.0 178009.6  61440.0    44234.1   15744.0 15125.1 1920.0 1714.5     15    0.360   1      0.178    0.538
13824.0 3584.0  0.0   3136.0 289792.0 178009.6  61440.0    44234.1   15744.0 15125.1 1920.0 1714.5     15    0.360   1      0.178    0.538
13824.0 3584.0  0.0   3136.0 289792.0 178009.6  61440.0    44234.1   15744.0 15125.1 1920.0 1714.5     15    0.360   1      0.178    0.538
13824.0 3584.0  0.0   3136.0 289792.0 234636.2  61440.0    44234.1   15744.0 15125.1 1920.0 1714.5     15    0.360   1      0.178    0.538
13824.0 3584.0  0.0   3136.0 289792.0 235702.8  61440.0    44234.1   15744.0 15125.1 1920.0 1714.5     15    0.360   1      0.178    0.538
13824.0 3584.0  0.0   3136.0 289792.0 235702.8  61440.0    44234.1   15744.0 15125.1 1920.0 1714.5     15    0.360   1      0.178    0.538
13824.0 3584.0  0.0   3136.0 289792.0 235702.8  61440.0    44234.1   15744.0 15125.1 1920.0 1714.5     15    0.360   1      0.178    0.538
13824.0 3584.0  0.0   3136.0 289792.0 235702.8  61440.0    44234.1   15744.0 15125.1 1920.0 1714.5     15    0.360   1      0.178    0.538
13824.0 3584.0  0.0   3136.0 289792.0 235702.8  61440.0    44234.1   15744.0 15125.1 1920.0 1714.5     15    0.360   1      0.178    0.538
13824.0 3584.0  0.0   3136.0 289792.0 235702.8  61440.0    44234.1   15744.0 15125.1 1920.0 1714.5     15    0.360   1      0.178    0.538
13824.0 3584.0  0.0   3136.0 289792.0 235702.8  61440.0    44234.1   15744.0 15125.1 1920.0 1714.5     15    0.360   1      0.178    0.538
13824.0 3584.0  0.0   3136.0 289792.0 235702.8  61440.0    44234.1   15744.0 15125.1 1920.0 1714.5     15    0.360   1      0.178    0.538
13824.0 3584.0  0.0   3136.0 289792.0 235702.8  61440.0    44234.1   15744.0 15125.1 1920.0 1714.5     15    0.360   1      0.178    0.538
13824.0 3584.0  0.0   3136.0 289792.0 235702.8  61440.0    44234.1   15744.0 15125.1 1920.0 1714.5     15    0.360   1      0.178    0.538
13824.0 3584.0  0.0   3136.0 289792.0 235702.8  61440.0    44234.1   15744.0 15125.1 1920.0 1714.5     15    0.360   1      0.178    0.538
3072.0 15872.0 2944.0  0.0   276480.0  5423.3   61440.0    47114.1   15744.0 15132.8 1920.0 1714.5     16    0.382   1      0.178    0.560
3072.0 15872.0 2944.0  0.0   276480.0  5423.3   61440.0    47114.1   15744.0 15132.8 1920.0 1714.5     16    0.382   1      0.178    0.560
3072.0 15872.0 2944.0  0.0   276480.0  5423.3   61440.0    47114.1   15744.0 15132.8 1920.0 1714.5     16    0.382   1      0.178    0.560
3072.0 15872.0 2944.0  0.0   276480.0  5599.1   61440.0    47114.1   15744.0 15132.8 1920.0 1714.5     16    0.382   1      0.178    0.560
3072.0 15872.0 2944.0  0.0   276480.0  5599.1   61440.0    47114.1   15744.0 15132.8 1920.0 1714.5     16    0.382   1      0.178    0.560
3072.0 15872.0 2944.0  0.0   276480.0  5599.1   61440.0    47114.1   15744.0 15132.8 1920.0 1714.5     16    0.382   1      0.178    0.560
3072.0 15872.0 2944.0  0.0   276480.0  5704.6   61440.0    47114.1   15744.0 15132.8 1920.0 1714.5     16    0.382   1      0.178    0.560
3072.0 15872.0 2944.0  0.0   276480.0  5704.6   61440.0    47114.1   15744.0 15132.8 1920.0 1714.5     16    0.382   1      0.178    0.560
3072.0 15872.0 2944.0  0.0   276480.0  5704.6   61440.0    47114.1   15744.0 15132.8 1920.0 1714.5     16    0.382   1      0.178    0.560
3072.0 15872.0 2944.0  0.0   276480.0  5810.3   61440.0    47114.1   15744.0 15132.8 1920.0 1714.5     16    0.382   1      0.178    0.560
3072.0 15872.0 2944.0  0.0   276480.0  5810.3   61440.0    47114.1   15744.0 15132.8 1920.0 1714.5     16    0.382   1      0.178    0.560
3072.0 15872.0 2944.0  0.0   276480.0  5810.3   61440.0    47114.1   15744.0 15132.8 1920.0 1714.5     16    0.382   1      0.178    0.560
3072.0 15872.0 2944.0  0.0   276480.0 59700.8   61440.0    47114.1   15744.0 15132.8 1920.0 1714.5     16    0.382   1      0.178    0.560
3072.0 15872.0 2944.0  0.0   276480.0 59700.8   61440.0    47114.1   15744.0 15132.8 1920.0 1714.5     16    0.382   1      0.178    0.560
3072.0 15872.0 2944.0  0.0   276480.0 59700.8   61440.0    47114.1   15744.0 15132.8 1920.0 1714.5     16    0.382   1      0.178    0.560
3072.0 15872.0 2944.0  0.0   276480.0 59806.4   61440.0    47114.1   15744.0 15132.8 1920.0 1714.5     16    0.382   1      0.178    0.560
3072.0 15872.0 2944.0  0.0   276480.0 59806.4   61440.0    47114.1   15744.0 15132.8 1920.0 1714.5     16    0.382   1      0.178    0.560
3072.0 15872.0 2944.0  0.0   276480.0 59806.4   61440.0    47114.1   15744.0 15132.8 1920.0 1714.5     16    0.382   1      0.178    0.560
3072.0 15872.0 2944.0  0.0   276480.0 59911.9   61440.0    47114.1   15744.0 15132.8 1920.0 1714.5     16    0.382   1      0.178    0.560
3072.0 15872.0 2944.0  0.0   276480.0 59911.9   61440.0    47114.1   15744.0 15132.8 1920.0 1714.5     16    0.382   1      0.178    0.560
3072.0 15872.0 2944.0  0.0   276480.0 59911.9   61440.0    47114.1   15744.0 15132.8 1920.0 1714.5     16    0.382   1      0.178    0.560
3072.0 15872.0 2944.0  0.0   276480.0 60017.5   61440.0    47114.1   15744.0 15132.8 1920.0 1714.5     16    0.382   1      0.178    0.560
3072.0 15872.0 2944.0  0.0   276480.0 60017.5   61440.0    47114.1   15744.0 15132.8 1920.0 1714.5     16    0.382   1      0.178    0.560
3072.0 15872.0 2944.0  0.0   276480.0 60017.5   61440.0    47114.1   15744.0 15132.8 1920.0 1714.5     16    0.382   1      0.178    0.560
3072.0 15872.0 2944.0  0.0   276480.0 116851.7  61440.0    47114.1   15744.0 15132.8 1920.0 1714.5     16    0.382   1      0.178    0.560
3072.0 15872.0 2944.0  0.0   276480.0 116851.7  61440.0    47114.1   15744.0 15132.8 1920.0 1714.5     16    0.382   1      0.178    0.560
3072.0 15872.0 2944.0  0.0   276480.0 116851.7  61440.0    47114.1   15744.0 15132.8 1920.0 1714.5     16    0.382   1      0.178    0.560
3072.0 15872.0 2944.0  0.0   276480.0 116957.3  61440.0    47114.1   15744.0 15132.8 1920.0 1714.5     16    0.382   1      0.178    0.560
3072.0 15872.0 2944.0  0.0   276480.0 116957.3  61440.0    47114.1   15744.0 15132.8 1920.0 1714.5     16    0.382   1      0.178    0.560
3072.0 15872.0 2944.0  0.0   276480.0 116957.3  61440.0    47114.1   15744.0 15132.8 1920.0 1714.5     16    0.382   1      0.178    0.560
3072.0 15872.0 2944.0  0.0   276480.0 117062.9  61440.0    47114.1   15744.0 15132.8 1920.0 1714.5     16    0.382   1      0.178    0.560
3072.0 15872.0 2944.0  0.0   276480.0 117062.9  61440.0    47114.1   15744.0 15132.8 1920.0 1714.5     16    0.382   1      0.178    0.560
3072.0 15872.0 2944.0  0.0   276480.0 117062.9  61440.0    47114.1   15744.0 15132.8 1920.0 1714.5     16    0.382   1      0.178    0.560
3072.0 15872.0 2944.0  0.0   276480.0 117062.9  61440.0    47114.1   15744.0 15132.8 1920.0 1714.5     16    0.382   1      0.178    0.560
3072.0 15872.0 2944.0  0.0   276480.0 117062.9  61440.0    47114.1   15744.0 15132.8 1920.0 1714.5     16    0.382   1      0.178    0.560
3072.0 15872.0 2944.0  0.0   276480.0 117062.9  61440.0    47114.1   15744.0 15132.8 1920.0 1714.5     16    0.382   1      0.178    0.560
3072.0 15872.0 2944.0  0.0   276480.0 174829.8  61440.0    47114.1   15744.0 15132.8 1920.0 1714.5     16    0.382   1      0.178    0.560
3072.0 15872.0 2944.0  0.0   276480.0 174829.8  61440.0    47114.1   15744.0 15132.8 1920.0 1714.5     16    0.382   1      0.178    0.560
3072.0 15872.0 2944.0  0.0   276480.0 174829.8  61440.0    47114.1   15744.0 15132.8 1920.0 1714.5     16    0.382   1      0.178    0.560
3072.0 15872.0 2944.0  0.0   276480.0 174829.8  61440.0    47114.1   15744.0 15132.8 1920.0 1714.5     16    0.382   1      0.178    0.560
3072.0 15872.0 2944.0  0.0   276480.0 174829.8  61440.0    47114.1   15744.0 15132.8 1920.0 1714.5     16    0.382   1      0.178    0.560
3072.0 15872.0 2944.0  0.0   276480.0 174829.8  61440.0    47114.1   15744.0 15132.8 1920.0 1714.5     16    0.382   1      0.178    0.560
3072.0 15872.0 2944.0  0.0   276480.0 174886.4  61440.0    47114.1   15744.0 15132.8 1920.0 1714.5     16    0.382   1      0.178    0.560
3072.0 15872.0 2944.0  0.0   276480.0 174886.4  61440.0    47114.1   15744.0 15132.8 1920.0 1714.5     16    0.382   1      0.178    0.560
3072.0 15872.0 2944.0  0.0   276480.0 174886.4  61440.0    47114.1   15744.0 15132.8 1920.0 1714.5     16    0.382   1      0.178    0.560
3072.0 15872.0 2944.0  0.0   276480.0 174886.4  61440.0    47114.1   15744.0 15132.8 1920.0 1714.5     16    0.382   1      0.178    0.560
3072.0 15872.0 2944.0  0.0   276480.0 174886.4  61440.0    47114.1   15744.0 15132.8 1920.0 1714.5     16    0.382   1      0.178    0.560
3072.0 15872.0 2944.0  0.0   276480.0 174886.4  61440.0    47114.1   15744.0 15132.8 1920.0 1714.5     16    0.382   1      0.178    0.560
3072.0 15872.0 2944.0  0.0   276480.0 230119.8  61440.0    47114.1   15744.0 15132.8 1920.0 1714.5     16    0.382   1      0.178    0.560
3072.0 15872.0 2944.0  0.0   276480.0 230119.8  61440.0    47114.1   15744.0 15132.8 1920.0 1714.5     16    0.382   1      0.178    0.560
3072.0 15872.0 2944.0  0.0   276480.0 230119.8  61440.0    47114.1   15744.0 15132.8 1920.0 1714.5     16    0.382   1      0.178    0.560
3072.0 15872.0 2944.0  0.0   276480.0 230119.8  61440.0    47114.1   15744.0 15132.8 1920.0 1714.5     16    0.382   1      0.178    0.560
3072.0 15872.0 2944.0  0.0   276480.0 230119.8  61440.0    47114.1   15744.0 15132.8 1920.0 1714.5     16    0.382   1      0.178    0.560
3072.0 15872.0 2944.0  0.0   276480.0 230119.8  61440.0    47114.1   15744.0 15132.8 1920.0 1714.5     16    0.382   1      0.178    0.560
3072.0 15872.0 2944.0  0.0   276480.0 230119.8  61440.0    47114.1   15744.0 15132.8 1920.0 1714.5     16    0.382   1      0.178    0.560
3072.0 15872.0 2944.0  0.0   276480.0 230119.8  61440.0    47114.1   15744.0 15132.8 1920.0 1714.5     16    0.382   1      0.178    0.560
3072.0 15872.0 2944.0  0.0   276480.0 230119.8  61440.0    47114.1   15744.0 15132.8 1920.0 1714.5     16    0.382   1      0.178    0.560
3072.0 15872.0 2944.0  0.0   276480.0 230119.8  61440.0    47114.1   15744.0 15132.8 1920.0 1714.5     16    0.382   1      0.178    0.560
3072.0 15872.0 2944.0  0.0   276480.0 230119.8  61440.0    47114.1   15744.0 15132.8 1920.0 1714.5     16    0.382   1      0.178    0.560
3072.0 15872.0 2944.0  0.0   276480.0 230119.8  61440.0    47114.1   15744.0 15132.8 1920.0 1714.5     16    0.382   1      0.178    0.560
15360.0 3072.0  0.0   2848.0 263680.0  9913.3   61440.0    49842.1   15744.0 15133.6 1920.0 1714.5     17    0.400   1      0.178    0.578
15360.0 3072.0  0.0   2848.0 263680.0 10887.0   61440.0    49842.1   15744.0 15133.6 1920.0 1714.5     17    0.400   1      0.178    0.578
15360.0 3072.0  0.0   2848.0 263680.0 10887.0   61440.0    49842.1   15744.0 15133.6 1920.0 1714.5     17    0.400   1      0.178    0.578
15360.0 3072.0  0.0   2848.0 263680.0 10997.0   61440.0    49842.1   15744.0 15133.6 1920.0 1714.5     17    0.400   1      0.178    0.578
15360.0 3072.0  0.0   2848.0 263680.0 10997.0   61440.0    49842.1   15744.0 15133.6 1920.0 1714.5     17    0.400   1      0.178    0.578
15360.0 3072.0  0.0   2848.0 263680.0 10997.0   61440.0    49842.1   15744.0 15133.6 1920.0 1714.5     17    0.400   1      0.178    0.578
15360.0 3072.0  0.0   2848.0 263680.0 11062.9   61440.0    49842.1   15744.0 15133.6 1920.0 1714.5     17    0.400   1      0.178    0.578
15360.0 3072.0  0.0   2848.0 263680.0 11062.9   61440.0    49842.1   15744.0 15133.6 1920.0 1714.5     17    0.400   1      0.178    0.578
15360.0 3072.0  0.0   2848.0 263680.0 11062.9   61440.0    49842.1   15744.0 15133.6 1920.0 1714.5     17    0.400   1      0.178    0.578
15360.0 3072.0  0.0   2848.0 263680.0 11128.9   61440.0    49842.1   15744.0 15133.6 1920.0 1714.5     17    0.400   1      0.178    0.578
15360.0 3072.0  0.0   2848.0 263680.0 11128.9   61440.0    49842.1   15744.0 15133.6 1920.0 1714.5     17    0.400   1      0.178    0.578
15360.0 3072.0  0.0   2848.0 263680.0 11128.9   61440.0    49842.1   15744.0 15133.6 1920.0 1714.5     17    0.400   1      0.178    0.578
15360.0 3072.0  0.0   2848.0 263680.0 68398.3   61440.0    49842.1   15744.0 15133.6 1920.0 1714.5     17    0.400   1      0.178    0.578
15360.0 3072.0  0.0   2848.0 263680.0 68398.3   61440.0    49842.1   15744.0 15133.6 1920.0 1714.5     17    0.400   1      0.178    0.578
15360.0 3072.0  0.0   2848.0 263680.0 68398.3   61440.0    49842.1   15744.0 15133.6 1920.0 1714.5     17    0.400   1      0.178    0.578
15360.0 3072.0  0.0   2848.0 263680.0 68464.3   61440.0    49842.1   15744.0 15133.6 1920.0 1714.5     17    0.400   1      0.178    0.578
15360.0 3072.0  0.0   2848.0 263680.0 68464.3   61440.0    49842.1   15744.0 15133.6 1920.0 1714.5     17    0.400   1      0.178    0.578
15360.0 3072.0  0.0   2848.0 263680.0 68464.3   61440.0    49842.1   15744.0 15133.6 1920.0 1714.5     17    0.400   1      0.178    0.578
15360.0 3072.0  0.0   2848.0 263680.0 68540.0   61440.0    49842.1   15744.0 15133.6 1920.0 1714.5     17    0.400   1      0.178    0.578
15360.0 3072.0  0.0   2848.0 263680.0 68540.0   61440.0    49842.1   15744.0 15133.6 1920.0 1714.5     17    0.400   1      0.178    0.578
15360.0 3072.0  0.0   2848.0 263680.0 68540.0   61440.0    49842.1   15744.0 15133.6 1920.0 1714.5     17    0.400   1      0.178    0.578
15360.0 3072.0  0.0   2848.0 263680.0 68606.0   61440.0    49842.1   15744.0 15133.6 1920.0 1714.5     17    0.400   1      0.178    0.578
15360.0 3072.0  0.0   2848.0 263680.0 68606.0   61440.0    49842.1   15744.0 15133.6 1920.0 1714.5     17    0.400   1      0.178    0.578
15360.0 3072.0  0.0   2848.0 263680.0 68606.0   61440.0    49842.1   15744.0 15133.6 1920.0 1714.5     17    0.400   1      0.178    0.578
15360.0 3072.0  0.0   2848.0 263680.0 124453.0  61440.0    49842.1   15744.0 15133.6 1920.0 1714.5     17    0.400   1      0.178    0.578
15360.0 3072.0  0.0   2848.0 263680.0 124453.0  61440.0    49842.1   15744.0 15133.6 1920.0 1714.5     17    0.400   1      0.178    0.578
15360.0 3072.0  0.0   2848.0 263680.0 124453.0  61440.0    49842.1   15744.0 15133.6 1920.0 1714.5     17    0.400   1      0.178    0.578
15360.0 3072.0  0.0   2848.0 263680.0 124519.0  61440.0    49842.1   15744.0 15133.6 1920.0 1714.5     17    0.400   1      0.178    0.578
15360.0 3072.0  0.0   2848.0 263680.0 124519.0  61440.0    49842.1   15744.0 15133.6 1920.0 1714.5     17    0.400   1      0.178    0.578
15360.0 3072.0  0.0   2848.0 263680.0 124519.0  61440.0    49842.1   15744.0 15133.6 1920.0 1714.5     17    0.400   1      0.178    0.578
15360.0 3072.0  0.0   2848.0 263680.0 124585.0  61440.0    49842.1   15744.0 15133.6 1920.0 1714.5     17    0.400   1      0.178    0.578
15360.0 3072.0  0.0   2848.0 263680.0 124585.0  61440.0    49842.1   15744.0 15133.6 1920.0 1714.5     17    0.400   1      0.178    0.578
15360.0 3072.0  0.0   2848.0 263680.0 124585.0  61440.0    49842.1   15744.0 15133.6 1920.0 1714.5     17    0.400   1      0.178    0.578
15360.0 3072.0  0.0   2848.0 263680.0 124659.1  61440.0    49842.1   15744.0 15133.6 1920.0 1714.5     17    0.400   1      0.178    0.578
15360.0 3072.0  0.0   2848.0 263680.0 124659.1  61440.0    49842.1   15744.0 15133.6 1920.0 1714.5     17    0.400   1      0.178    0.578
15360.0 3072.0  0.0   2848.0 263680.0 124659.1  61440.0    49842.1   15744.0 15133.6 1920.0 1714.5     17    0.400   1      0.178    0.578
15360.0 3072.0  0.0   2848.0 263680.0 182296.6  61440.0    49842.1   15744.0 15133.6 1920.0 1714.5     17    0.400   1      0.178    0.578
15360.0 3072.0  0.0   2848.0 263680.0 182296.6  61440.0    49842.1   15744.0 15133.6 1920.0 1714.5     17    0.400   1      0.178    0.578
15360.0 3072.0  0.0   2848.0 263680.0 182296.6  61440.0    49842.1   15744.0 15133.6 1920.0 1714.5     17    0.400   1      0.178    0.578
15360.0 3072.0  0.0   2848.0 263680.0 182414.9  61440.0    49842.1   15744.0 15133.6 1920.0 1714.5     17    0.400   1      0.178    0.578
15360.0 3072.0  0.0   2848.0 263680.0 182414.9  61440.0    49842.1   15744.0 15133.6 1920.0 1714.5     17    0.400   1      0.178    0.578
15360.0 3072.0  0.0   2848.0 263680.0 182414.9  61440.0    49842.1   15744.0 15133.6 1920.0 1714.5     17    0.400   1      0.178    0.578
15360.0 3072.0  0.0   2848.0 263680.0 182452.9  61440.0    49842.1   15744.0 15133.6 1920.0 1714.5     17    0.400   1      0.178    0.578
15360.0 3072.0  0.0   2848.0 263680.0 182452.9  61440.0    49842.1   15744.0 15133.6 1920.0 1714.5     17    0.400   1      0.178    0.578
15360.0 3072.0  0.0   2848.0 263680.0 182452.9  61440.0    49842.1   15744.0 15133.6 1920.0 1714.5     17    0.400   1      0.178    0.578
15360.0 3072.0  0.0   2848.0 263680.0 182527.0  61440.0    49842.1   15744.0 15133.6 1920.0 1714.5     17    0.400   1      0.178    0.578
15360.0 3072.0  0.0   2848.0 263680.0 182527.0  61440.0    49842.1   15744.0 15133.6 1920.0 1714.5     17    0.400   1      0.178    0.578
15360.0 3072.0  0.0   2848.0 263680.0 182527.0  61440.0    49842.1   15744.0 15133.6 1920.0 1714.5     17    0.400   1      0.178    0.578
15360.0 3072.0  0.0   2848.0 263680.0 238360.9  61440.0    49842.1   15744.0 15133.6 1920.0 1714.5     17    0.400   1      0.178    0.578
15360.0 3072.0  0.0   2848.0 263680.0 238360.9  61440.0    49842.1   15744.0 15133.6 1920.0 1714.5     17    0.400   1      0.178    0.578
15360.0 3072.0  0.0   2848.0 263680.0 238360.9  61440.0    49842.1   15744.0 15133.6 1920.0 1714.5     17    0.400   1      0.178    0.578
15360.0 3072.0  0.0   2848.0 263680.0 238435.0  61440.0    49842.1   15744.0 15133.6 1920.0 1714.5     17    0.400   1      0.178    0.578
15360.0 3072.0  0.0   2848.0 263680.0 238435.0  61440.0    49842.1   15744.0 15133.6 1920.0 1714.5     17    0.400   1      0.178    0.578
15360.0 3072.0  0.0   2848.0 263680.0 238435.0  61440.0    49842.1   15744.0 15133.6 1920.0 1714.5     17    0.400   1      0.178    0.578
15360.0 3072.0  0.0   2848.0 263680.0 238509.1  61440.0    49842.1   15744.0 15133.6 1920.0 1714.5     17    0.400   1      0.178    0.578
15360.0 3072.0  0.0   2848.0 263680.0 238509.1  61440.0    49842.1   15744.0 15133.6 1920.0 1714.5     17    0.400   1      0.178    0.578
15360.0 3072.0  0.0   2848.0 263680.0 238509.1  61440.0    49842.1   15744.0 15133.6 1920.0 1714.5     17    0.400   1      0.178    0.578
15360.0 3072.0  0.0   2848.0 263680.0 238583.2  61440.0    49842.1   15744.0 15133.6 1920.0 1714.5     17    0.400   1      0.178    0.578
15360.0 3072.0  0.0   2848.0 263680.0 238583.2  61440.0    49842.1   15744.0 15133.6 1920.0 1714.5     17    0.400   1      0.178    0.578
15360.0 3072.0  0.0   2848.0 263680.0 238583.2  61440.0    49842.1   15744.0 15133.6 1920.0 1714.5     17    0.400   1      0.178    0.578
3072.0 14848.0 2720.0  0.0   251392.0 31906.8   61440.0    52450.1   15744.0 15136.9 1920.0 1714.5     18    0.418   1      0.178    0.596
3072.0 14848.0 2720.0  0.0   251392.0 34704.3   61440.0    52450.1   15744.0 15136.9 1920.0 1714.5     18    0.418   1      0.178    0.596
3072.0 14848.0 2720.0  0.0   251392.0 34704.3   61440.0    52450.1   15744.0 15136.9 1920.0 1714.5     18    0.418   1      0.178    0.596
3072.0 14848.0 2720.0  0.0   251392.0 34774.3   61440.0    52450.1   15744.0 15136.9 1920.0 1714.5     18    0.418   1      0.178    0.596
3072.0 14848.0 2720.0  0.0   251392.0 34774.3   61440.0    52450.1   15744.0 15136.9 1920.0 1714.5     18    0.418   1      0.178    0.596
3072.0 14848.0 2720.0  0.0   251392.0 34774.3   61440.0    52450.1   15744.0 15136.9 1920.0 1714.5     18    0.418   1      0.178    0.596
3072.0 14848.0 2720.0  0.0   251392.0 34816.1   61440.0    52450.1   15744.0 15136.9 1920.0 1714.5     18    0.418   1      0.178    0.596
3072.0 14848.0 2720.0  0.0   251392.0 34816.1   61440.0    52450.1   15744.0 15136.9 1920.0 1714.5     18    0.418   1      0.178    0.596
3072.0 14848.0 2720.0  0.0   251392.0 34816.1   61440.0    52450.1   15744.0 15136.9 1920.0 1714.5     18    0.418   1      0.178    0.596
3072.0 14848.0 2720.0  0.0   251392.0 34858.1   61440.0    52450.1   15744.0 15136.9 1920.0 1714.5     18    0.418   1      0.178    0.596
3072.0 14848.0 2720.0  0.0   251392.0 34858.1   61440.0    52450.1   15744.0 15136.9 1920.0 1714.5     18    0.418   1      0.178    0.596
3072.0 14848.0 2720.0  0.0   251392.0 34858.1   61440.0    52450.1   15744.0 15136.9 1920.0 1714.5     18    0.418   1      0.178    0.596
3072.0 14848.0 2720.0  0.0   251392.0 90114.4   61440.0    52450.1   15744.0 15136.9 1920.0 1714.5     18    0.418   1      0.178    0.596
3072.0 14848.0 2720.0  0.0   251392.0 90114.4   61440.0    52450.1   15744.0 15136.9 1920.0 1714.5     18    0.418   1      0.178    0.596
3072.0 14848.0 2720.0  0.0   251392.0 90114.4   61440.0    52450.1   15744.0 15136.9 1920.0 1714.5     18    0.418   1      0.178    0.596
3072.0 14848.0 2720.0  0.0   251392.0 90156.2   61440.0    52450.1   15744.0 15136.9 1920.0 1714.5     18    0.418   1      0.178    0.596
3072.0 14848.0 2720.0  0.0   251392.0 90156.2   61440.0    52450.1   15744.0 15136.9 1920.0 1714.5     18    0.418   1      0.178    0.596
3072.0 14848.0 2720.0  0.0   251392.0 90156.2   61440.0    52450.1   15744.0 15136.9 1920.0 1714.5     18    0.418   1      0.178    0.596
3072.0 14848.0 2720.0  0.0   251392.0 90198.1   61440.0    52450.1   15744.0 15136.9 1920.0 1714.5     18    0.418   1      0.178    0.596
3072.0 14848.0 2720.0  0.0   251392.0 90198.1   61440.0    52450.1   15744.0 15136.9 1920.0 1714.5     18    0.418   1      0.178    0.596
3072.0 14848.0 2720.0  0.0   251392.0 90198.1   61440.0    52450.1   15744.0 15136.9 1920.0 1714.5     18    0.418   1      0.178    0.596
3072.0 14848.0 2720.0  0.0   251392.0 90240.0   61440.0    52450.1   15744.0 15136.9 1920.0 1714.5     18    0.418   1      0.178    0.596
3072.0 14848.0 2720.0  0.0   251392.0 90240.0   61440.0    52450.1   15744.0 15136.9 1920.0 1714.5     18    0.418   1      0.178    0.596
3072.0 14848.0 2720.0  0.0   251392.0 90240.0   61440.0    52450.1   15744.0 15136.9 1920.0 1714.5     18    0.418   1      0.178    0.596
3072.0 14848.0 2720.0  0.0   251392.0 147261.6  61440.0    52450.1   15744.0 15136.9 1920.0 1714.5     18    0.418   1      0.178    0.596
3072.0 14848.0 2720.0  0.0   251392.0 147261.6  61440.0    52450.1   15744.0 15136.9 1920.0 1714.5     18    0.418   1      0.178    0.596
3072.0 14848.0 2720.0  0.0   251392.0 147261.6  61440.0    52450.1   15744.0 15136.9 1920.0 1714.5     18    0.418   1      0.178    0.596
3072.0 14848.0 2720.0  0.0   251392.0 147331.5  61440.0    52450.1   15744.0 15136.9 1920.0 1714.5     18    0.418   1      0.178    0.596
3072.0 14848.0 2720.0  0.0   251392.0 147331.5  61440.0    52450.1   15744.0 15136.9 1920.0 1714.5     18    0.418   1      0.178    0.596
3072.0 14848.0 2720.0  0.0   251392.0 147331.5  61440.0    52450.1   15744.0 15136.9 1920.0 1714.5     18    0.418   1      0.178    0.596
3072.0 14848.0 2720.0  0.0   251392.0 147373.4  61440.0    52450.1   15744.0 15136.9 1920.0 1714.5     18    0.418   1      0.178    0.596
3072.0 14848.0 2720.0  0.0   251392.0 147373.4  61440.0    52450.1   15744.0 15136.9 1920.0 1714.5     18    0.418   1      0.178    0.596
3072.0 14848.0 2720.0  0.0   251392.0 147373.4  61440.0    52450.1   15744.0 15136.9 1920.0 1714.5     18    0.418   1      0.178    0.596
3072.0 14848.0 2720.0  0.0   251392.0 147415.3  61440.0    52450.1   15744.0 15136.9 1920.0 1714.5     18    0.418   1      0.178    0.596
3072.0 14848.0 2720.0  0.0   251392.0 147415.3  61440.0    52450.1   15744.0 15136.9 1920.0 1714.5     18    0.418   1      0.178    0.596
3072.0 14848.0 2720.0  0.0   251392.0 147415.3  61440.0    52450.1   15744.0 15136.9 1920.0 1714.5     18    0.418   1      0.178    0.596
3072.0 14848.0 2720.0  0.0   251392.0 203518.3  61440.0    52450.1   15744.0 15136.9 1920.0 1714.5     18    0.418   1      0.178    0.596
3072.0 14848.0 2720.0  0.0   251392.0 203518.3  61440.0    52450.1   15744.0 15136.9 1920.0 1714.5     18    0.418   1      0.178    0.596
3072.0 14848.0 2720.0  0.0   251392.0 203518.3  61440.0    52450.1   15744.0 15136.9 1920.0 1714.5     18    0.418   1      0.178    0.596
3072.0 14848.0 2720.0  0.0   251392.0 203560.3  61440.0    52450.1   15744.0 15136.9 1920.0 1714.5     18    0.418   1      0.178    0.596
3072.0 14848.0 2720.0  0.0   251392.0 203560.3  61440.0    52450.1   15744.0 15136.9 1920.0 1714.5     18    0.418   1      0.178    0.596
3072.0 14848.0 2720.0  0.0   251392.0 203560.3  61440.0    52450.1   15744.0 15136.9 1920.0 1714.5     18    0.418   1      0.178    0.596
3072.0 14848.0 2720.0  0.0   251392.0 203620.2  61440.0    52450.1   15744.0 15136.9 1920.0 1714.5     18    0.418   1      0.178    0.596
3072.0 14848.0 2720.0  0.0   251392.0 203620.2  61440.0    52450.1   15744.0 15136.9 1920.0 1714.5     18    0.418   1      0.178    0.596
3072.0 14848.0 2720.0  0.0   251392.0 203620.2  61440.0    52450.1   15744.0 15136.9 1920.0 1714.5     18    0.418   1      0.178    0.596
3072.0 14848.0 2720.0  0.0   251392.0 203662.1  61440.0    52450.1   15744.0 15136.9 1920.0 1714.5     18    0.418   1      0.178    0.596
3072.0 14848.0 2720.0  0.0   251392.0 203662.1  61440.0    52450.1   15744.0 15136.9 1920.0 1714.5     18    0.418   1      0.178    0.596
3072.0 14848.0 2720.0  0.0   251392.0 203662.1  61440.0    52450.1   15744.0 15136.9 1920.0 1714.5     18    0.418   1      0.178    0.596
14336.0 3072.0  0.0   2624.0 239616.0  9442.9   61440.0    54914.1   15744.0 15148.8 1920.0 1714.5     19    0.439   1      0.178    0.617
14336.0 3072.0  0.0   2624.0 239616.0  9442.9   61440.0    54914.1   15744.0 15148.8 1920.0 1714.5     19    0.439   1      0.178    0.617
14336.0 3072.0  0.0   2624.0 239616.0  9442.9   61440.0    54914.1   15744.0 15148.8 1920.0 1714.5     19    0.439   1      0.178    0.617
14336.0 3072.0  0.0   2624.0 239616.0  9522.7   61440.0    54914.1   15744.0 15148.8 1920.0 1714.5     19    0.439   1      0.178    0.617
14336.0 3072.0  0.0   2624.0 239616.0  9522.7   61440.0    54914.1   15744.0 15148.8 1920.0 1714.5     19    0.439   1      0.178    0.617
14336.0 3072.0  0.0   2624.0 239616.0  9522.7   61440.0    54914.1   15744.0 15148.8 1920.0 1714.5     19    0.439   1      0.178    0.617
14336.0 3072.0  0.0   2624.0 239616.0  9584.8   61440.0    54914.1   15744.0 15148.8 1920.0 1714.5     19    0.439   1      0.178    0.617
14336.0 3072.0  0.0   2624.0 239616.0  9584.8   61440.0    54914.1   15744.0 15148.8 1920.0 1714.5     19    0.439   1      0.178    0.617
14336.0 3072.0  0.0   2624.0 239616.0  9584.8   61440.0    54914.1   15744.0 15148.8 1920.0 1714.5     19    0.439   1      0.178    0.617
14336.0 3072.0  0.0   2624.0 239616.0  9646.8   61440.0    54914.1   15744.0 15148.8 1920.0 1714.5     19    0.439   1      0.178    0.617
14336.0 3072.0  0.0   2624.0 239616.0  9646.8   61440.0    54914.1   15744.0 15148.8 1920.0 1714.5     19    0.439   1      0.178    0.617
14336.0 3072.0  0.0   2624.0 239616.0  9646.8   61440.0    54914.1   15744.0 15148.8 1920.0 1714.5     19    0.439   1      0.178    0.617
14336.0 3072.0  0.0   2624.0 239616.0 67001.4   61440.0    54914.1   15744.0 15148.8 1920.0 1714.5     19    0.439   1      0.178    0.617
14336.0 3072.0  0.0   2624.0 239616.0 67001.4   61440.0    54914.1   15744.0 15148.8 1920.0 1714.5     19    0.439   1      0.178    0.617
14336.0 3072.0  0.0   2624.0 239616.0 67001.4   61440.0    54914.1   15744.0 15148.8 1920.0 1714.5     19    0.439   1      0.178    0.617
14336.0 3072.0  0.0   2624.0 239616.0 67063.9   61440.0    54914.1   15744.0 15148.8 1920.0 1714.5     19    0.439   1      0.178    0.617
14336.0 3072.0  0.0   2624.0 239616.0 67063.9   61440.0    54914.1   15744.0 15148.8 1920.0 1714.5     19    0.439   1      0.178    0.617
14336.0 3072.0  0.0   2624.0 239616.0 67063.9   61440.0    54914.1   15744.0 15148.8 1920.0 1714.5     19    0.439   1      0.178    0.617
14336.0 3072.0  0.0   2624.0 239616.0 67144.2   61440.0    54914.1   15744.0 15148.8 1920.0 1714.5     19    0.439   1      0.178    0.617
14336.0 3072.0  0.0   2624.0 239616.0 67144.2   61440.0    54914.1   15744.0 15148.8 1920.0 1714.5     19    0.439   1      0.178    0.617
14336.0 3072.0  0.0   2624.0 239616.0 67144.2   61440.0    54914.1   15744.0 15148.8 1920.0 1714.5     19    0.439   1      0.178    0.617
14336.0 3072.0  0.0   2624.0 239616.0 67213.0   61440.0    54914.1   15744.0 15148.8 1920.0 1714.5     19    0.439   1      0.178    0.617
14336.0 3072.0  0.0   2624.0 239616.0 67213.0   61440.0    54914.1   15744.0 15148.8 1920.0 1714.5     19    0.439   1      0.178    0.617
14336.0 3072.0  0.0   2624.0 239616.0 67213.0   61440.0    54914.1   15744.0 15148.8 1920.0 1714.5     19    0.439   1      0.178    0.617
14336.0 3072.0  0.0   2624.0 239616.0 123240.8  61440.0    54914.1   15744.0 15148.8 1920.0 1714.5     19    0.439   1      0.178    0.617
14336.0 3072.0  0.0   2624.0 239616.0 123240.8  61440.0    54914.1   15744.0 15148.8 1920.0 1714.5     19    0.439   1      0.178    0.617
14336.0 3072.0  0.0   2624.0 239616.0 123240.8  61440.0    54914.1   15744.0 15148.8 1920.0 1714.5     19    0.439   1      0.178    0.617
14336.0 3072.0  0.0   2624.0 239616.0 123303.4  61440.0    54914.1   15744.0 15148.8 1920.0 1714.5     19    0.439   1      0.178    0.617
14336.0 3072.0  0.0   2624.0 239616.0 123303.4  61440.0    54914.1   15744.0 15148.8 1920.0 1714.5     19    0.439   1      0.178    0.617
14336.0 3072.0  0.0   2624.0 239616.0 123303.4  61440.0    54914.1   15744.0 15148.8 1920.0 1714.5     19    0.439   1      0.178    0.617
14336.0 3072.0  0.0   2624.0 239616.0 123365.9  61440.0    54914.1   15744.0 15148.8 1920.0 1714.5     19    0.439   1      0.178    0.617
14336.0 3072.0  0.0   2624.0 239616.0 123365.9  61440.0    54914.1   15744.0 15148.8 1920.0 1714.5     19    0.439   1      0.178    0.617
14336.0 3072.0  0.0   2624.0 239616.0 123365.9  61440.0    54914.1   15744.0 15148.8 1920.0 1714.5     19    0.439   1      0.178    0.617
14336.0 3072.0  0.0   2624.0 239616.0 123409.7  61440.0    54914.1   15744.0 15148.8 1920.0 1714.5     19    0.439   1      0.178    0.617
14336.0 3072.0  0.0   2624.0 239616.0 123409.7  61440.0    54914.1   15744.0 15148.8 1920.0 1714.5     19    0.439   1      0.178    0.617
14336.0 3072.0  0.0   2624.0 239616.0 123409.7  61440.0    54914.1   15744.0 15148.8 1920.0 1714.5     19    0.439   1      0.178    0.617
14336.0 3072.0  0.0   2624.0 239616.0 180315.0  61440.0    54914.1   15744.0 15148.8 1920.0 1714.5     19    0.439   1      0.178    0.617
14336.0 3072.0  0.0   2624.0 239616.0 180315.0  61440.0    54914.1   15744.0 15148.8 1920.0 1714.5     19    0.439   1      0.178    0.617
14336.0 3072.0  0.0   2624.0 239616.0 180315.0  61440.0    54914.1   15744.0 15148.8 1920.0 1714.5     19    0.439   1      0.178    0.617
14336.0 3072.0  0.0   2624.0 239616.0 180341.0  61440.0    54914.1   15744.0 15148.8 1920.0 1714.5     19    0.439   1      0.178    0.617
14336.0 3072.0  0.0   2624.0 239616.0 180341.0  61440.0    54914.1   15744.0 15148.8 1920.0 1714.5     19    0.439   1      0.178    0.617
14336.0 3072.0  0.0   2624.0 239616.0 180341.0  61440.0    54914.1   15744.0 15148.8 1920.0 1714.5     19    0.439   1      0.178    0.617
14336.0 3072.0  0.0   2624.0 239616.0 180367.0  61440.0    54914.1   15744.0 15148.8 1920.0 1714.5     19    0.439   1      0.178    0.617
14336.0 3072.0  0.0   2624.0 239616.0 180367.0  61440.0    54914.1   15744.0 15148.8 1920.0 1714.5     19    0.439   1      0.178    0.617
14336.0 3072.0  0.0   2624.0 239616.0 180367.0  61440.0    54914.1   15744.0 15148.8 1920.0 1714.5     19    0.439   1      0.178    0.617
14336.0 3072.0  0.0   2624.0 239616.0 180393.3  61440.0    54914.1   15744.0 15148.8 1920.0 1714.5     19    0.439   1      0.178    0.617
14336.0 3072.0  0.0   2624.0 239616.0 180393.3  61440.0    54914.1   15744.0 15148.8 1920.0 1714.5     19    0.439   1      0.178    0.617
14336.0 3072.0  0.0   2624.0 239616.0 180393.3  61440.0    54914.1   15744.0 15148.8 1920.0 1714.5     19    0.439   1      0.178    0.617
14336.0 3072.0  0.0   2624.0 239616.0 236466.9  61440.0    54914.1   15744.0 15148.8 1920.0 1714.5     19    0.439   1      0.178    0.617
14336.0 3072.0  0.0   2624.0 239616.0 236466.9  61440.0    54914.1   15744.0 15148.8 1920.0 1714.5     19    0.439   1      0.178    0.617
14336.0 3072.0  0.0   2624.0 239616.0 236466.9  61440.0    54914.1   15744.0 15148.8 1920.0 1714.5     19    0.439   1      0.178    0.617
14336.0 3072.0  0.0   2624.0 239616.0 236527.6  61440.0    54914.1   15744.0 15148.8 1920.0 1714.5     19    0.439   1      0.178    0.617
14336.0 3072.0  0.0   2624.0 239616.0 236527.6  61440.0    54914.1   15744.0 15148.8 1920.0 1714.5     19    0.439   1      0.178    0.617
14336.0 3072.0  0.0   2624.0 239616.0 236527.6  61440.0    54914.1   15744.0 15148.8 1920.0 1714.5     19    0.439   1      0.178    0.617
14336.0 3072.0  0.0   2624.0 239616.0 236565.1  61440.0    54914.1   15744.0 15148.8 1920.0 1714.5     19    0.439   1      0.178    0.617
14336.0 3072.0  0.0   2624.0 239616.0 236565.1  61440.0    54914.1   15744.0 15148.8 1920.0 1714.5     19    0.439   1      0.178    0.617
14336.0 3072.0  0.0   2624.0 239616.0 236565.1  61440.0    54914.1   15744.0 15148.8 1920.0 1714.5     19    0.439   1      0.178    0.617
14336.0 3072.0  0.0   2624.0 239616.0 236591.4  61440.0    54914.1   15744.0 15148.8 1920.0 1714.5     19    0.439   1      0.178    0.617
14336.0 3072.0  0.0   2624.0 239616.0 236591.4  61440.0    54914.1   15744.0 15148.8 1920.0 1714.5     19    0.439   1      0.178    0.617
14336.0 3072.0  0.0   2624.0 239616.0 236591.4  61440.0    54914.1   15744.0 15148.8 1920.0 1714.5     19    0.439   1      0.178    0.617
2560.0 13824.0  0.0    0.0   228864.0 53896.1   57856.0    35356.6   15744.0 15113.8 1920.0 1707.6     20    0.455   2      0.339    0.794
2560.0 13824.0  0.0    0.0   228864.0 53896.1   57856.0    35356.6   15744.0 15113.8 1920.0 1707.6     20    0.455   2      0.339    0.794
2560.0 13824.0  0.0    0.0   228864.0 53896.1   57856.0    35356.6   15744.0 15113.8 1920.0 1707.6     20    0.455   2      0.339    0.794
2560.0 13824.0  0.0    0.0   228864.0 53960.1   57856.0    35356.6   15744.0 15113.8 1920.0 1707.6     20    0.455   2      0.339    0.794
2560.0 13824.0  0.0    0.0   228864.0 53960.1   57856.0    35356.6   15744.0 15113.8 1920.0 1707.6     20    0.455   2      0.339    0.794
2560.0 13824.0  0.0    0.0   228864.0 53960.1   57856.0    35356.6   15744.0 15113.8 1920.0 1707.6     20    0.455   2      0.339    0.794
2560.0 13824.0  0.0    0.0   228864.0 54012.7   57856.0    35356.6   15744.0 15113.8 1920.0 1707.6     20    0.455   2      0.339    0.794
2560.0 13824.0  0.0    0.0   228864.0 54012.7   57856.0    35356.6   15744.0 15113.8 1920.0 1707.6     20    0.455   2      0.339    0.794
2560.0 13824.0  0.0    0.0   228864.0 54012.7   57856.0    35356.6   15744.0 15113.8 1920.0 1707.6     20    0.455   2      0.339    0.794
2560.0 13824.0  0.0    0.0   228864.0 54065.2   57856.0    35356.6   15744.0 15113.8 1920.0 1707.6     20    0.455   2      0.339    0.794
2560.0 13824.0  0.0    0.0   228864.0 54065.2   57856.0    35356.6   15744.0 15113.8 1920.0 1707.6     20    0.455   2      0.339    0.794
2560.0 13824.0  0.0    0.0   228864.0 54065.2   57856.0    35356.6   15744.0 15113.8 1920.0 1707.6     20    0.455   2      0.339    0.794
2560.0 13824.0  0.0    0.0   228864.0 113410.6  57856.0    35356.6   15744.0 15113.8 1920.0 1707.6     20    0.455   2      0.339    0.794
2560.0 13824.0  0.0    0.0   228864.0 113410.6  57856.0    35356.6   15744.0 15113.8 1920.0 1707.6     20    0.455   2      0.339    0.794
2560.0 13824.0  0.0    0.0   228864.0 113410.6  57856.0    35356.6   15744.0 15113.8 1920.0 1707.6     20    0.455   2      0.339    0.794
2560.0 13824.0  0.0    0.0   228864.0 113463.7  57856.0    35356.6   15744.0 15113.8 1920.0 1707.6     20    0.455   2      0.339    0.794
2560.0 13824.0  0.0    0.0   228864.0 113463.7  57856.0    35356.6   15744.0 15113.8 1920.0 1707.6     20    0.455   2      0.339    0.794
2560.0 13824.0  0.0    0.0   228864.0 113463.7  57856.0    35356.6   15744.0 15113.8 1920.0 1707.6     20    0.455   2      0.339    0.794
2560.0 13824.0  0.0    0.0   228864.0 113516.8  57856.0    35356.6   15744.0 15113.8 1920.0 1707.6     20    0.455   2      0.339    0.794
2560.0 13824.0  0.0    0.0   228864.0 113516.8  57856.0    35356.6   15744.0 15113.8 1920.0 1707.6     20    0.455   2      0.339    0.794
2560.0 13824.0  0.0    0.0   228864.0 113516.8  57856.0    35356.6   15744.0 15113.8 1920.0 1707.6     20    0.455   2      0.339    0.794
2560.0 13824.0  0.0    0.0   228864.0 113582.6  57856.0    35356.6   15744.0 15113.8 1920.0 1707.6     20    0.455   2      0.339    0.794
2560.0 13824.0  0.0    0.0   228864.0 113582.6  57856.0    35356.6   15744.0 15113.8 1920.0 1707.6     20    0.455   2      0.339    0.794
2560.0 13824.0  0.0    0.0   228864.0 113582.6  57856.0    35356.6   15744.0 15113.8 1920.0 1707.6     20    0.455   2      0.339    0.794
2560.0 13824.0  0.0    0.0   228864.0 170236.9  57856.0    35356.6   15744.0 15113.8 1920.0 1707.6     20    0.455   2      0.339    0.794
2560.0 13824.0  0.0    0.0   228864.0 170236.9  57856.0    35356.6   15744.0 15113.8 1920.0 1707.6     20    0.455   2      0.339    0.794
2560.0 13824.0  0.0    0.0   228864.0 170236.9  57856.0    35356.6   15744.0 15113.8 1920.0 1707.6     20    0.455   2      0.339    0.794
2560.0 13824.0  0.0    0.0   228864.0 170290.0  57856.0    35356.6   15744.0 15113.8 1920.0 1707.6     20    0.455   2      0.339    0.794
2560.0 13824.0  0.0    0.0   228864.0 170290.0  57856.0    35356.6   15744.0 15113.8 1920.0 1707.6     20    0.455   2      0.339    0.794
2560.0 13824.0  0.0    0.0   228864.0 170290.0  57856.0    35356.6   15744.0 15113.8 1920.0 1707.6     20    0.455   2      0.339    0.794
2560.0 13824.0  0.0    0.0   228864.0 170342.4  57856.0    35356.6   15744.0 15113.8 1920.0 1707.6     20    0.455   2      0.339    0.794
2560.0 13824.0  0.0    0.0   228864.0 170342.4  57856.0    35356.6   15744.0 15113.8 1920.0 1707.6     20    0.455   2      0.339    0.794
2560.0 13824.0  0.0    0.0   228864.0 170342.4  57856.0    35356.6   15744.0 15113.8 1920.0 1707.6     20    0.455   2      0.339    0.794
2560.0 13824.0  0.0    0.0   228864.0 170395.7  57856.0    35356.6   15744.0 15113.8 1920.0 1707.6     20    0.455   2      0.339    0.794
2560.0 13824.0  0.0    0.0   228864.0 170395.7  57856.0    35356.6   15744.0 15113.8 1920.0 1707.6     20    0.455   2      0.339    0.794
2560.0 13824.0  0.0    0.0   228864.0 170395.7  57856.0    35356.6   15744.0 15113.8 1920.0 1707.6     20    0.455   2      0.339    0.794
2560.0 13824.0  0.0    0.0   228864.0 228300.2  57856.0    35356.6   15744.0 15113.8 1920.0 1707.6     20    0.455   2      0.339    0.794
2560.0 13824.0  0.0    0.0   228864.0 228300.2  57856.0    35356.6   15744.0 15113.8 1920.0 1707.6     20    0.455   2      0.339    0.794
2560.0 13824.0  0.0    0.0   228864.0 228300.2  57856.0    35356.6   15744.0 15113.8 1920.0 1707.6     20    0.455   2      0.339    0.794
2560.0 13824.0  0.0    0.0   228864.0 228341.9  57856.0    35356.6   15744.0 15113.8 1920.0 1707.6     20    0.455   2      0.339    0.794
2560.0 13824.0  0.0    0.0   228864.0 228341.9  57856.0    35356.6   15744.0 15113.8 1920.0 1707.6     20    0.455   2      0.339    0.794
2560.0 13824.0  0.0    0.0   228864.0 228341.9  57856.0    35356.6   15744.0 15113.8 1920.0 1707.6     20    0.455   2      0.339    0.794
2560.0 13824.0  0.0    0.0   228864.0 228395.1  57856.0    35356.6   15744.0 15113.8 1920.0 1707.6     20    0.455   2      0.339    0.794
2560.0 13824.0  0.0    0.0   228864.0 228395.1  57856.0    35356.6   15744.0 15113.8 1920.0 1707.6     20    0.455   2      0.339    0.794
2560.0 13824.0  0.0    0.0   228864.0 228395.1  57856.0    35356.6   15744.0 15113.8 1920.0 1707.6     20    0.455   2      0.339    0.794
2560.0 13824.0  0.0    0.0   228864.0 228420.1  57856.0    35356.6   15744.0 15113.8 1920.0 1707.6     20    0.455   2      0.339    0.794
2560.0 13824.0  0.0    0.0   228864.0 228420.1  57856.0    35356.6   15744.0 15113.8 1920.0 1707.6     20    0.455   2      0.339    0.794
2560.0 13824.0  0.0    0.0   228864.0 228420.1  57856.0    35356.6   15744.0 15113.8 1920.0 1707.6     20    0.455   2      0.339    0.794
13312.0 4096.0  0.0   3648.0 218624.0 59371.1   57856.0    35356.6   15744.0 15113.8 1920.0 1707.6     21    0.465   2      0.339    0.804
13312.0 4096.0  0.0   3648.0 218624.0 59371.1   57856.0    35356.6   15744.0 15113.8 1920.0 1707.6     21    0.465   2      0.339    0.804
13312.0 4096.0  0.0   3648.0 218624.0 59371.1   57856.0    35356.6   15744.0 15113.8 1920.0 1707.6     21    0.465   2      0.339    0.804
13312.0 4096.0  0.0   3648.0 218624.0 59419.8   57856.0    35356.6   15744.0 15113.8 1920.0 1707.6     21    0.465   2      0.339    0.804
13312.0 4096.0  0.0   3648.0 218624.0 59419.8   57856.0    35356.6   15744.0 15113.8 1920.0 1707.6     21    0.465   2      0.339    0.804
13312.0 4096.0  0.0   3648.0 218624.0 59419.8   57856.0    35356.6   15744.0 15113.8 1920.0 1707.6     21    0.465   2      0.339    0.804
13312.0 4096.0  0.0   3648.0 218624.0 59461.6   57856.0    35356.6   15744.0 15113.8 1920.0 1707.6     21    0.465   2      0.339    0.804
13312.0 4096.0  0.0   3648.0 218624.0 59461.6   57856.0    35356.6   15744.0 15113.8 1920.0 1707.6     21    0.465   2      0.339    0.804
13312.0 4096.0  0.0   3648.0 218624.0 59461.6   57856.0    35356.6   15744.0 15113.8 1920.0 1707.6     21    0.465   2      0.339    0.804
13312.0 4096.0  0.0   3648.0 218624.0 59509.6   57856.0    35356.6   15744.0 15113.8 1920.0 1707.6     21    0.465   2      0.339    0.804
13312.0 4096.0  0.0   3648.0 218624.0 59509.6   57856.0    35356.6   15744.0 15113.8 1920.0 1707.6     21    0.465   2      0.339    0.804
13312.0 4096.0  0.0   3648.0 218624.0 59509.6   57856.0    35356.6   15744.0 15113.8 1920.0 1707.6     21    0.465   2      0.339    0.804
13312.0 4096.0  0.0   3648.0 218624.0 117198.4  57856.0    35356.6   15744.0 15113.8 1920.0 1707.6     21    0.465   2      0.339    0.804
13312.0 4096.0  0.0   3648.0 218624.0 117198.4  57856.0    35356.6   15744.0 15113.8 1920.0 1707.6     21    0.465   2      0.339    0.804
13312.0 4096.0  0.0   3648.0 218624.0 117198.4  57856.0    35356.6   15744.0 15113.8 1920.0 1707.6     21    0.465   2      0.339    0.804
13312.0 4096.0  0.0   3648.0 218624.0 117247.1  57856.0    35356.6   15744.0 15113.8 1920.0 1707.6     21    0.465   2      0.339    0.804
13312.0 4096.0  0.0   3648.0 218624.0 117247.1  57856.0    35356.6   15744.0 15113.8 1920.0 1707.6     21    0.465   2      0.339    0.804
13312.0 4096.0  0.0   3648.0 218624.0 117247.1  57856.0    35356.6   15744.0 15113.8 1920.0 1707.6     21    0.465   2      0.339    0.804
13312.0 4096.0  0.0   3648.0 218624.0 117288.2  57856.0    35356.6   15744.0 15113.8 1920.0 1707.6     21    0.465   2      0.339    0.804
13312.0 4096.0  0.0   3648.0 218624.0 117288.2  57856.0    35356.6   15744.0 15113.8 1920.0 1707.6     21    0.465   2      0.339    0.804
13312.0 4096.0  0.0   3648.0 218624.0 117288.2  57856.0    35356.6   15744.0 15113.8 1920.0 1707.6     21    0.465   2      0.339    0.804
13312.0 4096.0  0.0   3648.0 218624.0 117337.0  57856.0    35356.6   15744.0 15113.8 1920.0 1707.6     21    0.465   2      0.339    0.804
13312.0 4096.0  0.0   3648.0 218624.0 117337.0  57856.0    35356.6   15744.0 15113.8 1920.0 1707.6     21    0.465   2      0.339    0.804
13312.0 4096.0  0.0   3648.0 218624.0 117337.0  57856.0    35356.6   15744.0 15113.8 1920.0 1707.6     21    0.465   2      0.339    0.804
13312.0 4096.0  0.0   3648.0 218624.0 175158.7  57856.0    35356.6   15744.0 15113.8 1920.0 1707.6     21    0.465   2      0.339    0.804
13312.0 4096.0  0.0   3648.0 218624.0 175158.7  57856.0    35356.6   15744.0 15113.8 1920.0 1707.6     21    0.465   2      0.339    0.804
13312.0 4096.0  0.0   3648.0 218624.0 175158.7  57856.0    35356.6   15744.0 15113.8 1920.0 1707.6     21    0.465   2      0.339    0.804
13312.0 4096.0  0.0   3648.0 218624.0 175207.8  57856.0    35356.6   15744.0 15113.8 1920.0 1707.6     21    0.465   2      0.339    0.804
13312.0 4096.0  0.0   3648.0 218624.0 175207.8  57856.0    35356.6   15744.0 15113.8 1920.0 1707.6     21    0.465   2      0.339    0.804
13312.0 4096.0  0.0   3648.0 218624.0 175207.8  57856.0    35356.6   15744.0 15113.8 1920.0 1707.6     21    0.465   2      0.339    0.804
13312.0 4096.0  0.0   3648.0 218624.0 175248.5  57856.0    35356.6   15744.0 15113.8 1920.0 1707.6     21    0.465   2      0.339    0.804
13312.0 4096.0  0.0   3648.0 218624.0 175248.5  57856.0    35356.6   15744.0 15113.8 1920.0 1707.6     21    0.465   2      0.339    0.804
13312.0 4096.0  0.0   3648.0 218624.0 175248.5  57856.0    35356.6   15744.0 15113.8 1920.0 1707.6     21    0.465   2      0.339    0.804
13312.0 4096.0  0.0   3648.0 218624.0 175301.9  57856.0    35356.6   15744.0 15113.8 1920.0 1707.6     21    0.465   2      0.339    0.804
13312.0 4096.0  0.0   3648.0 218624.0 175301.9  57856.0    35356.6   15744.0 15113.8 1920.0 1707.6     21    0.465   2      0.339    0.804
13312.0 4096.0  0.0   3648.0 218624.0 175301.9  57856.0    35356.6   15744.0 15113.8 1920.0 1707.6     21    0.465   2      0.339    0.804
2560.0 12800.0 2240.0  0.0   208896.0 16534.9   57856.0    39156.6   15744.0 15114.1 1920.0 1707.6     22    0.481   2      0.339    0.820
2560.0 12800.0 2240.0  0.0   208896.0 16534.9   57856.0    39156.6   15744.0 15114.1 1920.0 1707.6     22    0.481   2      0.339    0.820
2560.0 12800.0 2240.0  0.0   208896.0 16534.9   57856.0    39156.6   15744.0 15114.1 1920.0 1707.6     22    0.481   2      0.339    0.820
2560.0 12800.0 2240.0  0.0   208896.0 16582.6   57856.0    39156.6   15744.0 15114.1 1920.0 1707.6     22    0.481   2      0.339    0.820
2560.0 12800.0 2240.0  0.0   208896.0 16582.6   57856.0    39156.6   15744.0 15114.1 1920.0 1707.6     22    0.481   2      0.339    0.820
2560.0 12800.0 2240.0  0.0   208896.0 16582.6   57856.0    39156.6   15744.0 15114.1 1920.0 1707.6     22    0.481   2      0.339    0.820
2560.0 12800.0 2240.0  0.0   208896.0 16630.4   57856.0    39156.6   15744.0 15114.1 1920.0 1707.6     22    0.481   2      0.339    0.820
2560.0 12800.0 2240.0  0.0   208896.0 16630.4   57856.0    39156.6   15744.0 15114.1 1920.0 1707.6     22    0.481   2      0.339    0.820
2560.0 12800.0 2240.0  0.0   208896.0 16630.4   57856.0    39156.6   15744.0 15114.1 1920.0 1707.6     22    0.481   2      0.339    0.820
2560.0 12800.0 2240.0  0.0   208896.0 16678.6   57856.0    39156.6   15744.0 15114.1 1920.0 1707.6     22    0.481   2      0.339    0.820
2560.0 12800.0 2240.0  0.0   208896.0 16678.6   57856.0    39156.6   15744.0 15114.1 1920.0 1707.6     22    0.481   2      0.339    0.820
2560.0 12800.0 2240.0  0.0   208896.0 16678.6   57856.0    39156.6   15744.0 15114.1 1920.0 1707.6     22    0.481   2      0.339    0.820
2560.0 12800.0 2240.0  0.0   208896.0 73706.8   57856.0    39156.6   15744.0 15114.1 1920.0 1707.6     22    0.481   2      0.339    0.820
2560.0 12800.0 2240.0  0.0   208896.0 73706.8   57856.0    39156.6   15744.0 15114.1 1920.0 1707.6     22    0.481   2      0.339    0.820
2560.0 12800.0 2240.0  0.0   208896.0 73706.8   57856.0    39156.6   15744.0 15114.1 1920.0 1707.6     22    0.481   2      0.339    0.820
2560.0 12800.0 2240.0  0.0   208896.0 73755.0   57856.0    39156.6   15744.0 15114.1 1920.0 1707.6     22    0.481   2      0.339    0.820
2560.0 12800.0 2240.0  0.0   208896.0 73755.0   57856.0    39156.6   15744.0 15114.1 1920.0 1707.6     22    0.481   2      0.339    0.820
2560.0 12800.0 2240.0  0.0   208896.0 73755.0   57856.0    39156.6   15744.0 15114.1 1920.0 1707.6     22    0.481   2      0.339    0.820
2560.0 12800.0 2240.0  0.0   208896.0 73803.4   57856.0    39156.6   15744.0 15114.1 1920.0 1707.6     22    0.481   2      0.339    0.820
2560.0 12800.0 2240.0  0.0   208896.0 73803.4   57856.0    39156.6   15744.0 15114.1 1920.0 1707.6     22    0.481   2      0.339    0.820
2560.0 12800.0 2240.0  0.0   208896.0 73803.4   57856.0    39156.6   15744.0 15114.1 1920.0 1707.6     22    0.481   2      0.339    0.820
2560.0 12800.0 2240.0  0.0   208896.0 73847.3   57856.0    39156.6   15744.0 15114.1 1920.0 1707.6     22    0.481   2      0.339    0.820
2560.0 12800.0 2240.0  0.0   208896.0 73847.3   57856.0    39156.6   15744.0 15114.1 1920.0 1707.6     22    0.481   2      0.339    0.820
2560.0 12800.0 2240.0  0.0   208896.0 73847.3   57856.0    39156.6   15744.0 15114.1 1920.0 1707.6     22    0.481   2      0.339    0.820
2560.0 12800.0 2240.0  0.0   208896.0 132841.3  57856.0    39156.6   15744.0 15114.1 1920.0 1707.6     22    0.481   2      0.339    0.820
2560.0 12800.0 2240.0  0.0   208896.0 132841.3  57856.0    39156.6   15744.0 15114.1 1920.0 1707.6     22    0.481   2      0.339    0.820
2560.0 12800.0 2240.0  0.0   208896.0 132841.3  57856.0    39156.6   15744.0 15114.1 1920.0 1707.6     22    0.481   2      0.339    0.820
2560.0 12800.0 2240.0  0.0   208896.0 132891.8  57856.0    39156.6   15744.0 15114.1 1920.0 1707.6     22    0.481   2      0.339    0.820
2560.0 12800.0 2240.0  0.0   208896.0 132891.8  57856.0    39156.6   15744.0 15114.1 1920.0 1707.6     22    0.481   2      0.339    0.820
2560.0 12800.0 2240.0  0.0   208896.0 132891.8  57856.0    39156.6   15744.0 15114.1 1920.0 1707.6     22    0.481   2      0.339    0.820
2560.0 12800.0 2240.0  0.0   208896.0 132933.2  57856.0    39156.6   15744.0 15114.1 1920.0 1707.6     22    0.481   2      0.339    0.820
2560.0 12800.0 2240.0  0.0   208896.0 132933.2  57856.0    39156.6   15744.0 15114.1 1920.0 1707.6     22    0.481   2      0.339    0.820
2560.0 12800.0 2240.0  0.0   208896.0 132933.2  57856.0    39156.6   15744.0 15114.1 1920.0 1707.6     22    0.481   2      0.339    0.820
2560.0 12800.0 2240.0  0.0   208896.0 132978.2  57856.0    39156.6   15744.0 15114.1 1920.0 1707.6     22    0.481   2      0.339    0.820
2560.0 12800.0 2240.0  0.0   208896.0 132978.2  57856.0    39156.6   15744.0 15114.1 1920.0 1707.6     22    0.481   2      0.339    0.820
2560.0 12800.0 2240.0  0.0   208896.0 132978.2  57856.0    39156.6   15744.0 15114.1 1920.0 1707.6     22    0.481   2      0.339    0.820
2560.0 12800.0 2240.0  0.0   208896.0 189762.0  57856.0    39156.6   15744.0 15114.1 1920.0 1707.6     22    0.481   2      0.339    0.820
2560.0 12800.0 2240.0  0.0   208896.0 189762.0  57856.0    39156.6   15744.0 15114.1 1920.0 1707.6     22    0.481   2      0.339    0.820
2560.0 12800.0 2240.0  0.0   208896.0 189762.0  57856.0    39156.6   15744.0 15114.1 1920.0 1707.6     22    0.481   2      0.339    0.820
2560.0 12800.0 2240.0  0.0   208896.0 189800.6  57856.0    39156.6   15744.0 15114.1 1920.0 1707.6     22    0.481   2      0.339    0.820
2560.0 12800.0 2240.0  0.0   208896.0 189800.6  57856.0    39156.6   15744.0 15114.1 1920.0 1707.6     22    0.481   2      0.339    0.820
2560.0 12800.0 2240.0  0.0   208896.0 189800.6  57856.0    39156.6   15744.0 15114.1 1920.0 1707.6     22    0.481   2      0.339    0.820
2560.0 12800.0 2240.0  0.0   208896.0 189847.4  57856.0    39156.6   15744.0 15114.1 1920.0 1707.6     22    0.481   2      0.339    0.820
2560.0 12800.0 2240.0  0.0   208896.0 189847.4  57856.0    39156.6   15744.0 15114.1 1920.0 1707.6     22    0.481   2      0.339    0.820
2560.0 12800.0 2240.0  0.0   208896.0 189847.4  57856.0    39156.6   15744.0 15114.1 1920.0 1707.6     22    0.481   2      0.339    0.820
2560.0 12800.0 2240.0  0.0   208896.0 189891.4  57856.0    39156.6   15744.0 15114.1 1920.0 1707.6     22    0.481   2      0.339    0.820
2560.0 12800.0 2240.0  0.0   208896.0 189891.4  57856.0    39156.6   15744.0 15114.1 1920.0 1707.6     22    0.481   2      0.339    0.820
2560.0 12800.0 2240.0  0.0   208896.0 189891.4  57856.0    39156.6   15744.0 15114.1 1920.0 1707.6     22    0.481   2      0.339    0.820
12288.0 2560.0  0.0   2144.0 199680.0 39500.1   57856.0    41180.6   15744.0 15130.5 1920.0 1707.6     23    0.493   2      0.339    0.832
12288.0 2560.0  0.0   2144.0 199680.0 40602.5   57856.0    41180.6   15744.0 15130.5 1920.0 1707.6     23    0.493   2      0.339    0.832
12288.0 2560.0  0.0   2144.0 199680.0 40602.5   57856.0    41180.6   15744.0 15130.5 1920.0 1707.6     23    0.493   2      0.339    0.832
12288.0 2560.0  0.0   2144.0 199680.0 40646.6   57856.0    41180.6   15744.0 15130.5 1920.0 1707.6     23    0.493   2      0.339    0.832
12288.0 2560.0  0.0   2144.0 199680.0 40646.6   57856.0    41180.6   15744.0 15130.5 1920.0 1707.6     23    0.493   2      0.339    0.832
12288.0 2560.0  0.0   2144.0 199680.0 40646.6   57856.0    41180.6   15744.0 15130.5 1920.0 1707.6     23    0.493   2      0.339    0.832
12288.0 2560.0  0.0   2144.0 199680.0 40690.7   57856.0    41180.6   15744.0 15130.5 1920.0 1707.6     23    0.493   2      0.339    0.832
12288.0 2560.0  0.0   2144.0 199680.0 40690.7   57856.0    41180.6   15744.0 15130.5 1920.0 1707.6     23    0.493   2      0.339    0.832
12288.0 2560.0  0.0   2144.0 199680.0 40690.7   57856.0    41180.6   15744.0 15130.5 1920.0 1707.6     23    0.493   2      0.339    0.832
12288.0 2560.0  0.0   2144.0 199680.0 40735.3   57856.0    41180.6   15744.0 15130.5 1920.0 1707.6     23    0.493   2      0.339    0.832
12288.0 2560.0  0.0   2144.0 199680.0 40735.3   57856.0    41180.6   15744.0 15130.5 1920.0 1707.6     23    0.493   2      0.339    0.832
12288.0 2560.0  0.0   2144.0 199680.0 40735.3   57856.0    41180.6   15744.0 15130.5 1920.0 1707.6     23    0.493   2      0.339    0.832
12288.0 2560.0  0.0   2144.0 199680.0 99211.9   57856.0    41180.6   15744.0 15130.5 1920.0 1707.6     23    0.493   2      0.339    0.832
12288.0 2560.0  0.0   2144.0 199680.0 99211.9   57856.0    41180.6   15744.0 15130.5 1920.0 1707.6     23    0.493   2      0.339    0.832
12288.0 2560.0  0.0   2144.0 199680.0 99211.9   57856.0    41180.6   15744.0 15130.5 1920.0 1707.6     23    0.493   2      0.339    0.832
12288.0 2560.0  0.0   2144.0 199680.0 99257.1   57856.0    41180.6   15744.0 15130.5 1920.0 1707.6     23    0.493   2      0.339    0.832
12288.0 2560.0  0.0   2144.0 199680.0 99257.1   57856.0    41180.6   15744.0 15130.5 1920.0 1707.6     23    0.493   2      0.339    0.832
12288.0 2560.0  0.0   2144.0 199680.0 99257.1   57856.0    41180.6   15744.0 15130.5 1920.0 1707.6     23    0.493   2      0.339    0.832
12288.0 2560.0  0.0   2144.0 199680.0 99302.3   57856.0    41180.6   15744.0 15130.5 1920.0 1707.6     23    0.493   2      0.339    0.832
12288.0 2560.0  0.0   2144.0 199680.0 99302.3   57856.0    41180.6   15744.0 15130.5 1920.0 1707.6     23    0.493   2      0.339    0.832
12288.0 2560.0  0.0   2144.0 199680.0 99302.3   57856.0    41180.6   15744.0 15130.5 1920.0 1707.6     23    0.493   2      0.339    0.832
12288.0 2560.0  0.0   2144.0 199680.0 99347.5   57856.0    41180.6   15744.0 15130.5 1920.0 1707.6     23    0.493   2      0.339    0.832
12288.0 2560.0  0.0   2144.0 199680.0 99347.5   57856.0    41180.6   15744.0 15130.5 1920.0 1707.6     23    0.493   2      0.339    0.832
12288.0 2560.0  0.0   2144.0 199680.0 99347.5   57856.0    41180.6   15744.0 15130.5 1920.0 1707.6     23    0.493   2      0.339    0.832
12288.0 2560.0  0.0   2144.0 199680.0 156484.6  57856.0    41180.6   15744.0 15130.5 1920.0 1707.6     23    0.493   2      0.339    0.832
12288.0 2560.0  0.0   2144.0 199680.0 156484.6  57856.0    41180.6   15744.0 15130.5 1920.0 1707.6     23    0.493   2      0.339    0.832
12288.0 2560.0  0.0   2144.0 199680.0 156484.6  57856.0    41180.6   15744.0 15130.5 1920.0 1707.6     23    0.493   2      0.339    0.832
12288.0 2560.0  0.0   2144.0 199680.0 156529.9  57856.0    41180.6   15744.0 15130.5 1920.0 1707.6     23    0.493   2      0.339    0.832
12288.0 2560.0  0.0   2144.0 199680.0 156529.9  57856.0    41180.6   15744.0 15130.5 1920.0 1707.6     23    0.493   2      0.339    0.832
12288.0 2560.0  0.0   2144.0 199680.0 156529.9  57856.0    41180.6   15744.0 15130.5 1920.0 1707.6     23    0.493   2      0.339    0.832
12288.0 2560.0  0.0   2144.0 199680.0 156572.4  57856.0    41180.6   15744.0 15130.5 1920.0 1707.6     23    0.493   2      0.339    0.832
12288.0 2560.0  0.0   2144.0 199680.0 156572.4  57856.0    41180.6   15744.0 15130.5 1920.0 1707.6     23    0.493   2      0.339    0.832
12288.0 2560.0  0.0   2144.0 199680.0 156572.4  57856.0    41180.6   15744.0 15130.5 1920.0 1707.6     23    0.493   2      0.339    0.832
12288.0 2560.0  0.0   2144.0 199680.0 156614.6  57856.0    41180.6   15744.0 15130.5 1920.0 1707.6     23    0.493   2      0.339    0.832
12288.0 2560.0  0.0   2144.0 199680.0 156614.6  57856.0    41180.6   15744.0 15130.5 1920.0 1707.6     23    0.493   2      0.339    0.832
12288.0 2560.0  0.0   2144.0 199680.0 156614.6  57856.0    41180.6   15744.0 15130.5 1920.0 1707.6     23    0.493   2      0.339    0.832
2560.0 11776.0 2112.0  0.0   190464.0 16465.1   57856.0    43100.6   15744.0 15130.5 1920.0 1707.6     24    0.505   2      0.339    0.844
2560.0 11776.0 2112.0  0.0   190464.0 16465.1   57856.0    43100.6   15744.0 15130.5 1920.0 1707.6     24    0.505   2      0.339    0.844
2560.0 11776.0 2112.0  0.0   190464.0 16465.1   57856.0    43100.6   15744.0 15130.5 1920.0 1707.6     24    0.505   2      0.339    0.844
2560.0 11776.0 2112.0  0.0   190464.0 16510.2   57856.0    43100.6   15744.0 15130.5 1920.0 1707.6     24    0.505   2      0.339    0.844
2560.0 11776.0 2112.0  0.0   190464.0 16510.2   57856.0    43100.6   15744.0 15130.5 1920.0 1707.6     24    0.505   2      0.339    0.844
2560.0 11776.0 2112.0  0.0   190464.0 16510.2   57856.0    43100.6   15744.0 15130.5 1920.0 1707.6     24    0.505   2      0.339    0.844
2560.0 11776.0 2112.0  0.0   190464.0 16553.4   57856.0    43100.6   15744.0 15130.5 1920.0 1707.6     24    0.505   2      0.339    0.844
2560.0 11776.0 2112.0  0.0   190464.0 16553.4   57856.0    43100.6   15744.0 15130.5 1920.0 1707.6     24    0.505   2      0.339    0.844
2560.0 11776.0 2112.0  0.0   190464.0 16553.4   57856.0    43100.6   15744.0 15130.5 1920.0 1707.6     24    0.505   2      0.339    0.844
2560.0 11776.0 2112.0  0.0   190464.0 16600.8   57856.0    43100.6   15744.0 15130.5 1920.0 1707.6     24    0.505   2      0.339    0.844
2560.0 11776.0 2112.0  0.0   190464.0 16600.8   57856.0    43100.6   15744.0 15130.5 1920.0 1707.6     24    0.505   2      0.339    0.844
2560.0 11776.0 2112.0  0.0   190464.0 16600.8   57856.0    43100.6   15744.0 15130.5 1920.0 1707.6     24    0.505   2      0.339    0.844
2560.0 11776.0 2112.0  0.0   190464.0 74155.8   57856.0    43100.6   15744.0 15130.5 1920.0 1707.6     24    0.505   2      0.339    0.844
2560.0 11776.0 2112.0  0.0   190464.0 74155.8   57856.0    43100.6   15744.0 15130.5 1920.0 1707.6     24    0.505   2      0.339    0.844
2560.0 11776.0 2112.0  0.0   190464.0 74155.8   57856.0    43100.6   15744.0 15130.5 1920.0 1707.6     24    0.505   2      0.339    0.844
2560.0 11776.0 2112.0  0.0   190464.0 74200.8   57856.0    43100.6   15744.0 15130.5 1920.0 1707.6     24    0.505   2      0.339    0.844
2560.0 11776.0 2112.0  0.0   190464.0 74200.8   57856.0    43100.6   15744.0 15130.5 1920.0 1707.6     24    0.505   2      0.339    0.844
2560.0 11776.0 2112.0  0.0   190464.0 74200.8   57856.0    43100.6   15744.0 15130.5 1920.0 1707.6     24    0.505   2      0.339    0.844
2560.0 11776.0 2112.0  0.0   190464.0 74248.2   57856.0    43100.6   15744.0 15130.5 1920.0 1707.6     24    0.505   2      0.339    0.844
2560.0 11776.0 2112.0  0.0   190464.0 74248.2   57856.0    43100.6   15744.0 15130.5 1920.0 1707.6     24    0.505   2      0.339    0.844
2560.0 11776.0 2112.0  0.0   190464.0 74248.2   57856.0    43100.6   15744.0 15130.5 1920.0 1707.6     24    0.505   2      0.339    0.844
2560.0 11776.0 2112.0  0.0   190464.0 74293.2   57856.0    43100.6   15744.0 15130.5 1920.0 1707.6     24    0.505   2      0.339    0.844
2560.0 11776.0 2112.0  0.0   190464.0 74293.2   57856.0    43100.6   15744.0 15130.5 1920.0 1707.6     24    0.505   2      0.339    0.844
2560.0 11776.0 2112.0  0.0   190464.0 74293.2   57856.0    43100.6   15744.0 15130.5 1920.0 1707.6     24    0.505   2      0.339    0.844
2560.0 11776.0 2112.0  0.0   190464.0 131974.1  57856.0    43100.6   15744.0 15130.5 1920.0 1707.6     24    0.505   2      0.339    0.844
2560.0 11776.0 2112.0  0.0   190464.0 131974.1  57856.0    43100.6   15744.0 15130.5 1920.0 1707.6     24    0.505   2      0.339    0.844
2560.0 11776.0 2112.0  0.0   190464.0 131974.1  57856.0    43100.6   15744.0 15130.5 1920.0 1707.6     24    0.505   2      0.339    0.844
2560.0 11776.0 2112.0  0.0   190464.0 132017.5  57856.0    43100.6   15744.0 15130.5 1920.0 1707.6     24    0.505   2      0.339    0.844
2560.0 11776.0 2112.0  0.0   190464.0 132017.5  57856.0    43100.6   15744.0 15130.5 1920.0 1707.6     24    0.505   2      0.339    0.844
2560.0 11776.0 2112.0  0.0   190464.0 132017.5  57856.0    43100.6   15744.0 15130.5 1920.0 1707.6     24    0.505   2      0.339    0.844
2560.0 11776.0 2112.0  0.0   190464.0 132060.2  57856.0    43100.6   15744.0 15130.5 1920.0 1707.6     24    0.505   2      0.339    0.844
2560.0 11776.0 2112.0  0.0   190464.0 132060.2  57856.0    43100.6   15744.0 15130.5 1920.0 1707.6     24    0.505   2      0.339    0.844
2560.0 11776.0 2112.0  0.0   190464.0 132060.2  57856.0    43100.6   15744.0 15130.5 1920.0 1707.6     24    0.505   2      0.339    0.844
2560.0 11776.0 2112.0  0.0   190464.0 132106.8  57856.0    43100.6   15744.0 15130.5 1920.0 1707.6     24    0.505   2      0.339    0.844
2560.0 11776.0 2112.0  0.0   190464.0 132106.8  57856.0    43100.6   15744.0 15130.5 1920.0 1707.6     24    0.505   2      0.339    0.844
2560.0 11776.0 2112.0  0.0   190464.0 132106.8  57856.0    43100.6   15744.0 15130.5 1920.0 1707.6     24    0.505   2      0.339    0.844
2560.0 11776.0 2112.0  0.0   190464.0 190464.0  57856.0    43100.6   15744.0 15130.5 1920.0 1707.6     24    0.505   2      0.339    0.844
2560.0 11776.0 2112.0  0.0   190464.0 190464.0  57856.0    43100.6   15744.0 15130.5 1920.0 1707.6     24    0.505   2      0.339    0.844
2560.0 11776.0 2112.0  0.0   190464.0 190464.0  57856.0    43100.6   15744.0 15130.5 1920.0 1707.6     24    0.505   2      0.339    0.844
11776.0 2048.0  0.0   1952.0 181760.0   44.9    57856.0    44940.6   15744.0 15131.0 1920.0 1707.6     25    0.517   2      0.339    0.856
11776.0 2048.0  0.0   1952.0 181760.0   44.9    57856.0    44940.6   15744.0 15131.0 1920.0 1707.6     25    0.517   2      0.339    0.856
11776.0 2048.0  0.0   1952.0 181760.0  272.9    57856.0    44940.6   15744.0 15131.0 1920.0 1707.6     25    0.517   2      0.339    0.856
11776.0 2048.0  0.0   1952.0 181760.0  315.8    57856.0    44940.6   15744.0 15131.0 1920.0 1707.6     25    0.517   2      0.339    0.856
11776.0 2048.0  0.0   1952.0 181760.0  315.8    57856.0    44940.6   15744.0 15131.0 1920.0 1707.6     25    0.517   2      0.339    0.856
11776.0 2048.0  0.0   1952.0 181760.0  315.8    57856.0    44940.6   15744.0 15131.0 1920.0 1707.6     25    0.517   2      0.339    0.856
11776.0 2048.0  0.0   1952.0 181760.0  361.1    57856.0    44940.6   15744.0 15131.0 1920.0 1707.6     25    0.517   2      0.339    0.856
11776.0 2048.0  0.0   1952.0 181760.0  361.1    57856.0    44940.6   15744.0 15131.0 1920.0 1707.6     25    0.517   2      0.339    0.856
11776.0 2048.0  0.0   1952.0 181760.0  361.1    57856.0    44940.6   15744.0 15131.0 1920.0 1707.6     25    0.517   2      0.339    0.856
11776.0 2048.0  0.0   1952.0 181760.0 53771.1   57856.0    44940.6   15744.0 15131.0 1920.0 1707.6     25    0.517   2      0.339    0.856
11776.0 2048.0  0.0   1952.0 181760.0 59602.8   57856.0    44940.6   15744.0 15131.0 1920.0 1707.6     25    0.517   2      0.339    0.856
11776.0 2048.0  0.0   1952.0 181760.0 59602.8   57856.0    44940.6   15744.0 15131.0 1920.0 1707.6     25    0.517   2      0.339    0.856
11776.0 2048.0  0.0   1952.0 181760.0 59645.5   57856.0    44940.6   15744.0 15131.0 1920.0 1707.6     25    0.517   2      0.339    0.856
11776.0 2048.0  0.0   1952.0 181760.0 59645.5   57856.0    44940.6   15744.0 15131.0 1920.0 1707.6     25    0.517   2      0.339    0.856
11776.0 2048.0  0.0   1952.0 181760.0 59645.5   57856.0    44940.6   15744.0 15131.0 1920.0 1707.6     25    0.517   2      0.339    0.856
11776.0 2048.0  0.0   1952.0 181760.0 59690.7   57856.0    44940.6   15744.0 15131.0 1920.0 1707.6     25    0.517   2      0.339    0.856
11776.0 2048.0  0.0   1952.0 181760.0 59690.7   57856.0    44940.6   15744.0 15131.0 1920.0 1707.6     25    0.517   2      0.339    0.856
11776.0 2048.0  0.0   1952.0 181760.0 59690.7   57856.0    44940.6   15744.0 15131.0 1920.0 1707.6     25    0.517   2      0.339    0.856
11776.0 2048.0  0.0   1952.0 181760.0 59736.4   57856.0    44940.6   15744.0 15131.0 1920.0 1707.6     25    0.517   2      0.339    0.856
11776.0 2048.0  0.0   1952.0 181760.0 59736.4   57856.0    44940.6   15744.0 15131.0 1920.0 1707.6     25    0.517   2      0.339    0.856
11776.0 2048.0  0.0   1952.0 181760.0 59736.4   57856.0    44940.6   15744.0 15131.0 1920.0 1707.6     25    0.517   2      0.339    0.856
11776.0 2048.0  0.0   1952.0 181760.0 116993.6  57856.0    44940.6   15744.0 15131.0 1920.0 1707.6     25    0.517   2      0.339    0.856
11776.0 2048.0  0.0   1952.0 181760.0 116993.6  57856.0    44940.6   15744.0 15131.0 1920.0 1707.6     25    0.517   2      0.339    0.856
11776.0 2048.0  0.0   1952.0 181760.0 116993.6  57856.0    44940.6   15744.0 15131.0 1920.0 1707.6     25    0.517   2      0.339    0.856
11776.0 2048.0  0.0   1952.0 181760.0 117039.3  57856.0    44940.6   15744.0 15131.0 1920.0 1707.6     25    0.517   2      0.339    0.856
11776.0 2048.0  0.0   1952.0 181760.0 117039.3  57856.0    44940.6   15744.0 15131.0 1920.0 1707.6     25    0.517   2      0.339    0.856
11776.0 2048.0  0.0   1952.0 181760.0 117039.3  57856.0    44940.6   15744.0 15131.0 1920.0 1707.6     25    0.517   2      0.339    0.856
11776.0 2048.0  0.0   1952.0 181760.0 117084.4  57856.0    44940.6   15744.0 15131.0 1920.0 1707.6     25    0.517   2      0.339    0.856
11776.0 2048.0  0.0   1952.0 181760.0 117084.4  57856.0    44940.6   15744.0 15131.0 1920.0 1707.6     25    0.517   2      0.339    0.856
11776.0 2048.0  0.0   1952.0 181760.0 117084.4  57856.0    44940.6   15744.0 15131.0 1920.0 1707.6     25    0.517   2      0.339    0.856
11776.0 2048.0  0.0   1952.0 181760.0 117125.2  57856.0    44940.6   15744.0 15131.0 1920.0 1707.6     25    0.517   2      0.339    0.856
11776.0 2048.0  0.0   1952.0 181760.0 117125.2  57856.0    44940.6   15744.0 15131.0 1920.0 1707.6     25    0.517   2      0.339    0.856
11776.0 2048.0  0.0   1952.0 181760.0 117125.2  57856.0    44940.6   15744.0 15131.0 1920.0 1707.6     25    0.517   2      0.339    0.856
11776.0 2048.0  0.0   1952.0 181760.0 175369.7  57856.0    44940.6   15744.0 15131.0 1920.0 1707.6     25    0.517   2      0.339    0.856
11776.0 2048.0  0.0   1952.0 181760.0 175369.7  57856.0    44940.6   15744.0 15131.0 1920.0 1707.6     25    0.517   2      0.339    0.856
11776.0 2048.0  0.0   1952.0 181760.0 175369.7  57856.0    44940.6   15744.0 15131.0 1920.0 1707.6     25    0.517   2      0.339    0.856
11776.0 2048.0  0.0   1952.0 181760.0 175413.6  57856.0    44940.6   15744.0 15131.0 1920.0 1707.6     25    0.517   2      0.339    0.856
11776.0 2048.0  0.0   1952.0 181760.0 175413.6  57856.0    44940.6   15744.0 15131.0 1920.0 1707.6     25    0.517   2      0.339    0.856
11776.0 2048.0  0.0   1952.0 181760.0 175413.6  57856.0    44940.6   15744.0 15131.0 1920.0 1707.6     25    0.517   2      0.339    0.856
11776.0 2048.0  0.0   1952.0 181760.0 175455.4  57856.0    44940.6   15744.0 15131.0 1920.0 1707.6     25    0.517   2      0.339    0.856
11776.0 2048.0  0.0   1952.0 181760.0 175455.4  57856.0    44940.6   15744.0 15131.0 1920.0 1707.6     25    0.517   2      0.339    0.856
11776.0 2048.0  0.0   1952.0 181760.0 175455.4  57856.0    44940.6   15744.0 15131.0 1920.0 1707.6     25    0.517   2      0.339    0.856
11776.0 2048.0  0.0   1952.0 181760.0 175499.2  57856.0    44940.6   15744.0 15131.0 1920.0 1707.6     25    0.517   2      0.339    0.856
11776.0 2048.0  0.0   1952.0 181760.0 175499.2  57856.0    44940.6   15744.0 15131.0 1920.0 1707.6     25    0.517   2      0.339    0.856
11776.0 2048.0  0.0   1952.0 181760.0 175499.2  57856.0    44940.6   15744.0 15131.0 1920.0 1707.6     25    0.517   2      0.339    0.856
2048.0 11264.0 1920.0  0.0   173568.0 53230.6   57856.0    46692.6   15744.0 15141.4 1920.0 1707.6     26    0.529   2      0.339    0.868
2048.0 11264.0 1920.0  0.0   173568.0 53230.6   57856.0    46692.6   15744.0 15141.4 1920.0 1707.6     26    0.529   2      0.339    0.868
2048.0 11264.0 1920.0  0.0   173568.0 53230.6   57856.0    46692.6   15744.0 15141.4 1920.0 1707.6     26    0.529   2      0.339    0.868
2048.0 11264.0 1920.0  0.0   173568.0 53276.3   57856.0    46692.6   15744.0 15141.4 1920.0 1707.6     26    0.529   2      0.339    0.868
2048.0 11264.0 1920.0  0.0   173568.0 53276.3   57856.0    46692.6   15744.0 15141.4 1920.0 1707.6     26    0.529   2      0.339    0.868
2048.0 11264.0 1920.0  0.0   173568.0 53276.3   57856.0    46692.6   15744.0 15141.4 1920.0 1707.6     26    0.529   2      0.339    0.868
2048.0 11264.0 1920.0  0.0   173568.0 53321.2   57856.0    46692.6   15744.0 15141.4 1920.0 1707.6     26    0.529   2      0.339    0.868
2048.0 11264.0 1920.0  0.0   173568.0 53321.2   57856.0    46692.6   15744.0 15141.4 1920.0 1707.6     26    0.529   2      0.339    0.868
2048.0 11264.0 1920.0  0.0   173568.0 53321.2   57856.0    46692.6   15744.0 15141.4 1920.0 1707.6     26    0.529   2      0.339    0.868
2048.0 11264.0 1920.0  0.0   173568.0 53391.0   57856.0    46692.6   15744.0 15141.4 1920.0 1707.6     26    0.529   2      0.339    0.868
2048.0 11264.0 1920.0  0.0   173568.0 53391.0   57856.0    46692.6   15744.0 15141.4 1920.0 1707.6     26    0.529   2      0.339    0.868
2048.0 11264.0 1920.0  0.0   173568.0 53391.0   57856.0    46692.6   15744.0 15141.4 1920.0 1707.6     26    0.529   2      0.339    0.868
2048.0 11264.0 1920.0  0.0   173568.0 111652.5  57856.0    46692.6   15744.0 15141.4 1920.0 1707.6     26    0.529   2      0.339    0.868
2048.0 11264.0 1920.0  0.0   173568.0 111652.5  57856.0    46692.6   15744.0 15141.4 1920.0 1707.6     26    0.529   2      0.339    0.868
2048.0 11264.0 1920.0  0.0   173568.0 111652.5  57856.0    46692.6   15744.0 15141.4 1920.0 1707.6     26    0.529   2      0.339    0.868
2048.0 11264.0 1920.0  0.0   173568.0 111697.7  57856.0    46692.6   15744.0 15141.4 1920.0 1707.6     26    0.529   2      0.339    0.868
2048.0 11264.0 1920.0  0.0   173568.0 111697.7  57856.0    46692.6   15744.0 15141.4 1920.0 1707.6     26    0.529   2      0.339    0.868
2048.0 11264.0 1920.0  0.0   173568.0 111697.7  57856.0    46692.6   15744.0 15141.4 1920.0 1707.6     26    0.529   2      0.339    0.868
2048.0 11264.0 1920.0  0.0   173568.0 111740.8  57856.0    46692.6   15744.0 15141.4 1920.0 1707.6     26    0.529   2      0.339    0.868
2048.0 11264.0 1920.0  0.0   173568.0 111740.8  57856.0    46692.6   15744.0 15141.4 1920.0 1707.6     26    0.529   2      0.339    0.868
2048.0 11264.0 1920.0  0.0   173568.0 111740.8  57856.0    46692.6   15744.0 15141.4 1920.0 1707.6     26    0.529   2      0.339    0.868
2048.0 11264.0 1920.0  0.0   173568.0 111785.9  57856.0    46692.6   15744.0 15141.4 1920.0 1707.6     26    0.529   2      0.339    0.868
2048.0 11264.0 1920.0  0.0   173568.0 111785.9  57856.0    46692.6   15744.0 15141.4 1920.0 1707.6     26    0.529   2      0.339    0.868
2048.0 11264.0 1920.0  0.0   173568.0 111785.9  57856.0    46692.6   15744.0 15141.4 1920.0 1707.6     26    0.529   2      0.339    0.868
2048.0 11264.0 1920.0  0.0   173568.0 169157.7  57856.0    46692.6   15744.0 15141.4 1920.0 1707.6     26    0.529   2      0.339    0.868
2048.0 11264.0 1920.0  0.0   173568.0 169157.7  57856.0    46692.6   15744.0 15141.4 1920.0 1707.6     26    0.529   2      0.339    0.868
2048.0 11264.0 1920.0  0.0   173568.0 169157.7  57856.0    46692.6   15744.0 15141.4 1920.0 1707.6     26    0.529   2      0.339    0.868
2048.0 11264.0 1920.0  0.0   173568.0 169200.8  57856.0    46692.6   15744.0 15141.4 1920.0 1707.6     26    0.529   2      0.339    0.868
2048.0 11264.0 1920.0  0.0   173568.0 169200.8  57856.0    46692.6   15744.0 15141.4 1920.0 1707.6     26    0.529   2      0.339    0.868
2048.0 11264.0 1920.0  0.0   173568.0 169200.8  57856.0    46692.6   15744.0 15141.4 1920.0 1707.6     26    0.529   2      0.339    0.868
2048.0 11264.0 1920.0  0.0   173568.0 169246.1  57856.0    46692.6   15744.0 15141.4 1920.0 1707.6     26    0.529   2      0.339    0.868
2048.0 11264.0 1920.0  0.0   173568.0 169246.1  57856.0    46692.6   15744.0 15141.4 1920.0 1707.6     26    0.529   2      0.339    0.868
2048.0 11264.0 1920.0  0.0   173568.0 169246.1  57856.0    46692.6   15744.0 15141.4 1920.0 1707.6     26    0.529   2      0.339    0.868
2048.0 11264.0 1920.0  0.0   173568.0 169289.6  57856.0    46692.6   15744.0 15141.4 1920.0 1707.6     26    0.529   2      0.339    0.868
2048.0 11264.0 1920.0  0.0   173568.0 169289.6  57856.0    46692.6   15744.0 15141.4 1920.0 1707.6     26    0.529   2      0.339    0.868
2048.0 11264.0 1920.0  0.0   173568.0 169289.6  57856.0    46692.6   15744.0 15141.4 1920.0 1707.6     26    0.529   2      0.339    0.868
10752.0 2048.0  0.0   1920.0 165888.0 54568.5   57856.0    48364.6   15744.0 15141.4 1920.0 1707.6     27    0.542   2      0.339    0.881
10752.0 2048.0  0.0   1920.0 165888.0 54568.5   57856.0    48364.6   15744.0 15141.4 1920.0 1707.6     27    0.542   2      0.339    0.881
10752.0 2048.0  0.0   1920.0 165888.0 54568.5   57856.0    48364.6   15744.0 15141.4 1920.0 1707.6     27    0.542   2      0.339    0.881
10752.0 2048.0  0.0   1920.0 165888.0 54614.3   57856.0    48364.6   15744.0 15141.4 1920.0 1707.6     27    0.542   2      0.339    0.881
10752.0 2048.0  0.0   1920.0 165888.0 54614.3   57856.0    48364.6   15744.0 15141.4 1920.0 1707.6     27    0.542   2      0.339    0.881
10752.0 2048.0  0.0   1920.0 165888.0 54614.3   57856.0    48364.6   15744.0 15141.4 1920.0 1707.6     27    0.542   2      0.339    0.881
10752.0 2048.0  0.0   1920.0 165888.0 54659.4   57856.0    48364.6   15744.0 15141.4 1920.0 1707.6     27    0.542   2      0.339    0.881
10752.0 2048.0  0.0   1920.0 165888.0 54659.4   57856.0    48364.6   15744.0 15141.4 1920.0 1707.6     27    0.542   2      0.339    0.881
10752.0 2048.0  0.0   1920.0 165888.0 54659.4   57856.0    48364.6   15744.0 15141.4 1920.0 1707.6     27    0.542   2      0.339    0.881
10752.0 2048.0  0.0   1920.0 165888.0 54702.5   57856.0    48364.6   15744.0 15141.4 1920.0 1707.6     27    0.542   2      0.339    0.881
10752.0 2048.0  0.0   1920.0 165888.0 54702.5   57856.0    48364.6   15744.0 15141.4 1920.0 1707.6     27    0.542   2      0.339    0.881
10752.0 2048.0  0.0   1920.0 165888.0 54702.5   57856.0    48364.6   15744.0 15141.4 1920.0 1707.6     27    0.542   2      0.339    0.881
10752.0 2048.0  0.0   1920.0 165888.0 112387.9  57856.0    48364.6   15744.0 15141.4 1920.0 1707.6     27    0.542   2      0.339    0.881
10752.0 2048.0  0.0   1920.0 165888.0 112387.9  57856.0    48364.6   15744.0 15141.4 1920.0 1707.6     27    0.542   2      0.339    0.881
10752.0 2048.0  0.0   1920.0 165888.0 112387.9  57856.0    48364.6   15744.0 15141.4 1920.0 1707.6     27    0.542   2      0.339    0.881
10752.0 2048.0  0.0   1920.0 165888.0 112433.0  57856.0    48364.6   15744.0 15141.4 1920.0 1707.6     27    0.542   2      0.339    0.881
10752.0 2048.0  0.0   1920.0 165888.0 112433.0  57856.0    48364.6   15744.0 15141.4 1920.0 1707.6     27    0.542   2      0.339    0.881
10752.0 2048.0  0.0   1920.0 165888.0 112433.0  57856.0    48364.6   15744.0 15141.4 1920.0 1707.6     27    0.542   2      0.339    0.881
10752.0 2048.0  0.0   1920.0 165888.0 112476.2  57856.0    48364.6   15744.0 15141.4 1920.0 1707.6     27    0.542   2      0.339    0.881
10752.0 2048.0  0.0   1920.0 165888.0 112476.2  57856.0    48364.6   15744.0 15141.4 1920.0 1707.6     27    0.542   2      0.339    0.881
10752.0 2048.0  0.0   1920.0 165888.0 112476.2  57856.0    48364.6   15744.0 15141.4 1920.0 1707.6     27    0.542   2      0.339    0.881
10752.0 2048.0  0.0   1920.0 165888.0 112521.3  57856.0    48364.6   15744.0 15141.4 1920.0 1707.6     27    0.542   2      0.339    0.881
10752.0 2048.0  0.0   1920.0 165888.0 112521.3  57856.0    48364.6   15744.0 15141.4 1920.0 1707.6     27    0.542   2      0.339    0.881
10752.0 2048.0  0.0   1920.0 165888.0 112521.3  57856.0    48364.6   15744.0 15141.4 1920.0 1707.6     27    0.542   2      0.339    0.881
2048.0 10240.0 1760.0  0.0   158720.0  6268.6   57856.0    49988.7   15744.0 15141.4 1920.0 1707.6     28    0.553   2      0.339    0.892
2048.0 10240.0 1760.0  0.0   158720.0  6268.6   57856.0    49988.7   15744.0 15141.4 1920.0 1707.6     28    0.553   2      0.339    0.892
2048.0 10240.0 1760.0  0.0   158720.0  6268.6   57856.0    49988.7   15744.0 15141.4 1920.0 1707.6     28    0.553   2      0.339    0.892
2048.0 10240.0 1760.0  0.0   158720.0  6314.3   57856.0    49988.7   15744.0 15141.4 1920.0 1707.6     28    0.553   2      0.339    0.892
2048.0 10240.0 1760.0  0.0   158720.0  6314.3   57856.0    49988.7   15744.0 15141.4 1920.0 1707.6     28    0.553   2      0.339    0.892
2048.0 10240.0 1760.0  0.0   158720.0  6314.3   57856.0    49988.7   15744.0 15141.4 1920.0 1707.6     28    0.553   2      0.339    0.892
2048.0 10240.0 1760.0  0.0   158720.0  6361.4   57856.0    49988.7   15744.0 15141.4 1920.0 1707.6     28    0.553   2      0.339    0.892
2048.0 10240.0 1760.0  0.0   158720.0  6361.4   57856.0    49988.7   15744.0 15141.4 1920.0 1707.6     28    0.553   2      0.339    0.892
2048.0 10240.0 1760.0  0.0   158720.0  6361.4   57856.0    49988.7   15744.0 15141.4 1920.0 1707.6     28    0.553   2      0.339    0.892
2048.0 10240.0 1760.0  0.0   158720.0  6404.5   57856.0    49988.7   15744.0 15141.4 1920.0 1707.6     28    0.553   2      0.339    0.892
2048.0 10240.0 1760.0  0.0   158720.0  6404.5   57856.0    49988.7   15744.0 15141.4 1920.0 1707.6     28    0.553   2      0.339    0.892
2048.0 10240.0 1760.0  0.0   158720.0  6404.5   57856.0    49988.7   15744.0 15141.4 1920.0 1707.6     28    0.553   2      0.339    0.892
2048.0 10240.0 1760.0  0.0   158720.0 64115.6   57856.0    49988.7   15744.0 15141.4 1920.0 1707.6     28    0.553   2      0.339    0.892
2048.0 10240.0 1760.0  0.0   158720.0 64115.6   57856.0    49988.7   15744.0 15141.4 1920.0 1707.6     28    0.553   2      0.339    0.892
2048.0 10240.0 1760.0  0.0   158720.0 64115.6   57856.0    49988.7   15744.0 15141.4 1920.0 1707.6     28    0.553   2      0.339    0.892
2048.0 10240.0 1760.0  0.0   158720.0 64160.8   57856.0    49988.7   15744.0 15141.4 1920.0 1707.6     28    0.553   2      0.339    0.892
2048.0 10240.0 1760.0  0.0   158720.0 64160.8   57856.0    49988.7   15744.0 15141.4 1920.0 1707.6     28    0.553   2      0.339    0.892
2048.0 10240.0 1760.0  0.0   158720.0 64160.8   57856.0    49988.7   15744.0 15141.4 1920.0 1707.6     28    0.553   2      0.339    0.892
2048.0 10240.0 1760.0  0.0   158720.0 64203.9   57856.0    49988.7   15744.0 15141.4 1920.0 1707.6     28    0.553   2      0.339    0.892
2048.0 10240.0 1760.0  0.0   158720.0 64203.9   57856.0    49988.7   15744.0 15141.4 1920.0 1707.6     28    0.553   2      0.339    0.892
2048.0 10240.0 1760.0  0.0   158720.0 64203.9   57856.0    49988.7   15744.0 15141.4 1920.0 1707.6     28    0.553   2      0.339    0.892
2048.0 10240.0 1760.0  0.0   158720.0 64249.0   57856.0    49988.7   15744.0 15141.4 1920.0 1707.6     28    0.553   2      0.339    0.892
2048.0 10240.0 1760.0  0.0   158720.0 64249.0   57856.0    49988.7   15744.0 15141.4 1920.0 1707.6     28    0.553   2      0.339    0.892
2048.0 10240.0 1760.0  0.0   158720.0 64249.0   57856.0    49988.7   15744.0 15141.4 1920.0 1707.6     28    0.553   2      0.339    0.892
2048.0 10240.0 1760.0  0.0   158720.0 121926.7  57856.0    49988.7   15744.0 15141.4 1920.0 1707.6     28    0.553   2      0.339    0.892
2048.0 10240.0 1760.0  0.0   158720.0 121926.7  57856.0    49988.7   15744.0 15141.4 1920.0 1707.6     28    0.553   2      0.339    0.892
2048.0 10240.0 1760.0  0.0   158720.0 121926.7  57856.0    49988.7   15744.0 15141.4 1920.0 1707.6     28    0.553   2      0.339    0.892
2048.0 10240.0 1760.0  0.0   158720.0 121969.8  57856.0    49988.7   15744.0 15141.4 1920.0 1707.6     28    0.553   2      0.339    0.892
2048.0 10240.0 1760.0  0.0   158720.0 121969.8  57856.0    49988.7   15744.0 15141.4 1920.0 1707.6     28    0.553   2      0.339    0.892
2048.0 10240.0 1760.0  0.0   158720.0 121969.8  57856.0    49988.7   15744.0 15141.4 1920.0 1707.6     28    0.553   2      0.339    0.892
2048.0 10240.0 1760.0  0.0   158720.0 122015.1  57856.0    49988.7   15744.0 15141.4 1920.0 1707.6     28    0.553   2      0.339    0.892
2048.0 10240.0 1760.0  0.0   158720.0 122015.1  57856.0    49988.7   15744.0 15141.4 1920.0 1707.6     28    0.553   2      0.339    0.892
2048.0 10240.0 1760.0  0.0   158720.0 122015.1  57856.0    49988.7   15744.0 15141.4 1920.0 1707.6     28    0.553   2      0.339    0.892
2048.0 10240.0 1760.0  0.0   158720.0 122058.6  57856.0    49988.7   15744.0 15141.4 1920.0 1707.6     28    0.553   2      0.339    0.892
2048.0 10240.0 1760.0  0.0   158720.0 122058.6  57856.0    49988.7   15744.0 15141.4 1920.0 1707.6     28    0.553   2      0.339    0.892
2048.0 10240.0 1760.0  0.0   158720.0 122058.6  57856.0    49988.7   15744.0 15141.4 1920.0 1707.6     28    0.553   2      0.339    0.892
9728.0 2048.0  0.0   1696.0 151552.0 22183.9   57856.0    51516.7   15744.0 15141.8 1920.0 1707.6     29    0.564   2      0.339    0.903
9728.0 2048.0  0.0   1696.0 151552.0 22183.9   57856.0    51516.7   15744.0 15141.8 1920.0 1707.6     29    0.564   2      0.339    0.903
9728.0 2048.0  0.0   1696.0 151552.0 22183.9   57856.0    51516.7   15744.0 15141.8 1920.0 1707.6     29    0.564   2      0.339    0.903
9728.0 2048.0  0.0   1696.0 151552.0 22229.7   57856.0    51516.7   15744.0 15141.8 1920.0 1707.6     29    0.564   2      0.339    0.903
9728.0 2048.0  0.0   1696.0 151552.0 22229.7   57856.0    51516.7   15744.0 15141.8 1920.0 1707.6     29    0.564   2      0.339    0.903
9728.0 2048.0  0.0   1696.0 151552.0 22229.7   57856.0    51516.7   15744.0 15141.8 1920.0 1707.6     29    0.564   2      0.339    0.903
9728.0 2048.0  0.0   1696.0 151552.0 22274.7   57856.0    51516.7   15744.0 15141.8 1920.0 1707.6     29    0.564   2      0.339    0.903
9728.0 2048.0  0.0   1696.0 151552.0 22274.7   57856.0    51516.7   15744.0 15141.8 1920.0 1707.6     29    0.564   2      0.339    0.903
9728.0 2048.0  0.0   1696.0 151552.0 22274.7   57856.0    51516.7   15744.0 15141.8 1920.0 1707.6     29    0.564   2      0.339    0.903
9728.0 2048.0  0.0   1696.0 151552.0 22317.8   57856.0    51516.7   15744.0 15141.8 1920.0 1707.6     29    0.564   2      0.339    0.903
9728.0 2048.0  0.0   1696.0 151552.0 22317.8   57856.0    51516.7   15744.0 15141.8 1920.0 1707.6     29    0.564   2      0.339    0.903
9728.0 2048.0  0.0   1696.0 151552.0 22317.8   57856.0    51516.7   15744.0 15141.8 1920.0 1707.6     29    0.564   2      0.339    0.903
9728.0 2048.0  0.0   1696.0 151552.0 80067.2   57856.0    51516.7   15744.0 15141.8 1920.0 1707.6     29    0.564   2      0.339    0.903
9728.0 2048.0  0.0   1696.0 151552.0 80067.2   57856.0    51516.7   15744.0 15141.8 1920.0 1707.6     29    0.564   2      0.339    0.903
9728.0 2048.0  0.0   1696.0 151552.0 80067.2   57856.0    51516.7   15744.0 15141.8 1920.0 1707.6     29    0.564   2      0.339    0.903
9728.0 2048.0  0.0   1696.0 151552.0 80112.4   57856.0    51516.7   15744.0 15141.8 1920.0 1707.6     29    0.564   2      0.339    0.903
9728.0 2048.0  0.0   1696.0 151552.0 80112.4   57856.0    51516.7   15744.0 15141.8 1920.0 1707.6     29    0.564   2      0.339    0.903
9728.0 2048.0  0.0   1696.0 151552.0 80112.4   57856.0    51516.7   15744.0 15141.8 1920.0 1707.6     29    0.564   2      0.339    0.903
9728.0 2048.0  0.0   1696.0 151552.0 80155.6   57856.0    51516.7   15744.0 15141.8 1920.0 1707.6     29    0.564   2      0.339    0.903
9728.0 2048.0  0.0   1696.0 151552.0 80155.6   57856.0    51516.7   15744.0 15141.8 1920.0 1707.6     29    0.564   2      0.339    0.903
9728.0 2048.0  0.0   1696.0 151552.0 80155.6   57856.0    51516.7   15744.0 15141.8 1920.0 1707.6     29    0.564   2      0.339    0.903
9728.0 2048.0  0.0   1696.0 151552.0 80200.7   57856.0    51516.7   15744.0 15141.8 1920.0 1707.6     29    0.564   2      0.339    0.903
9728.0 2048.0  0.0   1696.0 151552.0 80200.7   57856.0    51516.7   15744.0 15141.8 1920.0 1707.6     29    0.564   2      0.339    0.903
9728.0 2048.0  0.0   1696.0 151552.0 80200.7   57856.0    51516.7   15744.0 15141.8 1920.0 1707.6     29    0.564   2      0.339    0.903
9728.0 2048.0  0.0   1696.0 151552.0 138129.8  57856.0    51516.7   15744.0 15141.8 1920.0 1707.6     29    0.564   2      0.339    0.903
9728.0 2048.0  0.0   1696.0 151552.0 138129.8  57856.0    51516.7   15744.0 15141.8 1920.0 1707.6     29    0.564   2      0.339    0.903
9728.0 2048.0  0.0   1696.0 151552.0 138129.8  57856.0    51516.7   15744.0 15141.8 1920.0 1707.6     29    0.564   2      0.339    0.903
9728.0 2048.0  0.0   1696.0 151552.0 138172.9  57856.0    51516.7   15744.0 15141.8 1920.0 1707.6     29    0.564   2      0.339    0.903
9728.0 2048.0  0.0   1696.0 151552.0 138172.9  57856.0    51516.7   15744.0 15141.8 1920.0 1707.6     29    0.564   2      0.339    0.903
9728.0 2048.0  0.0   1696.0 151552.0 138172.9  57856.0    51516.7   15744.0 15141.8 1920.0 1707.6     29    0.564   2      0.339    0.903
9728.0 2048.0  0.0   1696.0 151552.0 138218.2  57856.0    51516.7   15744.0 15141.8 1920.0 1707.6     29    0.564   2      0.339    0.903
9728.0 2048.0  0.0   1696.0 151552.0 138218.2  57856.0    51516.7   15744.0 15141.8 1920.0 1707.6     29    0.564   2      0.339    0.903
9728.0 2048.0  0.0   1696.0 151552.0 138218.2  57856.0    51516.7   15744.0 15141.8 1920.0 1707.6     29    0.564   2      0.339    0.903
9728.0 2048.0  0.0   1696.0 151552.0 138261.7  57856.0    51516.7   15744.0 15141.8 1920.0 1707.6     29    0.564   2      0.339    0.903
9728.0 2048.0  0.0   1696.0 151552.0 138261.7  57856.0    51516.7   15744.0 15141.8 1920.0 1707.6     29    0.564   2      0.339    0.903
9728.0 2048.0  0.0   1696.0 151552.0 138261.7  57856.0    51516.7   15744.0 15141.8 1920.0 1707.6     29    0.564   2      0.339    0.903
2048.0 9216.0 1664.0  0.0   144896.0 45085.9   57856.0    52988.7   15744.0 15141.8 1920.0 1707.6     30    0.575   2      0.339    0.914
2048.0 9216.0 1664.0  0.0   144896.0 45085.9   57856.0    52988.7   15744.0 15141.8 1920.0 1707.6     30    0.575   2      0.339    0.914
2048.0 9216.0 1664.0  0.0   144896.0 45085.9   57856.0    52988.7   15744.0 15141.8 1920.0 1707.6     30    0.575   2      0.339    0.914
2048.0 9216.0 1664.0  0.0   144896.0 45131.6   57856.0    52988.7   15744.0 15141.8 1920.0 1707.6     30    0.575   2      0.339    0.914
2048.0 9216.0 1664.0  0.0   144896.0 45131.6   57856.0    52988.7   15744.0 15141.8 1920.0 1707.6     30    0.575   2      0.339    0.914
2048.0 9216.0 1664.0  0.0   144896.0 45131.6   57856.0    52988.7   15744.0 15141.8 1920.0 1707.6     30    0.575   2      0.339    0.914
2048.0 9216.0 1664.0  0.0   144896.0 45176.7   57856.0    52988.7   15744.0 15141.8 1920.0 1707.6     30    0.575   2      0.339    0.914
2048.0 9216.0 1664.0  0.0   144896.0 45176.7   57856.0    52988.7   15744.0 15141.8 1920.0 1707.6     30    0.575   2      0.339    0.914
2048.0 9216.0 1664.0  0.0   144896.0 45176.7   57856.0    52988.7   15744.0 15141.8 1920.0 1707.6     30    0.575   2      0.339    0.914
2048.0 9216.0 1664.0  0.0   144896.0 45219.8   57856.0    52988.7   15744.0 15141.8 1920.0 1707.6     30    0.575   2      0.339    0.914
2048.0 9216.0 1664.0  0.0   144896.0 45219.8   57856.0    52988.7   15744.0 15141.8 1920.0 1707.6     30    0.575   2      0.339    0.914
2048.0 9216.0 1664.0  0.0   144896.0 45219.8   57856.0    52988.7   15744.0 15141.8 1920.0 1707.6     30    0.575   2      0.339    0.914
2048.0 9216.0 1664.0  0.0   144896.0 103326.0  57856.0    52988.7   15744.0 15141.8 1920.0 1707.6     30    0.575   2      0.339    0.914
2048.0 9216.0 1664.0  0.0   144896.0 103326.0  57856.0    52988.7   15744.0 15141.8 1920.0 1707.6     30    0.575   2      0.339    0.914
2048.0 9216.0 1664.0  0.0   144896.0 103326.0  57856.0    52988.7   15744.0 15141.8 1920.0 1707.6     30    0.575   2      0.339    0.914
2048.0 9216.0 1664.0  0.0   144896.0 103371.2  57856.0    52988.7   15744.0 15141.8 1920.0 1707.6     30    0.575   2      0.339    0.914
2048.0 9216.0 1664.0  0.0   144896.0 103371.2  57856.0    52988.7   15744.0 15141.8 1920.0 1707.6     30    0.575   2      0.339    0.914
2048.0 9216.0 1664.0  0.0   144896.0 103371.2  57856.0    52988.7   15744.0 15141.8 1920.0 1707.6     30    0.575   2      0.339    0.914
2048.0 9216.0 1664.0  0.0   144896.0 103414.4  57856.0    52988.7   15744.0 15141.8 1920.0 1707.6     30    0.575   2      0.339    0.914
2048.0 9216.0 1664.0  0.0   144896.0 103414.4  57856.0    52988.7   15744.0 15141.8 1920.0 1707.6     30    0.575   2      0.339    0.914
2048.0 9216.0 1664.0  0.0   144896.0 103414.4  57856.0    52988.7   15744.0 15141.8 1920.0 1707.6     30    0.575   2      0.339    0.914
2048.0 9216.0 1664.0  0.0   144896.0 103459.5  57856.0    52988.7   15744.0 15141.8 1920.0 1707.6     30    0.575   2      0.339    0.914
2048.0 9216.0 1664.0  0.0   144896.0 103459.5  57856.0    52988.7   15744.0 15141.8 1920.0 1707.6     30    0.575   2      0.339    0.914
2048.0 9216.0 1664.0  0.0   144896.0 103459.5  57856.0    52988.7   15744.0 15141.8 1920.0 1707.6     30    0.575   2      0.339    0.914
8704.0 3072.0  0.0   2976.0 138752.0 17047.2   57856.0    52988.7   15744.0 15141.8 1920.0 1707.6     31    0.583   2      0.339    0.922
8704.0 3072.0  0.0   2976.0 138752.0 17047.2   57856.0    52988.7   15744.0 15141.8 1920.0 1707.6     31    0.583   2      0.339    0.922
8704.0 3072.0  0.0   2976.0 138752.0 17047.2   57856.0    52988.7   15744.0 15141.8 1920.0 1707.6     31    0.583   2      0.339    0.922
8704.0 3072.0  0.0   2976.0 138752.0 17092.9   57856.0    52988.7   15744.0 15141.8 1920.0 1707.6     31    0.583   2      0.339    0.922
8704.0 3072.0  0.0   2976.0 138752.0 17092.9   57856.0    52988.7   15744.0 15141.8 1920.0 1707.6     31    0.583   2      0.339    0.922
8704.0 3072.0  0.0   2976.0 138752.0 17092.9   57856.0    52988.7   15744.0 15141.8 1920.0 1707.6     31    0.583   2      0.339    0.922
8704.0 3072.0  0.0   2976.0 138752.0 17138.0   57856.0    52988.7   15744.0 15141.8 1920.0 1707.6     31    0.583   2      0.339    0.922
8704.0 3072.0  0.0   2976.0 138752.0 17138.0   57856.0    52988.7   15744.0 15141.8 1920.0 1707.6     31    0.583   2      0.339    0.922
8704.0 3072.0  0.0   2976.0 138752.0 17138.0   57856.0    52988.7   15744.0 15141.8 1920.0 1707.6     31    0.583   2      0.339    0.922
8704.0 3072.0  0.0   2976.0 138752.0 17181.1   57856.0    52988.7   15744.0 15141.8 1920.0 1707.6     31    0.583   2      0.339    0.922
8704.0 3072.0  0.0   2976.0 138752.0 17181.1   57856.0    52988.7   15744.0 15141.8 1920.0 1707.6     31    0.583   2      0.339    0.922
8704.0 3072.0  0.0   2976.0 138752.0 17181.1   57856.0    52988.7   15744.0 15141.8 1920.0 1707.6     31    0.583   2      0.339    0.922
8704.0 3072.0  0.0   2976.0 138752.0 74585.1   57856.0    52988.7   15744.0 15141.8 1920.0 1707.6     31    0.583   2      0.339    0.922
8704.0 3072.0  0.0   2976.0 138752.0 74585.1   57856.0    52988.7   15744.0 15141.8 1920.0 1707.6     31    0.583   2      0.339    0.922
8704.0 3072.0  0.0   2976.0 138752.0 74585.1   57856.0    52988.7   15744.0 15141.8 1920.0 1707.6     31    0.583   2      0.339    0.922
8704.0 3072.0  0.0   2976.0 138752.0 74630.3   57856.0    52988.7   15744.0 15141.8 1920.0 1707.6     31    0.583   2      0.339    0.922
8704.0 3072.0  0.0   2976.0 138752.0 74630.3   57856.0    52988.7   15744.0 15141.8 1920.0 1707.6     31    0.583   2      0.339    0.922
8704.0 3072.0  0.0   2976.0 138752.0 74630.3   57856.0    52988.7   15744.0 15141.8 1920.0 1707.6     31    0.583   2      0.339    0.922
8704.0 3072.0  0.0   2976.0 138752.0 74673.5   57856.0    52988.7   15744.0 15141.8 1920.0 1707.6     31    0.583   2      0.339    0.922
8704.0 3072.0  0.0   2976.0 138752.0 74673.5   57856.0    52988.7   15744.0 15141.8 1920.0 1707.6     31    0.583   2      0.339    0.922
8704.0 3072.0  0.0   2976.0 138752.0 74673.5   57856.0    52988.7   15744.0 15141.8 1920.0 1707.6     31    0.583   2      0.339    0.922
8704.0 3072.0  0.0   2976.0 138752.0 74718.6   57856.0    52988.7   15744.0 15141.8 1920.0 1707.6     31    0.583   2      0.339    0.922
8704.0 3072.0  0.0   2976.0 138752.0 74718.6   57856.0    52988.7   15744.0 15141.8 1920.0 1707.6     31    0.583   2      0.339    0.922
8704.0 3072.0  0.0   2976.0 138752.0 74718.6   57856.0    52988.7   15744.0 15141.8 1920.0 1707.6     31    0.583   2      0.339    0.922
8704.0 3072.0  0.0   2976.0 138752.0 133189.0  57856.0    52988.7   15744.0 15141.8 1920.0 1707.6     31    0.583   2      0.339    0.922
8704.0 3072.0  0.0   2976.0 138752.0 133189.0  57856.0    52988.7   15744.0 15141.8 1920.0 1707.6     31    0.583   2      0.339    0.922
8704.0 3072.0  0.0   2976.0 138752.0 133189.0  57856.0    52988.7   15744.0 15141.8 1920.0 1707.6     31    0.583   2      0.339    0.922
8704.0 3072.0  0.0   2976.0 138752.0 133232.1  57856.0    52988.7   15744.0 15141.8 1920.0 1707.6     31    0.583   2      0.339    0.922
8704.0 3072.0  0.0   2976.0 138752.0 133232.1  57856.0    52988.7   15744.0 15141.8 1920.0 1707.6     31    0.583   2      0.339    0.922
8704.0 3072.0  0.0   2976.0 138752.0 133232.1  57856.0    52988.7   15744.0 15141.8 1920.0 1707.6     31    0.583   2      0.339    0.922
8704.0 3072.0  0.0   2976.0 138752.0 133277.3  57856.0    52988.7   15744.0 15141.8 1920.0 1707.6     31    0.583   2      0.339    0.922
8704.0 3072.0  0.0   2976.0 138752.0 133277.3  57856.0    52988.7   15744.0 15141.8 1920.0 1707.6     31    0.583   2      0.339    0.922
8704.0 3072.0  0.0   2976.0 138752.0 133277.3  57856.0    52988.7   15744.0 15141.8 1920.0 1707.6     31    0.583   2      0.339    0.922
8704.0 3072.0  0.0   2976.0 138752.0 133320.8  57856.0    52988.7   15744.0 15141.8 1920.0 1707.6     31    0.583   2      0.339    0.922
8704.0 3072.0  0.0   2976.0 138752.0 133320.8  57856.0    52988.7   15744.0 15141.8 1920.0 1707.6     31    0.583   2      0.339    0.922
8704.0 3072.0  0.0   2976.0 138752.0 133320.8  57856.0    52988.7   15744.0 15141.8 1920.0 1707.6     31    0.583   2      0.339    0.922
4608.0 8704.0 4256.0  0.0   132608.0 52645.3   57856.0    52988.7   15744.0 15141.8 1920.0 1707.6     32    0.594   2      0.339    0.932
4608.0 8704.0 4256.0  0.0   132608.0 52645.3   57856.0    52988.7   15744.0 15141.8 1920.0 1707.6     32    0.594   2      0.339    0.932
4608.0 8704.0 4256.0  0.0   132608.0 52645.3   57856.0    52988.7   15744.0 15141.8 1920.0 1707.6     32    0.594   2      0.339    0.932
4608.0 8704.0 4256.0  0.0   132608.0 52691.0   57856.0    52988.7   15744.0 15141.8 1920.0 1707.6     32    0.594   2      0.339    0.932
4608.0 8704.0 4256.0  0.0   132608.0 52691.0   57856.0    52988.7   15744.0 15141.8 1920.0 1707.6     32    0.594   2      0.339    0.932
4608.0 8704.0 4256.0  0.0   132608.0 52691.0   57856.0    52988.7   15744.0 15141.8 1920.0 1707.6     32    0.594   2      0.339    0.932
4608.0 8704.0 4256.0  0.0   132608.0 52736.1   57856.0    52988.7   15744.0 15141.8 1920.0 1707.6     32    0.594   2      0.339    0.932
4608.0 8704.0 4256.0  0.0   132608.0 52736.1   57856.0    52988.7   15744.0 15141.8 1920.0 1707.6     32    0.594   2      0.339    0.932
4608.0 8704.0 4256.0  0.0   132608.0 52736.1   57856.0    52988.7   15744.0 15141.8 1920.0 1707.6     32    0.594   2      0.339    0.932
4608.0 8704.0 4256.0  0.0   132608.0 52779.2   57856.0    52988.7   15744.0 15141.8 1920.0 1707.6     32    0.594   2      0.339    0.932
4608.0 8704.0 4256.0  0.0   132608.0 52779.2   57856.0    52988.7   15744.0 15141.8 1920.0 1707.6     32    0.594   2      0.339    0.932
4608.0 8704.0 4256.0  0.0   132608.0 52779.2   57856.0    52988.7   15744.0 15141.8 1920.0 1707.6     32    0.594   2      0.339    0.932
4608.0 8704.0 4256.0  0.0   132608.0 110954.4  57856.0    52988.7   15744.0 15141.8 1920.0 1707.6     32    0.594   2      0.339    0.932
4608.0 8704.0 4256.0  0.0   132608.0 110954.4  57856.0    52988.7   15744.0 15141.8 1920.0 1707.6     32    0.594   2      0.339    0.932
4608.0 8704.0 4256.0  0.0   132608.0 110954.4  57856.0    52988.7   15744.0 15141.8 1920.0 1707.6     32    0.594   2      0.339    0.932
4608.0 8704.0 4256.0  0.0   132608.0 110999.6  57856.0    52988.7   15744.0 15141.8 1920.0 1707.6     32    0.594   2      0.339    0.932
4608.0 8704.0 4256.0  0.0   132608.0 110999.6  57856.0    52988.7   15744.0 15141.8 1920.0 1707.6     32    0.594   2      0.339    0.932
4608.0 8704.0 4256.0  0.0   132608.0 110999.6  57856.0    52988.7   15744.0 15141.8 1920.0 1707.6     32    0.594   2      0.339    0.932
4608.0 8704.0 4256.0  0.0   132608.0 111042.7  57856.0    52988.7   15744.0 15141.8 1920.0 1707.6     32    0.594   2      0.339    0.932
4608.0 8704.0 4256.0  0.0   132608.0 111042.7  57856.0    52988.7   15744.0 15141.8 1920.0 1707.6     32    0.594   2      0.339    0.932
4608.0 8704.0 4256.0  0.0   132608.0 111042.7  57856.0    52988.7   15744.0 15141.8 1920.0 1707.6     32    0.594   2      0.339    0.932
4608.0 8704.0 4256.0  0.0   132608.0 111087.8  57856.0    52988.7   15744.0 15141.8 1920.0 1707.6     32    0.594   2      0.339    0.932
4608.0 8704.0 4256.0  0.0   132608.0 111087.8  57856.0    52988.7   15744.0 15141.8 1920.0 1707.6     32    0.594   2      0.339    0.932
4608.0 8704.0 4256.0  0.0   132608.0 111087.8  57856.0    52988.7   15744.0 15141.8 1920.0 1707.6     32    0.594   2      0.339    0.932
7680.0 5632.0  0.0   5440.0 126976.0 37137.3   57856.0    52988.7   15744.0 15142.4 1920.0 1707.6     33    0.608   2      0.339    0.947
7680.0 5632.0  0.0   5440.0 126976.0 37137.3   57856.0    52988.7   15744.0 15142.4 1920.0 1707.6     33    0.608   2      0.339    0.947
7680.0 5632.0  0.0   5440.0 126976.0 37137.3   57856.0    52988.7   15744.0 15142.4 1920.0 1707.6     33    0.608   2      0.339    0.947
7680.0 5632.0  0.0   5440.0 126976.0 37183.1   57856.0    52988.7   15744.0 15142.4 1920.0 1707.6     33    0.608   2      0.339    0.947
7680.0 5632.0  0.0   5440.0 126976.0 37183.1   57856.0    52988.7   15744.0 15142.4 1920.0 1707.6     33    0.608   2      0.339    0.947
7680.0 5632.0  0.0   5440.0 126976.0 37183.1   57856.0    52988.7   15744.0 15142.4 1920.0 1707.6     33    0.608   2      0.339    0.947
7680.0 5632.0  0.0   5440.0 126976.0 37228.1   57856.0    52988.7   15744.0 15142.4 1920.0 1707.6     33    0.608   2      0.339    0.947
7680.0 5632.0  0.0   5440.0 126976.0 37228.1   57856.0    52988.7   15744.0 15142.4 1920.0 1707.6     33    0.608   2      0.339    0.947
7680.0 5632.0  0.0   5440.0 126976.0 37228.1   57856.0    52988.7   15744.0 15142.4 1920.0 1707.6     33    0.608   2      0.339    0.947
7680.0 5632.0  0.0   5440.0 126976.0 37271.2   57856.0    52988.7   15744.0 15142.4 1920.0 1707.6     33    0.608   2      0.339    0.947
7680.0 5632.0  0.0   5440.0 126976.0 37271.2   57856.0    52988.7   15744.0 15142.4 1920.0 1707.6     33    0.608   2      0.339    0.947
7680.0 5632.0  0.0   5440.0 126976.0 37271.2   57856.0    52988.7   15744.0 15142.4 1920.0 1707.6     33    0.608   2      0.339    0.947
7680.0 5632.0  0.0   5440.0 126976.0 95425.2   57856.0    52988.7   15744.0 15142.4 1920.0 1707.6     33    0.608   2      0.339    0.947
7680.0 5632.0  0.0   5440.0 126976.0 95425.2   57856.0    52988.7   15744.0 15142.4 1920.0 1707.6     33    0.608   2      0.339    0.947
7680.0 5632.0  0.0   5440.0 126976.0 95425.2   57856.0    52988.7   15744.0 15142.4 1920.0 1707.6     33    0.608   2      0.339    0.947
7680.0 5632.0  0.0   5440.0 126976.0 95470.6   57856.0    52988.7   15744.0 15142.4 1920.0 1707.6     33    0.608   2      0.339    0.947
7680.0 5632.0  0.0   5440.0 126976.0 95470.6   57856.0    52988.7   15744.0 15142.4 1920.0 1707.6     33    0.608   2      0.339    0.947
7680.0 5632.0  0.0   5440.0 126976.0 95470.6   57856.0    52988.7   15744.0 15142.4 1920.0 1707.6     33    0.608   2      0.339    0.947
7680.0 5632.0  0.0   5440.0 126976.0 95513.8   57856.0    52988.7   15744.0 15142.4 1920.0 1707.6     33    0.608   2      0.339    0.947
7680.0 5632.0  0.0   5440.0 126976.0 95513.8   57856.0    52988.7   15744.0 15142.4 1920.0 1707.6     33    0.608   2      0.339    0.947
7680.0 5632.0  0.0   5440.0 126976.0 95513.8   57856.0    52988.7   15744.0 15142.4 1920.0 1707.6     33    0.608   2      0.339    0.947
7680.0 5632.0  0.0   5440.0 126976.0 95558.9   57856.0    52988.7   15744.0 15142.4 1920.0 1707.6     33    0.608   2      0.339    0.947
7680.0 5632.0  0.0   5440.0 126976.0 95558.9   57856.0    52988.7   15744.0 15142.4 1920.0 1707.6     33    0.608   2      0.339    0.947
7680.0 5632.0  0.0   5440.0 126976.0 95558.9   57856.0    52988.7   15744.0 15142.4 1920.0 1707.6     33    0.608   2      0.339    0.947
6656.0 9728.0 6592.0  0.0   121856.0 26906.0   57856.0    52988.7   15744.0 15142.4 1920.0 1707.6     34    0.619   2      0.339    0.958
6656.0 9728.0 6592.0  0.0   121856.0 26906.0   57856.0    52988.7   15744.0 15142.4 1920.0 1707.6     34    0.619   2      0.339    0.958
6656.0 9728.0 6592.0  0.0   121856.0 26906.0   57856.0    52988.7   15744.0 15142.4 1920.0 1707.6     34    0.619   2      0.339    0.958
6656.0 9728.0 6592.0  0.0   121856.0 26951.7   57856.0    52988.7   15744.0 15142.4 1920.0 1707.6     34    0.619   2      0.339    0.958
6656.0 9728.0 6592.0  0.0   121856.0 26951.7   57856.0    52988.7   15744.0 15142.4 1920.0 1707.6     34    0.619   2      0.339    0.958
6656.0 9728.0 6592.0  0.0   121856.0 26951.7   57856.0    52988.7   15744.0 15142.4 1920.0 1707.6     34    0.619   2      0.339    0.958
6656.0 9728.0 6592.0  0.0   121856.0 26996.8   57856.0    52988.7   15744.0 15142.4 1920.0 1707.6     34    0.619   2      0.339    0.958
6656.0 9728.0 6592.0  0.0   121856.0 26996.8   57856.0    52988.7   15744.0 15142.4 1920.0 1707.6     34    0.619   2      0.339    0.958
6656.0 9728.0 6592.0  0.0   121856.0 26996.8   57856.0    52988.7   15744.0 15142.4 1920.0 1707.6     34    0.619   2      0.339    0.958
6656.0 9728.0 6592.0  0.0   121856.0 27039.9   57856.0    52988.7   15744.0 15142.4 1920.0 1707.6     34    0.619   2      0.339    0.958
6656.0 9728.0 6592.0  0.0   121856.0 27039.9   57856.0    52988.7   15744.0 15142.4 1920.0 1707.6     34    0.619   2      0.339    0.958
6656.0 9728.0 6592.0  0.0   121856.0 27039.9   57856.0    52988.7   15744.0 15142.4 1920.0 1707.6     34    0.619   2      0.339    0.958
6656.0 9728.0 6592.0  0.0   121856.0 84405.6   57856.0    52988.7   15744.0 15142.4 1920.0 1707.6     34    0.619   2      0.339    0.958
6656.0 9728.0 6592.0  0.0   121856.0 84405.6   57856.0    52988.7   15744.0 15142.4 1920.0 1707.6     34    0.619   2      0.339    0.958
6656.0 9728.0 6592.0  0.0   121856.0 84405.6   57856.0    52988.7   15744.0 15142.4 1920.0 1707.6     34    0.619   2      0.339    0.958
6656.0 9728.0 6592.0  0.0   121856.0 84450.8   57856.0    52988.7   15744.0 15142.4 1920.0 1707.6     34    0.619   2      0.339    0.958
6656.0 9728.0 6592.0  0.0   121856.0 84450.8   57856.0    52988.7   15744.0 15142.4 1920.0 1707.6     34    0.619   2      0.339    0.958
6656.0 9728.0 6592.0  0.0   121856.0 84450.8   57856.0    52988.7   15744.0 15142.4 1920.0 1707.6     34    0.619   2      0.339    0.958
6656.0 9728.0 6592.0  0.0   121856.0 84494.0   57856.0    52988.7   15744.0 15142.4 1920.0 1707.6     34    0.619   2      0.339    0.958
6656.0 9728.0 6592.0  0.0   121856.0 84494.0   57856.0    52988.7   15744.0 15142.4 1920.0 1707.6     34    0.619   2      0.339    0.958
6656.0 9728.0 6592.0  0.0   121856.0 84494.0   57856.0    52988.7   15744.0 15142.4 1920.0 1707.6     34    0.619   2      0.339    0.958
6656.0 9728.0 6592.0  0.0   121856.0 84541.1   57856.0    52988.7   15744.0 15142.4 1920.0 1707.6     34    0.619   2      0.339    0.958
6656.0 9728.0 6592.0  0.0   121856.0 84541.1   57856.0    52988.7   15744.0 15142.4 1920.0 1707.6     34    0.619   2      0.339    0.958
6656.0 9728.0 6592.0  0.0   121856.0 84541.1   57856.0    52988.7   15744.0 15142.4 1920.0 1707.6     34    0.619   2      0.339    0.958
5632.0 7680.0  0.0   7680.0 116736.0 21515.5   57856.0    52996.7   15744.0 15152.5 1920.0 1707.6     35    0.636   2      0.339    0.974
5632.0 7680.0  0.0   7680.0 116736.0 21515.5   57856.0    52996.7   15744.0 15152.5 1920.0 1707.6     35    0.636   2      0.339    0.974
5632.0 7680.0  0.0   7680.0 116736.0 21515.5   57856.0    52996.7   15744.0 15152.5 1920.0 1707.6     35    0.636   2      0.339    0.974
5632.0 7680.0  0.0   7680.0 116736.0 21561.3   57856.0    52996.7   15744.0 15152.5 1920.0 1707.6     35    0.636   2      0.339    0.974
5632.0 7680.0  0.0   7680.0 116736.0 21561.3   57856.0    52996.7   15744.0 15152.5 1920.0 1707.6     35    0.636   2      0.339    0.974
5632.0 7680.0  0.0   7680.0 116736.0 21561.3   57856.0    52996.7   15744.0 15152.5 1920.0 1707.6     35    0.636   2      0.339    0.974
5632.0 7680.0  0.0   7680.0 116736.0 21606.3   57856.0    52996.7   15744.0 15152.5 1920.0 1707.6     35    0.636   2      0.339    0.974
5632.0 7680.0  0.0   7680.0 116736.0 21606.3   57856.0    52996.7   15744.0 15152.5 1920.0 1707.6     35    0.636   2      0.339    0.974
5632.0 7680.0  0.0   7680.0 116736.0 21606.3   57856.0    52996.7   15744.0 15152.5 1920.0 1707.6     35    0.636   2      0.339    0.974
5632.0 7680.0  0.0   7680.0 116736.0 21649.4   57856.0    52996.7   15744.0 15152.5 1920.0 1707.6     35    0.636   2      0.339    0.974
5632.0 7680.0  0.0   7680.0 116736.0 21649.4   57856.0    52996.7   15744.0 15152.5 1920.0 1707.6     35    0.636   2      0.339    0.974
5632.0 7680.0  0.0   7680.0 116736.0 21649.4   57856.0    52996.7   15744.0 15152.5 1920.0 1707.6     35    0.636   2      0.339    0.974
5632.0 7680.0  0.0   7680.0 116736.0 79447.2   57856.0    52996.7   15744.0 15152.5 1920.0 1707.6     35    0.636   2      0.339    0.974
5632.0 7680.0  0.0   7680.0 116736.0 79447.2   57856.0    52996.7   15744.0 15152.5 1920.0 1707.6     35    0.636   2      0.339    0.974
5632.0 7680.0  0.0   7680.0 116736.0 79447.2   57856.0    52996.7   15744.0 15152.5 1920.0 1707.6     35    0.636   2      0.339    0.974
5632.0 7680.0  0.0   7680.0 116736.0 79492.4   57856.0    52996.7   15744.0 15152.5 1920.0 1707.6     35    0.636   2      0.339    0.974
5632.0 7680.0  0.0   7680.0 116736.0 79492.4   57856.0    52996.7   15744.0 15152.5 1920.0 1707.6     35    0.636   2      0.339    0.974
5632.0 7680.0  0.0   7680.0 116736.0 79492.4   57856.0    52996.7   15744.0 15152.5 1920.0 1707.6     35    0.636   2      0.339    0.974
5632.0 7680.0  0.0   7680.0 116736.0 79535.6   57856.0    52996.7   15744.0 15152.5 1920.0 1707.6     35    0.636   2      0.339    0.974
5632.0 7680.0  0.0   7680.0 116736.0 79535.6   57856.0    52996.7   15744.0 15152.5 1920.0 1707.6     35    0.636   2      0.339    0.974
5632.0 7680.0  0.0   7680.0 116736.0 79535.6   57856.0    52996.7   15744.0 15152.5 1920.0 1707.6     35    0.636   2      0.339    0.974
5632.0 7680.0  0.0   7680.0 116736.0 79580.7   57856.0    52996.7   15744.0 15152.5 1920.0 1707.6     35    0.636   2      0.339    0.974
5632.0 7680.0  0.0   7680.0 116736.0 79580.7   57856.0    52996.7   15744.0 15152.5 1920.0 1707.6     35    0.636   2      0.339    0.974
5632.0 7680.0  0.0   7680.0 116736.0 79580.7   57856.0    52996.7   15744.0 15152.5 1920.0 1707.6     35    0.636   2      0.339    0.974
5632.0 11776.0  0.0    0.0   112128.0 21143.6   61440.0    40316.2   15744.0 15152.5 1920.0 1707.6     36    0.654   3      0.508    1.163
5632.0 11776.0  0.0    0.0   112128.0 21561.3   61440.0    40316.2   15744.0 15152.5 1920.0 1707.6     36    0.654   3      0.508    1.163
5632.0 11776.0  0.0    0.0   112128.0 21561.3   61440.0    40316.2   15744.0 15152.5 1920.0 1707.6     36    0.654   3      0.508    1.163
5632.0 11776.0  0.0    0.0   112128.0 21607.0   61440.0    40316.2   15744.0 15152.5 1920.0 1707.6     36    0.654   3      0.508    1.163
5632.0 11776.0  0.0    0.0   112128.0 21607.0   61440.0    40316.2   15744.0 15152.5 1920.0 1707.6     36    0.654   3      0.508    1.163
5632.0 11776.0  0.0    0.0   112128.0 21607.0   61440.0    40316.2   15744.0 15152.5 1920.0 1707.6     36    0.654   3      0.508    1.163
5632.0 11776.0  0.0    0.0   112128.0 21652.1   61440.0    40316.2   15744.0 15152.5 1920.0 1707.6     36    0.654   3      0.508    1.163
5632.0 11776.0  0.0    0.0   112128.0 21652.1   61440.0    40316.2   15744.0 15152.5 1920.0 1707.6     36    0.654   3      0.508    1.163
5632.0 11776.0  0.0    0.0   112128.0 21652.1   61440.0    40316.2   15744.0 15152.5 1920.0 1707.6     36    0.654   3      0.508    1.163
5632.0 11776.0  0.0    0.0   112128.0 21695.2   61440.0    40316.2   15744.0 15152.5 1920.0 1707.6     36    0.654   3      0.508    1.163
5632.0 11776.0  0.0    0.0   112128.0 21695.2   61440.0    40316.2   15744.0 15152.5 1920.0 1707.6     36    0.654   3      0.508    1.163
5632.0 11776.0  0.0    0.0   112128.0 21695.2   61440.0    40316.2   15744.0 15152.5 1920.0 1707.6     36    0.654   3      0.508    1.163
5632.0 11776.0  0.0    0.0   112128.0 79881.1   61440.0    40316.2   15744.0 15152.5 1920.0 1707.6     36    0.654   3      0.508    1.163
5632.0 11776.0  0.0    0.0   112128.0 79881.1   61440.0    40316.2   15744.0 15152.5 1920.0 1707.6     36    0.654   3      0.508    1.163
5632.0 11776.0  0.0    0.0   112128.0 79881.1   61440.0    40316.2   15744.0 15152.5 1920.0 1707.6     36    0.654   3      0.508    1.163
5632.0 11776.0  0.0    0.0   112128.0 79926.3   61440.0    40316.2   15744.0 15152.5 1920.0 1707.6     36    0.654   3      0.508    1.163
5632.0 11776.0  0.0    0.0   112128.0 79926.3   61440.0    40316.2   15744.0 15152.5 1920.0 1707.6     36    0.654   3      0.508    1.163
5632.0 11776.0  0.0    0.0   112128.0 79926.3   61440.0    40316.2   15744.0 15152.5 1920.0 1707.6     36    0.654   3      0.508    1.163
5632.0 11776.0  0.0    0.0   112128.0 79969.3   61440.0    40316.2   15744.0 15152.5 1920.0 1707.6     36    0.654   3      0.508    1.163
5632.0 11776.0  0.0    0.0   112128.0 79969.3   61440.0    40316.2   15744.0 15152.5 1920.0 1707.6     36    0.654   3      0.508    1.163
5632.0 11776.0  0.0    0.0   112128.0 79969.3   61440.0    40316.2   15744.0 15152.5 1920.0 1707.6     36    0.654   3      0.508    1.163
5632.0 11776.0  0.0    0.0   112128.0 80041.1   61440.0    40316.2   15744.0 15152.5 1920.0 1707.6     36    0.654   3      0.508    1.163
5632.0 11776.0  0.0    0.0   112128.0 80041.1   61440.0    40316.2   15744.0 15152.5 1920.0 1707.6     36    0.654   3      0.508    1.163
5632.0 11776.0  0.0    0.0   112128.0 80041.1   61440.0    40316.2   15744.0 15152.5 1920.0 1707.6     36    0.654   3      0.508    1.163
11776.0 1536.0  0.0   1344.0 107520.0 26371.6   61440.0    40316.2   15744.0 15152.5 1920.0 1707.6     37    0.661   3      0.508    1.169
11776.0 1536.0  0.0   1344.0 107520.0 26371.6   61440.0    40316.2   15744.0 15152.5 1920.0 1707.6     37    0.661   3      0.508    1.169
11776.0 1536.0  0.0   1344.0 107520.0 26371.6   61440.0    40316.2   15744.0 15152.5 1920.0 1707.6     37    0.661   3      0.508    1.169
11776.0 1536.0  0.0   1344.0 107520.0 26417.3   61440.0    40316.2   15744.0 15152.5 1920.0 1707.6     37    0.661   3      0.508    1.169
11776.0 1536.0  0.0   1344.0 107520.0 26417.3   61440.0    40316.2   15744.0 15152.5 1920.0 1707.6     37    0.661   3      0.508    1.169
11776.0 1536.0  0.0   1344.0 107520.0 26417.3   61440.0    40316.2   15744.0 15152.5 1920.0 1707.6     37    0.661   3      0.508    1.169
11776.0 1536.0  0.0   1344.0 107520.0 26462.4   61440.0    40316.2   15744.0 15152.5 1920.0 1707.6     37    0.661   3      0.508    1.169
11776.0 1536.0  0.0   1344.0 107520.0 26462.4   61440.0    40316.2   15744.0 15152.5 1920.0 1707.6     37    0.661   3      0.508    1.169
11776.0 1536.0  0.0   1344.0 107520.0 26462.4   61440.0    40316.2   15744.0 15152.5 1920.0 1707.6     37    0.661   3      0.508    1.169
11776.0 1536.0  0.0   1344.0 107520.0 26505.5   61440.0    40316.2   15744.0 15152.5 1920.0 1707.6     37    0.661   3      0.508    1.169
11776.0 1536.0  0.0   1344.0 107520.0 26505.5   61440.0    40316.2   15744.0 15152.5 1920.0 1707.6     37    0.661   3      0.508    1.169
11776.0 1536.0  0.0   1344.0 107520.0 26505.5   61440.0    40316.2   15744.0 15152.5 1920.0 1707.6     37    0.661   3      0.508    1.169
11776.0 1536.0  0.0   1344.0 107520.0 84293.9   61440.0    40316.2   15744.0 15152.5 1920.0 1707.6     37    0.661   3      0.508    1.169
11776.0 1536.0  0.0   1344.0 107520.0 84293.9   61440.0    40316.2   15744.0 15152.5 1920.0 1707.6     37    0.661   3      0.508    1.169
11776.0 1536.0  0.0   1344.0 107520.0 84293.9   61440.0    40316.2   15744.0 15152.5 1920.0 1707.6     37    0.661   3      0.508    1.169
11776.0 1536.0  0.0   1344.0 107520.0 84339.1   61440.0    40316.2   15744.0 15152.5 1920.0 1707.6     37    0.661   3      0.508    1.169
11776.0 1536.0  0.0   1344.0 107520.0 84339.1   61440.0    40316.2   15744.0 15152.5 1920.0 1707.6     37    0.661   3      0.508    1.169
11776.0 1536.0  0.0   1344.0 107520.0 84339.1   61440.0    40316.2   15744.0 15152.5 1920.0 1707.6     37    0.661   3      0.508    1.169
11776.0 1536.0  0.0   1344.0 107520.0 84382.2   61440.0    40316.2   15744.0 15152.5 1920.0 1707.6     37    0.661   3      0.508    1.169
11776.0 1536.0  0.0   1344.0 107520.0 84382.2   61440.0    40316.2   15744.0 15152.5 1920.0 1707.6     37    0.661   3      0.508    1.169
11776.0 1536.0  0.0   1344.0 107520.0 84382.2   61440.0    40316.2   15744.0 15152.5 1920.0 1707.6     37    0.661   3      0.508    1.169
11776.0 1536.0  0.0   1344.0 107520.0 84427.3   61440.0    40316.2   15744.0 15152.5 1920.0 1707.6     37    0.661   3      0.508    1.169
11776.0 1536.0  0.0   1344.0 107520.0 84427.3   61440.0    40316.2   15744.0 15152.5 1920.0 1707.6     37    0.661   3      0.508    1.169
11776.0 1536.0  0.0   1344.0 107520.0 84427.3   61440.0    40316.2   15744.0 15152.5 1920.0 1707.6     37    0.661   3      0.508    1.169
2560.0 11264.0 2336.0  0.0   102912.0 35271.2   61440.0    40316.2   15744.0 15152.5 1920.0 1707.6     38    0.667   3      0.508    1.175
2560.0 11264.0 2336.0  0.0   102912.0 35271.2   61440.0    40316.2   15744.0 15152.5 1920.0 1707.6     38    0.667   3      0.508    1.175
2560.0 11264.0 2336.0  0.0   102912.0 35271.2   61440.0    40316.2   15744.0 15152.5 1920.0 1707.6     38    0.667   3      0.508    1.175
2560.0 11264.0 2336.0  0.0   102912.0 35316.9   61440.0    40316.2   15744.0 15152.5 1920.0 1707.6     38    0.667   3      0.508    1.175
2560.0 11264.0 2336.0  0.0   102912.0 35316.9   61440.0    40316.2   15744.0 15152.5 1920.0 1707.6     38    0.667   3      0.508    1.175
2560.0 11264.0 2336.0  0.0   102912.0 35316.9   61440.0    40316.2   15744.0 15152.5 1920.0 1707.6     38    0.667   3      0.508    1.175
2560.0 11264.0 2336.0  0.0   102912.0 35362.0   61440.0    40316.2   15744.0 15152.5 1920.0 1707.6     38    0.667   3      0.508    1.175
2560.0 11264.0 2336.0  0.0   102912.0 35362.0   61440.0    40316.2   15744.0 15152.5 1920.0 1707.6     38    0.667   3      0.508    1.175
2560.0 11264.0 2336.0  0.0   102912.0 35362.0   61440.0    40316.2   15744.0 15152.5 1920.0 1707.6     38    0.667   3      0.508    1.175
2560.0 11264.0 2336.0  0.0   102912.0 35405.1   61440.0    40316.2   15744.0 15152.5 1920.0 1707.6     38    0.667   3      0.508    1.175
2560.0 11264.0 2336.0  0.0   102912.0 35405.1   61440.0    40316.2   15744.0 15152.5 1920.0 1707.6     38    0.667   3      0.508    1.175
2560.0 11264.0 2336.0  0.0   102912.0 35405.1   61440.0    40316.2   15744.0 15152.5 1920.0 1707.6     38    0.667   3      0.508    1.175
2560.0 11264.0 2336.0  0.0   102912.0 92989.1   61440.0    40316.2   15744.0 15152.5 1920.0 1707.6     38    0.667   3      0.508    1.175
2560.0 11264.0 2336.0  0.0   102912.0 92989.1   61440.0    40316.2   15744.0 15152.5 1920.0 1707.6     38    0.667   3      0.508    1.175
2560.0 11264.0 2336.0  0.0   102912.0 92989.1   61440.0    40316.2   15744.0 15152.5 1920.0 1707.6     38    0.667   3      0.508    1.175
2560.0 11264.0 2336.0  0.0   102912.0 93034.3   61440.0    40316.2   15744.0 15152.5 1920.0 1707.6     38    0.667   3      0.508    1.175
2560.0 11264.0 2336.0  0.0   102912.0 93034.3   61440.0    40316.2   15744.0 15152.5 1920.0 1707.6     38    0.667   3      0.508    1.175
2560.0 11264.0 2336.0  0.0   102912.0 93034.3   61440.0    40316.2   15744.0 15152.5 1920.0 1707.6     38    0.667   3      0.508    1.175
2560.0 11264.0 2336.0  0.0   102912.0 93077.4   61440.0    40316.2   15744.0 15152.5 1920.0 1707.6     38    0.667   3      0.508    1.175
2560.0 11264.0 2336.0  0.0   102912.0 93077.4   61440.0    40316.2   15744.0 15152.5 1920.0 1707.6     38    0.667   3      0.508    1.175
2560.0 11264.0 2336.0  0.0   102912.0 93077.4   61440.0    40316.2   15744.0 15152.5 1920.0 1707.6     38    0.667   3      0.508    1.175
2560.0 11264.0 2336.0  0.0   102912.0 93122.6   61440.0    40316.2   15744.0 15152.5 1920.0 1707.6     38    0.667   3      0.508    1.175
2560.0 11264.0 2336.0  0.0   102912.0 93122.6   61440.0    40316.2   15744.0 15152.5 1920.0 1707.6     38    0.667   3      0.508    1.175
2560.0 11264.0 2336.0  0.0   102912.0 93122.6   61440.0    40316.2   15744.0 15152.5 1920.0 1707.6     38    0.667   3      0.508    1.175
10752.0 3584.0  0.0   3296.0 98816.0  49269.8   61440.0    40316.2   15744.0 15152.5 1920.0 1707.6     39    0.677   3      0.508    1.185
10752.0 3584.0  0.0   3296.0 98816.0  49269.8   61440.0    40316.2   15744.0 15152.5 1920.0 1707.6     39    0.677   3      0.508    1.185
10752.0 3584.0  0.0   3296.0 98816.0  49269.8   61440.0    40316.2   15744.0 15152.5 1920.0 1707.6     39    0.677   3      0.508    1.185
10752.0 3584.0  0.0   3296.0 98816.0  49315.5   61440.0    40316.2   15744.0 15152.5 1920.0 1707.6     39    0.677   3      0.508    1.185
10752.0 3584.0  0.0   3296.0 98816.0  49315.5   61440.0    40316.2   15744.0 15152.5 1920.0 1707.6     39    0.677   3      0.508    1.185
10752.0 3584.0  0.0   3296.0 98816.0  49315.5   61440.0    40316.2   15744.0 15152.5 1920.0 1707.6     39    0.677   3      0.508    1.185
10752.0 3584.0  0.0   3296.0 98816.0  49360.6   61440.0    40316.2   15744.0 15152.5 1920.0 1707.6     39    0.677   3      0.508    1.185
10752.0 3584.0  0.0   3296.0 98816.0  49360.6   61440.0    40316.2   15744.0 15152.5 1920.0 1707.6     39    0.677   3      0.508    1.185
10752.0 3584.0  0.0   3296.0 98816.0  49360.6   61440.0    40316.2   15744.0 15152.5 1920.0 1707.6     39    0.677   3      0.508    1.185
10752.0 3584.0  0.0   3296.0 98816.0  49403.7   61440.0    40316.2   15744.0 15152.5 1920.0 1707.6     39    0.677   3      0.508    1.185
10752.0 3584.0  0.0   3296.0 98816.0  49403.7   61440.0    40316.2   15744.0 15152.5 1920.0 1707.6     39    0.677   3      0.508    1.185
10752.0 3584.0  0.0   3296.0 98816.0  49403.7   61440.0    40316.2   15744.0 15152.5 1920.0 1707.6     39    0.677   3      0.508    1.185
4608.0 10240.0 4160.0  0.0   94720.0   9035.5   61440.0    40316.2   15744.0 15152.5 1920.0 1707.6     40    0.685   3      0.508    1.193
4608.0 10240.0 4160.0  0.0   94720.0   9035.5   61440.0    40316.2   15744.0 15152.5 1920.0 1707.6     40    0.685   3      0.508    1.193
4608.0 10240.0 4160.0  0.0   94720.0   9035.5   61440.0    40316.2   15744.0 15152.5 1920.0 1707.6     40    0.685   3      0.508    1.193
4608.0 10240.0 4160.0  0.0   94720.0   9081.3   61440.0    40316.2   15744.0 15152.5 1920.0 1707.6     40    0.685   3      0.508    1.193
4608.0 10240.0 4160.0  0.0   94720.0   9081.3   61440.0    40316.2   15744.0 15152.5 1920.0 1707.6     40    0.685   3      0.508    1.193
4608.0 10240.0 4160.0  0.0   94720.0   9081.3   61440.0    40316.2   15744.0 15152.5 1920.0 1707.6     40    0.685   3      0.508    1.193
4608.0 10240.0 4160.0  0.0   94720.0   9126.3   61440.0    40316.2   15744.0 15152.5 1920.0 1707.6     40    0.685   3      0.508    1.193
4608.0 10240.0 4160.0  0.0   94720.0   9126.3   61440.0    40316.2   15744.0 15152.5 1920.0 1707.6     40    0.685   3      0.508    1.193
4608.0 10240.0 4160.0  0.0   94720.0   9126.3   61440.0    40316.2   15744.0 15152.5 1920.0 1707.6     40    0.685   3      0.508    1.193
4608.0 10240.0 4160.0  0.0   94720.0   9169.4   61440.0    40316.2   15744.0 15152.5 1920.0 1707.6     40    0.685   3      0.508    1.193
4608.0 10240.0 4160.0  0.0   94720.0   9169.4   61440.0    40316.2   15744.0 15152.5 1920.0 1707.6     40    0.685   3      0.508    1.193
4608.0 10240.0 4160.0  0.0   94720.0   9169.4   61440.0    40316.2   15744.0 15152.5 1920.0 1707.6     40    0.685   3      0.508    1.193
4608.0 10240.0 4160.0  0.0   94720.0  67298.3   61440.0    40316.2   15744.0 15152.5 1920.0 1707.6     40    0.685   3      0.508    1.193
4608.0 10240.0 4160.0  0.0   94720.0  67298.3   61440.0    40316.2   15744.0 15152.5 1920.0 1707.6     40    0.685   3      0.508    1.193
4608.0 10240.0 4160.0  0.0   94720.0  67298.3   61440.0    40316.2   15744.0 15152.5 1920.0 1707.6     40    0.685   3      0.508    1.193
4608.0 10240.0 4160.0  0.0   94720.0  67343.5   61440.0    40316.2   15744.0 15152.5 1920.0 1707.6     40    0.685   3      0.508    1.193
4608.0 10240.0 4160.0  0.0   94720.0  67343.5   61440.0    40316.2   15744.0 15152.5 1920.0 1707.6     40    0.685   3      0.508    1.193
4608.0 10240.0 4160.0  0.0   94720.0  67343.5   61440.0    40316.2   15744.0 15152.5 1920.0 1707.6     40    0.685   3      0.508    1.193
4608.0 10240.0 4160.0  0.0   94720.0  67386.7   61440.0    40316.2   15744.0 15152.5 1920.0 1707.6     40    0.685   3      0.508    1.193
4608.0 10240.0 4160.0  0.0   94720.0  67386.7   61440.0    40316.2   15744.0 15152.5 1920.0 1707.6     40    0.685   3      0.508    1.193
4608.0 10240.0 4160.0  0.0   94720.0  67386.7   61440.0    40316.2   15744.0 15152.5 1920.0 1707.6     40    0.685   3      0.508    1.193
4608.0 10240.0 4160.0  0.0   94720.0  67431.8   61440.0    40316.2   15744.0 15152.5 1920.0 1707.6     40    0.685   3      0.508    1.193
4608.0 10240.0 4160.0  0.0   94720.0  67431.8   61440.0    40316.2   15744.0 15152.5 1920.0 1707.6     40    0.685   3      0.508    1.193
4608.0 10240.0 4160.0  0.0   94720.0  67431.8   61440.0    40316.2   15744.0 15152.5 1920.0 1707.6     40    0.685   3      0.508    1.193
9728.0 5120.0  0.0   4992.0 91136.0  31284.5   61440.0    40316.2   15744.0 15152.5 1920.0 1707.6     41    0.697   3      0.508    1.205
9728.0 5120.0  0.0   4992.0 91136.0  31284.5   61440.0    40316.2   15744.0 15152.5 1920.0 1707.6     41    0.697   3      0.508    1.205
9728.0 5120.0  0.0   4992.0 91136.0  31284.5   61440.0    40316.2   15744.0 15152.5 1920.0 1707.6     41    0.697   3      0.508    1.205
9728.0 5120.0  0.0   4992.0 91136.0  31330.2   61440.0    40316.2   15744.0 15152.5 1920.0 1707.6     41    0.697   3      0.508    1.205
9728.0 5120.0  0.0   4992.0 91136.0  31330.2   61440.0    40316.2   15744.0 15152.5 1920.0 1707.6     41    0.697   3      0.508    1.205
9728.0 5120.0  0.0   4992.0 91136.0  31330.2   61440.0    40316.2   15744.0 15152.5 1920.0 1707.6     41    0.697   3      0.508    1.205
9728.0 5120.0  0.0   4992.0 91136.0  31375.3   61440.0    40316.2   15744.0 15152.5 1920.0 1707.6     41    0.697   3      0.508    1.205
9728.0 5120.0  0.0   4992.0 91136.0  31375.3   61440.0    40316.2   15744.0 15152.5 1920.0 1707.6     41    0.697   3      0.508    1.205
9728.0 5120.0  0.0   4992.0 91136.0  31375.3   61440.0    40316.2   15744.0 15152.5 1920.0 1707.6     41    0.697   3      0.508    1.205
9728.0 5120.0  0.0   4992.0 91136.0  31418.4   61440.0    40316.2   15744.0 15152.5 1920.0 1707.6     41    0.697   3      0.508    1.205
9728.0 5120.0  0.0   4992.0 91136.0  31418.4   61440.0    40316.2   15744.0 15152.5 1920.0 1707.6     41    0.697   3      0.508    1.205
9728.0 5120.0  0.0   4992.0 91136.0  31418.4   61440.0    40316.2   15744.0 15152.5 1920.0 1707.6     41    0.697   3      0.508    1.205
9728.0 5120.0  0.0   4992.0 91136.0  89358.3   61440.0    40316.2   15744.0 15152.5 1920.0 1707.6     41    0.697   3      0.508    1.205
9728.0 5120.0  0.0   4992.0 91136.0  89358.3   61440.0    40316.2   15744.0 15152.5 1920.0 1707.6     41    0.697   3      0.508    1.205
9728.0 5120.0  0.0   4992.0 91136.0  89358.3   61440.0    40316.2   15744.0 15152.5 1920.0 1707.6     41    0.697   3      0.508    1.205
9728.0 5120.0  0.0   4992.0 91136.0  89403.5   61440.0    40316.2   15744.0 15152.5 1920.0 1707.6     41    0.697   3      0.508    1.205
9728.0 5120.0  0.0   4992.0 91136.0  89403.5   61440.0    40316.2   15744.0 15152.5 1920.0 1707.6     41    0.697   3      0.508    1.205
9728.0 5120.0  0.0   4992.0 91136.0  89403.5   61440.0    40316.2   15744.0 15152.5 1920.0 1707.6     41    0.697   3      0.508    1.205
9728.0 5120.0  0.0   4992.0 91136.0  89446.6   61440.0    40316.2   15744.0 15152.5 1920.0 1707.6     41    0.697   3      0.508    1.205
9728.0 5120.0  0.0   4992.0 91136.0  89446.6   61440.0    40316.2   15744.0 15152.5 1920.0 1707.6     41    0.697   3      0.508    1.205
9728.0 5120.0  0.0   4992.0 91136.0  89446.6   61440.0    40316.2   15744.0 15152.5 1920.0 1707.6     41    0.697   3      0.508    1.205
9728.0 5120.0  0.0   4992.0 91136.0  89491.7   61440.0    40316.2   15744.0 15152.5 1920.0 1707.6     41    0.697   3      0.508    1.205
9728.0 5120.0  0.0   4992.0 91136.0  89491.7   61440.0    40316.2   15744.0 15152.5 1920.0 1707.6     41    0.697   3      0.508    1.205
9728.0 5120.0  0.0   4992.0 91136.0  89491.7   61440.0    40316.2   15744.0 15152.5 1920.0 1707.6     41    0.697   3      0.508    1.205
6144.0 9728.0 5824.0  0.0   87552.0  56883.4   61440.0    40316.2   15744.0 15152.5 1920.0 1707.6     42    0.711   3      0.508    1.220
6144.0 9728.0 5824.0  0.0   87552.0  56883.4   61440.0    40316.2   15744.0 15152.5 1920.0 1707.6     42    0.711   3      0.508    1.220
6144.0 9728.0 5824.0  0.0   87552.0  56883.4   61440.0    40316.2   15744.0 15152.5 1920.0 1707.6     42    0.711   3      0.508    1.220
6144.0 9728.0 5824.0  0.0   87552.0  56929.1   61440.0    40316.2   15744.0 15152.5 1920.0 1707.6     42    0.711   3      0.508    1.220
6144.0 9728.0 5824.0  0.0   87552.0  56929.1   61440.0    40316.2   15744.0 15152.5 1920.0 1707.6     42    0.711   3      0.508    1.220
6144.0 9728.0 5824.0  0.0   87552.0  56929.1   61440.0    40316.2   15744.0 15152.5 1920.0 1707.6     42    0.711   3      0.508    1.220
6144.0 9728.0 5824.0  0.0   87552.0  56974.1   61440.0    40316.2   15744.0 15152.5 1920.0 1707.6     42    0.711   3      0.508    1.220
6144.0 9728.0 5824.0  0.0   87552.0  56974.1   61440.0    40316.2   15744.0 15152.5 1920.0 1707.6     42    0.711   3      0.508    1.220
6144.0 9728.0 5824.0  0.0   87552.0  56974.1   61440.0    40316.2   15744.0 15152.5 1920.0 1707.6     42    0.711   3      0.508    1.220
6144.0 9728.0 5824.0  0.0   87552.0  57017.3   61440.0    40316.2   15744.0 15152.5 1920.0 1707.6     42    0.711   3      0.508    1.220
6144.0 9728.0 5824.0  0.0   87552.0  57017.3   61440.0    40316.2   15744.0 15152.5 1920.0 1707.6     42    0.711   3      0.508    1.220
6144.0 9728.0 5824.0  0.0   87552.0  57017.3   61440.0    40316.2   15744.0 15152.5 1920.0 1707.6     42    0.711   3      0.508    1.220
7168.0 6656.0  0.0   6656.0 83968.0  27988.4   61440.0    40316.2   15744.0 15152.5 1920.0 1707.6     43    0.731   3      0.508    1.239
7168.0 6656.0  0.0   6656.0 83968.0  27988.4   61440.0    40316.2   15744.0 15152.5 1920.0 1707.6     43    0.731   3      0.508    1.239
7168.0 6656.0  0.0   6656.0 83968.0  27988.4   61440.0    40316.2   15744.0 15152.5 1920.0 1707.6     43    0.731   3      0.508    1.239
7168.0 6656.0  0.0   6656.0 83968.0  28034.2   61440.0    40316.2   15744.0 15152.5 1920.0 1707.6     43    0.731   3      0.508    1.239
7168.0 6656.0  0.0   6656.0 83968.0  28034.2   61440.0    40316.2   15744.0 15152.5 1920.0 1707.6     43    0.731   3      0.508    1.239
7168.0 6656.0  0.0   6656.0 83968.0  28034.2   61440.0    40316.2   15744.0 15152.5 1920.0 1707.6     43    0.731   3      0.508    1.239
7168.0 6656.0  0.0   6656.0 83968.0  28079.2   61440.0    40316.2   15744.0 15152.5 1920.0 1707.6     43    0.731   3      0.508    1.239
7168.0 6656.0  0.0   6656.0 83968.0  28079.2   61440.0    40316.2   15744.0 15152.5 1920.0 1707.6     43    0.731   3      0.508    1.239
7168.0 6656.0  0.0   6656.0 83968.0  28079.2   61440.0    40316.2   15744.0 15152.5 1920.0 1707.6     43    0.731   3      0.508    1.239
7168.0 6656.0  0.0   6656.0 83968.0  28122.3   61440.0    40316.2   15744.0 15152.5 1920.0 1707.6     43    0.731   3      0.508    1.239
7168.0 6656.0  0.0   6656.0 83968.0  28122.3   61440.0    40316.2   15744.0 15152.5 1920.0 1707.6     43    0.731   3      0.508    1.239
7168.0 6656.0  0.0   6656.0 83968.0  28122.3   61440.0    40316.2   15744.0 15152.5 1920.0 1707.6     43    0.731   3      0.508    1.239
7168.0 10752.0 7168.0  0.0   80896.0   2346.2   61440.0    40508.2   15744.0 15152.5 1920.0 1707.6     44    0.749   3      0.508    1.257
7168.0 10752.0 7168.0  0.0   80896.0   2346.2   61440.0    40508.2   15744.0 15152.5 1920.0 1707.6     44    0.749   3      0.508    1.257
7168.0 10752.0 7168.0  0.0   80896.0   2346.2   61440.0    40508.2   15744.0 15152.5 1920.0 1707.6     44    0.749   3      0.508    1.257
7168.0 10752.0 7168.0  0.0   80896.0   2391.9   61440.0    40508.2   15744.0 15152.5 1920.0 1707.6     44    0.749   3      0.508    1.257
7168.0 10752.0 7168.0  0.0   80896.0   2391.9   61440.0    40508.2   15744.0 15152.5 1920.0 1707.6     44    0.749   3      0.508    1.257
7168.0 10752.0 7168.0  0.0   80896.0   2391.9   61440.0    40508.2   15744.0 15152.5 1920.0 1707.6     44    0.749   3      0.508    1.257
7168.0 10752.0 7168.0  0.0   80896.0   2437.0   61440.0    40508.2   15744.0 15152.5 1920.0 1707.6     44    0.749   3      0.508    1.257
7168.0 10752.0 7168.0  0.0   80896.0   2437.0   61440.0    40508.2   15744.0 15152.5 1920.0 1707.6     44    0.749   3      0.508    1.257
7168.0 10752.0 7168.0  0.0   80896.0   2437.0   61440.0    40508.2   15744.0 15152.5 1920.0 1707.6     44    0.749   3      0.508    1.257
7168.0 10752.0 7168.0  0.0   80896.0   2480.1   61440.0    40508.2   15744.0 15152.5 1920.0 1707.6     44    0.749   3      0.508    1.257
7168.0 10752.0 7168.0  0.0   80896.0   2480.1   61440.0    40508.2   15744.0 15152.5 1920.0 1707.6     44    0.749   3      0.508    1.257
7168.0 10752.0 7168.0  0.0   80896.0   2480.1   61440.0    40508.2   15744.0 15152.5 1920.0 1707.6     44    0.749   3      0.508    1.257
7168.0 10752.0 7168.0  0.0   80896.0  60638.6   61440.0    40508.2   15744.0 15152.5 1920.0 1707.6     44    0.749   3      0.508    1.257
7168.0 10752.0 7168.0  0.0   80896.0  60638.6   61440.0    40508.2   15744.0 15152.5 1920.0 1707.6     44    0.749   3      0.508    1.257
7168.0 10752.0 7168.0  0.0   80896.0  60638.6   61440.0    40508.2   15744.0 15152.5 1920.0 1707.6     44    0.749   3      0.508    1.257
7168.0 10752.0 7168.0  0.0   80896.0  60683.8   61440.0    40508.2   15744.0 15152.5 1920.0 1707.6     44    0.749   3      0.508    1.257
7168.0 10752.0 7168.0  0.0   80896.0  60683.8   61440.0    40508.2   15744.0 15152.5 1920.0 1707.6     44    0.749   3      0.508    1.257
7168.0 10752.0 7168.0  0.0   80896.0  60683.8   61440.0    40508.2   15744.0 15152.5 1920.0 1707.6     44    0.749   3      0.508    1.257
7168.0 10752.0 7168.0  0.0   80896.0  60727.0   61440.0    40508.2   15744.0 15152.5 1920.0 1707.6     44    0.749   3      0.508    1.257
7168.0 10752.0 7168.0  0.0   80896.0  60727.0   61440.0    40508.2   15744.0 15152.5 1920.0 1707.6     44    0.749   3      0.508    1.257
7168.0 10752.0 7168.0  0.0   80896.0  60727.0   61440.0    40508.2   15744.0 15152.5 1920.0 1707.6     44    0.749   3      0.508    1.257
7168.0 10752.0 7168.0  0.0   80896.0  60772.1   61440.0    40508.2   15744.0 15152.5 1920.0 1707.6     44    0.749   3      0.508    1.257
7168.0 10752.0 7168.0  0.0   80896.0  60772.1   61440.0    40508.2   15744.0 15152.5 1920.0 1707.6     44    0.749   3      0.508    1.257
7168.0 10752.0 7168.0  0.0   80896.0  60772.1   61440.0    40508.2   15744.0 15152.5 1920.0 1707.6     44    0.749   3      0.508    1.257
6656.0 8192.0  0.0   8000.0 77824.0  37919.8   61440.0    40508.2   15744.0 15152.5 1920.0 1707.6     45    0.768   3      0.508    1.276
6656.0 8192.0  0.0   8000.0 77824.0  37919.8   61440.0    40508.2   15744.0 15152.5 1920.0 1707.6     45    0.768   3      0.508    1.276
6656.0 8192.0  0.0   8000.0 77824.0  37919.8   61440.0    40508.2   15744.0 15152.5 1920.0 1707.6     45    0.768   3      0.508    1.276
6656.0 8192.0  0.0   8000.0 77824.0  37965.5   61440.0    40508.2   15744.0 15152.5 1920.0 1707.6     45    0.768   3      0.508    1.276
6656.0 8192.0  0.0   8000.0 77824.0  37965.5   61440.0    40508.2   15744.0 15152.5 1920.0 1707.6     45    0.768   3      0.508    1.276
6656.0 8192.0  0.0   8000.0 77824.0  37965.5   61440.0    40508.2   15744.0 15152.5 1920.0 1707.6     45    0.768   3      0.508    1.276
6656.0 8192.0  0.0   8000.0 77824.0  38010.5   61440.0    40508.2   15744.0 15152.5 1920.0 1707.6     45    0.768   3      0.508    1.276
6656.0 8192.0  0.0   8000.0 77824.0  38010.5   61440.0    40508.2   15744.0 15152.5 1920.0 1707.6     45    0.768   3      0.508    1.276
6656.0 8192.0  0.0   8000.0 77824.0  38010.5   61440.0    40508.2   15744.0 15152.5 1920.0 1707.6     45    0.768   3      0.508    1.276
6656.0 8192.0  0.0   8000.0 77824.0  38053.6   61440.0    40508.2   15744.0 15152.5 1920.0 1707.6     45    0.768   3      0.508    1.276
6656.0 8192.0  0.0   8000.0 77824.0  38053.6   61440.0    40508.2   15744.0 15152.5 1920.0 1707.6     45    0.768   3      0.508    1.276
6656.0 8192.0  0.0   8000.0 77824.0  38053.6   61440.0    40508.2   15744.0 15152.5 1920.0 1707.6     45    0.768   3      0.508    1.276
6656.0 12288.0 6656.0  0.0   74752.0  18604.3   61440.0    42468.2   15744.0 15152.5 1920.0 1707.6     46    0.788   3      0.508    1.296
6656.0 12288.0 6656.0  0.0   74752.0  18604.3   61440.0    42468.2   15744.0 15152.5 1920.0 1707.6     46    0.788   3      0.508    1.296
6656.0 12288.0 6656.0  0.0   74752.0  18604.3   61440.0    42468.2   15744.0 15152.5 1920.0 1707.6     46    0.788   3      0.508    1.296
6656.0 12288.0 6656.0  0.0   74752.0  18650.0   61440.0    42468.2   15744.0 15152.5 1920.0 1707.6     46    0.788   3      0.508    1.296
6656.0 12288.0 6656.0  0.0   74752.0  18650.0   61440.0    42468.2   15744.0 15152.5 1920.0 1707.6     46    0.788   3      0.508    1.296
6656.0 12288.0 6656.0  0.0   74752.0  18650.0   61440.0    42468.2   15744.0 15152.5 1920.0 1707.6     46    0.788   3      0.508    1.296
6656.0 12288.0 6656.0  0.0   74752.0  18695.1   61440.0    42468.2   15744.0 15152.5 1920.0 1707.6     46    0.788   3      0.508    1.296
6656.0 12288.0 6656.0  0.0   74752.0  18695.1   61440.0    42468.2   15744.0 15152.5 1920.0 1707.6     46    0.788   3      0.508    1.296
6656.0 12288.0 6656.0  0.0   74752.0  18695.1   61440.0    42468.2   15744.0 15152.5 1920.0 1707.6     46    0.788   3      0.508    1.296
6656.0 12288.0 6656.0  0.0   74752.0  18738.2   61440.0    42468.2   15744.0 15152.5 1920.0 1707.6     46    0.788   3      0.508    1.296
6656.0 12288.0 6656.0  0.0   74752.0  18738.2   61440.0    42468.2   15744.0 15152.5 1920.0 1707.6     46    0.788   3      0.508    1.296
6656.0 12288.0 6656.0  0.0   74752.0  18738.2   61440.0    42468.2   15744.0 15152.5 1920.0 1707.6     46    0.788   3      0.508    1.296
11776.0 6144.0  0.0   5856.0 72192.0   2769.6   61440.0    44020.2   15744.0 15152.5 1920.0 1707.6     47    0.801   3      0.508    1.310
11776.0 6144.0  0.0   5856.0 72192.0   2769.6   61440.0    44020.2   15744.0 15152.5 1920.0 1707.6     47    0.801   3      0.508    1.310
11776.0 6144.0  0.0   5856.0 72192.0   2769.6   61440.0    44020.2   15744.0 15152.5 1920.0 1707.6     47    0.801   3      0.508    1.310
11776.0 6144.0  0.0   5856.0 72192.0   2815.3   61440.0    44020.2   15744.0 15152.5 1920.0 1707.6     47    0.801   3      0.508    1.310
11776.0 6144.0  0.0   5856.0 72192.0   2815.3   61440.0    44020.2   15744.0 15152.5 1920.0 1707.6     47    0.801   3      0.508    1.310
11776.0 6144.0  0.0   5856.0 72192.0   2815.3   61440.0    44020.2   15744.0 15152.5 1920.0 1707.6     47    0.801   3      0.508    1.310
11776.0 6144.0  0.0   5856.0 72192.0   2860.3   61440.0    44020.2   15744.0 15152.5 1920.0 1707.6     47    0.801   3      0.508    1.310
11776.0 6144.0  0.0   5856.0 72192.0   2860.3   61440.0    44020.2   15744.0 15152.5 1920.0 1707.6     47    0.801   3      0.508    1.310
11776.0 6144.0  0.0   5856.0 72192.0   2860.3   61440.0    44020.2   15744.0 15152.5 1920.0 1707.6     47    0.801   3      0.508    1.310
11776.0 6144.0  0.0   5856.0 72192.0   2903.4   61440.0    44020.2   15744.0 15152.5 1920.0 1707.6     47    0.801   3      0.508    1.310
11776.0 6144.0  0.0   5856.0 72192.0   2903.4   61440.0    44020.2   15744.0 15152.5 1920.0 1707.6     47    0.801   3      0.508    1.310
11776.0 6144.0  0.0   5856.0 72192.0   2903.4   61440.0    44020.2   15744.0 15152.5 1920.0 1707.6     47    0.801   3      0.508    1.310
11776.0 6144.0  0.0   5856.0 72192.0  60293.5   61440.0    44020.2   15744.0 15152.5 1920.0 1707.6     47    0.801   3      0.508    1.310
11776.0 6144.0  0.0   5856.0 72192.0  60293.5   61440.0    44020.2   15744.0 15152.5 1920.0 1707.6     47    0.801   3      0.508    1.310
11776.0 6144.0  0.0   5856.0 72192.0  60293.5   61440.0    44020.2   15744.0 15152.5 1920.0 1707.6     47    0.801   3      0.508    1.310
11776.0 6144.0  0.0   5856.0 72192.0  60338.7   61440.0    44020.2   15744.0 15152.5 1920.0 1707.6     47    0.801   3      0.508    1.310
11776.0 6144.0  0.0   5856.0 72192.0  60338.7   61440.0    44020.2   15744.0 15152.5 1920.0 1707.6     47    0.801   3      0.508    1.310
11776.0 6144.0  0.0   5856.0 72192.0  60338.7   61440.0    44020.2   15744.0 15152.5 1920.0 1707.6     47    0.801   3      0.508    1.310
11776.0 6144.0  0.0   5856.0 72192.0  60381.8   61440.0    44020.2   15744.0 15152.5 1920.0 1707.6     47    0.801   3      0.508    1.310
11776.0 6144.0  0.0   5856.0 72192.0  60381.8   61440.0    44020.2   15744.0 15152.5 1920.0 1707.6     47    0.801   3      0.508    1.310
11776.0 6144.0  0.0   5856.0 72192.0  60381.8   61440.0    44020.2   15744.0 15152.5 1920.0 1707.6     47    0.801   3      0.508    1.310
11776.0 6144.0  0.0   5856.0 72192.0  60426.9   61440.0    44020.2   15744.0 15152.5 1920.0 1707.6     47    0.801   3      0.508    1.310
11776.0 6144.0  0.0   5856.0 72192.0  60426.9   61440.0    44020.2   15744.0 15152.5 1920.0 1707.6     47    0.801   3      0.508    1.310
11776.0 6144.0  0.0   5856.0 72192.0  60426.9   61440.0    44020.2   15744.0 15152.5 1920.0 1707.6     47    0.801   3      0.508    1.310
5632.0 11264.0 5152.0  0.0   69632.0  46819.8   61440.0    45412.2   15744.0 15152.5 1920.0 1707.6     48    0.816   3      0.508    1.325
5632.0 11264.0 5152.0  0.0   69632.0  46819.8   61440.0    45412.2   15744.0 15152.5 1920.0 1707.6     48    0.816   3      0.508    1.325
5632.0 11264.0 5152.0  0.0   69632.0  46819.8   61440.0    45412.2   15744.0 15152.5 1920.0 1707.6     48    0.816   3      0.508    1.325
5632.0 11264.0 5152.0  0.0   69632.0  46865.6   61440.0    45412.2   15744.0 15152.5 1920.0 1707.6     48    0.816   3      0.508    1.325
5632.0 11264.0 5152.0  0.0   69632.0  46865.6   61440.0    45412.2   15744.0 15152.5 1920.0 1707.6     48    0.816   3      0.508    1.325
5632.0 11264.0 5152.0  0.0   69632.0  46865.6   61440.0    45412.2   15744.0 15152.5 1920.0 1707.6     48    0.816   3      0.508    1.325
5632.0 11264.0 5152.0  0.0   69632.0  46910.6   61440.0    45412.2   15744.0 15152.5 1920.0 1707.6     48    0.816   3      0.508    1.325
5632.0 11264.0 5152.0  0.0   69632.0  46910.6   61440.0    45412.2   15744.0 15152.5 1920.0 1707.6     48    0.816   3      0.508    1.325
5632.0 11264.0 5152.0  0.0   69632.0  46910.6   61440.0    45412.2   15744.0 15152.5 1920.0 1707.6     48    0.816   3      0.508    1.325
5632.0 11264.0 5152.0  0.0   69632.0  46953.7   61440.0    45412.2   15744.0 15152.5 1920.0 1707.6     48    0.816   3      0.508    1.325
5632.0 11264.0 5152.0  0.0   69632.0  46953.7   61440.0    45412.2   15744.0 15152.5 1920.0 1707.6     48    0.816   3      0.508    1.325
5632.0 11264.0 5152.0  0.0   69632.0  46953.7   61440.0    45412.2   15744.0 15152.5 1920.0 1707.6     48    0.816   3      0.508    1.325
10752.0 4608.0  0.0   4576.0 67072.0  35340.7   61440.0    46692.2   15744.0 15152.5 1920.0 1707.6     49    0.829   3      0.508    1.337
10752.0 4608.0  0.0   4576.0 67072.0  35340.7   61440.0    46692.2   15744.0 15152.5 1920.0 1707.6     49    0.829   3      0.508    1.337
10752.0 4608.0  0.0   4576.0 67072.0  35340.7   61440.0    46692.2   15744.0 15152.5 1920.0 1707.6     49    0.829   3      0.508    1.337
10752.0 4608.0  0.0   4576.0 67072.0  35386.5   61440.0    46692.2   15744.0 15152.5 1920.0 1707.6     49    0.829   3      0.508    1.337
10752.0 4608.0  0.0   4576.0 67072.0  35386.5   61440.0    46692.2   15744.0 15152.5 1920.0 1707.6     49    0.829   3      0.508    1.337
10752.0 4608.0  0.0   4576.0 67072.0  35386.5   61440.0    46692.2   15744.0 15152.5 1920.0 1707.6     49    0.829   3      0.508    1.337
10752.0 4608.0  0.0   4576.0 67072.0  35431.5   61440.0    46692.2   15744.0 15152.5 1920.0 1707.6     49    0.829   3      0.508    1.337
10752.0 4608.0  0.0   4576.0 67072.0  35431.5   61440.0    46692.2   15744.0 15152.5 1920.0 1707.6     49    0.829   3      0.508    1.337
10752.0 4608.0  0.0   4576.0 67072.0  35431.5   61440.0    46692.2   15744.0 15152.5 1920.0 1707.6     49    0.829   3      0.508    1.337
10752.0 4608.0  0.0   4576.0 67072.0  35474.6   61440.0    46692.2   15744.0 15152.5 1920.0 1707.6     49    0.829   3      0.508    1.337
10752.0 4608.0  0.0   4576.0 67072.0  35474.6   61440.0    46692.2   15744.0 15152.5 1920.0 1707.6     49    0.829   3      0.508    1.337
10752.0 4608.0  0.0   4576.0 67072.0  35474.6   61440.0    46692.2   15744.0 15152.5 1920.0 1707.6     49    0.829   3      0.508    1.337
4096.0 10240.0 3968.0  0.0   64512.0  26391.4   61440.0    47892.2   15744.0 15152.5 1920.0 1707.6     50    0.838   3      0.508    1.347
4096.0 10240.0 3968.0  0.0   64512.0  26391.4   61440.0    47892.2   15744.0 15152.5 1920.0 1707.6     50    0.838   3      0.508    1.347
4096.0 10240.0 3968.0  0.0   64512.0  26391.4   61440.0    47892.2   15744.0 15152.5 1920.0 1707.6     50    0.838   3      0.508    1.347
4096.0 10240.0 3968.0  0.0   64512.0  26437.1   61440.0    47892.2   15744.0 15152.5 1920.0 1707.6     50    0.838   3      0.508    1.347
4096.0 10240.0 3968.0  0.0   64512.0  26437.1   61440.0    47892.2   15744.0 15152.5 1920.0 1707.6     50    0.838   3      0.508    1.347
4096.0 10240.0 3968.0  0.0   64512.0  26437.1   61440.0    47892.2   15744.0 15152.5 1920.0 1707.6     50    0.838   3      0.508    1.347
4096.0 10240.0 3968.0  0.0   64512.0  26482.1   61440.0    47892.2   15744.0 15152.5 1920.0 1707.6     50    0.838   3      0.508    1.347
4096.0 10240.0 3968.0  0.0   64512.0  26482.1   61440.0    47892.2   15744.0 15152.5 1920.0 1707.6     50    0.838   3      0.508    1.347
4096.0 10240.0 3968.0  0.0   64512.0  26482.1   61440.0    47892.2   15744.0 15152.5 1920.0 1707.6     50    0.838   3      0.508    1.347
4096.0 10240.0 3968.0  0.0   64512.0  26525.3   61440.0    47892.2   15744.0 15152.5 1920.0 1707.6     50    0.838   3      0.508    1.347
4096.0 10240.0 3968.0  0.0   64512.0  26525.3   61440.0    47892.2   15744.0 15152.5 1920.0 1707.6     50    0.838   3      0.508    1.347
4096.0 10240.0 3968.0  0.0   64512.0  26525.3   61440.0    47892.2   15744.0 15152.5 1920.0 1707.6     50    0.838   3      0.508    1.347
10240.0 3584.0  0.0   3424.0 61952.0  20412.3   61440.0    49028.2   15744.0 15152.5 1920.0 1707.6     51    0.851   3      0.508    1.360
10240.0 3584.0  0.0   3424.0 61952.0  20412.3   61440.0    49028.2   15744.0 15152.5 1920.0 1707.6     51    0.851   3      0.508    1.360
10240.0 3584.0  0.0   3424.0 61952.0  20412.3   61440.0    49028.2   15744.0 15152.5 1920.0 1707.6     51    0.851   3      0.508    1.360
10240.0 3584.0  0.0   3424.0 61952.0  20458.0   61440.0    49028.2   15744.0 15152.5 1920.0 1707.6     51    0.851   3      0.508    1.360
10240.0 3584.0  0.0   3424.0 61952.0  20458.0   61440.0    49028.2   15744.0 15152.5 1920.0 1707.6     51    0.851   3      0.508    1.360
10240.0 3584.0  0.0   3424.0 61952.0  20458.0   61440.0    49028.2   15744.0 15152.5 1920.0 1707.6     51    0.851   3      0.508    1.360
10240.0 3584.0  0.0   3424.0 61952.0  20503.0   61440.0    49028.2   15744.0 15152.5 1920.0 1707.6     51    0.851   3      0.508    1.360
10240.0 3584.0  0.0   3424.0 61952.0  20503.0   61440.0    49028.2   15744.0 15152.5 1920.0 1707.6     51    0.851   3      0.508    1.360
10240.0 3584.0  0.0   3424.0 61952.0  20503.0   61440.0    49028.2   15744.0 15152.5 1920.0 1707.6     51    0.851   3      0.508    1.360
10240.0 3584.0  0.0   3424.0 61952.0  20546.1   61440.0    49028.2   15744.0 15152.5 1920.0 1707.6     51    0.851   3      0.508    1.360
10240.0 3584.0  0.0   3424.0 61952.0  20546.1   61440.0    49028.2   15744.0 15152.5 1920.0 1707.6     51    0.851   3      0.508    1.360
10240.0 3584.0  0.0   3424.0 61952.0  20546.1   61440.0    49028.2   15744.0 15152.5 1920.0 1707.6     51    0.851   3      0.508    1.360
3072.0 10240.0 2656.0  0.0   59904.0  16898.0   61440.0    50388.2   15744.0 15152.5 1920.0 1707.6     52    0.864   3      0.508    1.372
3072.0 10240.0 2656.0  0.0   59904.0  16898.0   61440.0    50388.2   15744.0 15152.5 1920.0 1707.6     52    0.864   3      0.508    1.372
3072.0 10240.0 2656.0  0.0   59904.0  16898.0   61440.0    50388.2   15744.0 15152.5 1920.0 1707.6     52    0.864   3      0.508    1.372
3072.0 10240.0 2656.0  0.0   59904.0  16943.7   61440.0    50388.2   15744.0 15152.5 1920.0 1707.6     52    0.864   3      0.508    1.372
3072.0 10240.0 2656.0  0.0   59904.0  16943.7   61440.0    50388.2   15744.0 15152.5 1920.0 1707.6     52    0.864   3      0.508    1.372
3072.0 10240.0 2656.0  0.0   59904.0  16943.7   61440.0    50388.2   15744.0 15152.5 1920.0 1707.6     52    0.864   3      0.508    1.372
3072.0 10240.0 2656.0  0.0   59904.0  16988.7   61440.0    50388.2   15744.0 15152.5 1920.0 1707.6     52    0.864   3      0.508    1.372
3072.0 10240.0 2656.0  0.0   59904.0  16988.7   61440.0    50388.2   15744.0 15152.5 1920.0 1707.6     52    0.864   3      0.508    1.372
3072.0 10240.0 2656.0  0.0   59904.0  16988.7   61440.0    50388.2   15744.0 15152.5 1920.0 1707.6     52    0.864   3      0.508    1.372
3072.0 10240.0 2656.0  0.0   59904.0  17031.8   61440.0    50388.2   15744.0 15152.5 1920.0 1707.6     52    0.864   3      0.508    1.372
3072.0 10240.0 2656.0  0.0   59904.0  17031.8   61440.0    50388.2   15744.0 15152.5 1920.0 1707.6     52    0.864   3      0.508    1.372
3072.0 10240.0 2656.0  0.0   59904.0  17031.8   61440.0    50388.2   15744.0 15152.5 1920.0 1707.6     52    0.864   3      0.508    1.372
10240.0 2048.0  0.0   1952.0 57856.0  15244.2   61440.0    51652.2   15744.0 15152.5 1920.0 1707.6     53    0.874   3      0.508    1.382
10240.0 2048.0  0.0   1952.0 57856.0  15244.2   61440.0    51652.2   15744.0 15152.5 1920.0 1707.6     53    0.874   3      0.508    1.382
10240.0 2048.0  0.0   1952.0 57856.0  15244.2   61440.0    51652.2   15744.0 15152.5 1920.0 1707.6     53    0.874   3      0.508    1.382
10240.0 2048.0  0.0   1952.0 57856.0  15290.0   61440.0    51652.2   15744.0 15152.5 1920.0 1707.6     53    0.874   3      0.508    1.382
10240.0 2048.0  0.0   1952.0 57856.0  15290.0   61440.0    51652.2   15744.0 15152.5 1920.0 1707.6     53    0.874   3      0.508    1.382
10240.0 2048.0  0.0   1952.0 57856.0  15290.0   61440.0    51652.2   15744.0 15152.5 1920.0 1707.6     53    0.874   3      0.508    1.382
10240.0 2048.0  0.0   1952.0 57856.0  15335.0   61440.0    51652.2   15744.0 15152.5 1920.0 1707.6     53    0.874   3      0.508    1.382
10240.0 2048.0  0.0   1952.0 57856.0  15335.0   61440.0    51652.2   15744.0 15152.5 1920.0 1707.6     53    0.874   3      0.508    1.382
10240.0 2048.0  0.0   1952.0 57856.0  15335.0   61440.0    51652.2   15744.0 15152.5 1920.0 1707.6     53    0.874   3      0.508    1.382
10240.0 2048.0  0.0   1952.0 57856.0  15378.1   61440.0    51652.2   15744.0 15152.5 1920.0 1707.6     53    0.874   3      0.508    1.382
10240.0 2048.0  0.0   1952.0 57856.0  15378.1   61440.0    51652.2   15744.0 15152.5 1920.0 1707.6     53    0.874   3      0.508    1.382
10240.0 2048.0  0.0   1952.0 57856.0  15378.1   61440.0    51652.2   15744.0 15152.5 1920.0 1707.6     53    0.874   3      0.508    1.382
1536.0 10240.0 1344.0  0.0   55808.0  15887.0   61440.0    52828.2   15744.0 15152.5 1920.0 1707.6     54    0.884   3      0.508    1.393
1536.0 10240.0 1344.0  0.0   55808.0  15887.0   61440.0    52828.2   15744.0 15152.5 1920.0 1707.6     54    0.884   3      0.508    1.393
1536.0 10240.0 1344.0  0.0   55808.0  15887.0   61440.0    52828.2   15744.0 15152.5 1920.0 1707.6     54    0.884   3      0.508    1.393
1536.0 10240.0 1344.0  0.0   55808.0  15932.7   61440.0    52828.2   15744.0 15152.5 1920.0 1707.6     54    0.884   3      0.508    1.393
1536.0 10240.0 1344.0  0.0   55808.0  15932.7   61440.0    52828.2   15744.0 15152.5 1920.0 1707.6     54    0.884   3      0.508    1.393
1536.0 10240.0 1344.0  0.0   55808.0  15932.7   61440.0    52828.2   15744.0 15152.5 1920.0 1707.6     54    0.884   3      0.508    1.393
1536.0 10240.0 1344.0  0.0   55808.0  15977.8   61440.0    52828.2   15744.0 15152.5 1920.0 1707.6     54    0.884   3      0.508    1.393
1536.0 10240.0 1344.0  0.0   55808.0  15977.8   61440.0    52828.2   15744.0 15152.5 1920.0 1707.6     54    0.884   3      0.508    1.393
1536.0 10240.0 1344.0  0.0   55808.0  15977.8   61440.0    52828.2   15744.0 15152.5 1920.0 1707.6     54    0.884   3      0.508    1.393
1536.0 10240.0 1344.0  0.0   55808.0  16020.9   61440.0    52828.2   15744.0 15152.5 1920.0 1707.6     54    0.884   3      0.508    1.393
1536.0 10240.0 1344.0  0.0   55808.0  16020.9   61440.0    52828.2   15744.0 15152.5 1920.0 1707.6     54    0.884   3      0.508    1.393
1536.0 10240.0 1344.0  0.0   55808.0  16020.9   61440.0    52828.2   15744.0 15152.5 1920.0 1707.6     54    0.884   3      0.508    1.393
10240.0 1536.0  0.0   1312.0 53760.0  18328.9   61440.0    53396.2   15744.0 15152.5 1920.0 1707.6     55    0.890   3      0.508    1.398
10240.0 1536.0  0.0   1312.0 53760.0  18328.9   61440.0    53396.2   15744.0 15152.5 1920.0 1707.6     55    0.890   3      0.508    1.398
10240.0 1536.0  0.0   1312.0 53760.0  18328.9   61440.0    53396.2   15744.0 15152.5 1920.0 1707.6     55    0.890   3      0.508    1.398
10240.0 1536.0  0.0   1312.0 53760.0  18374.6   61440.0    53396.2   15744.0 15152.5 1920.0 1707.6     55    0.890   3      0.508    1.398
10240.0 1536.0  0.0   1312.0 53760.0  18374.6   61440.0    53396.2   15744.0 15152.5 1920.0 1707.6     55    0.890   3      0.508    1.398
10240.0 1536.0  0.0   1312.0 53760.0  18374.6   61440.0    53396.2   15744.0 15152.5 1920.0 1707.6     55    0.890   3      0.508    1.398
10240.0 1536.0  0.0   1312.0 53760.0  18419.5   61440.0    53396.2   15744.0 15152.5 1920.0 1707.6     55    0.890   3      0.508    1.398
10240.0 1536.0  0.0   1312.0 53760.0  18419.5   61440.0    53396.2   15744.0 15152.5 1920.0 1707.6     55    0.890   3      0.508    1.398
10240.0 1536.0  0.0   1312.0 53760.0  18419.5   61440.0    53396.2   15744.0 15152.5 1920.0 1707.6     55    0.890   3      0.508    1.398
10240.0 1536.0  0.0   1312.0 53760.0  18489.3   61440.0    53396.2   15744.0 15152.5 1920.0 1707.6     55    0.890   3      0.508    1.398
10240.0 1536.0  0.0   1312.0 53760.0  18489.3   61440.0    53396.2   15744.0 15152.5 1920.0 1707.6     55    0.890   3      0.508    1.398
10240.0 1536.0  0.0   1312.0 53760.0  18489.3   61440.0    53396.2   15744.0 15152.5 1920.0 1707.6     55    0.890   3      0.508    1.398
1536.0 9728.0 1280.0  0.0   51712.0  22611.2   61440.0    53948.2   15744.0 15152.5 1920.0 1707.6     56    0.895   3      0.508    1.404
1536.0 9728.0 1280.0  0.0   51712.0  22611.2   61440.0    53948.2   15744.0 15152.5 1920.0 1707.6     56    0.895   3      0.508    1.404
1536.0 9728.0 1280.0  0.0   51712.0  22611.2   61440.0    53948.2   15744.0 15152.5 1920.0 1707.6     56    0.895   3      0.508    1.404
1536.0 9728.0 1280.0  0.0   51712.0  22657.0   61440.0    53948.2   15744.0 15152.5 1920.0 1707.6     56    0.895   3      0.508    1.404
1536.0 9728.0 1280.0  0.0   51712.0  22657.0   61440.0    53948.2   15744.0 15152.5 1920.0 1707.6     56    0.895   3      0.508    1.404
1536.0 9728.0 1280.0  0.0   51712.0  22657.0   61440.0    53948.2   15744.0 15152.5 1920.0 1707.6     56    0.895   3      0.508    1.404
1536.0 9728.0 1280.0  0.0   51712.0  22702.0   61440.0    53948.2   15744.0 15152.5 1920.0 1707.6     56    0.895   3      0.508    1.404
1536.0 9728.0 1280.0  0.0   51712.0  22702.0   61440.0    53948.2   15744.0 15152.5 1920.0 1707.6     56    0.895   3      0.508    1.404
1536.0 9728.0 1280.0  0.0   51712.0  22702.0   61440.0    53948.2   15744.0 15152.5 1920.0 1707.6     56    0.895   3      0.508    1.404
1536.0 9728.0 1280.0  0.0   51712.0  22745.1   61440.0    53948.2   15744.0 15152.5 1920.0 1707.6     56    0.895   3      0.508    1.404
1536.0 9728.0 1280.0  0.0   51712.0  22745.1   61440.0    53948.2   15744.0 15152.5 1920.0 1707.6     56    0.895   3      0.508    1.404
1536.0 9728.0 1280.0  0.0   51712.0  22745.1   61440.0    53948.2   15744.0 15152.5 1920.0 1707.6     56    0.895   3      0.508    1.404
9728.0 2048.0  0.0   1760.0 50176.0  29368.7   61440.0    53948.2   15744.0 15152.5 1920.0 1707.6     57    0.900   3      0.508    1.409
9728.0 2048.0  0.0   1760.0 50176.0  29368.7   61440.0    53948.2   15744.0 15152.5 1920.0 1707.6     57    0.900   3      0.508    1.409
9728.0 2048.0  0.0   1760.0 50176.0  29368.7   61440.0    53948.2   15744.0 15152.5 1920.0 1707.6     57    0.900   3      0.508    1.409
9728.0 2048.0  0.0   1760.0 50176.0  29414.4   61440.0    53948.2   15744.0 15152.5 1920.0 1707.6     57    0.900   3      0.508    1.409
9728.0 2048.0  0.0   1760.0 50176.0  29414.4   61440.0    53948.2   15744.0 15152.5 1920.0 1707.6     57    0.900   3      0.508    1.409
9728.0 2048.0  0.0   1760.0 50176.0  29414.4   61440.0    53948.2   15744.0 15152.5 1920.0 1707.6     57    0.900   3      0.508    1.409
9728.0 2048.0  0.0   1760.0 50176.0  29459.5   61440.0    53948.2   15744.0 15152.5 1920.0 1707.6     57    0.900   3      0.508    1.409
9728.0 2048.0  0.0   1760.0 50176.0  29459.5   61440.0    53948.2   15744.0 15152.5 1920.0 1707.6     57    0.900   3      0.508    1.409
9728.0 2048.0  0.0   1760.0 50176.0  29459.5   61440.0    53948.2   15744.0 15152.5 1920.0 1707.6     57    0.900   3      0.508    1.409
9728.0 2048.0  0.0   1760.0 50176.0  29502.6   61440.0    53948.2   15744.0 15152.5 1920.0 1707.6     57    0.900   3      0.508    1.409
9728.0 2048.0  0.0   1760.0 50176.0  29502.6   61440.0    53948.2   15744.0 15152.5 1920.0 1707.6     57    0.900   3      0.508    1.409
9728.0 2048.0  0.0   1760.0 50176.0  29502.6   61440.0    53948.2   15744.0 15152.5 1920.0 1707.6     57    0.900   3      0.508    1.409
2560.0 9216.0 2176.0  0.0   48640.0  37377.3   61440.0    53948.2   15744.0 15152.5 1920.0 1707.6     58    0.906   3      0.508    1.415
2560.0 9216.0 2176.0  0.0   48640.0  37377.3   61440.0    53948.2   15744.0 15152.5 1920.0 1707.6     58    0.906   3      0.508    1.415
2560.0 9216.0 2176.0  0.0   48640.0  37377.3   61440.0    53948.2   15744.0 15152.5 1920.0 1707.6     58    0.906   3      0.508    1.415
2560.0 9216.0 2176.0  0.0   48640.0  37423.1   61440.0    53948.2   15744.0 15152.5 1920.0 1707.6     58    0.906   3      0.508    1.415
2560.0 9216.0 2176.0  0.0   48640.0  37423.1   61440.0    53948.2   15744.0 15152.5 1920.0 1707.6     58    0.906   3      0.508    1.415
2560.0 9216.0 2176.0  0.0   48640.0  37423.1   61440.0    53948.2   15744.0 15152.5 1920.0 1707.6     58    0.906   3      0.508    1.415
2560.0 9216.0 2176.0  0.0   48640.0  37468.1   61440.0    53948.2   15744.0 15152.5 1920.0 1707.6     58    0.906   3      0.508    1.415
2560.0 9216.0 2176.0  0.0   48640.0  37468.1   61440.0    53948.2   15744.0 15152.5 1920.0 1707.6     58    0.906   3      0.508    1.415
2560.0 9216.0 2176.0  0.0   48640.0  37468.1   61440.0    53948.2   15744.0 15152.5 1920.0 1707.6     58    0.906   3      0.508    1.415
2560.0 9216.0 2176.0  0.0   48640.0  37511.2   61440.0    53948.2   15744.0 15152.5 1920.0 1707.6     58    0.906   3      0.508    1.415
2560.0 9216.0 2176.0  0.0   48640.0  37511.2   61440.0    53948.2   15744.0 15152.5 1920.0 1707.6     58    0.906   3      0.508    1.415
2560.0 9216.0 2176.0  0.0   48640.0  37511.2   61440.0    53948.2   15744.0 15152.5 1920.0 1707.6     58    0.906   3      0.508    1.415
8704.0 3072.0  0.0   2656.0 47104.0  46981.0   61440.0    53948.2   15744.0 15157.1 1920.0 1707.6     59    0.915   3      0.508    1.423
8704.0 3072.0  0.0   2656.0 47104.0  46981.0   61440.0    53948.2   15744.0 15157.1 1920.0 1707.6     59    0.915   3      0.508    1.423
8704.0 3072.0  0.0   2656.0 47104.0  46981.0   61440.0    53948.2   15744.0 15157.1 1920.0 1707.6     59    0.915   3      0.508    1.423
8704.0 3072.0  0.0   2656.0 47104.0  47026.7   61440.0    53948.2   15744.0 15157.1 1920.0 1707.6     59    0.915   3      0.508    1.423
8704.0 3072.0  0.0   2656.0 47104.0  47026.7   61440.0    53948.2   15744.0 15157.1 1920.0 1707.6     59    0.915   3      0.508    1.423
8704.0 3072.0  0.0   2656.0 47104.0  47026.7   61440.0    53948.2   15744.0 15157.1 1920.0 1707.6     59    0.915   3      0.508    1.423
8704.0 3072.0  0.0   2656.0 47104.0  47071.7   61440.0    53948.2   15744.0 15157.1 1920.0 1707.6     59    0.915   3      0.508    1.423
8704.0 3072.0  0.0   2656.0 47104.0  47071.7   61440.0    53948.2   15744.0 15157.1 1920.0 1707.6     59    0.915   3      0.508    1.423
8704.0 3072.0  0.0   2656.0 47104.0  47071.7   61440.0    53948.2   15744.0 15157.1 1920.0 1707.6     59    0.915   3      0.508    1.423
3072.0 8192.0 3040.0  0.0   45568.0    14.2    61440.0    53948.2   15744.0 15157.1 1920.0 1707.6     60    0.925   3      0.508    1.433
3072.0 8192.0 3040.0  0.0   45568.0    14.2    61440.0    53948.2   15744.0 15157.1 1920.0 1707.6     60    0.925   3      0.508    1.433
3072.0 8192.0 3040.0  0.0   45568.0    71.2    61440.0    53948.2   15744.0 15157.1 1920.0 1707.6     60    0.925   3      0.508    1.433
7680.0 3584.0  0.0   3488.0 44032.0  12926.8   61440.0    53948.2   15744.0 15157.1 1920.0 1707.6     61    0.936   3      0.508    1.445
7680.0 3584.0  0.0   3488.0 44032.0  12926.8   61440.0    53948.2   15744.0 15157.1 1920.0 1707.6     61    0.936   3      0.508    1.445
7680.0 3584.0  0.0   3488.0 44032.0  12926.8   61440.0    53948.2   15744.0 15157.1 1920.0 1707.6     61    0.936   3      0.508    1.445
7680.0 3584.0  0.0   3488.0 44032.0  12972.5   61440.0    53948.2   15744.0 15157.1 1920.0 1707.6     61    0.936   3      0.508    1.445
7680.0 3584.0  0.0   3488.0 44032.0  12972.5   61440.0    53948.2   15744.0 15157.1 1920.0 1707.6     61    0.936   3      0.508    1.445
7680.0 3584.0  0.0   3488.0 44032.0  12972.5   61440.0    53948.2   15744.0 15157.1 1920.0 1707.6     61    0.936   3      0.508    1.445
7680.0 3584.0  0.0   3488.0 44032.0  13017.6   61440.0    53948.2   15744.0 15157.1 1920.0 1707.6     61    0.936   3      0.508    1.445
7680.0 3584.0  0.0   3488.0 44032.0  13017.6   61440.0    53948.2   15744.0 15157.1 1920.0 1707.6     61    0.936   3      0.508    1.445
7680.0 3584.0  0.0   3488.0 44032.0  13017.6   61440.0    53948.2   15744.0 15157.1 1920.0 1707.6     61    0.936   3      0.508    1.445
7680.0 3584.0  0.0   3488.0 44032.0  13060.7   61440.0    53948.2   15744.0 15157.1 1920.0 1707.6     61    0.936   3      0.508    1.445
7680.0 3584.0  0.0   3488.0 44032.0  13060.7   61440.0    53948.2   15744.0 15157.1 1920.0 1707.6     61    0.936   3      0.508    1.445
7680.0 3584.0  0.0   3488.0 44032.0  13060.7   61440.0    53948.2   15744.0 15157.1 1920.0 1707.6     61    0.936   3      0.508    1.445
3072.0 7680.0 2880.0  0.0   42496.0  27250.8   61440.0    54996.3   15744.0 15157.1 1920.0 1707.6     62    0.951   3      0.508    1.459
3072.0 7680.0 2880.0  0.0   42496.0  27250.8   61440.0    54996.3   15744.0 15157.1 1920.0 1707.6     62    0.951   3      0.508    1.459
3072.0 7680.0 2880.0  0.0   42496.0  27250.8   61440.0    54996.3   15744.0 15157.1 1920.0 1707.6     62    0.951   3      0.508    1.459
3072.0 7680.0 2880.0  0.0   42496.0  27296.5   61440.0    54996.3   15744.0 15157.1 1920.0 1707.6     62    0.951   3      0.508    1.459
3072.0 7680.0 2880.0  0.0   42496.0  27296.5   61440.0    54996.3   15744.0 15157.1 1920.0 1707.6     62    0.951   3      0.508    1.459
3072.0 7680.0 2880.0  0.0   42496.0  27296.5   61440.0    54996.3   15744.0 15157.1 1920.0 1707.6     62    0.951   3      0.508    1.459
3072.0 7680.0 2880.0  0.0   42496.0  27341.6   61440.0    54996.3   15744.0 15157.1 1920.0 1707.6     62    0.951   3      0.508    1.459
3072.0 7680.0 2880.0  0.0   42496.0  27341.6   61440.0    54996.3   15744.0 15157.1 1920.0 1707.6     62    0.951   3      0.508    1.459
3072.0 7680.0 2880.0  0.0   42496.0  27341.6   61440.0    54996.3   15744.0 15157.1 1920.0 1707.6     62    0.951   3      0.508    1.459
3072.0 7680.0 2880.0  0.0   42496.0  27384.7   61440.0    54996.3   15744.0 15157.1 1920.0 1707.6     62    0.951   3      0.508    1.459
3072.0 7680.0 2880.0  0.0   42496.0  27384.7   61440.0    54996.3   15744.0 15157.1 1920.0 1707.6     62    0.951   3      0.508    1.459
3072.0 7680.0 2880.0  0.0   42496.0  27384.7   61440.0    54996.3   15744.0 15157.1 1920.0 1707.6     62    0.951   3      0.508    1.459
2048.0 7168.0 1856.0  0.0   40448.0   1674.5   61440.0    56836.3   15744.0 15157.1 1920.0 1707.6     64    0.987   3      0.508    1.495
2048.0 7168.0 1856.0  0.0   40448.0   1674.5   61440.0    56836.3   15744.0 15157.1 1920.0 1707.6     64    0.987   3      0.508    1.495
2048.0 7168.0 1856.0  0.0   40448.0   1674.5   61440.0    56836.3   15744.0 15157.1 1920.0 1707.6     64    0.987   3      0.508    1.495
2048.0 7168.0 1856.0  0.0   40448.0   1720.2   61440.0    56836.3   15744.0 15157.1 1920.0 1707.6     64    0.987   3      0.508    1.495
2048.0 7168.0 1856.0  0.0   40448.0   1720.2   61440.0    56836.3   15744.0 15157.1 1920.0 1707.6     64    0.987   3      0.508    1.495
2048.0 7168.0 1856.0  0.0   40448.0   1720.2   61440.0    56836.3   15744.0 15157.1 1920.0 1707.6     64    0.987   3      0.508    1.495
2048.0 7168.0 1856.0  0.0   40448.0   1765.3   61440.0    56836.3   15744.0 15157.1 1920.0 1707.6     64    0.987   3      0.508    1.495
2048.0 7168.0 1856.0  0.0   40448.0   1765.3   61440.0    56836.3   15744.0 15157.1 1920.0 1707.6     64    0.987   3      0.508    1.495
2048.0 7168.0 1856.0  0.0   40448.0   1765.3   61440.0    56836.3   15744.0 15157.1 1920.0 1707.6     64    0.987   3      0.508    1.495
2048.0 7168.0 1856.0  0.0   40448.0   1808.4   61440.0    56836.3   15744.0 15157.1 1920.0 1707.6     64    0.987   3      0.508    1.495
2048.0 7168.0 1856.0  0.0   40448.0   1808.4   61440.0    56836.3   15744.0 15157.1 1920.0 1707.6     64    0.987   3      0.508    1.495
2048.0 7168.0 1856.0  0.0   40448.0   1808.4   61440.0    56836.3   15744.0 15157.1 1920.0 1707.6     64    0.987   3      0.508    1.495
7168.0 1536.0  0.0   1440.0 39424.0  19741.5   61440.0    57668.3   15744.0 15157.1 1920.0 1707.6     65    0.997   3      0.508    1.505
7168.0 1536.0  0.0   1440.0 39424.0  19741.5   61440.0    57668.3   15744.0 15157.1 1920.0 1707.6     65    0.997   3      0.508    1.505
7168.0 1536.0  0.0   1440.0 39424.0  19741.5   61440.0    57668.3   15744.0 15157.1 1920.0 1707.6     65    0.997   3      0.508    1.505
7168.0 1536.0  0.0   1440.0 39424.0  19787.2   61440.0    57668.3   15744.0 15157.1 1920.0 1707.6     65    0.997   3      0.508    1.505
7168.0 1536.0  0.0   1440.0 39424.0  19787.2   61440.0    57668.3   15744.0 15157.1 1920.0 1707.6     65    0.997   3      0.508    1.505
7168.0 1536.0  0.0   1440.0 39424.0  19787.2   61440.0    57668.3   15744.0 15157.1 1920.0 1707.6     65    0.997   3      0.508    1.505
7168.0 1536.0  0.0   1440.0 39424.0  19832.3   61440.0    57668.3   15744.0 15157.1 1920.0 1707.6     65    0.997   3      0.508    1.505
7168.0 1536.0  0.0   1440.0 39424.0  19832.3   61440.0    57668.3   15744.0 15157.1 1920.0 1707.6     65    0.997   3      0.508    1.505
7168.0 1536.0  0.0   1440.0 39424.0  19832.3   61440.0    57668.3   15744.0 15157.1 1920.0 1707.6     65    0.997   3      0.508    1.505
7168.0 1536.0  0.0   1440.0 39424.0  19875.4   61440.0    57668.3   15744.0 15157.1 1920.0 1707.6     65    0.997   3      0.508    1.505
7168.0 1536.0  0.0   1440.0 39424.0  19875.4   61440.0    57668.3   15744.0 15157.1 1920.0 1707.6     65    0.997   3      0.508    1.505
7168.0 1536.0  0.0   1440.0 39424.0  19875.4   61440.0    57668.3   15744.0 15157.1 1920.0 1707.6     65    0.997   3      0.508    1.505
6656.0 7168.0  0.0   512.0  37376.0   256.3    61440.0    59268.3   15744.0 15157.1 1920.0 1707.6     67    1.009   3      0.508    1.517
6656.0 7168.0  0.0   512.0  37376.0   256.3    61440.0    59268.3   15744.0 15157.1 1920.0 1707.6     67    1.009   3      0.508    1.517
6656.0 7168.0  0.0   512.0  37376.0   256.3    61440.0    59268.3   15744.0 15157.1 1920.0 1707.6     67    1.009   3      0.508    1.517
6656.0 7168.0  0.0   512.0  37376.0   302.1    61440.0    59268.3   15744.0 15157.1 1920.0 1707.6     67    1.009   3      0.508    1.517
6656.0 7168.0  0.0   512.0  37376.0   302.1    61440.0    59268.3   15744.0 15157.1 1920.0 1707.6     67    1.009   3      0.508    1.517
6656.0 7168.0  0.0   512.0  37376.0   302.1    61440.0    59268.3   15744.0 15157.1 1920.0 1707.6     67    1.009   3      0.508    1.517
6656.0 7168.0  0.0   512.0  37376.0   347.1    61440.0    59268.3   15744.0 15157.1 1920.0 1707.6     67    1.009   3      0.508    1.517
6656.0 7168.0  0.0   512.0  37376.0   347.1    61440.0    59268.3   15744.0 15157.1 1920.0 1707.6     67    1.009   3      0.508    1.517
6656.0 7168.0  0.0   512.0  37376.0   347.1    61440.0    59268.3   15744.0 15157.1 1920.0 1707.6     67    1.009   3      0.508    1.517
6656.0 7168.0  0.0   512.0  37376.0   390.2    61440.0    59268.3   15744.0 15157.1 1920.0 1707.6     67    1.009   3      0.508    1.517
6656.0 7168.0  0.0   512.0  37376.0   390.2    61440.0    59268.3   15744.0 15157.1 1920.0 1707.6     67    1.009   3      0.508    1.517
6656.0 7168.0  0.0   512.0  37376.0   390.2    61440.0    59268.3   15744.0 15157.1 1920.0 1707.6     67    1.009   3      0.508    1.517
1024.0 6656.0  0.0    0.0   36352.0  21150.0   58880.0    40319.4   15744.0 15157.1 1920.0 1707.6     68    1.015   4      0.649    1.664
1024.0 6656.0  0.0    0.0   36352.0  21150.0   58880.0    40319.4   15744.0 15157.1 1920.0 1707.6     68    1.015   4      0.649    1.664
1024.0 6656.0  0.0    0.0   36352.0  21150.0   58880.0    40319.4   15744.0 15157.1 1920.0 1707.6     68    1.015   4      0.649    1.664
1024.0 6656.0  0.0    0.0   36352.0  21195.7   58880.0    40319.4   15744.0 15157.1 1920.0 1707.6     68    1.015   4      0.649    1.664
1024.0 6656.0  0.0    0.0   36352.0  21195.7   58880.0    40319.4   15744.0 15157.1 1920.0 1707.6     68    1.015   4      0.649    1.664
1024.0 6656.0  0.0    0.0   36352.0  21195.7   58880.0    40319.4   15744.0 15157.1 1920.0 1707.6     68    1.015   4      0.649    1.664
1024.0 6656.0  0.0    0.0   36352.0  21240.7   58880.0    40319.4   15744.0 15157.1 1920.0 1707.6     68    1.015   4      0.649    1.664
1024.0 6656.0  0.0    0.0   36352.0  21240.7   58880.0    40319.4   15744.0 15157.1 1920.0 1707.6     68    1.015   4      0.649    1.664
1024.0 6656.0  0.0    0.0   36352.0  21240.7   58880.0    40319.4   15744.0 15157.1 1920.0 1707.6     68    1.015   4      0.649    1.664
1024.0 6656.0  0.0    0.0   36352.0  21283.9   58880.0    40319.4   15744.0 15157.1 1920.0 1707.6     68    1.015   4      0.649    1.664
1024.0 6656.0  0.0    0.0   36352.0  21283.9   58880.0    40319.4   15744.0 15157.1 1920.0 1707.6     68    1.015   4      0.649    1.664
1024.0 6656.0  0.0    0.0   36352.0  21283.9   58880.0    40319.4   15744.0 15157.1 1920.0 1707.6     68    1.015   4      0.649    1.664
512.0  6656.0 512.0   0.0   34304.0   7890.6   58880.0    40743.4   15744.0 15157.1 1920.0 1707.6     70    1.024   4      0.649    1.673
512.0  6656.0 512.0   0.0   34304.0   7890.6   58880.0    40743.4   15744.0 15157.1 1920.0 1707.6     70    1.024   4      0.649    1.673
512.0  6656.0 512.0   0.0   34304.0   7890.6   58880.0    40743.4   15744.0 15157.1 1920.0 1707.6     70    1.024   4      0.649    1.673
512.0  6656.0 512.0   0.0   34304.0   7936.3   58880.0    40743.4   15744.0 15157.1 1920.0 1707.6     70    1.024   4      0.649    1.673
512.0  6656.0 512.0   0.0   34304.0   7936.3   58880.0    40743.4   15744.0 15157.1 1920.0 1707.6     70    1.024   4      0.649    1.673
512.0  6656.0 512.0   0.0   34304.0   7936.3   58880.0    40743.4   15744.0 15157.1 1920.0 1707.6     70    1.024   4      0.649    1.673
512.0  6656.0 512.0   0.0   34304.0   7981.3   58880.0    40743.4   15744.0 15157.1 1920.0 1707.6     70    1.024   4      0.649    1.673
512.0  6656.0 512.0   0.0   34304.0   7981.3   58880.0    40743.4   15744.0 15157.1 1920.0 1707.6     70    1.024   4      0.649    1.673
512.0  6656.0 512.0   0.0   34304.0   7981.3   58880.0    40743.4   15744.0 15157.1 1920.0 1707.6     70    1.024   4      0.649    1.673
512.0  6656.0 512.0   0.0   34304.0   8024.4   58880.0    40743.4   15744.0 15157.1 1920.0 1707.6     70    1.024   4      0.649    1.673
512.0  6656.0 512.0   0.0   34304.0   8024.4   58880.0    40743.4   15744.0 15157.1 1920.0 1707.6     70    1.024   4      0.649    1.673
512.0  6656.0 512.0   0.0   34304.0   8024.4   58880.0    40743.4   15744.0 15157.1 1920.0 1707.6     70    1.024   4      0.649    1.673
6144.0 6656.0  0.0   512.0  33280.0  31814.9   58880.0    41143.4   15744.0 15157.1 1920.0 1707.6     71    1.028   4      0.649    1.677
6144.0 6656.0  0.0   512.0  33280.0  31814.9   58880.0    41143.4   15744.0 15157.1 1920.0 1707.6     71    1.028   4      0.649    1.677
6144.0 6656.0  0.0   512.0  33280.0  31814.9   58880.0    41143.4   15744.0 15157.1 1920.0 1707.6     71    1.028   4      0.649    1.677
6144.0 6656.0  0.0   512.0  33280.0  31860.6   58880.0    41143.4   15744.0 15157.1 1920.0 1707.6     71    1.028   4      0.649    1.677
6144.0 6656.0  0.0   512.0  33280.0  31860.6   58880.0    41143.4   15744.0 15157.1 1920.0 1707.6     71    1.028   4      0.649    1.677
6144.0 6656.0  0.0   512.0  33280.0  31860.6   58880.0    41143.4   15744.0 15157.1 1920.0 1707.6     71    1.028   4      0.649    1.677
6144.0 6656.0  0.0   512.0  33280.0  31905.6   58880.0    41143.4   15744.0 15157.1 1920.0 1707.6     71    1.028   4      0.649    1.677
6144.0 6656.0  0.0   512.0  33280.0  31905.6   58880.0    41143.4   15744.0 15157.1 1920.0 1707.6     71    1.028   4      0.649    1.677
6144.0 6656.0  0.0   512.0  33280.0  31905.6   58880.0    41143.4   15744.0 15157.1 1920.0 1707.6     71    1.028   4      0.649    1.677
6144.0 6656.0  0.0   512.0  33280.0  31948.7   58880.0    41143.4   15744.0 15157.1 1920.0 1707.6     71    1.028   4      0.649    1.677
6144.0 6656.0  0.0   512.0  33280.0  31948.7   58880.0    41143.4   15744.0 15157.1 1920.0 1707.6     71    1.028   4      0.649    1.677
6144.0 6656.0  0.0   512.0  33280.0  31948.7   58880.0    41143.4   15744.0 15157.1 1920.0 1707.6     71    1.028   4      0.649    1.677
6144.0 6144.0  0.0   448.0  31232.0  24721.6   58880.0    41895.4   15744.0 15157.1 1920.0 1707.6     73    1.039   4      0.649    1.687
6144.0 6144.0  0.0   448.0  31232.0  24721.6   58880.0    41895.4   15744.0 15157.1 1920.0 1707.6     73    1.039   4      0.649    1.687
6144.0 6144.0  0.0   448.0  31232.0  24721.6   58880.0    41895.4   15744.0 15157.1 1920.0 1707.6     73    1.039   4      0.649    1.687
6144.0 6144.0  0.0   448.0  31232.0  24767.4   58880.0    41895.4   15744.0 15157.1 1920.0 1707.6     73    1.039   4      0.649    1.687
6144.0 6144.0  0.0   448.0  31232.0  24767.4   58880.0    41895.4   15744.0 15157.1 1920.0 1707.6     73    1.039   4      0.649    1.687
6144.0 6144.0  0.0   448.0  31232.0  24767.4   58880.0    41895.4   15744.0 15157.1 1920.0 1707.6     73    1.039   4      0.649    1.687
6144.0 6144.0  0.0   448.0  31232.0  24812.5   58880.0    41895.4   15744.0 15157.1 1920.0 1707.6     73    1.039   4      0.649    1.687
6144.0 6144.0  0.0   448.0  31232.0  24812.5   58880.0    41895.4   15744.0 15157.1 1920.0 1707.6     73    1.039   4      0.649    1.687
6144.0 6144.0  0.0   448.0  31232.0  24812.5   58880.0    41895.4   15744.0 15157.1 1920.0 1707.6     73    1.039   4      0.649    1.687
6144.0 6144.0  0.0   448.0  31232.0  24855.6   58880.0    41895.4   15744.0 15157.1 1920.0 1707.6     73    1.039   4      0.649    1.687
6144.0 6144.0  0.0   448.0  31232.0  24855.6   58880.0    41895.4   15744.0 15157.1 1920.0 1707.6     73    1.039   4      0.649    1.687
6144.0 6144.0  0.0   448.0  31232.0  24855.6   58880.0    41895.4   15744.0 15157.1 1920.0 1707.6     73    1.039   4      0.649    1.687
5632.0 5632.0  0.0   448.0  29696.0  21747.2   58880.0    42631.4   15744.0 15157.1 1920.0 1707.6     75    1.051   4      0.649    1.700
5632.0 5632.0  0.0   448.0  29696.0  21747.2   58880.0    42631.4   15744.0 15157.1 1920.0 1707.6     75    1.051   4      0.649    1.700
5632.0 5632.0  0.0   448.0  29696.0  21747.2   58880.0    42631.4   15744.0 15157.1 1920.0 1707.6     75    1.051   4      0.649    1.700
5632.0 5632.0  0.0   448.0  29696.0  21793.0   58880.0    42631.4   15744.0 15157.1 1920.0 1707.6     75    1.051   4      0.649    1.700
5632.0 5632.0  0.0   448.0  29696.0  21793.0   58880.0    42631.4   15744.0 15157.1 1920.0 1707.6     75    1.051   4      0.649    1.700
5632.0 5632.0  0.0   448.0  29696.0  21793.0   58880.0    42631.4   15744.0 15157.1 1920.0 1707.6     75    1.051   4      0.649    1.700
5632.0 5632.0  0.0   448.0  29696.0  21838.0   58880.0    42631.4   15744.0 15157.1 1920.0 1707.6     75    1.051   4      0.649    1.700
5632.0 5632.0  0.0   448.0  29696.0  21838.0   58880.0    42631.4   15744.0 15157.1 1920.0 1707.6     75    1.051   4      0.649    1.700
5632.0 5632.0  0.0   448.0  29696.0  21838.0   58880.0    42631.4   15744.0 15157.1 1920.0 1707.6     75    1.051   4      0.649    1.700
5632.0 5632.0  0.0   448.0  29696.0  21881.1   58880.0    42631.4   15744.0 15157.1 1920.0 1707.6     75    1.051   4      0.649    1.700
5632.0 5632.0  0.0   448.0  29696.0  21881.1   58880.0    42631.4   15744.0 15157.1 1920.0 1707.6     75    1.051   4      0.649    1.700
5632.0 5632.0  0.0   448.0  29696.0  21881.1   58880.0    42631.4   15744.0 15157.1 1920.0 1707.6     75    1.051   4      0.649    1.700
5120.0 5120.0  0.0   416.0  28672.0  21384.0   58880.0    43327.4   15744.0 15157.1 1920.0 1707.6     77    1.060   4      0.649    1.709
5120.0 5120.0  0.0   416.0  28672.0  21384.0   58880.0    43327.4   15744.0 15157.1 1920.0 1707.6     77    1.060   4      0.649    1.709
5120.0 5120.0  0.0   416.0  28672.0  21384.0   58880.0    43327.4   15744.0 15157.1 1920.0 1707.6     77    1.060   4      0.649    1.709
5120.0 5120.0  0.0   416.0  28672.0  21429.7   58880.0    43327.4   15744.0 15157.1 1920.0 1707.6     77    1.060   4      0.649    1.709
5120.0 5120.0  0.0   416.0  28672.0  21429.7   58880.0    43327.4   15744.0 15157.1 1920.0 1707.6     77    1.060   4      0.649    1.709
5120.0 5120.0  0.0   416.0  28672.0  21429.7   58880.0    43327.4   15744.0 15157.1 1920.0 1707.6     77    1.060   4      0.649    1.709
5120.0 5120.0  0.0   416.0  28672.0  21474.7   58880.0    43327.4   15744.0 15157.1 1920.0 1707.6     77    1.060   4      0.649    1.709
5120.0 5120.0  0.0   416.0  28672.0  21474.7   58880.0    43327.4   15744.0 15157.1 1920.0 1707.6     77    1.060   4      0.649    1.709
5120.0 5120.0  0.0   416.0  28672.0  21474.7   58880.0    43327.4   15744.0 15157.1 1920.0 1707.6     77    1.060   4      0.649    1.709
5120.0 5120.0  0.0   416.0  28672.0  21517.9   58880.0    43327.4   15744.0 15157.1 1920.0 1707.6     77    1.060   4      0.649    1.709
5120.0 5120.0  0.0   416.0  28672.0  21517.9   58880.0    43327.4   15744.0 15157.1 1920.0 1707.6     77    1.060   4      0.649    1.709
5120.0 5120.0  0.0   416.0  28672.0  21517.9   58880.0    43327.4   15744.0 15157.1 1920.0 1707.6     77    1.060   4      0.649    1.709
4608.0 4608.0  0.0   384.0  27648.0  22991.7   58880.0    44007.4   15744.0 15157.1 1920.0 1707.6     79    1.069   4      0.649    1.718
4608.0 4608.0  0.0   384.0  27648.0  22991.7   58880.0    44007.4   15744.0 15157.1 1920.0 1707.6     79    1.069   4      0.649    1.718
4608.0 4608.0  0.0   384.0  27648.0  22991.7   58880.0    44007.4   15744.0 15157.1 1920.0 1707.6     79    1.069   4      0.649    1.718
4608.0 4608.0  0.0   384.0  27648.0  23037.4   58880.0    44007.4   15744.0 15157.1 1920.0 1707.6     79    1.069   4      0.649    1.718
4608.0 4608.0  0.0   384.0  27648.0  23037.4   58880.0    44007.4   15744.0 15157.1 1920.0 1707.6     79    1.069   4      0.649    1.718
4608.0 4608.0  0.0   384.0  27648.0  23037.4   58880.0    44007.4   15744.0 15157.1 1920.0 1707.6     79    1.069   4      0.649    1.718
4608.0 4608.0  0.0   384.0  27648.0  23082.5   58880.0    44007.4   15744.0 15157.1 1920.0 1707.6     79    1.069   4      0.649    1.718
4608.0 4608.0  0.0   384.0  27648.0  23082.5   58880.0    44007.4   15744.0 15157.1 1920.0 1707.6     79    1.069   4      0.649    1.718
4608.0 4608.0  0.0   384.0  27648.0  23082.5   58880.0    44007.4   15744.0 15157.1 1920.0 1707.6     79    1.069   4      0.649    1.718
4608.0 4608.0  0.0   384.0  27648.0  23125.6   58880.0    44007.4   15744.0 15157.1 1920.0 1707.6     79    1.069   4      0.649    1.718
4608.0 4608.0  0.0   384.0  27648.0  23125.6   58880.0    44007.4   15744.0 15157.1 1920.0 1707.6     79    1.069   4      0.649    1.718
4608.0 4608.0  0.0   384.0  27648.0  23125.6   58880.0    44007.4   15744.0 15157.1 1920.0 1707.6     79    1.069   4      0.649    1.718
4096.0 512.0   0.0   416.0  26624.0  26385.1   58880.0    44663.4   15744.0 15157.1 1920.0 1707.6     81    1.079   4      0.649    1.728
4096.0 512.0   0.0   416.0  26624.0  26385.1   58880.0    44663.4   15744.0 15157.1 1920.0 1707.6     81    1.079   4      0.649    1.728
4096.0 512.0   0.0   416.0  26624.0  26385.1   58880.0    44663.4   15744.0 15157.1 1920.0 1707.6     81    1.079   4      0.649    1.728
4096.0 512.0   0.0   416.0  26624.0  26430.8   58880.0    44663.4   15744.0 15157.1 1920.0 1707.6     81    1.079   4      0.649    1.728
4096.0 512.0   0.0   416.0  26624.0  26430.8   58880.0    44663.4   15744.0 15157.1 1920.0 1707.6     81    1.079   4      0.649    1.728
4096.0 512.0   0.0   416.0  26624.0  26430.8   58880.0    44663.4   15744.0 15157.1 1920.0 1707.6     81    1.079   4      0.649    1.728
4096.0 512.0   0.0   416.0  26624.0  26475.9   58880.0    44663.4   15744.0 15157.1 1920.0 1707.6     81    1.079   4      0.649    1.728
4096.0 512.0   0.0   416.0  26624.0  26475.9   58880.0    44663.4   15744.0 15157.1 1920.0 1707.6     81    1.079   4      0.649    1.728
4096.0 512.0   0.0   416.0  26624.0  26475.9   58880.0    44663.4   15744.0 15157.1 1920.0 1707.6     81    1.079   4      0.649    1.728
4096.0 512.0   0.0   416.0  26624.0  26519.0   58880.0    44663.4   15744.0 15157.1 1920.0 1707.6     81    1.079   4      0.649    1.728
4096.0 512.0   0.0   416.0  26624.0  26519.0   58880.0    44663.4   15744.0 15157.1 1920.0 1707.6     81    1.079   4      0.649    1.728
4096.0 512.0   0.0   416.0  26624.0  26519.0   58880.0    44663.4   15744.0 15157.1 1920.0 1707.6     81    1.079   4      0.649    1.728
3072.0 3584.0 384.0   0.0   25088.0   6310.7   58880.0    45607.4   15744.0 15157.1 1920.0 1707.6     84    1.093   4      0.649    1.742
3072.0 3584.0 384.0   0.0   25088.0   6310.7   58880.0    45607.4   15744.0 15157.1 1920.0 1707.6     84    1.093   4      0.649    1.742
3072.0 3584.0 384.0   0.0   25088.0   6310.7   58880.0    45607.4   15744.0 15157.1 1920.0 1707.6     84    1.093   4      0.649    1.742
3072.0 3584.0 384.0   0.0   25088.0   6356.5   58880.0    45607.4   15744.0 15157.1 1920.0 1707.6     84    1.093   4      0.649    1.742
3072.0 3584.0 384.0   0.0   25088.0   6356.5   58880.0    45607.4   15744.0 15157.1 1920.0 1707.6     84    1.093   4      0.649    1.742
3072.0 3584.0 384.0   0.0   25088.0   6356.5   58880.0    45607.4   15744.0 15157.1 1920.0 1707.6     84    1.093   4      0.649    1.742
3072.0 3584.0 384.0   0.0   25088.0   6366.8   58880.0    45607.4   15744.0 15157.1 1920.0 1707.6     84    1.093   4      0.649    1.742
3072.0 3584.0 384.0   0.0   25088.0   6366.8   58880.0    45607.4   15744.0 15157.1 1920.0 1707.6     84    1.093   4      0.649    1.742
3072.0 3584.0 384.0   0.0   25088.0   6366.8   58880.0    45607.4   15744.0 15157.1 1920.0 1707.6     84    1.093   4      0.649    1.742
3072.0 3584.0 384.0   0.0   25088.0   6403.4   58880.0    45607.4   15744.0 15157.1 1920.0 1707.6     84    1.093   4      0.649    1.742
3072.0 3584.0 384.0   0.0   25088.0   6403.4   58880.0    45607.4   15744.0 15157.1 1920.0 1707.6     84    1.093   4      0.649    1.742
3072.0 3584.0 384.0   0.0   25088.0   6403.4   58880.0    45607.4   15744.0 15157.1 1920.0 1707.6     84    1.093   4      0.649    1.742
2560.0 3072.0 352.0   0.0   24064.0  14702.0   58880.0    46247.4   15744.0 15157.1 1920.0 1707.6     86    1.104   4      0.649    1.753
2560.0 3072.0 352.0   0.0   24064.0  14702.0   58880.0    46247.4   15744.0 15157.1 1920.0 1707.6     86    1.104   4      0.649    1.753
2560.0 3072.0 352.0   0.0   24064.0  14702.0   58880.0    46247.4   15744.0 15157.1 1920.0 1707.6     86    1.104   4      0.649    1.753
2560.0 3072.0 352.0   0.0   24064.0  14852.3   58880.0    46247.4   15744.0 15157.1 1920.0 1707.6     86    1.104   4      0.649    1.753
2560.0 3072.0 352.0   0.0   24064.0  14852.3   58880.0    46247.4   15744.0 15157.1 1920.0 1707.6     86    1.104   4      0.649    1.753
2560.0 3072.0 352.0   0.0   24064.0  14852.3   58880.0    46247.4   15744.0 15157.1 1920.0 1707.6     86    1.104   4      0.649    1.753
2560.0 3072.0 352.0   0.0   24064.0  14897.4   58880.0    46247.4   15744.0 15157.1 1920.0 1707.6     86    1.104   4      0.649    1.753
2560.0 3072.0 352.0   0.0   24064.0  14897.4   58880.0    46247.4   15744.0 15157.1 1920.0 1707.6     86    1.104   4      0.649    1.753
2560.0 3072.0 352.0   0.0   24064.0  14897.4   58880.0    46247.4   15744.0 15157.1 1920.0 1707.6     86    1.104   4      0.649    1.753
2560.0 3072.0 352.0   0.0   24064.0  14940.5   58880.0    46247.4   15744.0 15157.1 1920.0 1707.6     86    1.104   4      0.649    1.753
2560.0 3072.0 352.0   0.0   24064.0  14940.5   58880.0    46247.4   15744.0 15157.1 1920.0 1707.6     86    1.104   4      0.649    1.753
2560.0 3072.0 352.0   0.0   24064.0  14940.5   58880.0    46247.4   15744.0 15157.1 1920.0 1707.6     86    1.104   4      0.649    1.753
2560.0 512.0   0.0   352.0  22528.0   2592.9   58880.0    47103.4   15744.0 15157.1 1920.0 1707.6     89    1.119   4      0.649    1.768
2560.0 512.0   0.0   352.0  22528.0   2592.9   58880.0    47103.4   15744.0 15157.1 1920.0 1707.6     89    1.119   4      0.649    1.768
2560.0 512.0   0.0   352.0  22528.0   2592.9   58880.0    47103.4   15744.0 15157.1 1920.0 1707.6     89    1.119   4      0.649    1.768
2560.0 512.0   0.0   352.0  22528.0   2638.6   58880.0    47103.4   15744.0 15157.1 1920.0 1707.6     89    1.119   4      0.649    1.768
2560.0 512.0   0.0   352.0  22528.0   2638.6   58880.0    47103.4   15744.0 15157.1 1920.0 1707.6     89    1.119   4      0.649    1.768
2560.0 512.0   0.0   352.0  22528.0   2638.6   58880.0    47103.4   15744.0 15157.1 1920.0 1707.6     89    1.119   4      0.649    1.768
2560.0 512.0   0.0   352.0  22528.0   2683.7   58880.0    47103.4   15744.0 15157.1 1920.0 1707.6     89    1.119   4      0.649    1.768
2560.0 512.0   0.0   352.0  22528.0   2683.7   58880.0    47103.4   15744.0 15157.1 1920.0 1707.6     89    1.119   4      0.649    1.768
2560.0 512.0   0.0   352.0  22528.0   2683.7   58880.0    47103.4   15744.0 15157.1 1920.0 1707.6     89    1.119   4      0.649    1.768
2560.0 512.0   0.0   352.0  22528.0   2726.8   58880.0    47103.4   15744.0 15157.1 1920.0 1707.6     89    1.119   4      0.649    1.768
2560.0 512.0   0.0   352.0  22528.0   2726.8   58880.0    47103.4   15744.0 15157.1 1920.0 1707.6     89    1.119   4      0.649    1.768
2560.0 512.0   0.0   352.0  22528.0   2726.8   58880.0    47103.4   15744.0 15157.1 1920.0 1707.6     89    1.119   4      0.649    1.768
2560.0 512.0   0.0   352.0  21504.0  16277.9   58880.0    47647.4   15744.0 15157.1 1920.0 1707.6     91    1.128   4      0.649    1.777
2560.0 512.0   0.0   352.0  21504.0  16277.9   58880.0    47647.4   15744.0 15157.1 1920.0 1707.6     91    1.128   4      0.649    1.777
2560.0 512.0   0.0   352.0  21504.0  16277.9   58880.0    47647.4   15744.0 15157.1 1920.0 1707.6     91    1.128   4      0.649    1.777
2560.0 512.0   0.0   352.0  21504.0  16323.7   58880.0    47647.4   15744.0 15157.1 1920.0 1707.6     91    1.128   4      0.649    1.777
2560.0 512.0   0.0   352.0  21504.0  16323.7   58880.0    47647.4   15744.0 15157.1 1920.0 1707.6     91    1.128   4      0.649    1.777
2560.0 512.0   0.0   352.0  21504.0  16323.7   58880.0    47647.4   15744.0 15157.1 1920.0 1707.6     91    1.128   4      0.649    1.777
2560.0 512.0   0.0   352.0  21504.0  16368.7   58880.0    47647.4   15744.0 15157.1 1920.0 1707.6     91    1.128   4      0.649    1.777
2560.0 512.0   0.0   352.0  21504.0  16368.7   58880.0    47647.4   15744.0 15157.1 1920.0 1707.6     91    1.128   4      0.649    1.777
2560.0 512.0   0.0   352.0  21504.0  16368.7   58880.0    47647.4   15744.0 15157.1 1920.0 1707.6     91    1.128   4      0.649    1.777
2560.0 512.0   0.0   352.0  21504.0  16411.8   58880.0    47647.4   15744.0 15157.1 1920.0 1707.6     91    1.128   4      0.649    1.777
2560.0 512.0   0.0   352.0  21504.0  16411.8   58880.0    47647.4   15744.0 15157.1 1920.0 1707.6     91    1.128   4      0.649    1.777
2560.0 512.0   0.0   352.0  21504.0  16411.8   58880.0    47647.4   15744.0 15157.1 1920.0 1707.6     91    1.128   4      0.649    1.777
1536.0 2048.0 320.0   0.0   19968.0  11965.1   58880.0    48415.4   15744.0 15157.1 1920.0 1707.6     94    1.139   4      0.649    1.788
1536.0 2048.0 320.0   0.0   19968.0  11965.1   58880.0    48415.4   15744.0 15157.1 1920.0 1707.6     94    1.139   4      0.649    1.788
1536.0 2048.0 320.0   0.0   19968.0  11965.1   58880.0    48415.4   15744.0 15157.1 1920.0 1707.6     94    1.139   4      0.649    1.788
1536.0 2048.0 320.0   0.0   19968.0  12010.8   58880.0    48415.4   15744.0 15157.1 1920.0 1707.6     94    1.139   4      0.649    1.788
1536.0 2048.0 320.0   0.0   19968.0  12010.8   58880.0    48415.4   15744.0 15157.1 1920.0 1707.6     94    1.139   4      0.649    1.788
1536.0 2048.0 320.0   0.0   19968.0  12010.8   58880.0    48415.4   15744.0 15157.1 1920.0 1707.6     94    1.139   4      0.649    1.788
1536.0 2048.0 320.0   0.0   19968.0  12055.9   58880.0    48415.4   15744.0 15157.1 1920.0 1707.6     94    1.139   4      0.649    1.788
1536.0 2048.0 320.0   0.0   19968.0  12055.9   58880.0    48415.4   15744.0 15157.1 1920.0 1707.6     94    1.139   4      0.649    1.788
1536.0 2048.0 320.0   0.0   19968.0  12055.9   58880.0    48415.4   15744.0 15157.1 1920.0 1707.6     94    1.139   4      0.649    1.788
1536.0 2048.0 320.0   0.0   19968.0  12099.0   58880.0    48415.4   15744.0 15157.1 1920.0 1707.6     94    1.139   4      0.649    1.788
1536.0 2048.0 320.0   0.0   19968.0  12099.0   58880.0    48415.4   15744.0 15157.1 1920.0 1707.6     94    1.139   4      0.649    1.788
1536.0 2048.0 320.0   0.0   19968.0  12099.0   58880.0    48415.4   15744.0 15157.1 1920.0 1707.6     94    1.139   4      0.649    1.788
1536.0 2048.0  0.0   352.0  18944.0  12015.6   58880.0    49127.4   15744.0 15157.1 1920.0 1707.6     97    1.155   4      0.649    1.804
1536.0 2048.0  0.0   352.0  18944.0  12015.6   58880.0    49127.4   15744.0 15157.1 1920.0 1707.6     97    1.155   4      0.649    1.804
1536.0 2048.0  0.0   352.0  18944.0  12015.6   58880.0    49127.4   15744.0 15157.1 1920.0 1707.6     97    1.155   4      0.649    1.804
1536.0 2048.0  0.0   352.0  18944.0  12061.3   58880.0    49127.4   15744.0 15157.1 1920.0 1707.6     97    1.155   4      0.649    1.804
1536.0 2048.0  0.0   352.0  18944.0  12061.3   58880.0    49127.4   15744.0 15157.1 1920.0 1707.6     97    1.155   4      0.649    1.804
1536.0 2048.0  0.0   352.0  18944.0  12061.3   58880.0    49127.4   15744.0 15157.1 1920.0 1707.6     97    1.155   4      0.649    1.804
1536.0 2048.0  0.0   352.0  18944.0  12106.4   58880.0    49127.4   15744.0 15157.1 1920.0 1707.6     97    1.155   4      0.649    1.804
1536.0 2048.0  0.0   352.0  18944.0  12106.4   58880.0    49127.4   15744.0 15157.1 1920.0 1707.6     97    1.155   4      0.649    1.804
1536.0 2048.0  0.0   352.0  18944.0  12106.4   58880.0    49127.4   15744.0 15157.1 1920.0 1707.6     97    1.155   4      0.649    1.804
1536.0 2048.0  0.0   352.0  18944.0  12149.5   58880.0    49127.4   15744.0 15157.1 1920.0 1707.6     97    1.155   4      0.649    1.804
1536.0 2048.0  0.0   352.0  18944.0  12149.5   58880.0    49127.4   15744.0 15157.1 1920.0 1707.6     97    1.155   4      0.649    1.804
1536.0 2048.0  0.0   352.0  18944.0  12149.5   58880.0    49127.4   15744.0 15157.1 1920.0 1707.6     97    1.155   4      0.649    1.804
512.0  1536.0 320.0   0.0   18944.0  13666.1   58880.0    49815.4   15744.0 15157.1 1920.0 1707.6    100    1.166   4      0.649    1.815
512.0  1536.0 320.0   0.0   18944.0  13666.1   58880.0    49815.4   15744.0 15157.1 1920.0 1707.6    100    1.166   4      0.649    1.815
512.0  1536.0 320.0   0.0   18944.0  13666.1   58880.0    49815.4   15744.0 15157.1 1920.0 1707.6    100    1.166   4      0.649    1.815
512.0  1536.0 320.0   0.0   18944.0  13711.9   58880.0    49815.4   15744.0 15157.1 1920.0 1707.6    100    1.166   4      0.649    1.815
512.0  1536.0 320.0   0.0   18944.0  13711.9   58880.0    49815.4   15744.0 15157.1 1920.0 1707.6    100    1.166   4      0.649    1.815
512.0  1536.0 320.0   0.0   18944.0  13711.9   58880.0    49815.4   15744.0 15157.1 1920.0 1707.6    100    1.166   4      0.649    1.815
512.0  1536.0 320.0   0.0   18944.0  13756.9   58880.0    49815.4   15744.0 15157.1 1920.0 1707.6    100    1.166   4      0.649    1.815
512.0  1536.0 320.0   0.0   18944.0  13756.9   58880.0    49815.4   15744.0 15157.1 1920.0 1707.6    100    1.166   4      0.649    1.815
512.0  1536.0 320.0   0.0   18944.0  13756.9   58880.0    49815.4   15744.0 15157.1 1920.0 1707.6    100    1.166   4      0.649    1.815
512.0  1536.0 320.0   0.0   18944.0  13800.0   58880.0    49815.4   15744.0 15157.1 1920.0 1707.6    100    1.166   4      0.649    1.815
512.0  1536.0 320.0   0.0   18944.0  13800.0   58880.0    49815.4   15744.0 15157.1 1920.0 1707.6    100    1.166   4      0.649    1.815
512.0  1536.0 320.0   0.0   18944.0  13800.0   58880.0    49815.4   15744.0 15157.1 1920.0 1707.6    100    1.166   4      0.649    1.815
1536.0 1536.0  0.0   320.0  19968.0  15443.1   58880.0    50487.4   15744.0 15157.1 1920.0 1707.6    103    1.180   4      0.649    1.829
1536.0 1536.0  0.0   320.0  19968.0  15443.1   58880.0    50487.4   15744.0 15157.1 1920.0 1707.6    103    1.180   4      0.649    1.829
1536.0 1536.0  0.0   320.0  19968.0  15443.1   58880.0    50487.4   15744.0 15157.1 1920.0 1707.6    103    1.180   4      0.649    1.829
1536.0 1536.0  0.0   320.0  19968.0  15488.9   58880.0    50487.4   15744.0 15157.1 1920.0 1707.6    103    1.180   4      0.649    1.829
1536.0 1536.0  0.0   320.0  19968.0  15488.9   58880.0    50487.4   15744.0 15157.1 1920.0 1707.6    103    1.180   4      0.649    1.829
1536.0 1536.0  0.0   320.0  19968.0  15488.9   58880.0    50487.4   15744.0 15157.1 1920.0 1707.6    103    1.180   4      0.649    1.829
1536.0 1536.0  0.0   320.0  19968.0  15533.9   58880.0    50487.4   15744.0 15157.1 1920.0 1707.6    103    1.180   4      0.649    1.829
1536.0 1536.0  0.0   320.0  19968.0  15533.9   58880.0    50487.4   15744.0 15157.1 1920.0 1707.6    103    1.180   4      0.649    1.829
1536.0 1536.0  0.0   320.0  19968.0  15533.9   58880.0    50487.4   15744.0 15157.1 1920.0 1707.6    103    1.180   4      0.649    1.829
1536.0 1536.0  0.0   320.0  19968.0  15577.0   58880.0    50487.4   15744.0 15157.1 1920.0 1707.6    103    1.180   4      0.649    1.829
1536.0 1536.0  0.0   320.0  19968.0  15577.0   58880.0    50487.4   15744.0 15157.1 1920.0 1707.6    103    1.180   4      0.649    1.829
1536.0 1536.0  0.0   320.0  19968.0  15577.0   58880.0    50487.4   15744.0 15157.1 1920.0 1707.6    103    1.180   4      0.649    1.829
1024.0 1024.0 256.0   0.0   23040.0  15506.2   58880.0    51175.4   15744.0 15157.1 1920.0 1707.6    106    1.195   4      0.649    1.844
1024.0 1024.0 256.0   0.0   23040.0  15506.2   58880.0    51175.4   15744.0 15157.1 1920.0 1707.6    106    1.195   4      0.649    1.844
1024.0 1024.0 256.0   0.0   23040.0  15506.2   58880.0    51175.4   15744.0 15157.1 1920.0 1707.6    106    1.195   4      0.649    1.844
1024.0 1024.0 256.0   0.0   23040.0  15551.9   58880.0    51175.4   15744.0 15157.1 1920.0 1707.6    106    1.195   4      0.649    1.844
1024.0 1024.0 256.0   0.0   23040.0  15551.9   58880.0    51175.4   15744.0 15157.1 1920.0 1707.6    106    1.195   4      0.649    1.844
1024.0 1024.0 256.0   0.0   23040.0  15551.9   58880.0    51175.4   15744.0 15157.1 1920.0 1707.6    106    1.195   4      0.649    1.844
1024.0 1024.0 256.0   0.0   23040.0  15596.9   58880.0    51175.4   15744.0 15157.1 1920.0 1707.6    106    1.195   4      0.649    1.844
1024.0 1024.0 256.0   0.0   23040.0  15596.9   58880.0    51175.4   15744.0 15157.1 1920.0 1707.6    106    1.195   4      0.649    1.844
1024.0 1024.0 256.0   0.0   23040.0  15596.9   58880.0    51175.4   15744.0 15157.1 1920.0 1707.6    106    1.195   4      0.649    1.844
1024.0 1024.0 256.0   0.0   23040.0  15640.0   58880.0    51175.4   15744.0 15157.1 1920.0 1707.6    106    1.195   4      0.649    1.844
1024.0 1024.0 256.0   0.0   23040.0  15640.0   58880.0    51175.4   15744.0 15157.1 1920.0 1707.6    106    1.195   4      0.649    1.844
1024.0 1024.0 256.0   0.0   23040.0  15640.0   58880.0    51175.4   15744.0 15157.1 1920.0 1707.6    106    1.195   4      0.649    1.844
1024.0 1024.0  0.0   320.0  21504.0   6330.6   58880.0    51935.4   15744.0 15157.1 1920.0 1707.6    109    1.208   4      0.649    1.857
1024.0 1024.0  0.0   320.0  21504.0   6330.6   58880.0    51935.4   15744.0 15157.1 1920.0 1707.6    109    1.208   4      0.649    1.857
1024.0 1024.0  0.0   320.0  21504.0   6330.6   58880.0    51935.4   15744.0 15157.1 1920.0 1707.6    109    1.208   4      0.649    1.857
1024.0 1024.0  0.0   320.0  21504.0   6376.4   58880.0    51935.4   15744.0 15157.1 1920.0 1707.6    109    1.208   4      0.649    1.857
1024.0 1024.0  0.0   320.0  21504.0   6376.4   58880.0    51935.4   15744.0 15157.1 1920.0 1707.6    109    1.208   4      0.649    1.857
1024.0 1024.0  0.0   320.0  21504.0   6376.4   58880.0    51935.4   15744.0 15157.1 1920.0 1707.6    109    1.208   4      0.649    1.857
1024.0 1024.0  0.0   320.0  21504.0   6421.4   58880.0    51935.4   15744.0 15157.1 1920.0 1707.6    109    1.208   4      0.649    1.857
1024.0 1024.0  0.0   320.0  21504.0   6421.4   58880.0    51935.4   15744.0 15157.1 1920.0 1707.6    109    1.208   4      0.649    1.857
1024.0 1024.0  0.0   320.0  21504.0   6421.4   58880.0    51935.4   15744.0 15157.1 1920.0 1707.6    109    1.208   4      0.649    1.857
1024.0 1024.0  0.0   320.0  21504.0   6464.5   58880.0    51935.4   15744.0 15157.1 1920.0 1707.6    109    1.208   4      0.649    1.857
1024.0 1024.0  0.0   320.0  21504.0   6464.5   58880.0    51935.4   15744.0 15157.1 1920.0 1707.6    109    1.208   4      0.649    1.857
1024.0 1024.0  0.0   320.0  21504.0   6464.5   58880.0    51935.4   15744.0 15157.1 1920.0 1707.6    109    1.208   4      0.649    1.857
512.0  1024.0 320.0   0.0   19968.0   1963.2   58880.0    52719.4   15744.0 15157.1 1920.0 1707.6    112    1.217   4      0.649    1.866
512.0  1024.0 320.0   0.0   19968.0   1963.2   58880.0    52719.4   15744.0 15157.1 1920.0 1707.6    112    1.217   4      0.649    1.866
512.0  1024.0 320.0   0.0   19968.0   1963.2   58880.0    52719.4   15744.0 15157.1 1920.0 1707.6    112    1.217   4      0.649    1.866
512.0  1024.0 320.0   0.0   19968.0   2008.9   58880.0    52719.4   15744.0 15157.1 1920.0 1707.6    112    1.217   4      0.649    1.866
512.0  1024.0 320.0   0.0   19968.0   2008.9   58880.0    52719.4   15744.0 15157.1 1920.0 1707.6    112    1.217   4      0.649    1.866
512.0  1024.0 320.0   0.0   19968.0   2008.9   58880.0    52719.4   15744.0 15157.1 1920.0 1707.6    112    1.217   4      0.649    1.866
512.0  1024.0 320.0   0.0   19968.0   2054.0   58880.0    52719.4   15744.0 15157.1 1920.0 1707.6    112    1.217   4      0.649    1.866
512.0  1024.0 320.0   0.0   19968.0   2054.0   58880.0    52719.4   15744.0 15157.1 1920.0 1707.6    112    1.217   4      0.649    1.866
512.0  1024.0 320.0   0.0   19968.0   2054.0   58880.0    52719.4   15744.0 15157.1 1920.0 1707.6    112    1.217   4      0.649    1.866
512.0  1024.0 320.0   0.0   19968.0   2097.1   58880.0    52719.4   15744.0 15157.1 1920.0 1707.6    112    1.217   4      0.649    1.866
512.0  1024.0 320.0   0.0   19968.0   2097.1   58880.0    52719.4   15744.0 15157.1 1920.0 1707.6    112    1.217   4      0.649    1.866
512.0  1024.0 320.0   0.0   19968.0   2097.1   58880.0    52719.4   15744.0 15157.1 1920.0 1707.6    112    1.217   4      0.649    1.866
1024.0 1024.0  0.0   320.0  18944.0   1975.9   58880.0    53439.4   15744.0 15157.1 1920.0 1707.6    115    1.229   4      0.649    1.877
1024.0 1024.0  0.0   320.0  18944.0   1975.9   58880.0    53439.4   15744.0 15157.1 1920.0 1707.6    115    1.229   4      0.649    1.877
1024.0 1024.0  0.0   320.0  18944.0   1975.9   58880.0    53439.4   15744.0 15157.1 1920.0 1707.6    115    1.229   4      0.649    1.877
1024.0 1024.0  0.0   320.0  18944.0   2021.6   58880.0    53439.4   15744.0 15157.1 1920.0 1707.6    115    1.229   4      0.649    1.877
1024.0 1024.0  0.0   320.0  18944.0   2021.6   58880.0    53439.4   15744.0 15157.1 1920.0 1707.6    115    1.229   4      0.649    1.877
1024.0 1024.0  0.0   320.0  18944.0   2021.6   58880.0    53439.4   15744.0 15157.1 1920.0 1707.6    115    1.229   4      0.649    1.877
1024.0 1024.0  0.0   320.0  18944.0   2066.6   58880.0    53439.4   15744.0 15157.1 1920.0 1707.6    115    1.229   4      0.649    1.877
1024.0 1024.0  0.0   320.0  18944.0   2066.6   58880.0    53439.4   15744.0 15157.1 1920.0 1707.6    115    1.229   4      0.649    1.877
1024.0 1024.0  0.0   320.0  18944.0   2066.6   58880.0    53439.4   15744.0 15157.1 1920.0 1707.6    115    1.229   4      0.649    1.877
1024.0 1024.0  0.0   320.0  18944.0   2109.7   58880.0    53439.4   15744.0 15157.1 1920.0 1707.6    115    1.229   4      0.649    1.877
1024.0 1024.0  0.0   320.0  18944.0   2109.7   58880.0    53439.4   15744.0 15157.1 1920.0 1707.6    115    1.229   4      0.649    1.877
1024.0 1024.0  0.0   320.0  18944.0   2109.7   58880.0    53439.4   15744.0 15157.1 1920.0 1707.6    115    1.229   4      0.649    1.877
512.0  1024.0 320.0   0.0   18944.0   3621.8   58880.0    54119.4   15744.0 15157.1 1920.0 1707.6    118    1.243   4      0.649    1.891
512.0  1024.0 320.0   0.0   18944.0   3621.8   58880.0    54119.4   15744.0 15157.1 1920.0 1707.6    118    1.243   4      0.649    1.891
512.0  1024.0 320.0   0.0   18944.0   3621.8   58880.0    54119.4   15744.0 15157.1 1920.0 1707.6    118    1.243   4      0.649    1.891
512.0  1024.0 320.0   0.0   18944.0   3667.5   58880.0    54119.4   15744.0 15157.1 1920.0 1707.6    118    1.243   4      0.649    1.891
512.0  1024.0 320.0   0.0   18944.0   3667.5   58880.0    54119.4   15744.0 15157.1 1920.0 1707.6    118    1.243   4      0.649    1.891
512.0  1024.0 320.0   0.0   18944.0   3667.5   58880.0    54119.4   15744.0 15157.1 1920.0 1707.6    118    1.243   4      0.649    1.891
512.0  1024.0 320.0   0.0   18944.0   3712.6   58880.0    54119.4   15744.0 15157.1 1920.0 1707.6    118    1.243   4      0.649    1.891
512.0  1024.0 320.0   0.0   18944.0   3712.6   58880.0    54119.4   15744.0 15157.1 1920.0 1707.6    118    1.243   4      0.649    1.891
512.0  1024.0 320.0   0.0   18944.0   3712.6   58880.0    54119.4   15744.0 15157.1 1920.0 1707.6    118    1.243   4      0.649    1.891
512.0  1024.0 320.0   0.0   18944.0   3753.9   58880.0    54119.4   15744.0 15157.1 1920.0 1707.6    118    1.243   4      0.649    1.891
512.0  1024.0 320.0   0.0   18944.0   3753.9   58880.0    54119.4   15744.0 15157.1 1920.0 1707.6    118    1.243   4      0.649    1.891
512.0  1024.0 320.0   0.0   18944.0   3753.9   58880.0    54119.4   15744.0 15157.1 1920.0 1707.6    118    1.243   4      0.649    1.891
512.0  1024.0  0.0   320.0  18944.0   5232.7   58880.0    54791.4   15744.0 15157.1 1920.0 1707.6    121    1.254   4      0.649    1.902
512.0  1024.0  0.0   320.0  18944.0   5232.7   58880.0    54791.4   15744.0 15157.1 1920.0 1707.6    121    1.254   4      0.649    1.902
512.0  1024.0  0.0   320.0  18944.0   5232.7   58880.0    54791.4   15744.0 15157.1 1920.0 1707.6    121    1.254   4      0.649    1.902
512.0  1024.0  0.0   320.0  18944.0   5276.6   58880.0    54791.4   15744.0 15157.1 1920.0 1707.6    121    1.254   4      0.649    1.902
512.0  1024.0  0.0   320.0  18944.0   5276.6   58880.0    54791.4   15744.0 15157.1 1920.0 1707.6    121    1.254   4      0.649    1.902
512.0  1024.0  0.0   320.0  18944.0   5276.6   58880.0    54791.4   15744.0 15157.1 1920.0 1707.6    121    1.254   4      0.649    1.902
512.0  1024.0  0.0   320.0  18944.0   5319.8   58880.0    54791.4   15744.0 15157.1 1920.0 1707.6    121    1.254   4      0.649    1.902
512.0  1024.0  0.0   320.0  18944.0   5319.8   58880.0    54791.4   15744.0 15157.1 1920.0 1707.6    121    1.254   4      0.649    1.902
512.0  1024.0  0.0   320.0  18944.0   5319.8   58880.0    54791.4   15744.0 15157.1 1920.0 1707.6    121    1.254   4      0.649    1.902
512.0  1024.0  0.0   320.0  18944.0   5361.1   58880.0    54791.4   15744.0 15157.1 1920.0 1707.6    121    1.254   4      0.649    1.902
512.0  1024.0  0.0   320.0  18944.0   5361.1   58880.0    54791.4   15744.0 15157.1 1920.0 1707.6    121    1.254   4      0.649    1.902
