 S0C    S1C    S0U    S1U      EC       EU        OC         OU       MC     MU    CCSC   CCSU   YGC     YGCT    FGC    FGCT     GCT   
49152.0 59392.0 39680.0  0.0   219136.0 73724.5   201216.0   166469.4  15744.0 15115.0 1920.0 1711.9     24    1.363   3      1.597    2.960
49152.0 59392.0 39680.0  0.0   219136.0 198102.2  201216.0   166469.4  15744.0 15115.0 1920.0 1711.9     24    1.363   3      1.597    2.960
64000.0 48640.0  0.0   48352.0 219136.0 192769.9  201216.0   166469.4  15744.0 15115.0 1920.0 1711.9     25    1.415   3      1.597    3.012
64000.0 70656.0 56352.0  0.0   196608.0 73012.5   201216.0   166469.4  15744.0 15115.0 1920.0 1711.9     26    1.475   3      1.597    3.072
64000.0 70656.0 56352.0  0.0   196608.0 151221.3  201216.0   166469.4  15744.0 15115.0 1920.0 1711.9     26    1.475   3      1.597    3.072
64000.0 70656.0 56352.0  0.0   196608.0 194551.6  201216.0   166469.4  15744.0 15115.0 1920.0 1711.9     26    1.475   3      1.597    3.072
76800.0 64512.0  0.0   64320.0 196608.0 66276.3   201216.0   166469.4  15744.0 15118.8 1920.0 1712.3     27    1.568   3      1.597    3.165
76800.0 64512.0  0.0   64320.0 196608.0 121495.7  201216.0   166469.4  15744.0 15118.8 1920.0 1712.3     27    1.568   3      1.597    3.165
76800.0 64512.0  0.0   64320.0 196608.0 176705.1  201216.0   166469.4  15744.0 15118.8 1920.0 1712.3     27    1.568   3      1.597    3.165
76800.0 88064.0 71872.0  0.0   161792.0 28703.5   201216.0   166469.4  15744.0 15119.5 1920.0 1712.8     28    1.651   3      1.597    3.248
76800.0 88064.0 71872.0  0.0   161792.0 73047.8   201216.0   166469.4  15744.0 15119.5 1920.0 1712.8     28    1.651   3      1.597    3.248
76800.0 88064.0 71872.0  0.0   161792.0 109233.9  201216.0   166469.4  15744.0 15119.5 1920.0 1712.8     28    1.651   3      1.597    3.248
76800.0 88064.0 71872.0  0.0   161792.0 141020.3  201216.0   166469.4  15744.0 15119.5 1920.0 1712.8     28    1.651   3      1.597    3.248
97280.0 78848.0  0.0   78624.0 161792.0  4702.7   201216.0   166469.4  15744.0 15119.5 1920.0 1712.8     29    1.731   3      1.597    3.328
97280.0 78848.0  0.0   78624.0 161792.0 31030.0   201216.0   166469.4  15744.0 15119.5 1920.0 1712.8     29    1.731   3      1.597    3.328
97280.0 78848.0  0.0   78624.0 161792.0 112654.6  201216.0   166469.4  15744.0 15119.5 1920.0 1712.8     29    1.731   3      1.597    3.328
105472.0 109056.0 47232.0  0.0   112640.0 80496.5   289792.0   222359.6  15744.0 15119.5 1920.0 1712.8     34    2.225   4      2.874    5.099
98816.0 101888.0  0.0   16608.0 131584.0 75683.9   388608.0   287938.3  15744.0 15120.2 1920.0 1713.3     41    2.527   5      3.887    6.414
77312.0 79872.0 43072.0  0.0   160768.0  3221.6   388608.0   287938.3  15744.0 15127.9 1920.0 1714.2     46    2.768   5      3.887    6.655
77312.0 79872.0 43072.0  0.0   160768.0 109746.1  388608.0   287938.3  15744.0 15127.9 1920.0 1714.2     46    2.768   5      3.887    6.655
78848.0 79872.0  0.0   43968.0 160768.0 72539.7   388608.0   287938.3  15744.0 15129.0 1920.0 1714.7     47    2.823   5      3.887    6.709
78848.0 79872.0  0.0   43968.0 160768.0 110640.6  388608.0   287938.3  15744.0 15129.0 1920.0 1714.7     47    2.823   5      3.887    6.709
78848.0 79872.0  0.0   43968.0 160768.0 139811.0  388608.0   287938.3  15744.0 15129.0 1920.0 1714.7     47    2.823   5      3.887    6.709
78848.0 79872.0  0.0   43968.0 160768.0 157389.2  388608.0   287938.3  15744.0 15129.0 1920.0 1714.7     47    2.823   5      3.887    6.709
74752.0 77824.0 44864.0  0.0   169472.0 16698.4   388608.0   287938.3  15744.0 15129.0 1920.0 1714.7     48    2.907   5      3.887    6.794
74752.0 77824.0 44864.0  0.0   169472.0 31592.0   388608.0   287938.3  15744.0 15129.0 1920.0 1714.7     48    2.907   5      3.887    6.794
74752.0 77824.0 44864.0  0.0   169472.0 54461.1   388608.0   287938.3  15744.0 15129.0 1920.0 1714.7     48    2.907   5      3.887    6.794
74752.0 77824.0 44864.0  0.0   169472.0 76765.2   388608.0   287938.3  15744.0 15129.0 1920.0 1714.7     48    2.907   5      3.887    6.794
74752.0 77824.0 44864.0  0.0   169472.0 129539.6  388608.0   287938.3  15744.0 15129.0 1920.0 1714.7     48    2.907   5      3.887    6.794
74752.0 77824.0 44864.0  0.0   169472.0 153474.4  388608.0   287938.3  15744.0 15129.0 1920.0 1714.7     48    2.907   5      3.887    6.794
76800.0 77824.0  0.0   45088.0 169472.0  6675.9   388608.0   287938.3  15744.0 15129.0 1920.0 1714.7     49    2.980   5      3.887    6.866
76800.0 77824.0  0.0   45088.0 169472.0 18160.3   388608.0   287938.3  15744.0 15129.0 1920.0 1714.7     49    2.980   5      3.887    6.866
76800.0 77824.0  0.0   45088.0 169472.0 34674.3   388608.0   287938.3  15744.0 15129.0 1920.0 1714.7     49    2.980   5      3.887    6.866
76800.0 77824.0  0.0   45088.0 169472.0 72127.3   388608.0   287938.3  15744.0 15129.0 1920.0 1714.7     49    2.980   5      3.887    6.866
76800.0 77824.0  0.0   45088.0 169472.0 90477.2   388608.0   287938.3  15744.0 15129.0 1920.0 1714.7     49    2.980   5      3.887    6.866
76800.0 77824.0  0.0   45088.0 169472.0 109498.8  388608.0   287938.3  15744.0 15129.0 1920.0 1714.7     49    2.980   5      3.887    6.866
76800.0 77824.0  0.0   45088.0 169472.0 127789.4  388608.0   287938.3  15744.0 15129.0 1920.0 1714.7     49    2.980   5      3.887    6.866
76800.0 77824.0  0.0   45088.0 169472.0 144644.4  388608.0   287938.3  15744.0 15129.0 1920.0 1714.7     49    2.980   5      3.887    6.866
76800.0 77824.0  0.0   45088.0 169472.0 159003.2  388608.0   287938.3  15744.0 15129.0 1920.0 1714.7     49    2.980   5      3.887    6.866
74240.0 76288.0 46720.0  0.0   175104.0  7261.0   388608.0   287938.3  15744.0 15135.2 1920.0 1715.2     50    3.057   5      3.887    6.944
74240.0 76288.0 46720.0  0.0   175104.0 73586.6   388608.0   287938.3  15744.0 15135.2 1920.0 1715.2     50    3.057   5      3.887    6.944
76288.0 76288.0  0.0   48384.0 175104.0 43975.6   388608.0   287938.3  15744.0 15135.2 1920.0 1715.2     51    3.123   5      3.887    7.010
75776.0 76288.0 49376.0  0.0   179712.0 10675.8   388608.0   287938.3  15744.0 15139.7 1920.0 1715.2     52    3.186   5      3.887    7.073
75776.0 76288.0 49376.0  0.0   179712.0 169207.8  388608.0   287938.3  15744.0 15139.7 1920.0 1715.2     52    3.186   5      3.887    7.073
76800.0 76288.0  0.0   50944.0 179712.0 140364.8  388608.0   287938.3  15744.0 15148.8 1920.0 1715.2     53    3.256   5      3.887    7.143
74240.0 75264.0 46848.0  0.0   184832.0 106208.3  388608.0   293754.3  15744.0 15148.8 1920.0 1715.2     54    3.350   5      3.887    7.237
72704.0 75264.0  0.0   43488.0 184832.0 10974.3   388608.0   298658.3  15744.0 15148.8 1920.0 1715.2     55    3.470   5      3.887    7.357
72704.0 75264.0  0.0   43488.0 184832.0 33250.6   388608.0   298658.3  15744.0 15148.8 1920.0 1715.2     55    3.470   5      3.887    7.357
72704.0 75264.0  0.0   43488.0 184832.0 55097.3   388608.0   298658.3  15744.0 15148.8 1920.0 1715.2     55    3.470   5      3.887    7.357
72704.0 75264.0  0.0   43488.0 184832.0 73718.5   388608.0   298658.3  15744.0 15148.8 1920.0 1715.2     55    3.470   5      3.887    7.357
72704.0 75264.0  0.0   43488.0 184832.0 93584.4   388608.0   298658.3  15744.0 15148.8 1920.0 1715.2     55    3.470   5      3.887    7.357
72704.0 75264.0  0.0   43488.0 184832.0 112562.5  388608.0   298658.3  15744.0 15148.8 1920.0 1715.2     55    3.470   5      3.887    7.357
72704.0 75264.0  0.0   43488.0 184832.0 128899.6  388608.0   298658.3  15744.0 15148.8 1920.0 1715.2     55    3.470   5      3.887    7.357
72704.0 75264.0  0.0   43488.0 184832.0 169104.8  388608.0   298658.3  15744.0 15148.8 1920.0 1715.2     55    3.470   5      3.887    7.357
68608.0 70144.0 39680.0  0.0   189440.0 127939.9  388608.0   303690.3  15744.0 15148.8 1920.0 1715.2     56    3.556   5      3.887    7.442
68608.0 70144.0 39680.0  0.0   189440.0 175660.7  388608.0   303690.3  15744.0 15148.8 1920.0 1715.2     56    3.556   5      3.887    7.442
68096.0 70144.0  0.0   36448.0 189440.0  4793.8   388608.0   308706.3  15744.0 15149.2 1920.0 1715.2     57    3.615   5      3.887    7.501
68096.0 70144.0  0.0   36448.0 189440.0 41187.5   388608.0   308706.3  15744.0 15149.2 1920.0 1715.2     57    3.615   5      3.887    7.501
68096.0 70144.0  0.0   36448.0 189440.0 62322.9   388608.0   308706.3  15744.0 15149.2 1920.0 1715.2     57    3.615   5      3.887    7.501
68096.0 70144.0  0.0   36448.0 189440.0 85583.8   388608.0   308706.3  15744.0 15149.2 1920.0 1715.2     57    3.615   5      3.887    7.501
68096.0 70144.0  0.0   36448.0 189440.0 105337.0  388608.0   308706.3  15744.0 15149.2 1920.0 1715.2     57    3.615   5      3.887    7.501
68096.0 70144.0  0.0   36448.0 189440.0 123774.3  388608.0   308706.3  15744.0 15149.2 1920.0 1715.2     57    3.615   5      3.887    7.501
68096.0 70144.0  0.0   36448.0 189440.0 142565.7  388608.0   308706.3  15744.0 15149.2 1920.0 1715.2     57    3.615   5      3.887    7.501
68096.0 70144.0  0.0   36448.0 189440.0 160124.6  388608.0   308706.3  15744.0 15149.2 1920.0 1715.2     57    3.615   5      3.887    7.501
68096.0 70144.0  0.0   36448.0 189440.0 173392.1  388608.0   308706.3  15744.0 15149.2 1920.0 1715.2     57    3.615   5      3.887    7.501
68096.0 70144.0 17824.0 36448.0 189440.0 189440.0  388608.0   312466.3  15744.0 15149.2 1920.0 1715.2     58    3.615   5      3.887    7.501
65536.0 67072.0 32992.0  0.0   192512.0 102795.2  388608.0   313930.3  15744.0 15150.9 1920.0 1715.2     58    3.697   5      3.887    7.584
66048.0 67072.0  0.0   29344.0 192512.0 66843.1   388608.0   319074.3  15744.0 15154.4 1920.0 1715.2     59    3.750   5      3.887    7.637
66048.0 66048.0 25600.0  0.0   195584.0 27495.9   388608.0   324586.3  15744.0 15154.4 1920.0 1715.2     60    3.798   5      3.887    7.685
66048.0 66048.0 25600.0  0.0   195584.0 174936.1  388608.0   324586.3  15744.0 15154.4 1920.0 1715.2     60    3.798   5      3.887    7.685
65536.0 66048.0  0.0   23456.0 195584.0 135204.2  388608.0   328594.3  15744.0 15154.4 1920.0 1715.2     61    3.876   5      3.887    7.763
65536.0 66048.0  0.0   23456.0 195584.0 176825.3  388608.0   328594.3  15744.0 15154.4 1920.0 1715.2     61    3.876   5      3.887    7.763
62976.0 64512.0 24768.0  0.0   198656.0  5204.7   388608.0   329058.3  15744.0 15154.4 1920.0 1715.2     62    3.915   5      3.887    7.801
62976.0 64512.0 24768.0  0.0   198656.0 26450.5   388608.0   329058.3  15744.0 15154.4 1920.0 1715.2     62    3.915   5      3.887    7.801
62976.0 64512.0 24768.0  0.0   198656.0 46280.8   388608.0   329058.3  15744.0 15154.4 1920.0 1715.2     62    3.915   5      3.887    7.801
62976.0 64512.0 24768.0  0.0   198656.0 62797.6   388608.0   329058.3  15744.0 15154.4 1920.0 1715.2     62    3.915   5      3.887    7.801
62976.0 64512.0 24768.0  0.0   198656.0 89816.3   388608.0   329058.3  15744.0 15154.4 1920.0 1715.2     62    3.915   5      3.887    7.801
62976.0 64512.0 24768.0  0.0   198656.0 98118.1   388608.0   329058.3  15744.0 15154.4 1920.0 1715.2     62    3.915   5      3.887    7.801
62976.0 64512.0 24768.0  0.0   198656.0 157717.9  388608.0   329058.3  15744.0 15154.4 1920.0 1715.2     62    3.915   5      3.887    7.801
63488.0 64512.0  0.0   26144.0 198656.0 107349.4  388608.0   329506.3  15744.0 15164.7 1920.0 1715.2     63    3.948   5      3.887    7.835
63488.0 64512.0  0.0   26144.0 198656.0 189620.1  388608.0   329506.3  15744.0 15164.7 1920.0 1715.2     63    3.948   5      3.887    7.835
59904.0 61952.0 27168.0  0.0   200704.0 20107.7   388608.0   330290.3  15744.0 15164.7 1920.0 1715.2     64    3.987   5      3.887    7.873
59904.0 61952.0 27168.0  0.0   200704.0 43805.2   388608.0   330290.3  15744.0 15164.7 1920.0 1715.2     64    3.987   5      3.887    7.873
59904.0 61952.0 27168.0  0.0   200704.0 65679.9   388608.0   330290.3  15744.0 15164.7 1920.0 1715.2     64    3.987   5      3.887    7.873
59904.0 61952.0 27168.0  0.0   200704.0 87636.6   388608.0   330290.3  15744.0 15164.7 1920.0 1715.2     64    3.987   5      3.887    7.873
59904.0 61952.0 27168.0  0.0   200704.0 108898.3  388608.0   330290.3  15744.0 15164.7 1920.0 1715.2     64    3.987   5      3.887    7.873
59904.0 61952.0 27168.0  0.0   200704.0 126747.4  388608.0   330290.3  15744.0 15164.7 1920.0 1715.2     64    3.987   5      3.887    7.873
59904.0 61952.0 27168.0  0.0   200704.0 140008.8  388608.0   330290.3  15744.0 15164.7 1920.0 1715.2     64    3.987   5      3.887    7.873
59904.0 61952.0 27168.0  0.0   200704.0 157235.2  388608.0   330290.3  15744.0 15164.7 1920.0 1715.2     64    3.987   5      3.887    7.873
59904.0 61952.0 27168.0  0.0   200704.0 174096.2  388608.0   330290.3  15744.0 15164.7 1920.0 1715.2     64    3.987   5      3.887    7.873
59904.0 61952.0  0.0   27456.0 200704.0 41368.8   388608.0   331850.3  15744.0 15166.1 1920.0 1715.2     65    4.026   5      3.887    7.912
59904.0 61952.0  0.0   27456.0 200704.0 199491.2  388608.0   331850.3  15744.0 15166.1 1920.0 1715.2     65    4.026   5      3.887    7.912
56832.0 58368.0 27712.0  0.0   202752.0 158113.6  388608.0   333466.3  15744.0 15166.1 1920.0 1715.2     66    4.067   5      3.887    7.953
56320.0 58368.0  0.0   28000.0 202752.0 119636.4  388608.0   335082.3  15744.0 15166.1 1920.0 1715.2     67    4.155   5      3.887    8.041
53760.0 54784.0 28224.0  0.0   206336.0 68660.7   388608.0   336754.3  15744.0 15166.1 1920.0 1715.2     68    4.240   5      3.887    8.126
53760.0 54784.0 28224.0  0.0   206336.0 110280.6  388608.0   336754.3  15744.0 15166.1 1920.0 1715.2     68    4.240   5      3.887    8.126
53760.0 54784.0 28224.0  0.0   206336.0 132529.2  388608.0   336754.3  15744.0 15166.1 1920.0 1715.2     68    4.240   5      3.887    8.126
53760.0 54784.0 28224.0  0.0   206336.0 154356.6  388608.0   336754.3  15744.0 15166.1 1920.0 1715.2     68    4.240   5      3.887    8.126
53760.0 54784.0 28224.0  0.0   206336.0 174135.1  388608.0   336754.3  15744.0 15166.1 1920.0 1715.2     68    4.240   5      3.887    8.126
53760.0 54784.0 28224.0  0.0   206336.0 193212.1  388608.0   336754.3  15744.0 15166.1 1920.0 1715.2     68    4.240   5      3.887    8.126
53760.0 54784.0 28224.0  0.0   206336.0 205063.5  388608.0   336754.3  15744.0 15166.1 1920.0 1715.2     68    4.240   5      3.887    8.126
53248.0 54784.0  0.0   28416.0 206336.0 13031.1   388608.0   338410.3  15744.0 15167.0 1920.0 1715.2     69    4.306   5      3.887    8.193
53248.0 54784.0  0.0   28416.0 206336.0 33135.3   388608.0   338410.3  15744.0 15167.0 1920.0 1715.2     69    4.306   5      3.887    8.193
53248.0 54784.0  0.0   28416.0 206336.0 136700.4  388608.0   338410.3  15744.0 15167.0 1920.0 1715.2     69    4.306   5      3.887    8.193
48640.0 51200.0 28608.0  0.0   208896.0 91491.1   388608.0   340114.3  15744.0 15167.0 1920.0 1715.2     70    4.382   5      3.887    8.269
48640.0 51200.0 28608.0  0.0   208896.0 164977.4  388608.0   340114.3  15744.0 15167.0 1920.0 1715.2     70    4.382   5      3.887    8.269
48640.0 51200.0 28608.0  0.0   208896.0 188665.1  388608.0   340114.3  15744.0 15167.0 1920.0 1715.2     70    4.382   5      3.887    8.269
49664.0 51200.0  0.0   28864.0 208896.0  4897.4   388608.0   341818.3  15744.0 15167.0 1920.0 1715.2     71    4.457   5      3.887    8.344
49664.0 51200.0  0.0   28864.0 208896.0 29246.5   388608.0   341818.3  15744.0 15167.0 1920.0 1715.2     71    4.457   5      3.887    8.344
49664.0 51200.0  0.0   28864.0 208896.0 50351.4   388608.0   341818.3  15744.0 15167.0 1920.0 1715.2     71    4.457   5      3.887    8.344
49664.0 51200.0  0.0   28864.0 208896.0 71041.1   388608.0   341818.3  15744.0 15167.0 1920.0 1715.2     71    4.457   5      3.887    8.344
49664.0 51200.0  0.0   28864.0 208896.0 90757.9   388608.0   341818.3  15744.0 15167.0 1920.0 1715.2     71    4.457   5      3.887    8.344
49664.0 51200.0  0.0   28864.0 208896.0 108467.8  388608.0   341818.3  15744.0 15167.0 1920.0 1715.2     71    4.457   5      3.887    8.344
49664.0 51200.0  0.0   28864.0 208896.0 125051.7  388608.0   341818.3  15744.0 15167.0 1920.0 1715.2     71    4.457   5      3.887    8.344
49664.0 51200.0  0.0   28864.0 208896.0 141778.0  388608.0   341818.3  15744.0 15167.0 1920.0 1715.2     71    4.457   5      3.887    8.344
49664.0 51200.0  0.0   28864.0 208896.0 174513.6  388608.0   341818.3  15744.0 15167.0 1920.0 1715.2     71    4.457   5      3.887    8.344
46080.0 48128.0 29056.0  0.0   210944.0 118794.9  388608.0   343570.3  15744.0 15167.0 1920.0 1715.2     72    4.499   5      3.887    8.385
46592.0 48128.0  0.0   29248.0 210944.0 75204.7   388608.0   345298.3  15744.0 15167.7 1920.0 1715.2     73    4.543   5      3.887    8.429
45056.0 45568.0 29376.0  0.0   214016.0 13154.3   388608.0   347082.3  15744.0 15167.7 1920.0 1715.2     74    4.617   5      3.887    8.504
45056.0 45568.0 29376.0  0.0   214016.0 140003.1  388608.0   347082.3  15744.0 15167.7 1920.0 1715.2     74    4.617   5      3.887    8.504
45056.0 45568.0 29376.0  0.0   214016.0 164971.7  388608.0   347082.3  15744.0 15167.7 1920.0 1715.2     74    4.617   5      3.887    8.504
45056.0 45568.0 29376.0  0.0   214016.0 186577.5  388608.0   347082.3  15744.0 15167.7 1920.0 1715.2     74    4.617   5      3.887    8.504
45056.0 45568.0 29376.0  0.0   214016.0 208573.8  388608.0   347082.3  15744.0 15167.7 1920.0 1715.2     74    4.617   5      3.887    8.504
44032.0 45568.0  0.0   29632.0 214016.0 16980.4   388608.0   348858.3  15744.0 15167.7 1920.0 1715.2     75    4.669   5      3.887    8.556
44032.0 45568.0  0.0   29632.0 214016.0 37037.4   388608.0   348858.3  15744.0 15167.7 1920.0 1715.2     75    4.669   5      3.887    8.556
44032.0 45568.0  0.0   29632.0 214016.0 54053.6   388608.0   348858.3  15744.0 15167.7 1920.0 1715.2     75    4.669   5      3.887    8.556
44032.0 45568.0  0.0   29632.0 214016.0 67784.0   388608.0   348858.3  15744.0 15167.7 1920.0 1715.2     75    4.669   5      3.887    8.556
44032.0 45568.0  0.0   29632.0 214016.0 80159.4   388608.0   348858.3  15744.0 15167.7 1920.0 1715.2     75    4.669   5      3.887    8.556
41472.0 43008.0 29728.0  0.0   216064.0 25391.9   388608.0   350674.3  15744.0 15175.8 1920.0 1715.2     76    4.744   5      3.887    8.631
41472.0 43008.0 29728.0  0.0   216064.0 166282.1  388608.0   350674.3  15744.0 15175.8 1920.0 1715.2     76    4.744   5      3.887    8.631
41472.0 43008.0  0.0   29888.0 216064.0 21450.8   388608.0   352498.3  15744.0 15175.8 1920.0 1715.2     77    4.820   5      3.887    8.707
41472.0 43008.0  0.0   29888.0 216064.0 42898.5   388608.0   352498.3  15744.0 15175.8 1920.0 1715.2     77    4.820   5      3.887    8.707
41472.0 43008.0  0.0   29888.0 216064.0 63825.6   388608.0   352498.3  15744.0 15175.8 1920.0 1715.2     77    4.820   5      3.887    8.707
41472.0 43008.0  0.0   29888.0 216064.0 84067.9   388608.0   352498.3  15744.0 15175.8 1920.0 1715.2     77    4.820   5      3.887    8.707
41472.0 43008.0  0.0   29888.0 216064.0 100153.5  388608.0   352498.3  15744.0 15175.8 1920.0 1715.2     77    4.820   5      3.887    8.707
41472.0 43008.0  0.0   29888.0 216064.0 119491.4  388608.0   352498.3  15744.0 15175.8 1920.0 1715.2     77    4.820   5      3.887    8.707
41472.0 43008.0  0.0   29888.0 216064.0 135849.2  388608.0   352498.3  15744.0 15175.8 1920.0 1715.2     77    4.820   5      3.887    8.707
41472.0 43008.0  0.0   29888.0 216064.0 152179.1  388608.0   352498.3  15744.0 15175.8 1920.0 1715.2     77    4.820   5      3.887    8.707
41472.0 43008.0  0.0   29888.0 216064.0 168073.0  388608.0   352498.3  15744.0 15175.8 1920.0 1715.2     77    4.820   5      3.887    8.707
41472.0 43008.0  0.0   29888.0 216064.0 182453.2  388608.0   352498.3  15744.0 15175.8 1920.0 1715.2     77    4.820   5      3.887    8.707
38912.0 40448.0 30112.0  0.0   218112.0 17318.4   388608.0   354314.3  15744.0 15175.8 1920.0 1715.2     78    4.879   5      3.887    8.766
38912.0 40448.0 30112.0  0.0   218112.0 181907.5  388608.0   354314.3  15744.0 15175.8 1920.0 1715.2     78    4.879   5      3.887    8.766
39424.0 40448.0  0.0   30272.0 218112.0 116815.2  388608.0   356146.3  15744.0 15175.8 1920.0 1715.2     79    4.923   5      3.887    8.809
38400.0 38912.0 30432.0  0.0   220672.0 45804.5   388608.0   357986.3  15744.0 15175.8 1920.0 1715.2     80    4.992   5      3.887    8.878
38400.0 38912.0 30432.0  0.0   220672.0 189137.7  388608.0   357986.3  15744.0 15175.8 1920.0 1715.2     80    4.992   5      3.887    8.878
38400.0 38912.0 30432.0  0.0   220672.0 204187.2  388608.0   357986.3  15744.0 15175.8 1920.0 1715.2     80    4.992   5      3.887    8.878
38400.0 38912.0 30432.0  0.0   220672.0 204606.6  388608.0   357986.3  15744.0 15175.8 1920.0 1715.2     80    4.992   5      3.887    8.878
37888.0 38912.0  0.0   30688.0 220672.0  4368.3   388608.0   359834.3  15744.0 15176.8 1920.0 1715.2     81    5.044   5      3.887    8.930
37888.0 38912.0  0.0   30688.0 220672.0 13145.3   388608.0   359834.3  15744.0 15176.8 1920.0 1715.2     81    5.044   5      3.887    8.930
37888.0 38912.0  0.0   30688.0 220672.0 31482.3   388608.0   359834.3  15744.0 15176.8 1920.0 1715.2     81    5.044   5      3.887    8.930
37888.0 38912.0  0.0   30688.0 220672.0 49624.6   388608.0   359834.3  15744.0 15176.8 1920.0 1715.2     81    5.044   5      3.887    8.930
37888.0 38912.0  0.0   30688.0 220672.0 67836.9   388608.0   359834.3  15744.0 15176.8 1920.0 1715.2     81    5.044   5      3.887    8.930
37888.0 38912.0  0.0   30688.0 220672.0 86588.9   388608.0   359834.3  15744.0 15176.8 1920.0 1715.2     81    5.044   5      3.887    8.930
37888.0 38912.0  0.0   30688.0 220672.0 138115.5  388608.0   359834.3  15744.0 15176.8 1920.0 1715.2     81    5.044   5      3.887    8.930
36352.0 37376.0 30816.0  0.0   222720.0 68732.2   388608.0   361714.3  15744.0 15177.0 1920.0 1715.2     82    5.089   5      3.887    8.975
36352.0 37376.0 30816.0  0.0   222720.0 214824.0  388608.0   361714.3  15744.0 15177.0 1920.0 1715.2     82    5.089   5      3.887    8.975
36864.0 37376.0  0.0   30976.0 222720.0 103550.8  388608.0   363578.3  15744.0 15177.0 1920.0 1715.2     83    5.164   5      3.887    9.051
36864.0 37376.0  0.0   30976.0 222720.0 123167.5  388608.0   363578.3  15744.0 15177.0 1920.0 1715.2     83    5.164   5      3.887    9.051
36864.0 37376.0  0.0   30976.0 222720.0 123167.5  388608.0   363578.3  15744.0 15177.0 1920.0 1715.2     83    5.164   5      3.887    9.051
36864.0 37376.0  0.0   30976.0 222720.0 123255.7  388608.0   363578.3  15744.0 15177.0 1920.0 1715.2     83    5.164   5      3.887    9.051
36864.0 37376.0  0.0   30976.0 222720.0 144546.0  388608.0   363578.3  15744.0 15177.0 1920.0 1715.2     83    5.164   5      3.887    9.051
36864.0 37376.0  0.0   30976.0 222720.0 170402.5  388608.0   363578.3  15744.0 15177.0 1920.0 1715.2     83    5.164   5      3.887    9.051
36864.0 37376.0  0.0   30976.0 222720.0 184972.7  388608.0   363578.3  15744.0 15177.0 1920.0 1715.2     83    5.164   5      3.887    9.051
36864.0 37376.0  0.0   30976.0 222720.0 214420.0  388608.0   363578.3  15744.0 15177.0 1920.0 1715.2     83    5.164   5      3.887    9.051
36864.0 37376.0  0.0   30976.0 222720.0 221602.7  388608.0   363578.3  15744.0 15177.0 1920.0 1715.2     83    5.164   5      3.887    9.051
36352.0 36864.0 31168.0  0.0   224768.0 22524.4   388608.0   365482.3  15744.0 15178.0 1920.0 1715.2     84    5.216   5      3.887    9.103
36352.0 36864.0 31168.0  0.0   224768.0 97509.6   388608.0   365482.3  15744.0 15178.0 1920.0 1715.2     84    5.216   5      3.887    9.103
36352.0 36864.0  0.0   31360.0 224768.0 22270.8   388608.0   367386.3  15744.0 15178.0 1920.0 1715.2     85    5.262   5      3.887    9.149
36352.0 36864.0  0.0   31360.0 224768.0 167122.0  388608.0   367386.3  15744.0 15178.0 1920.0 1715.2     85    5.262   5      3.887    9.149
36352.0 36352.0 31488.0  0.0   226816.0 33209.1   388608.0   369314.3  15744.0 15178.0 1920.0 1715.2     86    5.345   5      3.887    9.231
36352.0 36352.0 31488.0  0.0   226816.0 33209.1   388608.0   369314.3  15744.0 15178.0 1920.0 1715.2     86    5.345   5      3.887    9.231
36352.0 36352.0 31488.0  0.0   226816.0 139243.3  388608.0   369314.3  15744.0 15178.0 1920.0 1715.2     86    5.345   5      3.887    9.231
36352.0 36352.0 31488.0  0.0   226816.0 158952.8  388608.0   369314.3  15744.0 15178.0 1920.0 1715.2     86    5.345   5      3.887    9.231
36352.0 36352.0 31488.0  0.0   226816.0 178489.2  388608.0   369314.3  15744.0 15178.0 1920.0 1715.2     86    5.345   5      3.887    9.231
36352.0 36352.0 31488.0  0.0   226816.0 197034.5  388608.0   369314.3  15744.0 15178.0 1920.0 1715.2     86    5.345   5      3.887    9.231
36352.0 36352.0 31488.0  0.0   226816.0 206034.4  388608.0   369314.3  15744.0 15178.0 1920.0 1715.2     86    5.345   5      3.887    9.231
36352.0 36352.0 31488.0  0.0   226816.0 222782.9  388608.0   369314.3  15744.0 15178.0 1920.0 1715.2     86    5.345   5      3.887    9.231
35840.0 36352.0  0.0   31648.0 226816.0 18003.3   388608.0   371234.3  15744.0 15178.0 1920.0 1715.2     87    5.403   5      3.887    9.290
35840.0 36352.0  0.0   31648.0 226816.0 36098.7   388608.0   371234.3  15744.0 15178.0 1920.0 1715.2     87    5.403   5      3.887    9.290
35840.0 36352.0  0.0   31648.0 226816.0 161115.3  388608.0   371234.3  15744.0 15178.0 1920.0 1715.2     87    5.403   5      3.887    9.290
35840.0 35840.0 31808.0  0.0   228864.0 83972.5   388608.0   373178.3  15744.0 15180.1 1920.0 1715.2     88    5.480   5      3.887    9.367
35840.0 35840.0 31808.0  0.0   228864.0 160871.6  388608.0   373178.3  15744.0 15180.1 1920.0 1715.2     88    5.480   5      3.887    9.367
35840.0 35840.0 31808.0  0.0   228864.0 160871.6  388608.0   373178.3  15744.0 15180.1 1920.0 1715.2     88    5.480   5      3.887    9.367
35840.0 35840.0  0.0   31936.0 228864.0 40905.7   388608.0   375138.3  15744.0 15180.1 1920.0 1715.2     89    5.549   5      3.887    9.436
35840.0 35840.0  0.0   31936.0 228864.0 67480.2   388608.0   375138.3  15744.0 15180.1 1920.0 1715.2     89    5.549   5      3.887    9.436
35840.0 35840.0  0.0   31936.0 228864.0 87532.2   388608.0   375138.3  15744.0 15180.1 1920.0 1715.2     89    5.549   5      3.887    9.436
35840.0 35840.0  0.0   31936.0 228864.0 106640.0  388608.0   375138.3  15744.0 15180.1 1920.0 1715.2     89    5.549   5      3.887    9.436
35840.0 35840.0  0.0   31936.0 228864.0 125385.3  388608.0   375138.3  15744.0 15180.1 1920.0 1715.2     89    5.549   5      3.887    9.436
35840.0 35840.0  0.0   31936.0 228864.0 143692.5  388608.0   375138.3  15744.0 15180.1 1920.0 1715.2     89    5.549   5      3.887    9.436
35840.0 35840.0  0.0   31936.0 228864.0 161211.3  388608.0   375138.3  15744.0 15180.1 1920.0 1715.2     89    5.549   5      3.887    9.436
35840.0 35840.0  0.0   31936.0 228864.0 176220.8  388608.0   375138.3  15744.0 15180.1 1920.0 1715.2     89    5.549   5      3.887    9.436
35840.0 35840.0 32064.0  0.0   230912.0 66616.3   388608.0   377122.3  15744.0 15180.1 1920.0 1715.2     90    5.602   5      3.887    9.488
35840.0 35840.0 32064.0  0.0   230912.0 219398.1  388608.0   377122.3  15744.0 15180.1 1920.0 1715.2     90    5.602   5      3.887    9.488
35840.0 35840.0  0.0   32224.0 230912.0 56761.6   388608.0   379106.3  15744.0 15180.1 1920.0 1715.2     91    5.706   5      3.887    9.592
35840.0 35840.0  0.0   32224.0 230912.0 56761.6   388608.0   379106.3  15744.0 15180.1 1920.0 1715.2     91    5.706   5      3.887    9.592
35840.0 35840.0  0.0   32224.0 230912.0 159018.5  388608.0   379106.3  15744.0 15180.1 1920.0 1715.2     91    5.706   5      3.887    9.592
35328.0 35840.0 32352.0  0.0   233472.0 39791.8   388608.0   381098.3  15744.0 15180.1 1920.0 1715.2     92    5.767   5      3.887    9.654
35328.0 35840.0 32352.0  0.0   233472.0 60443.0   388608.0   381098.3  15744.0 15180.1 1920.0 1715.2     92    5.767   5      3.887    9.654
35328.0 35840.0 32352.0  0.0   233472.0 81946.3   388608.0   381098.3  15744.0 15180.1 1920.0 1715.2     92    5.767   5      3.887    9.654
35328.0 35840.0 32352.0  0.0   233472.0 100461.0  388608.0   381098.3  15744.0 15180.1 1920.0 1715.2     92    5.767   5      3.887    9.654
35328.0 35840.0 32352.0  0.0   233472.0 118985.0  388608.0   381098.3  15744.0 15180.1 1920.0 1715.2     92    5.767   5      3.887    9.654
35328.0 35840.0 32352.0  0.0   233472.0 136252.7  388608.0   381098.3  15744.0 15180.1 1920.0 1715.2     92    5.767   5      3.887    9.654
35328.0 35840.0 32352.0  0.0   233472.0 152753.5  388608.0   381098.3  15744.0 15180.1 1920.0 1715.2     92    5.767   5      3.887    9.654
35328.0 35840.0 32352.0  0.0   233472.0 185588.6  388608.0   381098.3  15744.0 15180.1 1920.0 1715.2     92    5.767   5      3.887    9.654
35840.0 35840.0  0.0   32544.0 233472.0 98311.4   388608.0   383090.3  15744.0 15180.1 1920.0 1715.2     93    5.844   5      3.887    9.731
35840.0 35840.0  0.0   32544.0 233472.0 176116.3  388608.0   383090.3  15744.0 15180.1 1920.0 1715.2     93    5.844   5      3.887    9.731
35840.0 35840.0  0.0   32544.0 233472.0 176116.3  388608.0   383090.3  15744.0 15180.1 1920.0 1715.2     93    5.844   5      3.887    9.731
35840.0 35840.0 32672.0  0.0   236032.0 46259.2   388608.0   385098.3  15744.0 15183.9 1920.0 1715.2     94    5.925   5      3.887    9.811
35840.0 35840.0 32672.0  0.0   236032.0 182991.2  388608.0   385098.3  15744.0 15183.9 1920.0 1715.2     94    5.925   5      3.887    9.811
35840.0 35840.0 32672.0  0.0   236032.0 204703.6  388608.0   385098.3  15744.0 15183.9 1920.0 1715.2     94    5.925   5      3.887    9.811
35840.0 35840.0 32672.0  0.0   236032.0 228881.7  388608.0   385098.3  15744.0 15183.9 1920.0 1715.2     94    5.925   5      3.887    9.811
35840.0 35840.0  0.0   32800.0 236032.0   0.0     388608.0   387122.3  15744.0 15183.9 1920.0 1715.2     95    5.975   6      3.887    9.862
35840.0 35840.0  0.0    0.0   236032.0  9334.5   433664.0   325671.4  15744.0 15147.6 1920.0 1708.3     95    5.975   6      5.307   11.282
35840.0 35840.0  0.0    0.0   236032.0 27246.4   433664.0   325671.4  15744.0 15147.6 1920.0 1708.3     95    5.975   6      5.307   11.282
35840.0 35840.0  0.0    0.0   236032.0 42142.6   433664.0   325671.4  15744.0 15147.6 1920.0 1708.3     95    5.975   6      5.307   11.282
35840.0 35840.0  0.0    0.0   236032.0 58673.3   433664.0   325671.4  15744.0 15147.6 1920.0 1708.3     95    5.975   6      5.307   11.282
35840.0 35840.0  0.0    0.0   236032.0 117931.2  433664.0   325671.4  15744.0 15147.6 1920.0 1708.3     95    5.975   6      5.307   11.282
35840.0 40448.0 2784.0  0.0   233472.0 34859.0   433664.0   325679.4  15744.0 15148.2 1920.0 1708.3     96    5.992   6      5.307   11.299
35840.0 40448.0 2784.0  0.0   233472.0 51989.3   433664.0   325679.4  15744.0 15148.2 1920.0 1708.3     96    5.992   6      5.307   11.299
35840.0 40448.0 2784.0  0.0   233472.0 163108.7  433664.0   325679.4  15744.0 15148.2 1920.0 1708.3     96    5.992   6      5.307   11.299
43008.0 40448.0  0.0   5472.0 233472.0 79793.2   433664.0   325679.4  15744.0 15152.8 1920.0 1708.3     97    6.015   6      5.307   11.322
43008.0 40448.0  0.0   5472.0 233472.0 185449.7  433664.0   325679.4  15744.0 15152.8 1920.0 1708.3     97    6.015   6      5.307   11.322
43008.0 40448.0  0.0   5472.0 233472.0 207409.4  433664.0   325679.4  15744.0 15152.8 1920.0 1708.3     97    6.015   6      5.307   11.322
43008.0 40448.0  0.0   5472.0 233472.0 226799.9  433664.0   325679.4  15744.0 15152.8 1920.0 1708.3     97    6.015   6      5.307   11.322
43008.0 44544.0 7936.0  0.0   233984.0  4631.6   433664.0   325679.4  15744.0 15152.8 1920.0 1708.3     98    6.046   6      5.307   11.352
43008.0 44544.0 7936.0  0.0   233984.0 23281.8   433664.0   325679.4  15744.0 15152.8 1920.0 1708.3     98    6.046   6      5.307   11.352
43008.0 44544.0 7936.0  0.0   233984.0 43080.3   433664.0   325679.4  15744.0 15152.8 1920.0 1708.3     98    6.046   6      5.307   11.352
43008.0 44544.0 7936.0  0.0   233984.0 61183.9   433664.0   325679.4  15744.0 15152.8 1920.0 1708.3     98    6.046   6      5.307   11.352
43008.0 44544.0 7936.0  0.0   233984.0 77614.4   433664.0   325679.4  15744.0 15152.8 1920.0 1708.3     98    6.046   6      5.307   11.352
43008.0 44544.0 7936.0  0.0   233984.0 166554.5  433664.0   325679.4  15744.0 15152.8 1920.0 1708.3     98    6.046   6      5.307   11.352
43008.0 44544.0 7936.0  0.0   233984.0 166554.5  433664.0   325679.4  15744.0 15152.8 1920.0 1708.3     98    6.046   6      5.307   11.352
45056.0 44544.0  0.0   10144.0 233984.0 47652.0   433664.0   325679.4  15744.0 15153.0 1920.0 1708.3     99    6.076   6      5.307   11.382
45056.0 44544.0  0.0   10144.0 233984.0 201070.1  433664.0   325679.4  15744.0 15153.0 1920.0 1708.3     99    6.076   6      5.307   11.382
45056.0 45056.0 12352.0  0.0   235520.0 60294.8   433664.0   325679.4  15744.0 15153.0 1920.0 1708.3    100    6.109   6      5.307   11.416
45056.0 45056.0 12352.0  0.0   235520.0 83301.5   433664.0   325679.4  15744.0 15153.0 1920.0 1708.3    100    6.109   6      5.307   11.416
45056.0 45056.0 12352.0  0.0   235520.0 104174.9  433664.0   325679.4  15744.0 15153.0 1920.0 1708.3    100    6.109   6      5.307   11.416
45056.0 45056.0 12352.0  0.0   235520.0 124914.1  433664.0   325679.4  15744.0 15153.0 1920.0 1708.3    100    6.109   6      5.307   11.416
45056.0 45056.0 12352.0  0.0   235520.0 145843.6  433664.0   325679.4  15744.0 15153.0 1920.0 1708.3    100    6.109   6      5.307   11.416
45056.0 45056.0 12352.0  0.0   235520.0 164972.5  433664.0   325679.4  15744.0 15153.0 1920.0 1708.3    100    6.109   6      5.307   11.416
45056.0 45056.0 12352.0  0.0   235520.0 181903.7  433664.0   325679.4  15744.0 15153.0 1920.0 1708.3    100    6.109   6      5.307   11.416
45056.0 45056.0 12352.0  0.0   235520.0 201973.5  433664.0   325679.4  15744.0 15153.0 1920.0 1708.3    100    6.109   6      5.307   11.416
44032.0 45056.0  0.0   14528.0 235520.0 45876.1   433664.0   325679.4  15744.0 15155.1 1920.0 1708.3    101    6.156   6      5.307   11.462
44032.0 45056.0  0.0   14528.0 235520.0 45876.1   433664.0   325679.4  15744.0 15155.1 1920.0 1708.3    101    6.156   6      5.307   11.462
44032.0 45056.0  0.0   14528.0 235520.0 159009.5  433664.0   325679.4  15744.0 15155.1 1920.0 1708.3    101    6.156   6      5.307   11.462
40960.0 42496.0 16704.0  0.0   237056.0 80423.9   433664.0   325679.4  15744.0 15155.5 1920.0 1708.3    102    6.203   6      5.307   11.510
40960.0 42496.0 16704.0  0.0   237056.0 234820.5  433664.0   325679.4  15744.0 15155.5 1920.0 1708.3    102    6.203   6      5.307   11.510
40448.0 42496.0  0.0   18848.0 237056.0 68886.2   433664.0   325679.4  15744.0 15155.5 1920.0 1708.3    103    6.251   6      5.307   11.557
40448.0 42496.0  0.0   18848.0 237056.0 93713.9   433664.0   325679.4  15744.0 15155.5 1920.0 1708.3    103    6.251   6      5.307   11.557
40448.0 42496.0  0.0   18848.0 237056.0 116383.0  433664.0   325679.4  15744.0 15155.5 1920.0 1708.3    103    6.251   6      5.307   11.557
40448.0 42496.0  0.0   18848.0 237056.0 139933.9  433664.0   325679.4  15744.0 15155.5 1920.0 1708.3    103    6.251   6      5.307   11.557
40448.0 42496.0  0.0   18848.0 237056.0 152032.1  433664.0   325679.4  15744.0 15155.5 1920.0 1708.3    103    6.251   6      5.307   11.557
40448.0 42496.0  0.0   18848.0 237056.0 152032.1  433664.0   325679.4  15744.0 15155.5 1920.0 1708.3    103    6.251   6      5.307   11.557
40448.0 42496.0  0.0   18848.0 237056.0 152092.4  433664.0   325679.4  15744.0 15155.5 1920.0 1708.3    103    6.251   6      5.307   11.557
40448.0 42496.0  0.0   18848.0 237056.0 152092.4  433664.0   325679.4  15744.0 15155.5 1920.0 1708.3    103    6.251   6      5.307   11.557
40448.0 42496.0  0.0   18848.0 237056.0 152092.4  433664.0   325679.4  15744.0 15155.5 1920.0 1708.3    103    6.251   6      5.307   11.557
37376.0 38912.0 20992.0  0.0   239104.0 19001.7   433664.0   325679.4  15744.0 15159.4 1920.0 1708.3    104    6.283   6      5.307   11.590
37376.0 38912.0 20992.0  0.0   239104.0 129621.9  433664.0   325679.4  15744.0 15159.4 1920.0 1708.3    104    6.283   6      5.307   11.590
37376.0 38912.0 20992.0  0.0   239104.0 238026.2  433664.0   325679.4  15744.0 15159.4 1920.0 1708.3    105    6.283   6      5.307   11.590
37888.0 38912.0  0.0   23200.0 239104.0 147789.6  433664.0   325679.4  15744.0 15159.4 1920.0 1708.3    105    6.344   6      5.307   11.651
37888.0 38912.0  0.0   23200.0 239104.0 184932.0  433664.0   325679.4  15744.0 15159.4 1920.0 1708.3    105    6.344   6      5.307   11.651
37888.0 38912.0  0.0   23200.0 239104.0 221616.3  433664.0   325679.4  15744.0 15159.4 1920.0 1708.3    105    6.344   6      5.307   11.651
37888.0 38912.0  0.0   23200.0 239104.0 239054.3  433664.0   325679.4  15744.0 15159.4 1920.0 1708.3    106    6.344   6      5.307   11.651
37376.0 37888.0 25408.0  0.0   241152.0 19138.8   433664.0   325679.4  15744.0 15159.4 1920.0 1708.3    106    6.383   6      5.307   11.690
37376.0 37888.0 25408.0  0.0   241152.0 19138.8   433664.0   325679.4  15744.0 15159.4 1920.0 1708.3    106    6.383   6      5.307   11.690
37376.0 37888.0 25408.0  0.0   241152.0 19195.5   433664.0   325679.4  15744.0 15159.4 1920.0 1708.3    106    6.383   6      5.307   11.690
37376.0 37888.0 25408.0  0.0   241152.0 19195.5   433664.0   325679.4  15744.0 15159.4 1920.0 1708.3    106    6.383   6      5.307   11.690
37376.0 37888.0 25408.0  0.0   241152.0 19195.5   433664.0   325679.4  15744.0 15159.4 1920.0 1708.3    106    6.383   6      5.307   11.690
37376.0 37888.0 25408.0  0.0   241152.0 125147.0  433664.0   325679.4  15744.0 15159.4 1920.0 1708.3    106    6.383   6      5.307   11.690
38400.0 37888.0  0.0   27616.0 241152.0 43625.1   433664.0   325679.4  15744.0 15159.4 1920.0 1708.3    107    6.420   6      5.307   11.727
38400.0 37888.0  0.0   27616.0 241152.0 195355.6  433664.0   325679.4  15744.0 15159.4 1920.0 1708.3    107    6.420   6      5.307   11.727
38400.0 39936.0 29856.0  0.0   241664.0 71993.8   433664.0   325679.4  15744.0 15159.4 1920.0 1708.3    108    6.506   6      5.307   11.813
38400.0 39936.0 29856.0  0.0   241664.0 97363.5   433664.0   325679.4  15744.0 15159.4 1920.0 1708.3    108    6.506   6      5.307   11.813
38400.0 39936.0 29856.0  0.0   241664.0 116118.8  433664.0   325679.4  15744.0 15159.4 1920.0 1708.3    108    6.506   6      5.307   11.813
38400.0 39936.0 29856.0  0.0   241664.0 116184.3  433664.0   325679.4  15744.0 15159.4 1920.0 1708.3    108    6.506   6      5.307   11.813
38400.0 39936.0 29856.0  0.0   241664.0 116184.3  433664.0   325679.4  15744.0 15159.4 1920.0 1708.3    108    6.506   6      5.307   11.813
38400.0 39936.0 29856.0  0.0   241664.0 116184.3  433664.0   325679.4  15744.0 15159.4 1920.0 1708.3    108    6.506   6      5.307   11.813
38400.0 39936.0 29856.0  0.0   241664.0 116246.5  433664.0   325679.4  15744.0 15159.4 1920.0 1708.3    108    6.506   6      5.307   11.813
38400.0 39936.0 29856.0  0.0   241664.0 116246.5  433664.0   325679.4  15744.0 15159.4 1920.0 1708.3    108    6.506   6      5.307   11.813
38400.0 39936.0 29856.0  0.0   241664.0 116246.5  433664.0   325679.4  15744.0 15159.4 1920.0 1708.3    108    6.506   6      5.307   11.813
38400.0 39936.0 29856.0  0.0   241664.0 226361.2  433664.0   325679.4  15744.0 15159.4 1920.0 1708.3    108    6.506   6      5.307   11.813
41472.0 39936.0  0.0   32032.0 241664.0 146302.9  433664.0   325679.4  15744.0 15159.8 1920.0 1708.3    109    6.548   6      5.307   11.855
41472.0 43520.0 34272.0  0.0   242176.0 65179.6   433664.0   325679.4  15744.0 15159.8 1920.0 1708.3    110    6.630   6      5.307   11.936
41472.0 43520.0 34272.0  0.0   242176.0 196646.0  433664.0   325679.4  15744.0 15159.8 1920.0 1708.3    110    6.630   6      5.307   11.936
41472.0 43520.0 34272.0  0.0   242176.0 211976.5  433664.0   325679.4  15744.0 15159.8 1920.0 1708.3    110    6.630   6      5.307   11.936
41472.0 43520.0 34272.0  0.0   242176.0 211976.5  433664.0   325679.4  15744.0 15159.8 1920.0 1708.3    110    6.630   6      5.307   11.936
41472.0 43520.0 34272.0  0.0   242176.0 212057.8  433664.0   325679.4  15744.0 15159.8 1920.0 1708.3    110    6.630   6      5.307   11.936
41472.0 43520.0 34272.0  0.0   242176.0 212057.8  433664.0   325679.4  15744.0 15159.8 1920.0 1708.3    110    6.630   6      5.307   11.936
41472.0 43520.0 34272.0  0.0   242176.0 212057.8  433664.0   325679.4  15744.0 15159.8 1920.0 1708.3    110    6.630   6      5.307   11.936
41472.0 43520.0 34272.0  0.0   242176.0 212151.4  433664.0   325679.4  15744.0 15159.8 1920.0 1708.3    110    6.630   6      5.307   11.936
41472.0 43520.0 34272.0  0.0   242176.0 212151.4  433664.0   325679.4  15744.0 15159.8 1920.0 1708.3    110    6.630   6      5.307   11.936
41472.0 43520.0 34272.0  0.0   242176.0 212151.4  433664.0   325679.4  15744.0 15159.8 1920.0 1708.3    110    6.630   6      5.307   11.936
45568.0 43520.0  0.0   34336.0 242176.0 87088.9   433664.0   327871.4  15744.0 15161.1 1920.0 1708.3    111    6.679   6      5.307   11.986
45568.0 46592.0 34432.0  0.0   244224.0  4841.0   433664.0   330039.4  15744.0 15161.1 1920.0 1708.3    112    6.754   6      5.307   12.061
45568.0 46592.0 34432.0  0.0   244224.0 152314.2  433664.0   330039.4  15744.0 15161.1 1920.0 1708.3    112    6.754   6      5.307   12.061
47616.0 34816.0  0.0   34496.0 244224.0  9695.2   433664.0   332199.4  15744.0 15161.1 1920.0 1708.3    113    6.834   6      5.307   12.141
47616.0 34816.0  0.0   34496.0 244224.0 34390.5   433664.0   332199.4  15744.0 15161.1 1920.0 1708.3    113    6.834   6      5.307   12.141
47616.0 34816.0  0.0   34496.0 244224.0 54257.3   433664.0   332199.4  15744.0 15161.1 1920.0 1708.3    113    6.834   6      5.307   12.141
47616.0 34816.0  0.0   34496.0 244224.0 67974.8   433664.0   332199.4  15744.0 15161.1 1920.0 1708.3    113    6.834   6      5.307   12.141
47616.0 34816.0  0.0   34496.0 244224.0 67974.8   433664.0   332199.4  15744.0 15161.1 1920.0 1708.3    113    6.834   6      5.307   12.141
47616.0 34816.0  0.0   34496.0 244224.0 67974.8   433664.0   332199.4  15744.0 15161.1 1920.0 1708.3    113    6.834   6      5.307   12.141
47616.0 34816.0  0.0   34496.0 244224.0 68039.6   433664.0   332199.4  15744.0 15161.1 1920.0 1708.3    113    6.834   6      5.307   12.141
47616.0 34816.0  0.0   34496.0 244224.0 68039.6   433664.0   332199.4  15744.0 15161.1 1920.0 1708.3    113    6.834   6      5.307   12.141
47616.0 34816.0  0.0   34496.0 244224.0 68039.6   433664.0   332199.4  15744.0 15161.1 1920.0 1708.3    113    6.834   6      5.307   12.141
47616.0 34816.0  0.0   34496.0 244224.0 173514.3  433664.0   332199.4  15744.0 15161.1 1920.0 1708.3    113    6.834   6      5.307   12.141
47616.0 48128.0 34560.0  0.0   241664.0 87661.3   433664.0   334367.4  15744.0 15161.1 1920.0 1708.3    114    6.891   6      5.307   12.198
47616.0 48128.0 34560.0  0.0   241664.0 238392.1  433664.0   334367.4  15744.0 15161.1 1920.0 1708.3    114    6.891   6      5.307   12.198
48640.0 34816.0  0.0   34656.0 241664.0 142582.9  433664.0   336535.4  15744.0 15161.1 1920.0 1708.3    115    6.970   6      5.307   12.277
48640.0 34816.0  0.0   34656.0 241664.0 162667.9  433664.0   336535.4  15744.0 15161.1 1920.0 1708.3    115    6.970   6      5.307   12.277
48640.0 34816.0  0.0   34656.0 241664.0 162667.9  433664.0   336535.4  15744.0 15161.1 1920.0 1708.3    115    6.970   6      5.307   12.277
48640.0 34816.0  0.0   34656.0 241664.0 162718.7  433664.0   336535.4  15744.0 15161.1 1920.0 1708.3    115    6.970   6      5.307   12.277
48640.0 34816.0  0.0   34656.0 241664.0 162718.7  433664.0   336535.4  15744.0 15161.1 1920.0 1708.3    115    6.970   6      5.307   12.277
48640.0 34816.0  0.0   34656.0 241664.0 162718.7  433664.0   336535.4  15744.0 15161.1 1920.0 1708.3    115    6.970   6      5.307   12.277
48640.0 34816.0  0.0   34656.0 241664.0 162778.9  433664.0   336535.4  15744.0 15161.1 1920.0 1708.3    115    6.970   6      5.307   12.277
48640.0 34816.0  0.0   34656.0 241664.0 162778.9  433664.0   336535.4  15744.0 15161.1 1920.0 1708.3    115    6.970   6      5.307   12.277
48640.0 34816.0  0.0   34656.0 241664.0 162778.9  433664.0   336535.4  15744.0 15161.1 1920.0 1708.3    115    6.970   6      5.307   12.277
48640.0 49152.0 34688.0  0.0   239616.0 35794.9   433664.0   338695.4  15744.0 15161.1 1920.0 1708.3    116    7.019   6      5.307   12.325
48640.0 49152.0 34688.0  0.0   239616.0 195407.8  433664.0   338695.4  15744.0 15161.1 1920.0 1708.3    116    7.019   6      5.307   12.325
49152.0 49152.0  0.0   34720.0 239616.0  9502.6   433664.0   340879.4  15744.0 15161.1 1920.0 1708.3    117    7.081   6      5.307   12.388
49152.0 49152.0  0.0   34720.0 239616.0 164714.6  433664.0   340879.4  15744.0 15161.1 1920.0 1708.3    117    7.081   6      5.307   12.388
49152.0 49152.0 34752.0  0.0   239616.0 23752.4   433664.0   343079.4  15744.0 15161.1 1920.0 1708.3    118    7.164   6      5.307   12.471
49152.0 49152.0 34752.0  0.0   239616.0 23752.4   433664.0   343079.4  15744.0 15161.1 1920.0 1708.3    118    7.164   6      5.307   12.471
49152.0 49152.0 34752.0  0.0   239616.0 23797.3   433664.0   343079.4  15744.0 15161.1 1920.0 1708.3    118    7.164   6      5.307   12.471
49152.0 49152.0 34752.0  0.0   239616.0 23797.3   433664.0   343079.4  15744.0 15161.1 1920.0 1708.3    118    7.164   6      5.307   12.471
49152.0 49152.0 34752.0  0.0   239616.0 23797.3   433664.0   343079.4  15744.0 15161.1 1920.0 1708.3    118    7.164   6      5.307   12.471
49152.0 49152.0 34752.0  0.0   239616.0 23846.6   433664.0   343079.4  15744.0 15161.1 1920.0 1708.3    118    7.164   6      5.307   12.471
49152.0 49152.0 34752.0  0.0   239616.0 23846.6   433664.0   343079.4  15744.0 15161.1 1920.0 1708.3    118    7.164   6      5.307   12.471
49152.0 49152.0 34752.0  0.0   239616.0 23846.6   433664.0   343079.4  15744.0 15161.1 1920.0 1708.3    118    7.164   6      5.307   12.471
49152.0 49152.0 34752.0  0.0   239616.0 141072.1  433664.0   343079.4  15744.0 15161.1 1920.0 1708.3    118    7.164   6      5.307   12.471
48640.0 34816.0  0.0   34752.0 239616.0 57995.6   433664.0   345271.4  15744.0 15161.1 1920.0 1708.3    119    7.207   6      5.307   12.514
48640.0 34816.0  0.0   34752.0 239616.0 203851.7  433664.0   345271.4  15744.0 15161.1 1920.0 1708.3    119    7.207   6      5.307   12.514
48640.0 48640.0 34752.0  0.0   239616.0 48567.4   433664.0   347487.4  15744.0 15161.1 1920.0 1708.3    120    7.286   6      5.307   12.593
48640.0 48640.0 34752.0  0.0   239616.0 125925.7  433664.0   347487.4  15744.0 15161.1 1920.0 1708.3    120    7.286   6      5.307   12.593
48640.0 48640.0 34752.0  0.0   239616.0 125925.7  433664.0   347487.4  15744.0 15161.1 1920.0 1708.3    120    7.286   6      5.307   12.593
48640.0 48640.0 34752.0  0.0   239616.0 125975.9  433664.0   347487.4  15744.0 15161.1 1920.0 1708.3    120    7.286   6      5.307   12.593
48640.0 48640.0 34752.0  0.0   239616.0 125975.9  433664.0   347487.4  15744.0 15161.1 1920.0 1708.3    120    7.286   6      5.307   12.593
48640.0 48640.0 34752.0  0.0   239616.0 125975.9  433664.0   347487.4  15744.0 15161.1 1920.0 1708.3    120    7.286   6      5.307   12.593
48640.0 48640.0 34752.0  0.0   239616.0 126018.8  433664.0   347487.4  15744.0 15161.1 1920.0 1708.3    120    7.286   6      5.307   12.593
48640.0 48640.0 34752.0  0.0   239616.0 126018.8  433664.0   347487.4  15744.0 15161.1 1920.0 1708.3    120    7.286   6      5.307   12.593
48640.0 48640.0 34752.0  0.0   239616.0 126018.8  433664.0   347487.4  15744.0 15161.1 1920.0 1708.3    120    7.286   6      5.307   12.593
48128.0 48640.0  0.0   34784.0 239616.0  4744.2   433664.0   349703.4  15744.0 15161.1 1920.0 1708.3    121    7.336   6      5.307   12.643
48128.0 48640.0  0.0   34784.0 239616.0 167519.3  433664.0   349703.4  15744.0 15161.1 1920.0 1708.3    121    7.336   6      5.307   12.643
47616.0 47616.0 34752.0  0.0   241152.0 86697.5   433664.0   351935.4  15744.0 15161.1 1920.0 1708.3    122    7.387   6      5.307   12.694
47616.0 47616.0 34752.0  0.0   241152.0 227077.7  433664.0   351935.4  15744.0 15161.1 1920.0 1708.3    122    7.387   6      5.307   12.694
47616.0 47616.0 34752.0  0.0   241152.0 227077.7  433664.0   351935.4  15744.0 15161.1 1920.0 1708.3    122    7.387   6      5.307   12.694
47616.0 47616.0 34752.0  0.0   241152.0 227077.7  433664.0   351935.4  15744.0 15161.1 1920.0 1708.3    122    7.387   6      5.307   12.694
47616.0 47616.0 34752.0  0.0   241152.0 227134.0  433664.0   351935.4  15744.0 15161.1 1920.0 1708.3    122    7.387   6      5.307   12.694
47616.0 47616.0 34752.0  0.0   241152.0 227134.0  433664.0   351935.4  15744.0 15161.1 1920.0 1708.3    122    7.387   6      5.307   12.694
47616.0 47616.0 34752.0  0.0   241152.0 227134.0  433664.0   351935.4  15744.0 15161.1 1920.0 1708.3    122    7.387   6      5.307   12.694
47616.0 47616.0 34752.0  0.0   241152.0 227185.3  433664.0   351935.4  15744.0 15161.1 1920.0 1708.3    122    7.387   6      5.307   12.694
47616.0 47616.0 34752.0  0.0   241152.0 227185.3  433664.0   351935.4  15744.0 15161.1 1920.0 1708.3    122    7.387   6      5.307   12.694
47616.0 47616.0 34752.0  0.0   241152.0 227185.3  433664.0   351935.4  15744.0 15161.1 1920.0 1708.3    122    7.387   6      5.307   12.694
47104.0 47616.0  0.0   34752.0 241152.0 112164.3  433664.0   354167.4  15744.0 15165.6 1920.0 1708.3    123    7.442   6      5.307   12.749
46592.0 46592.0 34752.0  0.0   243200.0 24128.9   433664.0   356407.4  15744.0 15165.6 1920.0 1708.3    124    7.487   6      5.307   12.794
46592.0 46592.0 34752.0  0.0   243200.0 187151.7  433664.0   356407.4  15744.0 15165.6 1920.0 1708.3    124    7.487   6      5.307   12.794
46080.0 46592.0  0.0   34784.0 243200.0 53155.0   433664.0   358647.4  15744.0 15165.6 1920.0 1708.3    125    7.533   6      5.307   12.840
46080.0 46592.0  0.0   34784.0 243200.0 81218.9   433664.0   358647.4  15744.0 15165.6 1920.0 1708.3    125    7.533   6      5.307   12.840
46080.0 46592.0  0.0   34784.0 243200.0 83034.6   433664.0   358647.4  15744.0 15165.6 1920.0 1708.3    125    7.533   6      5.307   12.840
46080.0 46592.0  0.0   34784.0 243200.0 83085.1   433664.0   358647.4  15744.0 15165.6 1920.0 1708.3    125    7.533   6      5.307   12.840
46080.0 46592.0  0.0   34784.0 243200.0 83085.1   433664.0   358647.4  15744.0 15165.6 1920.0 1708.3    125    7.533   6      5.307   12.840
46080.0 46592.0  0.0   34784.0 243200.0 83085.1   433664.0   358647.4  15744.0 15165.6 1920.0 1708.3    125    7.533   6      5.307   12.840
46080.0 46592.0  0.0   34784.0 243200.0 83135.6   433664.0   358647.4  15744.0 15165.6 1920.0 1708.3    125    7.533   6      5.307   12.840
46080.0 46592.0  0.0   34784.0 243200.0 83135.6   433664.0   358647.4  15744.0 15165.6 1920.0 1708.3    125    7.533   6      5.307   12.840
46080.0 46592.0  0.0   34784.0 243200.0 83135.6   433664.0   358647.4  15744.0 15165.6 1920.0 1708.3    125    7.533   6      5.307   12.840
46080.0 46592.0  0.0   34784.0 243200.0 189966.0  433664.0   358647.4  15744.0 15165.6 1920.0 1708.3    125    7.533   6      5.307   12.840
45568.0 45568.0 34752.0  0.0   245248.0 110457.0  433664.0   360903.5  15744.0 15165.6 1920.0 1708.3    126    7.583   6      5.307   12.890
45568.0 45568.0 34752.0  0.0   245248.0 177476.4  433664.0   360903.5  15744.0 15165.6 1920.0 1708.3    126    7.583   6      5.307   12.890
45056.0 45568.0  0.0   34784.0 245248.0 84338.4   433664.0   363135.5  15744.0 15165.6 1920.0 1708.3    127    7.659   6      5.307   12.966
45056.0 45568.0  0.0   34784.0 245248.0 175251.9  433664.0   363135.5  15744.0 15165.6 1920.0 1708.3    127    7.659   6      5.307   12.966
45056.0 45568.0  0.0   34784.0 245248.0 175251.9  433664.0   363135.5  15744.0 15165.6 1920.0 1708.3    127    7.659   6      5.307   12.966
45056.0 45568.0  0.0   34784.0 245248.0 175300.6  433664.0   363135.5  15744.0 15165.6 1920.0 1708.3    127    7.659   6      5.307   12.966
45056.0 45568.0  0.0   34784.0 245248.0 175300.6  433664.0   363135.5  15744.0 15165.6 1920.0 1708.3    127    7.659   6      5.307   12.966
45056.0 45568.0  0.0   34784.0 245248.0 175300.6  433664.0   363135.5  15744.0 15165.6 1920.0 1708.3    127    7.659   6      5.307   12.966
45056.0 45568.0  0.0   34784.0 245248.0 175351.2  433664.0   363135.5  15744.0 15165.6 1920.0 1708.3    127    7.659   6      5.307   12.966
45056.0 45568.0  0.0   34784.0 245248.0 175351.2  433664.0   363135.5  15744.0 15165.6 1920.0 1708.3    127    7.659   6      5.307   12.966
45056.0 45568.0  0.0   34784.0 245248.0 175351.2  433664.0   363135.5  15744.0 15165.6 1920.0 1708.3    127    7.659   6      5.307   12.966
44544.0 44544.0 34784.0  0.0   247296.0 44166.3   433664.0   365375.5  15744.0 15169.1 1920.0 1708.3    128    7.708   6      5.307   13.015
44544.0 44544.0 34784.0  0.0   247296.0 207279.5  433664.0   365375.5  15744.0 15169.1 1920.0 1708.3    128    7.708   6      5.307   13.015
44032.0 44544.0  0.0   34848.0 247296.0 115703.3  433664.0   367623.5  15744.0 15169.1 1920.0 1708.3    129    7.805   6      5.307   13.112
43520.0 43520.0 34848.0  0.0   249344.0  4932.6   433664.0   369863.5  15744.0 15169.1 1920.0 1708.3    130    7.858   6      5.307   13.165
43520.0 43520.0 34848.0  0.0   249344.0 19755.5   433664.0   369863.5  15744.0 15169.1 1920.0 1708.3    130    7.858   6      5.307   13.165
43520.0 43520.0 34848.0  0.0   249344.0 19755.5   433664.0   369863.5  15744.0 15169.1 1920.0 1708.3    130    7.858   6      5.307   13.165
43520.0 43520.0 34848.0  0.0   249344.0 19801.1   433664.0   369863.5  15744.0 15169.1 1920.0 1708.3    130    7.858   6      5.307   13.165
43520.0 43520.0 34848.0  0.0   249344.0 19801.1   433664.0   369863.5  15744.0 15169.1 1920.0 1708.3    130    7.858   6      5.307   13.165
43520.0 43520.0 34848.0  0.0   249344.0 19801.1   433664.0   369863.5  15744.0 15169.1 1920.0 1708.3    130    7.858   6      5.307   13.165
43520.0 43520.0 34848.0  0.0   249344.0 19845.1   433664.0   369863.5  15744.0 15169.1 1920.0 1708.3    130    7.858   6      5.307   13.165
43520.0 43520.0 34848.0  0.0   249344.0 19845.1   433664.0   369863.5  15744.0 15169.1 1920.0 1708.3    130    7.858   6      5.307   13.165
43520.0 43520.0 34848.0  0.0   249344.0 19845.1   433664.0   369863.5  15744.0 15169.1 1920.0 1708.3    130    7.858   6      5.307   13.165
43520.0 43520.0 34848.0  0.0   249344.0 128717.1  433664.0   369863.5  15744.0 15169.1 1920.0 1708.3    130    7.858   6      5.307   13.165
43008.0 43520.0  0.0   34944.0 249344.0 35906.7   433664.0   372095.5  15744.0 15169.1 1920.0 1708.3    131    7.903   6      5.307   13.210
43008.0 43520.0  0.0   34944.0 249344.0 187137.4  433664.0   372095.5  15744.0 15169.1 1920.0 1708.3    131    7.903   6      5.307   13.210
42496.0 42496.0 35040.0  0.0   251392.0 75636.1   433664.0   374303.5  15744.0 15169.1 1920.0 1708.3    132    7.982   6      5.307   13.289
42496.0 42496.0 35040.0  0.0   251392.0 100568.5  433664.0   374303.5  15744.0 15169.1 1920.0 1708.3    132    7.982   6      5.307   13.289
42496.0 42496.0 35040.0  0.0   251392.0 102740.0  433664.0   374303.5  15744.0 15169.1 1920.0 1708.3    132    7.982   6      5.307   13.289
42496.0 42496.0 35040.0  0.0   251392.0 102787.2  433664.0   374303.5  15744.0 15169.1 1920.0 1708.3    132    7.982   6      5.307   13.289
42496.0 42496.0 35040.0  0.0   251392.0 102787.2  433664.0   374303.5  15744.0 15169.1 1920.0 1708.3    132    7.982   6      5.307   13.289
42496.0 42496.0 35040.0  0.0   251392.0 102787.2  433664.0   374303.5  15744.0 15169.1 1920.0 1708.3    132    7.982   6      5.307   13.289
42496.0 42496.0 35040.0  0.0   251392.0 102833.2  433664.0   374303.5  15744.0 15169.1 1920.0 1708.3    132    7.982   6      5.307   13.289
42496.0 42496.0 35040.0  0.0   251392.0 102833.2  433664.0   374303.5  15744.0 15169.1 1920.0 1708.3    132    7.982   6      5.307   13.289
42496.0 42496.0 35040.0  0.0   251392.0 102833.2  433664.0   374303.5  15744.0 15169.1 1920.0 1708.3    132    7.982   6      5.307   13.289
42496.0 42496.0 35040.0  0.0   251392.0 211568.7  433664.0   374303.5  15744.0 15169.1 1920.0 1708.3    132    7.982   6      5.307   13.289
42496.0 42496.0  0.0   35136.0 251392.0 115047.0  433664.0   376519.5  15744.0 15169.1 1920.0 1708.3    133    8.035   6      5.307   13.342
41472.0 41984.0 35264.0  0.0   252928.0  9538.6   433664.0   378735.5  15744.0 15169.1 1920.0 1708.3    134    8.127   6      5.307   13.434
41472.0 41984.0 35264.0  0.0   252928.0 94467.8   433664.0   378735.5  15744.0 15169.1 1920.0 1708.3    134    8.127   6      5.307   13.434
41472.0 41984.0 35264.0  0.0   252928.0 178393.4  433664.0   378735.5  15744.0 15169.1 1920.0 1708.3    134    8.127   6      5.307   13.434
41472.0 41984.0 35264.0  0.0   252928.0 180283.5  433664.0   378735.5  15744.0 15169.1 1920.0 1708.3    134    8.127   6      5.307   13.434
41472.0 41984.0 35264.0  0.0   252928.0 180327.0  433664.0   378735.5  15744.0 15169.1 1920.0 1708.3    134    8.127   6      5.307   13.434
41472.0 41984.0 35264.0  0.0   252928.0 180327.0  433664.0   378735.5  15744.0 15169.1 1920.0 1708.3    134    8.127   6      5.307   13.434
41472.0 41984.0 35264.0  0.0   252928.0 180327.0  433664.0   378735.5  15744.0 15169.1 1920.0 1708.3    134    8.127   6      5.307   13.434
41472.0 41984.0 35264.0  0.0   252928.0 180371.5  433664.0   378735.5  15744.0 15169.1 1920.0 1708.3    134    8.127   6      5.307   13.434
41472.0 41984.0 35264.0  0.0   252928.0 180371.5  433664.0   378735.5  15744.0 15169.1 1920.0 1708.3    134    8.127   6      5.307   13.434
41472.0 41984.0 35264.0  0.0   252928.0 180371.5  433664.0   378735.5  15744.0 15169.1 1920.0 1708.3    134    8.127   6      5.307   13.434
41472.0 41984.0  0.0   35328.0 252928.0 35094.6   433664.0   380951.5  15744.0 15169.5 1920.0 1708.3    135    8.189   6      5.307   13.496
41472.0 41984.0  0.0   35328.0 252928.0 186621.0  433664.0   380951.5  15744.0 15169.5 1920.0 1708.3    135    8.189   6      5.307   13.496
41472.0 41472.0 35488.0  0.0   254464.0 77215.0   433664.0   383175.5  15744.0 15169.5 1920.0 1708.3    136    8.266   6      5.307   13.573
41472.0 41472.0 35488.0  0.0   254464.0 165396.4  433664.0   383175.5  15744.0 15169.5 1920.0 1708.3    136    8.266   6      5.307   13.573
41472.0 41472.0 35488.0  0.0   254464.0 253222.6  433664.0   383175.5  15744.0 15169.5 1920.0 1708.3    136    8.266   6      5.307   13.573
40960.0 41472.0  0.0   35584.0 254464.0  5041.6   433664.0   385391.5  15744.0 15169.8 1920.0 1708.3    137    8.314   6      5.307   13.621
40960.0 41472.0  0.0   35584.0 254464.0  5086.6   433664.0   385391.5  15744.0 15169.8 1920.0 1708.3    137    8.314   6      5.307   13.621
40960.0 41472.0  0.0   35584.0 254464.0  5086.6   433664.0   385391.5  15744.0 15169.8 1920.0 1708.3    137    8.314   6      5.307   13.621
40960.0 41472.0  0.0   35584.0 254464.0  5086.6   433664.0   385391.5  15744.0 15169.8 1920.0 1708.3    137    8.314   6      5.307   13.621
40960.0 41472.0  0.0   35584.0 254464.0  5133.2   433664.0   385391.5  15744.0 15169.8 1920.0 1708.3    137    8.314   6      5.307   13.621
40960.0 41472.0  0.0   35584.0 254464.0  5133.2   433664.0   385391.5  15744.0 15169.8 1920.0 1708.3    137    8.314   6      5.307   13.621
40960.0 41472.0  0.0   35584.0 254464.0  5133.2   433664.0   385391.5  15744.0 15169.8 1920.0 1708.3    137    8.314   6      5.307   13.621
40960.0 41472.0  0.0   35584.0 254464.0 115499.1  433664.0   385391.5  15744.0 15169.8 1920.0 1708.3    137    8.314   6      5.307   13.621
40960.0 40960.0 35744.0  0.0   254976.0 19759.1   433664.0   387615.5  15744.0 15169.8 1920.0 1708.3    138    8.364   6      5.307   13.671
40960.0 40960.0 35744.0  0.0   254976.0 171218.8  433664.0   387615.5  15744.0 15169.8 1920.0 1708.3    138    8.364   6      5.307   13.671
40960.0 40960.0  0.0   35872.0 254976.0 25320.9   433664.0   389847.5  15744.0 15169.8 1920.0 1708.3    139    8.448   6      5.307   13.755
40960.0 40960.0  0.0   35872.0 254976.0 45570.7   433664.0   389847.5  15744.0 15169.8 1920.0 1708.3    139    8.448   6      5.307   13.755
40960.0 40960.0  0.0   35872.0 254976.0 69936.7   433664.0   389847.5  15744.0 15169.8 1920.0 1708.3    139    8.448   6      5.307   13.755
40960.0 40960.0  0.0   35872.0 254976.0 75044.3   433664.0   389847.5  15744.0 15169.8 1920.0 1708.3    139    8.448   6      5.307   13.755
40960.0 40960.0  0.0   35872.0 254976.0 75044.3   433664.0   389847.5  15744.0 15169.8 1920.0 1708.3    139    8.448   6      5.307   13.755
40960.0 40960.0  0.0   35872.0 254976.0 75044.3   433664.0   389847.5  15744.0 15169.8 1920.0 1708.3    139    8.448   6      5.307   13.755
40960.0 40960.0  0.0   35872.0 254976.0 75090.8   433664.0   389847.5  15744.0 15169.8 1920.0 1708.3    139    8.448   6      5.307   13.755
40960.0 40960.0  0.0   35872.0 254976.0 75090.8   433664.0   389847.5  15744.0 15169.8 1920.0 1708.3    139    8.448   6      5.307   13.755
40960.0 40960.0  0.0   35872.0 254976.0 75090.8   433664.0   389847.5  15744.0 15169.8 1920.0 1708.3    139    8.448   6      5.307   13.755
40960.0 40960.0  0.0   35872.0 254976.0 174968.3  433664.0   389847.5  15744.0 15169.8 1920.0 1708.3    139    8.448   6      5.307   13.755
40960.0 40960.0 35968.0  0.0   256000.0 67502.4   433664.0   392103.5  15744.0 15169.8 1920.0 1708.3    140    8.498   6      5.307   13.805
40960.0 40960.0 35968.0  0.0   256000.0 202122.1  433664.0   392103.5  15744.0 15169.8 1920.0 1708.3    140    8.498   6      5.307   13.805
40448.0 36352.0  0.0   36064.0 256000.0 98236.6   433664.0   394343.5  15744.0 15169.8 1920.0 1708.3    141    8.578   6      5.307   13.885
40448.0 36352.0  0.0   36064.0 256000.0 145439.3  433664.0   394343.5  15744.0 15169.8 1920.0 1708.3    141    8.578   6      5.307   13.885
40448.0 36352.0  0.0   36064.0 256000.0 145439.3  433664.0   394343.5  15744.0 15169.8 1920.0 1708.3    141    8.578   6      5.307   13.885
40448.0 36352.0  0.0   36064.0 256000.0 145485.1  433664.0   394343.5  15744.0 15169.8 1920.0 1708.3    141    8.578   6      5.307   13.885
40448.0 36352.0  0.0   36064.0 256000.0 145485.1  433664.0   394343.5  15744.0 15169.8 1920.0 1708.3    141    8.578   6      5.307   13.885
40448.0 36352.0  0.0   36064.0 256000.0 145485.1  433664.0   394343.5  15744.0 15169.8 1920.0 1708.3    141    8.578   6      5.307   13.885
40448.0 36352.0  0.0   36064.0 256000.0 145528.8  433664.0   394343.5  15744.0 15169.8 1920.0 1708.3    141    8.578   6      5.307   13.885
40448.0 36352.0  0.0   36064.0 256000.0 145528.8  433664.0   394343.5  15744.0 15169.8 1920.0 1708.3    141    8.578   6      5.307   13.885
40448.0 36352.0  0.0   36064.0 256000.0 145528.8  433664.0   394343.5  15744.0 15169.8 1920.0 1708.3    141    8.578   6      5.307   13.885
40448.0 40448.0 36192.0  0.0   256000.0 10122.2   433664.0   396615.5  15744.0 15169.8 1920.0 1708.3    142    8.636   6      5.307   13.943
40448.0 40448.0 36192.0  0.0   256000.0 164997.3  433664.0   396615.5  15744.0 15169.8 1920.0 1708.3    142    8.636   6      5.307   13.943
40448.0 40448.0  0.0   36224.0 256000.0 49374.5   433664.0   398879.5  15744.0 15169.8 1920.0 1708.3    143    8.713   6      5.307   14.019
40448.0 40448.0  0.0   36224.0 256000.0 187303.9  433664.0   398879.5  15744.0 15169.8 1920.0 1708.3    143    8.713   6      5.307   14.019
40448.0 40448.0  0.0   36224.0 256000.0 208125.9  433664.0   398879.5  15744.0 15169.8 1920.0 1708.3    143    8.713   6      5.307   14.019
40448.0 40448.0  0.0   36224.0 256000.0 213221.8  433664.0   398879.5  15744.0 15169.8 1920.0 1708.3    143    8.713   6      5.307   14.019
40448.0 40448.0  0.0   36224.0 256000.0 213267.1  433664.0   398879.5  15744.0 15169.8 1920.0 1708.3    143    8.713   6      5.307   14.019
40448.0 40448.0  0.0   36224.0 256000.0 213267.1  433664.0   398879.5  15744.0 15169.8 1920.0 1708.3    143    8.713   6      5.307   14.019
40448.0 40448.0  0.0   36224.0 256000.0 213267.1  433664.0   398879.5  15744.0 15169.8 1920.0 1708.3    143    8.713   6      5.307   14.019
40448.0 40448.0  0.0   36224.0 256000.0 213309.9  433664.0   398879.5  15744.0 15169.8 1920.0 1708.3    143    8.713   6      5.307   14.019
40448.0 40448.0  0.0   36224.0 256000.0 213309.9  433664.0   398879.5  15744.0 15169.8 1920.0 1708.3    143    8.713   6      5.307   14.019
40448.0 40448.0  0.0   36224.0 256000.0 213309.9  433664.0   398879.5  15744.0 15169.8 1920.0 1708.3    143    8.713   6      5.307   14.019
40448.0 40448.0 36352.0  0.0   257024.0 38572.4   433664.0   401151.5  15744.0 15169.8 1920.0 1708.3    144    8.767   6      5.307   14.073
40448.0 40448.0 36352.0  0.0   257024.0 163430.8  433664.0   401151.5  15744.0 15169.8 1920.0 1708.3    144    8.767   6      5.307   14.073
40448.0 40448.0  0.0   36480.0 257024.0 52449.4   433664.0   403423.5  15744.0 15169.8 1920.0 1708.3    145    8.847   6      5.307   14.154
40448.0 40448.0  0.0   36480.0 257024.0 136104.4  433664.0   403423.5  15744.0 15169.8 1920.0 1708.3    145    8.847   6      5.307   14.154
40448.0 40448.0  0.0   36480.0 257024.0 222202.0  433664.0   403423.5  15744.0 15169.8 1920.0 1708.3    145    8.847   6      5.307   14.154
40448.0 40448.0  0.0   36480.0 257024.0 257024.0  433664.0   403423.5  15744.0 15169.8 1920.0 1708.3    145    8.847   6      5.307   14.154
40448.0 40448.0 36544.0  0.0   257024.0 24545.1   433664.0   405719.5  15744.0 15169.8 1920.0 1708.3    146    8.925   6      5.307   14.232
40448.0 40448.0 36544.0  0.0   257024.0 27413.1   433664.0   405719.5  15744.0 15169.8 1920.0 1708.3    146    8.925   6      5.307   14.232
40448.0 40448.0 36544.0  0.0   257024.0 27413.1   433664.0   405719.5  15744.0 15169.8 1920.0 1708.3    146    8.925   6      5.307   14.232
40448.0 40448.0 36544.0  0.0   257024.0 27458.2   433664.0   405719.5  15744.0 15169.8 1920.0 1708.3    146    8.925   6      5.307   14.232
40448.0 40448.0 36544.0  0.0   257024.0 27458.2   433664.0   405719.5  15744.0 15169.8 1920.0 1708.3    146    8.925   6      5.307   14.232
40448.0 40448.0 36544.0  0.0   257024.0 27458.2   433664.0   405719.5  15744.0 15169.8 1920.0 1708.3    146    8.925   6      5.307   14.232
40448.0 40448.0 36544.0  0.0   257024.0 144538.3  433664.0   405719.5  15744.0 15169.8 1920.0 1708.3    146    8.925   6      5.307   14.232
40448.0 40448.0  0.0   36576.0 257024.0 44545.8   433664.0   408015.5  15744.0 15169.8 1920.0 1708.3    147    8.980   6      5.307   14.287
40448.0 40448.0  0.0   36576.0 257024.0 141432.7  433664.0   408015.5  15744.0 15169.8 1920.0 1708.3    147    8.980   6      5.307   14.287
40448.0 40448.0  0.0   36576.0 257024.0 236970.9  433664.0   408015.5  15744.0 15169.8 1920.0 1708.3    147    8.980   6      5.307   14.287
39424.0 39936.0 36608.0  0.0   257024.0 64467.4   433664.0   410335.5  15744.0 15169.8 1920.0 1708.3    148    9.074   6      5.307   14.381
39424.0 39936.0 36608.0  0.0   257024.0 87767.2   433664.0   410335.5  15744.0 15169.8 1920.0 1708.3    148    9.074   6      5.307   14.381
39424.0 39936.0 36608.0  0.0   257024.0 95657.1   433664.0   410335.5  15744.0 15169.8 1920.0 1708.3    148    9.074   6      5.307   14.381
39424.0 39936.0 36608.0  0.0   257024.0 95657.1   433664.0   410335.5  15744.0 15169.8 1920.0 1708.3    148    9.074   6      5.307   14.381
39424.0 39936.0 36608.0  0.0   257024.0 95657.1   433664.0   410335.5  15744.0 15169.8 1920.0 1708.3    148    9.074   6      5.307   14.381
39424.0 39936.0 36608.0  0.0   257024.0 95702.4   433664.0   410335.5  15744.0 15169.8 1920.0 1708.3    148    9.074   6      5.307   14.381
39424.0 39936.0 36608.0  0.0   257024.0 95702.4   433664.0   410335.5  15744.0 15169.8 1920.0 1708.3    148    9.074   6      5.307   14.381
39424.0 39936.0 36608.0  0.0   257024.0 95702.4   433664.0   410335.5  15744.0 15169.8 1920.0 1708.3    148    9.074   6      5.307   14.381
39424.0 39936.0 36608.0  0.0   257024.0 195212.7  433664.0   410335.5  15744.0 15169.8 1920.0 1708.3    148    9.074   6      5.307   14.381
39936.0 39936.0  0.0   36672.0 257024.0 97630.4   433664.0   412655.5  15744.0 15169.8 1920.0 1708.3    149    9.129   6      5.307   14.436
39936.0 39936.0  0.0   36672.0 257024.0 250766.5  433664.0   412655.5  15744.0 15169.8 1920.0 1708.3    149    9.129   6      5.307   14.436
39936.0 39936.0 36768.0  0.0   258048.0 140050.1  433664.0   414991.5  15744.0 15169.8 1920.0 1708.3    150    9.221   6      5.307   14.528
39936.0 39936.0 36768.0  0.0   258048.0 161196.9  433664.0   414991.5  15744.0 15169.8 1920.0 1708.3    150    9.221   6      5.307   14.528
39936.0 39936.0 36768.0  0.0   258048.0 161196.9  433664.0   414991.5  15744.0 15169.8 1920.0 1708.3    150    9.221   6      5.307   14.528
39936.0 39936.0 36768.0  0.0   258048.0 161240.6  433664.0   414991.5  15744.0 15169.8 1920.0 1708.3    150    9.221   6      5.307   14.528
39936.0 39936.0 36768.0  0.0   258048.0 161240.6  433664.0   414991.5  15744.0 15169.8 1920.0 1708.3    150    9.221   6      5.307   14.528
39936.0 39936.0 36768.0  0.0   258048.0 161240.6  433664.0   414991.5  15744.0 15169.8 1920.0 1708.3    150    9.221   6      5.307   14.528
39936.0 39936.0 36768.0  0.0   258048.0 161283.9  433664.0   414991.5  15744.0 15169.8 1920.0 1708.3    150    9.221   6      5.307   14.528
39936.0 39936.0 36768.0  0.0   258048.0 161283.9  433664.0   414991.5  15744.0 15169.8 1920.0 1708.3    150    9.221   6      5.307   14.528
39936.0 39936.0 36768.0  0.0   258048.0 161283.9  433664.0   414991.5  15744.0 15169.8 1920.0 1708.3    150    9.221   6      5.307   14.528
39936.0 39936.0  0.0   36736.0 258048.0 25565.9   433664.0   417335.5  15744.0 15171.1 1920.0 1708.3    151    9.272   6      5.307   14.579
39936.0 39936.0  0.0   36736.0 258048.0 182128.7  433664.0   417335.5  15744.0 15171.1 1920.0 1708.3    151    9.272   6      5.307   14.579
39936.0 39936.0 36800.0  0.0   258048.0 72743.8   433664.0   419687.5  15744.0 15171.1 1920.0 1708.3    152    9.387   6      5.307   14.694
39936.0 39936.0 36800.0  0.0   258048.0 192219.0  433664.0   419687.5  15744.0 15171.1 1920.0 1708.3    152    9.387   6      5.307   14.694
39936.0 39936.0 36800.0  0.0   258048.0 221294.7  433664.0   419687.5  15744.0 15171.1 1920.0 1708.3    152    9.387   6      5.307   14.694
39936.0 39936.0 36800.0  0.0   258048.0 222101.9  433664.0   419687.5  15744.0 15171.1 1920.0 1708.3    152    9.387   6      5.307   14.694
39936.0 39936.0 36800.0  0.0   258048.0 227282.1  433664.0   419687.5  15744.0 15171.1 1920.0 1708.3    152    9.387   6      5.307   14.694
39936.0 39936.0 36800.0  0.0   258048.0 227282.1  433664.0   419687.5  15744.0 15171.1 1920.0 1708.3    152    9.387   6      5.307   14.694
39936.0 39936.0 36800.0  0.0   258048.0 227282.1  433664.0   419687.5  15744.0 15171.1 1920.0 1708.3    152    9.387   6      5.307   14.694
39936.0 39936.0 36800.0  0.0   258048.0 227323.8  433664.0   419687.5  15744.0 15171.1 1920.0 1708.3    152    9.387   6      5.307   14.694
39936.0 39936.0 36800.0  0.0   258048.0 227323.8  433664.0   419687.5  15744.0 15171.1 1920.0 1708.3    152    9.387   6      5.307   14.694
39936.0 39936.0 36800.0  0.0   258048.0 227323.8  433664.0   419687.5  15744.0 15171.1 1920.0 1708.3    152    9.387   6      5.307   14.694
39936.0 39936.0  0.0   36800.0 258048.0 93476.1   433664.0   422031.5  15744.0 15171.5 1920.0 1708.3    153    9.459   6      5.307   14.766
39936.0 39936.0 28736.0 36800.0 258048.0 258048.0  433664.0   423783.5  15744.0 15171.5 1920.0 1708.3    154    9.459   6      5.307   14.766
38912.0 39424.0 36832.0  0.0   258048.0 160542.5  433664.0   424391.5  15744.0 15171.5 1920.0 1708.3    154    9.599   6      5.307   14.906
39424.0 39424.0  0.0   36928.0 258048.0  5106.1   433664.0   426735.5  15744.0 15171.5 1920.0 1708.3    155    9.689   6      5.307   14.995
39424.0 39424.0  0.0   36928.0 258048.0 36322.9   433664.0   426735.5  15744.0 15171.5 1920.0 1708.3    155    9.689   6      5.307   14.995
39424.0 39424.0  0.0   36928.0 258048.0 36322.9   433664.0   426735.5  15744.0 15171.5 1920.0 1708.3    155    9.689   6      5.307   14.995
39424.0 39424.0  0.0   36928.0 258048.0 36367.3   433664.0   426735.5  15744.0 15171.5 1920.0 1708.3    155    9.689   6      5.307   14.995
39424.0 39424.0  0.0   36928.0 258048.0 36367.3   433664.0   426735.5  15744.0 15171.5 1920.0 1708.3    155    9.689   6      5.307   14.995
39424.0 39424.0  0.0   36928.0 258048.0 36367.3   433664.0   426735.5  15744.0 15171.5 1920.0 1708.3    155    9.689   6      5.307   14.995
39424.0 39424.0  0.0   36928.0 258048.0 36411.0   433664.0   426735.5  15744.0 15171.5 1920.0 1708.3    155    9.689   6      5.307   14.995
39424.0 39424.0  0.0   36928.0 258048.0 36411.0   433664.0   426735.5  15744.0 15171.5 1920.0 1708.3    155    9.689   6      5.307   14.995
39424.0 39424.0  0.0   36928.0 258048.0 36411.0   433664.0   426735.5  15744.0 15171.5 1920.0 1708.3    155    9.689   6      5.307   14.995
39424.0 39424.0  0.0   36928.0 258048.0 154982.6  433664.0   426735.5  15744.0 15171.5 1920.0 1708.3    155    9.689   6      5.307   14.995
39424.0 39424.0 36896.0  0.0   259072.0 61830.8   433664.0   429095.5  15744.0 15171.5 1920.0 1708.3    156    9.751   6      5.307   15.058
39424.0 39424.0 36896.0  0.0   259072.0 220830.7  433664.0   429095.5  15744.0 15171.5 1920.0 1708.3    156    9.751   6      5.307   15.058
39424.0 39424.0  0.0    0.0   259072.0 67595.7   462336.0   325643.5  15744.0 15171.5 1920.0 1708.3    157    9.805   7      6.514   16.318
39424.0 39424.0  0.0    0.0   259072.0 101981.5  462336.0   325643.5  15744.0 15171.5 1920.0 1708.3    157    9.805   7      6.514   16.318
39424.0 39424.0  0.0    0.0   259072.0 101981.5  462336.0   325643.5  15744.0 15171.5 1920.0 1708.3    157    9.805   7      6.514   16.318
39424.0 39424.0  0.0    0.0   259072.0 102025.6  462336.0   325643.5  15744.0 15171.5 1920.0 1708.3    157    9.805   7      6.514   16.318
39424.0 39424.0  0.0    0.0   259072.0 102025.6  462336.0   325643.5  15744.0 15171.5 1920.0 1708.3    157    9.805   7      6.514   16.318
39424.0 39424.0  0.0    0.0   259072.0 102025.6  462336.0   325643.5  15744.0 15171.5 1920.0 1708.3    157    9.805   7      6.514   16.318
39424.0 39424.0  0.0    0.0   259072.0 102067.4  462336.0   325643.5  15744.0 15171.5 1920.0 1708.3    157    9.805   7      6.514   16.318
39424.0 39424.0  0.0    0.0   259072.0 102067.4  462336.0   325643.5  15744.0 15171.5 1920.0 1708.3    157    9.805   7      6.514   16.318
39424.0 39424.0  0.0    0.0   259072.0 102067.4  462336.0   325643.5  15744.0 15171.5 1920.0 1708.3    157    9.805   7      6.514   16.318
39424.0 39424.0  0.0    0.0   259072.0 221989.2  462336.0   325643.5  15744.0 15171.5 1920.0 1708.3    157    9.805   7      6.514   16.318
39424.0 45056.0 3040.0  0.0   247808.0 122557.2  462336.0   325643.5  15744.0 15171.5 1920.0 1708.3    158    9.824   7      6.514   16.338
48128.0 6144.0  0.0   5888.0 247808.0 34288.0   462336.0   325643.5  15744.0 15171.5 1920.0 1708.3    159    9.845   7      6.514   16.359
48128.0 6144.0  0.0   5888.0 247808.0 163918.2  462336.0   325643.5  15744.0 15171.5 1920.0 1708.3    159    9.845   7      6.514   16.359
48128.0 6144.0  0.0   5888.0 247808.0 175584.3  462336.0   325643.5  15744.0 15171.5 1920.0 1708.3    159    9.845   7      6.514   16.359
48128.0 6144.0  0.0   5888.0 247808.0 175584.3  462336.0   325643.5  15744.0 15171.5 1920.0 1708.3    159    9.845   7      6.514   16.359
48128.0 6144.0  0.0   5888.0 247808.0 175628.0  462336.0   325643.5  15744.0 15171.5 1920.0 1708.3    159    9.845   7      6.514   16.359
48128.0 6144.0  0.0   5888.0 247808.0 175628.0  462336.0   325643.5  15744.0 15171.5 1920.0 1708.3    159    9.845   7      6.514   16.359
48128.0 6144.0  0.0   5888.0 247808.0 175628.0  462336.0   325643.5  15744.0 15171.5 1920.0 1708.3    159    9.845   7      6.514   16.359
48128.0 6144.0  0.0   5888.0 247808.0 175669.8  462336.0   325643.5  15744.0 15171.5 1920.0 1708.3    159    9.845   7      6.514   16.359
48128.0 6144.0  0.0   5888.0 247808.0 175669.8  462336.0   325643.5  15744.0 15171.5 1920.0 1708.3    159    9.845   7      6.514   16.359
48128.0 6144.0  0.0   5888.0 247808.0 175669.8  462336.0   325643.5  15744.0 15171.5 1920.0 1708.3    159    9.845   7      6.514   16.359
48128.0 50176.0 8384.0  0.0   237568.0 41080.1   462336.0   325643.5  15744.0 15171.5 1920.0 1708.3    160    9.866   7      6.514   16.380
48128.0 50176.0 8384.0  0.0   237568.0 199215.8  462336.0   325643.5  15744.0 15171.5 1920.0 1708.3    160    9.866   7      6.514   16.380
51200.0 10752.0  0.0   10688.0 237568.0 59557.5   462336.0   325643.5  15744.0 15171.5 1920.0 1708.3    161    9.915   7      6.514   16.428
51200.0 10752.0  0.0   10688.0 237568.0 136398.7  462336.0   325643.5  15744.0 15171.5 1920.0 1708.3    161    9.915   7      6.514   16.428
51200.0 50688.0 12864.0  0.0   236032.0 34537.1   462336.0   325643.5  15744.0 15171.5 1920.0 1708.3    162    9.954   7      6.514   16.468
51200.0 50688.0 12864.0  0.0   236032.0 34537.1   462336.0   325643.5  15744.0 15171.5 1920.0 1708.3    162    9.954   7      6.514   16.468
51200.0 50688.0 12864.0  0.0   236032.0 34581.4   462336.0   325643.5  15744.0 15171.5 1920.0 1708.3    162    9.954   7      6.514   16.468
51200.0 50688.0 12864.0  0.0   236032.0 34581.4   462336.0   325643.5  15744.0 15171.5 1920.0 1708.3    162    9.954   7      6.514   16.468
51200.0 50688.0 12864.0  0.0   236032.0 34581.4   462336.0   325643.5  15744.0 15171.5 1920.0 1708.3    162    9.954   7      6.514   16.468
51200.0 50688.0 12864.0  0.0   236032.0 34625.2   462336.0   325643.5  15744.0 15171.5 1920.0 1708.3    162    9.954   7      6.514   16.468
51200.0 50688.0 12864.0  0.0   236032.0 34625.2   462336.0   325643.5  15744.0 15171.5 1920.0 1708.3    162    9.954   7      6.514   16.468
51200.0 50688.0 12864.0  0.0   236032.0 34625.2   462336.0   325643.5  15744.0 15171.5 1920.0 1708.3    162    9.954   7      6.514   16.468
51200.0 50688.0 12864.0  0.0   236032.0 159365.9  462336.0   325643.5  15744.0 15171.5 1920.0 1708.3    162    9.954   7      6.514   16.468
50176.0 15360.0  0.0   15072.0 236032.0 83457.2   462336.0   325643.5  15744.0 15171.5 1920.0 1708.3    163    9.984   7      6.514   16.497
50176.0 48640.0 17248.0  0.0   237568.0  4701.1   462336.0   325643.5  15744.0 15171.5 1920.0 1708.3    164   10.030   7      6.514   16.544
50176.0 48640.0 17248.0  0.0   237568.0 123051.2  462336.0   325643.5  15744.0 15171.5 1920.0 1708.3    164   10.030   7      6.514   16.544
50176.0 48640.0 17248.0  0.0   237568.0 145284.5  462336.0   325643.5  15744.0 15171.5 1920.0 1708.3    164   10.030   7      6.514   16.544
50176.0 48640.0 17248.0  0.0   237568.0 145284.5  462336.0   325643.5  15744.0 15171.5 1920.0 1708.3    164   10.030   7      6.514   16.544
50176.0 48640.0 17248.0  0.0   237568.0 145330.3  462336.0   325643.5  15744.0 15171.5 1920.0 1708.3    164   10.030   7      6.514   16.544
50176.0 48640.0 17248.0  0.0   237568.0 145330.3  462336.0   325643.5  15744.0 15171.5 1920.0 1708.3    164   10.030   7      6.514   16.544
50176.0 48640.0 17248.0  0.0   237568.0 145330.3  462336.0   325643.5  15744.0 15171.5 1920.0 1708.3    164   10.030   7      6.514   16.544
50176.0 48640.0 17248.0  0.0   237568.0 145372.0  462336.0   325643.5  15744.0 15171.5 1920.0 1708.3    164   10.030   7      6.514   16.544
50176.0 48640.0 17248.0  0.0   237568.0 145372.0  462336.0   325643.5  15744.0 15171.5 1920.0 1708.3    164   10.030   7      6.514   16.544
50176.0 48640.0 17248.0  0.0   237568.0 145372.0  462336.0   325643.5  15744.0 15171.5 1920.0 1708.3    164   10.030   7      6.514   16.544
46592.0 19456.0  0.0   19360.0 237568.0 14137.4   462336.0   325643.5  15744.0 15175.9 1920.0 1708.3    165   10.068   7      6.514   16.582
46592.0 19456.0  0.0   19360.0 237568.0 164451.9  462336.0   325643.5  15744.0 15175.9 1920.0 1708.3    165   10.068   7      6.514   16.582
46592.0 19456.0  0.0   19360.0 237568.0 224397.6  462336.0   325643.5  15744.0 15175.9 1920.0 1708.3    165   10.068   7      6.514   16.582
44032.0 44544.0 21568.0  0.0   240640.0 136778.0  462336.0   325643.5  15744.0 15175.9 1920.0 1708.3    166   10.120   7      6.514   16.634
43008.0 44544.0  0.0   23744.0 240640.0  9990.0   462336.0   325643.5  15744.0 15175.9 1920.0 1708.3    167   10.181   7      6.514   16.695
43008.0 44544.0  0.0   23744.0 240640.0  9990.0   462336.0   325643.5  15744.0 15175.9 1920.0 1708.3    167   10.181   7      6.514   16.695
43008.0 44544.0  0.0   23744.0 240640.0 10034.4   462336.0   325643.5  15744.0 15175.9 1920.0 1708.3    167   10.181   7      6.514   16.695
43008.0 44544.0  0.0   23744.0 240640.0 10034.4   462336.0   325643.5  15744.0 15175.9 1920.0 1708.3    167   10.181   7      6.514   16.695
43008.0 44544.0  0.0   23744.0 240640.0 10034.4   462336.0   325643.5  15744.0 15175.9 1920.0 1708.3    167   10.181   7      6.514   16.695
43008.0 44544.0  0.0   23744.0 240640.0 10078.1   462336.0   325643.5  15744.0 15175.9 1920.0 1708.3    167   10.181   7      6.514   16.695
43008.0 44544.0  0.0   23744.0 240640.0 10078.1   462336.0   325643.5  15744.0 15175.9 1920.0 1708.3    167   10.181   7      6.514   16.695
43008.0 44544.0  0.0   23744.0 240640.0 10078.1   462336.0   325643.5  15744.0 15175.9 1920.0 1708.3    167   10.181   7      6.514   16.695
43008.0 44544.0  0.0   23744.0 240640.0 116452.9  462336.0   325643.5  15744.0 15175.9 1920.0 1708.3    167   10.181   7      6.514   16.695
40448.0 41984.0 25984.0  0.0   243712.0 23763.8   462336.0   325643.5  15744.0 15176.2 1920.0 1708.3    168   10.220   7      6.514   16.734
40448.0 41984.0 25984.0  0.0   243712.0 177088.5  462336.0   325643.5  15744.0 15176.2 1920.0 1708.3    168   10.220   7      6.514   16.734
41984.0 41984.0  0.0   28192.0 243712.0 40362.5   462336.0   325643.5  15744.0 15176.2 1920.0 1708.3    169   10.297   7      6.514   16.811
41984.0 41984.0  0.0   28192.0 243712.0 106473.2  462336.0   325643.5  15744.0 15176.2 1920.0 1708.3    169   10.297   7      6.514   16.811
41984.0 41984.0  0.0   28192.0 243712.0 106473.2  462336.0   325643.5  15744.0 15176.2 1920.0 1708.3    169   10.297   7      6.514   16.811
41984.0 41984.0  0.0   28192.0 243712.0 106517.9  462336.0   325643.5  15744.0 15176.2 1920.0 1708.3    169   10.297   7      6.514   16.811
41984.0 41984.0  0.0   28192.0 243712.0 106517.9  462336.0   325643.5  15744.0 15176.2 1920.0 1708.3    169   10.297   7      6.514   16.811
41984.0 41984.0  0.0   28192.0 243712.0 106517.9  462336.0   325643.5  15744.0 15176.2 1920.0 1708.3    169   10.297   7      6.514   16.811
41984.0 41984.0  0.0   28192.0 243712.0 106590.5  462336.0   325643.5  15744.0 15176.2 1920.0 1708.3    169   10.297   7      6.514   16.811
41984.0 41984.0  0.0   28192.0 243712.0 106590.5  462336.0   325643.5  15744.0 15176.2 1920.0 1708.3    169   10.297   7      6.514   16.811
41984.0 41984.0  0.0   28192.0 243712.0 106590.5  462336.0   325643.5  15744.0 15176.2 1920.0 1708.3    169   10.297   7      6.514   16.811
41984.0 41984.0  0.0   28192.0 243712.0 223760.7  462336.0   325643.5  15744.0 15176.2 1920.0 1708.3    169   10.297   7      6.514   16.811
41984.0 42496.0 30432.0  0.0   247296.0 141692.1  462336.0   325643.5  15744.0 15176.6 1920.0 1708.3    170   10.338   7      6.514   16.851
44032.0 42496.0  0.0   32672.0 247296.0 50038.2   462336.0   325643.5  15744.0 15176.6 1920.0 1708.3    171   10.412   7      6.514   16.926
44032.0 42496.0  0.0   32672.0 247296.0 191298.6  462336.0   325643.5  15744.0 15176.6 1920.0 1708.3    171   10.412   7      6.514   16.926
44032.0 42496.0  0.0   32672.0 247296.0 197140.8  462336.0   325643.5  15744.0 15176.6 1920.0 1708.3    171   10.412   7      6.514   16.926
44032.0 42496.0  0.0   32672.0 247296.0 197140.8  462336.0   325643.5  15744.0 15176.6 1920.0 1708.3    171   10.412   7      6.514   16.926
44032.0 42496.0  0.0   32672.0 247296.0 197184.5  462336.0   325643.5  15744.0 15176.6 1920.0 1708.3    171   10.412   7      6.514   16.926
44032.0 42496.0  0.0   32672.0 247296.0 197184.5  462336.0   325643.5  15744.0 15176.6 1920.0 1708.3    171   10.412   7      6.514   16.926
44032.0 42496.0  0.0   32672.0 247296.0 197184.5  462336.0   325643.5  15744.0 15176.6 1920.0 1708.3    171   10.412   7      6.514   16.926
44032.0 42496.0  0.0   32672.0 247296.0 197226.3  462336.0   325643.5  15744.0 15176.6 1920.0 1708.3    171   10.412   7      6.514   16.926
44032.0 42496.0  0.0   32672.0 247296.0 197226.3  462336.0   325643.5  15744.0 15176.6 1920.0 1708.3    171   10.412   7      6.514   16.926
44032.0 42496.0  0.0   32672.0 247296.0 197226.3  462336.0   325643.5  15744.0 15176.6 1920.0 1708.3    171   10.412   7      6.514   16.926
44032.0 45568.0 34944.0  0.0   246784.0 72994.9   462336.0   325643.5  15744.0 15177.6 1920.0 1708.3    172   10.459   7      6.514   16.972
44032.0 45568.0 34944.0  0.0   246784.0 230257.9  462336.0   325643.5  15744.0 15177.6 1920.0 1708.3    172   10.459   7      6.514   16.972
47104.0 35328.0  0.0   34848.0 246784.0 133361.9  462336.0   328035.5  15744.0 15177.6 1920.0 1708.3    173   10.545   7      6.514   17.058
47104.0 48128.0 34848.0  0.0   241664.0 17399.2   462336.0   330331.5  15744.0 15177.6 1920.0 1708.3    174   10.649   7      6.514   17.163
47104.0 48128.0 34848.0  0.0   241664.0 38844.0   462336.0   330331.5  15744.0 15177.6 1920.0 1708.3    174   10.649   7      6.514   17.163
47104.0 48128.0 34848.0  0.0   241664.0 38844.0   462336.0   330331.5  15744.0 15177.6 1920.0 1708.3    174   10.649   7      6.514   17.163
47104.0 48128.0 34848.0  0.0   241664.0 38888.4   462336.0   330331.5  15744.0 15177.6 1920.0 1708.3    174   10.649   7      6.514   17.163
47104.0 48128.0 34848.0  0.0   241664.0 38888.4   462336.0   330331.5  15744.0 15177.6 1920.0 1708.3    174   10.649   7      6.514   17.163
47104.0 48128.0 34848.0  0.0   241664.0 38888.4   462336.0   330331.5  15744.0 15177.6 1920.0 1708.3    174   10.649   7      6.514   17.163
47104.0 48128.0 34848.0  0.0   241664.0 38932.1   462336.0   330331.5  15744.0 15177.6 1920.0 1708.3    174   10.649   7      6.514   17.163
47104.0 48128.0 34848.0  0.0   241664.0 38932.1   462336.0   330331.5  15744.0 15177.6 1920.0 1708.3    174   10.649   7      6.514   17.163
47104.0 48128.0 34848.0  0.0   241664.0 38932.1   462336.0   330331.5  15744.0 15177.6 1920.0 1708.3    174   10.649   7      6.514   17.163
47104.0 48128.0 34848.0  0.0   241664.0 158475.6  462336.0   330331.5  15744.0 15177.6 1920.0 1708.3    174   10.649   7      6.514   17.163
48640.0 34816.0  0.0   34784.0 241664.0 71598.4   462336.0   332627.5  15744.0 15177.6 1920.0 1708.3    175   10.695   7      6.514   17.208
48640.0 34816.0  0.0   34784.0 241664.0 116950.8  462336.0   332627.5  15744.0 15177.6 1920.0 1708.3    175   10.695   7      6.514   17.208
48640.0 48640.0 34816.0  0.0   240640.0 25676.7   462336.0   334819.5  15744.0 15177.6 1920.0 1708.3    176   10.778   7      6.514   17.292
48640.0 48640.0 34816.0  0.0   240640.0 125714.7  462336.0   334819.5  15744.0 15177.6 1920.0 1708.3    176   10.778   7      6.514   17.292
48640.0 48640.0 34816.0  0.0   240640.0 135281.8  462336.0   334819.5  15744.0 15177.6 1920.0 1708.3    176   10.778   7      6.514   17.292
48640.0 48640.0 34816.0  0.0   240640.0 135326.1  462336.0   334819.5  15744.0 15177.6 1920.0 1708.3    176   10.778   7      6.514   17.292
48640.0 48640.0 34816.0  0.0   240640.0 135326.1  462336.0   334819.5  15744.0 15177.6 1920.0 1708.3    176   10.778   7      6.514   17.292
48640.0 48640.0 34816.0  0.0   240640.0 135326.1  462336.0   334819.5  15744.0 15177.6 1920.0 1708.3    176   10.778   7      6.514   17.292
48640.0 48640.0 34816.0  0.0   240640.0 135369.9  462336.0   334819.5  15744.0 15177.6 1920.0 1708.3    176   10.778   7      6.514   17.292
48640.0 48640.0 34816.0  0.0   240640.0 135369.9  462336.0   334819.5  15744.0 15177.6 1920.0 1708.3    176   10.778   7      6.514   17.292
48640.0 48640.0 34816.0  0.0   240640.0 135369.9  462336.0   334819.5  15744.0 15177.6 1920.0 1708.3    176   10.778   7      6.514   17.292
49152.0 35328.0  0.0   34848.0 240640.0  9992.7   462336.0   337019.5  15744.0 15177.6 1920.0 1708.3    177   10.839   7      6.514   17.353
49152.0 35328.0  0.0   34848.0 240640.0 170774.1  462336.0   337019.5  15744.0 15177.6 1920.0 1708.3    177   10.839   7      6.514   17.353
49152.0 49152.0 34944.0  0.0   239616.0 80946.5   462336.0   339195.5  15744.0 15177.6 1920.0 1708.3    178   10.924   7      6.514   17.437
49152.0 49152.0 34944.0  0.0   239616.0 223015.1  462336.0   339195.5  15744.0 15177.6 1920.0 1708.3    178   10.924   7      6.514   17.437
49152.0 49152.0 34944.0  0.0   239616.0 227790.2  462336.0   339195.5  15744.0 15177.6 1920.0 1708.3    178   10.924   7      6.514   17.437
49152.0 49152.0 34944.0  0.0   239616.0 233875.4  462336.0   339195.5  15744.0 15177.6 1920.0 1708.3    178   10.924   7      6.514   17.437
49152.0 49152.0 34944.0  0.0   239616.0 233919.2  462336.0   339195.5  15744.0 15177.6 1920.0 1708.3    178   10.924   7      6.514   17.437
49152.0 49152.0 34944.0  0.0   239616.0 233919.2  462336.0   339195.5  15744.0 15177.6 1920.0 1708.3    178   10.924   7      6.514   17.437
49152.0 49152.0 34944.0  0.0   239616.0 233919.2  462336.0   339195.5  15744.0 15177.6 1920.0 1708.3    178   10.924   7      6.514   17.437
49152.0 49152.0 34944.0  0.0   239616.0 233961.0  462336.0   339195.5  15744.0 15177.6 1920.0 1708.3    178   10.924   7      6.514   17.437
49152.0 49152.0 34944.0  0.0   239616.0 233961.0  462336.0   339195.5  15744.0 15177.6 1920.0 1708.3    178   10.924   7      6.514   17.437
49152.0 49152.0 34944.0  0.0   239616.0 233961.0  462336.0   339195.5  15744.0 15177.6 1920.0 1708.3    178   10.924   7      6.514   17.437
49152.0 49152.0  0.0   34944.0 239616.0 124829.5  462336.0   341371.5  15744.0 15177.6 1920.0 1708.3    179   10.970   7      6.514   17.484
48128.0 48640.0 34976.0  0.0   239616.0 48904.2   462336.0   343579.5  15744.0 15177.6 1920.0 1708.3    180   11.019   7      6.514   17.532
48128.0 48640.0 34976.0  0.0   239616.0 202170.0  462336.0   343579.5  15744.0 15177.6 1920.0 1708.3    180   11.019   7      6.514   17.532
48640.0 48640.0  0.0   35040.0 239616.0 77058.4   462336.0   345771.5  15744.0 15177.6 1920.0 1708.3    181   11.094   7      6.514   17.608
48640.0 48640.0  0.0   35040.0 239616.0 97734.4   462336.0   345771.5  15744.0 15177.6 1920.0 1708.3    181   11.094   7      6.514   17.608
48640.0 48640.0  0.0   35040.0 239616.0 97734.4   462336.0   345771.5  15744.0 15177.6 1920.0 1708.3    181   11.094   7      6.514   17.608
48640.0 48640.0  0.0   35040.0 239616.0 97778.8   462336.0   345771.5  15744.0 15177.6 1920.0 1708.3    181   11.094   7      6.514   17.608
48640.0 48640.0  0.0   35040.0 239616.0 97778.8   462336.0   345771.5  15744.0 15177.6 1920.0 1708.3    181   11.094   7      6.514   17.608
48640.0 48640.0  0.0   35040.0 239616.0 97778.8   462336.0   345771.5  15744.0 15177.6 1920.0 1708.3    181   11.094   7      6.514   17.608
48640.0 48640.0  0.0   35040.0 239616.0 97822.5   462336.0   345771.5  15744.0 15177.6 1920.0 1708.3    181   11.094   7      6.514   17.608
48640.0 48640.0  0.0   35040.0 239616.0 97822.5   462336.0   345771.5  15744.0 15177.6 1920.0 1708.3    181   11.094   7      6.514   17.608
48640.0 48640.0  0.0   35040.0 239616.0 97822.5   462336.0   345771.5  15744.0 15177.6 1920.0 1708.3    181   11.094   7      6.514   17.608
48640.0 48640.0  0.0   35040.0 239616.0 226838.6  462336.0   345771.5  15744.0 15177.6 1920.0 1708.3    181   11.094   7      6.514   17.608
47616.0 48128.0 34944.0  0.0   240640.0 146389.0  462336.0   347995.5  15744.0 15177.6 1920.0 1708.3    182   11.178   7      6.514   17.692
47616.0 48128.0  0.0   34976.0 240640.0 60333.0   462336.0   350211.5  15744.0 15177.6 1920.0 1708.3    183   11.265   7      6.514   17.779
47616.0 48128.0  0.0   34976.0 240640.0 198114.2  462336.0   350211.5  15744.0 15177.6 1920.0 1708.3    183   11.265   7      6.514   17.779
47616.0 48128.0  0.0   34976.0 240640.0 198114.2  462336.0   350211.5  15744.0 15177.6 1920.0 1708.3    183   11.265   7      6.514   17.779
47616.0 48128.0  0.0   34976.0 240640.0 198114.2  462336.0   350211.5  15744.0 15177.6 1920.0 1708.3    183   11.265   7      6.514   17.779
47616.0 48128.0  0.0   34976.0 240640.0 198157.9  462336.0   350211.5  15744.0 15177.6 1920.0 1708.3    183   11.265   7      6.514   17.779
47616.0 48128.0  0.0   34976.0 240640.0 198157.9  462336.0   350211.5  15744.0 15177.6 1920.0 1708.3    183   11.265   7      6.514   17.779
47616.0 48128.0  0.0   34976.0 240640.0 198157.9  462336.0   350211.5  15744.0 15177.6 1920.0 1708.3    183   11.265   7      6.514   17.779
47616.0 48128.0  0.0   34976.0 240640.0 198199.7  462336.0   350211.5  15744.0 15177.6 1920.0 1708.3    183   11.265   7      6.514   17.779
47616.0 48128.0  0.0   34976.0 240640.0 198199.7  462336.0   350211.5  15744.0 15177.6 1920.0 1708.3    183   11.265   7      6.514   17.779
47616.0 48128.0  0.0   34976.0 240640.0 198199.7  462336.0   350211.5  15744.0 15177.6 1920.0 1708.3    183   11.265   7      6.514   17.779
46592.0 47104.0 34944.0  0.0   242176.0  9612.1   462336.0   352467.5  15744.0 15177.6 1920.0 1708.3    184   11.311   7      6.514   17.824
46592.0 47104.0 34944.0  0.0   242176.0 173655.5  462336.0   352467.5  15744.0 15177.6 1920.0 1708.3    184   11.311   7      6.514   17.824
46592.0 47104.0  0.0   34880.0 242176.0 85266.3   462336.0   354747.5  15744.0 15177.6 1920.0 1708.3    185   11.397   7      6.514   17.910
46592.0 47104.0  0.0   34880.0 242176.0 240277.9  462336.0   354747.5  15744.0 15177.6 1920.0 1708.3    185   11.397   7      6.514   17.910
45568.0 46080.0 34848.0  0.0   244224.0 56424.8   462336.0   357035.5  15744.0 15177.6 1920.0 1708.3    186   11.482   7      6.514   17.996
45568.0 46080.0 34848.0  0.0   244224.0 56424.8   462336.0   357035.5  15744.0 15177.6 1920.0 1708.3    186   11.482   7      6.514   17.996
45568.0 46080.0 34848.0  0.0   244224.0 56469.2   462336.0   357035.5  15744.0 15177.6 1920.0 1708.3    186   11.482   7      6.514   17.996
45568.0 46080.0 34848.0  0.0   244224.0 56469.2   462336.0   357035.5  15744.0 15177.6 1920.0 1708.3    186   11.482   7      6.514   17.996
45568.0 46080.0 34848.0  0.0   244224.0 56469.2   462336.0   357035.5  15744.0 15177.6 1920.0 1708.3    186   11.482   7      6.514   17.996
45568.0 46080.0 34848.0  0.0   244224.0 56512.9   462336.0   357035.5  15744.0 15177.6 1920.0 1708.3    186   11.482   7      6.514   17.996
45568.0 46080.0 34848.0  0.0   244224.0 56512.9   462336.0   357035.5  15744.0 15177.6 1920.0 1708.3    186   11.482   7      6.514   17.996
45568.0 46080.0 34848.0  0.0   244224.0 56512.9   462336.0   357035.5  15744.0 15177.6 1920.0 1708.3    186   11.482   7      6.514   17.996
45568.0 46080.0 34848.0  0.0   244224.0 103897.3  462336.0   357035.5  15744.0 15177.6 1920.0 1708.3    186   11.482   7      6.514   17.996
45568.0 46080.0  0.0   34816.0 244224.0 17146.3   462336.0   359323.5  15744.0 15177.6 1920.0 1708.3    187   11.529   7      6.514   18.043
45568.0 46080.0  0.0   34816.0 244224.0 172394.9  462336.0   359323.5  15744.0 15177.6 1920.0 1708.3    187   11.529   7      6.514   18.043
44544.0 45056.0 34848.0  0.0   246272.0 82737.1   462336.0   361611.5  15744.0 15177.6 1920.0 1708.3    188   11.611   7      6.514   18.124
44544.0 45056.0 34848.0  0.0   246272.0 148740.8  462336.0   361611.5  15744.0 15177.6 1920.0 1708.3    188   11.611   7      6.514   18.124
44544.0 45056.0 34848.0  0.0   246272.0 148740.8  462336.0   361611.5  15744.0 15177.6 1920.0 1708.3    188   11.611   7      6.514   18.124
44544.0 45056.0 34848.0  0.0   246272.0 148785.2  462336.0   361611.5  15744.0 15177.6 1920.0 1708.3    188   11.611   7      6.514   18.124
44544.0 45056.0 34848.0  0.0   246272.0 148785.2  462336.0   361611.5  15744.0 15177.6 1920.0 1708.3    188   11.611   7      6.514   18.124
44544.0 45056.0 34848.0  0.0   246272.0 148785.2  462336.0   361611.5  15744.0 15177.6 1920.0 1708.3    188   11.611   7      6.514   18.124
44544.0 45056.0 34848.0  0.0   246272.0 148828.9  462336.0   361611.5  15744.0 15177.6 1920.0 1708.3    188   11.611   7      6.514   18.124
44544.0 45056.0 34848.0  0.0   246272.0 148828.9  462336.0   361611.5  15744.0 15177.6 1920.0 1708.3    188   11.611   7      6.514   18.124
44544.0 45056.0 34848.0  0.0   246272.0 148828.9  462336.0   361611.5  15744.0 15177.6 1920.0 1708.3    188   11.611   7      6.514   18.124
44544.0 45056.0 34848.0  0.0   246272.0 181787.8  462336.0   361611.5  15744.0 15177.6 1920.0 1708.3    188   11.611   7      6.514   18.124
44032.0 45056.0  0.0   34816.0 246272.0 102779.1  462336.0   363891.5  15744.0 15180.9 1920.0 1708.3    189   11.689   7      6.514   18.203
43520.0 43520.0 34816.0  0.0   248832.0  9862.9   462336.0   366131.5  15744.0 15180.9 1920.0 1708.3    190   11.770   7      6.514   18.284
43520.0 43520.0 34816.0  0.0   248832.0 163584.6  462336.0   366131.5  15744.0 15180.9 1920.0 1708.3    190   11.770   7      6.514   18.284
43520.0 43520.0 34816.0  0.0   248832.0 225999.9  462336.0   366131.5  15744.0 15180.9 1920.0 1708.3    190   11.770   7      6.514   18.284
43520.0 43520.0 34816.0  0.0   248832.0 237714.6  462336.0   366131.5  15744.0 15180.9 1920.0 1708.3    190   11.770   7      6.514   18.284
43520.0 43520.0 34816.0  0.0   248832.0 237758.4  462336.0   366131.5  15744.0 15180.9 1920.0 1708.3    190   11.770   7      6.514   18.284
43520.0 43520.0 34816.0  0.0   248832.0 237758.4  462336.0   366131.5  15744.0 15180.9 1920.0 1708.3    190   11.770   7      6.514   18.284
43520.0 43520.0 34816.0  0.0   248832.0 237758.4  462336.0   366131.5  15744.0 15180.9 1920.0 1708.3    190   11.770   7      6.514   18.284
43520.0 43520.0 34816.0  0.0   248832.0 237800.1  462336.0   366131.5  15744.0 15180.9 1920.0 1708.3    190   11.770   7      6.514   18.284
43520.0 43520.0 34816.0  0.0   248832.0 237800.1  462336.0   366131.5  15744.0 15180.9 1920.0 1708.3    190   11.770   7      6.514   18.284
43520.0 43520.0 34816.0  0.0   248832.0 237800.1  462336.0   366131.5  15744.0 15180.9 1920.0 1708.3    190   11.770   7      6.514   18.284
43008.0 43520.0  0.0   34880.0 248832.0 21898.4   462336.0   368363.5  15744.0 15181.2 1920.0 1708.3    191   11.819   7      6.514   18.333
43008.0 43520.0  0.0   34880.0 248832.0 183580.2  462336.0   368363.5  15744.0 15181.2 1920.0 1708.3    191   11.819   7      6.514   18.333
42496.0 42496.0 34944.0  0.0   251392.0 89825.6   462336.0   370595.5  15744.0 15181.2 1920.0 1708.3    192   11.876   7      6.514   18.390
42496.0 42496.0 34944.0  0.0   251392.0 245122.8  462336.0   370595.5  15744.0 15181.2 1920.0 1708.3    192   11.876   7      6.514   18.390
42496.0 42496.0  0.0   35040.0 251392.0 70808.8   462336.0   372827.5  15744.0 15181.2 1920.0 1708.3    193   11.955   7      6.514   18.469
42496.0 42496.0  0.0   35040.0 251392.0 72534.6   462336.0   372827.5  15744.0 15181.2 1920.0 1708.3    193   11.955   7      6.514   18.469
42496.0 42496.0  0.0   35040.0 251392.0 72579.0   462336.0   372827.5  15744.0 15181.2 1920.0 1708.3    193   11.955   7      6.514   18.469
42496.0 42496.0  0.0   35040.0 251392.0 72579.0   462336.0   372827.5  15744.0 15181.2 1920.0 1708.3    193   11.955   7      6.514   18.469
42496.0 42496.0  0.0   35040.0 251392.0 72579.0   462336.0   372827.5  15744.0 15181.2 1920.0 1708.3    193   11.955   7      6.514   18.469
42496.0 42496.0  0.0   35040.0 251392.0 72622.7   462336.0   372827.5  15744.0 15181.2 1920.0 1708.3    193   11.955   7      6.514   18.469
42496.0 42496.0  0.0   35040.0 251392.0 72622.7   462336.0   372827.5  15744.0 15181.2 1920.0 1708.3    193   11.955   7      6.514   18.469
42496.0 42496.0  0.0   35040.0 251392.0 72622.7   462336.0   372827.5  15744.0 15181.2 1920.0 1708.3    193   11.955   7      6.514   18.469
42496.0 42496.0  0.0   35040.0 251392.0 125406.2  462336.0   372827.5  15744.0 15181.2 1920.0 1708.3    193   11.955   7      6.514   18.469
41472.0 41984.0 35136.0  0.0   252928.0 28674.7   462336.0   375043.5  15744.0 15181.2 1920.0 1708.3    194   12.015   7      6.514   18.529
41472.0 41984.0 35136.0  0.0   252928.0 179252.7  462336.0   375043.5  15744.0 15181.2 1920.0 1708.3    194   12.015   7      6.514   18.529
41472.0 41984.0  0.0   35232.0 252928.0 79759.0   462336.0   377251.5  15744.0 15181.2 1920.0 1708.3    195   12.077   7      6.514   18.591
41472.0 41984.0  0.0   35232.0 252928.0 149025.3  462336.0   377251.5  15744.0 15181.2 1920.0 1708.3    195   12.077   7      6.514   18.591
41472.0 41984.0  0.0   35232.0 252928.0 150908.3  462336.0   377251.5  15744.0 15181.2 1920.0 1708.3    195   12.077   7      6.514   18.591
41472.0 41984.0  0.0   35232.0 252928.0 150952.7  462336.0   377251.5  15744.0 15181.2 1920.0 1708.3    195   12.077   7      6.514   18.591
41472.0 41984.0  0.0   35232.0 252928.0 150952.7  462336.0   377251.5  15744.0 15181.2 1920.0 1708.3    195   12.077   7      6.514   18.591
41472.0 41984.0  0.0   35232.0 252928.0 150952.7  462336.0   377251.5  15744.0 15181.2 1920.0 1708.3    195   12.077   7      6.514   18.591
41472.0 41984.0  0.0   35232.0 252928.0 150996.4  462336.0   377251.5  15744.0 15181.2 1920.0 1708.3    195   12.077   7      6.514   18.591
41472.0 41984.0  0.0   35232.0 252928.0 150996.4  462336.0   377251.5  15744.0 15181.2 1920.0 1708.3    195   12.077   7      6.514   18.591
41472.0 41984.0  0.0   35232.0 252928.0 150996.4  462336.0   377251.5  15744.0 15181.2 1920.0 1708.3    195   12.077   7      6.514   18.591
41472.0 41984.0  0.0   35232.0 252928.0 206197.9  462336.0   377251.5  15744.0 15181.2 1920.0 1708.3    195   12.077   7      6.514   18.591
41472.0 41472.0 35424.0  0.0   254464.0 111930.4  462336.0   379467.5  15744.0 15181.2 1920.0 1708.3    196   12.123   7      6.514   18.636
40960.0 41472.0  0.0   35520.0 254464.0 13703.0   462336.0   381683.5  15744.0 15181.2 1920.0 1708.3    197   12.223   7      6.514   18.736
40960.0 41472.0  0.0   35520.0 254464.0 164693.4  462336.0   381683.5  15744.0 15181.2 1920.0 1708.3    197   12.223   7      6.514   18.736
40960.0 41472.0  0.0   35520.0 254464.0 216055.3  462336.0   381683.5  15744.0 15181.2 1920.0 1708.3    197   12.223   7      6.514   18.736
40960.0 41472.0  0.0   35520.0 254464.0 223508.0  462336.0   381683.5  15744.0 15181.2 1920.0 1708.3    197   12.223   7      6.514   18.736
40960.0 41472.0  0.0   35520.0 254464.0 223551.7  462336.0   381683.5  15744.0 15181.2 1920.0 1708.3    197   12.223   7      6.514   18.736
40960.0 41472.0  0.0   35520.0 254464.0 223551.7  462336.0   381683.5  15744.0 15181.2 1920.0 1708.3    197   12.223   7      6.514   18.736
40960.0 41472.0  0.0   35520.0 254464.0 223551.7  462336.0   381683.5  15744.0 15181.2 1920.0 1708.3    197   12.223   7      6.514   18.736
40960.0 41472.0  0.0   35520.0 254464.0 223593.5  462336.0   381683.5  15744.0 15181.2 1920.0 1708.3    197   12.223   7      6.514   18.736
40960.0 41472.0  0.0   35520.0 254464.0 223593.5  462336.0   381683.5  15744.0 15181.2 1920.0 1708.3    197   12.223   7      6.514   18.736
40960.0 41472.0  0.0   35520.0 254464.0 223593.5  462336.0   381683.5  15744.0 15181.2 1920.0 1708.3    197   12.223   7      6.514   18.736
40960.0 40960.0 35616.0  0.0   254976.0 15170.0   462336.0   383915.5  15744.0 15181.2 1920.0 1708.3    198   12.286   7      6.514   18.800
40960.0 40960.0 35616.0  0.0   254976.0 172029.2  462336.0   383915.5  15744.0 15181.2 1920.0 1708.3    198   12.286   7      6.514   18.800
40960.0 40960.0  0.0   35776.0 254976.0 67718.6   462336.0   386131.5  15744.0 15181.2 1920.0 1708.3    199   12.373   7      6.514   18.887
40960.0 40960.0  0.0   35776.0 254976.0 218765.7  462336.0   386131.5  15744.0 15181.2 1920.0 1708.3    199   12.373   7      6.514   18.887
39936.0 40448.0 35904.0  0.0   256000.0 30516.7   462336.0   388371.5  15744.0 15181.2 1920.0 1708.3    200   12.424   7      6.514   18.937
39936.0 40448.0 35904.0  0.0   256000.0 45763.7   462336.0   388371.5  15744.0 15181.2 1920.0 1708.3    200   12.424   7      6.514   18.937
39936.0 40448.0 35904.0  0.0   256000.0 45808.1   462336.0   388371.5  15744.0 15181.2 1920.0 1708.3    200   12.424   7      6.514   18.937
39936.0 40448.0 35904.0  0.0   256000.0 45808.1   462336.0   388371.5  15744.0 15181.2 1920.0 1708.3    200   12.424   7      6.514   18.937
39936.0 40448.0 35904.0  0.0   256000.0 45808.1   462336.0   388371.5  15744.0 15181.2 1920.0 1708.3    200   12.424   7      6.514   18.937
39936.0 40448.0 35904.0  0.0   256000.0 45851.8   462336.0   388371.5  15744.0 15181.2 1920.0 1708.3    200   12.424   7      6.514   18.937
39936.0 40448.0 35904.0  0.0   256000.0 45851.8   462336.0   388371.5  15744.0 15181.2 1920.0 1708.3    200   12.424   7      6.514   18.937
39936.0 40448.0 35904.0  0.0   256000.0 45851.8   462336.0   388371.5  15744.0 15181.2 1920.0 1708.3    200   12.424   7      6.514   18.937
39936.0 40448.0 35904.0  0.0   256000.0 97216.4   462336.0   388371.5  15744.0 15181.2 1920.0 1708.3    200   12.424   7      6.514   18.937
39936.0 40448.0 35904.0  0.0   256000.0 254834.7  462336.0   388371.5  15744.0 15181.2 1920.0 1708.3    201   12.424   7      6.514   18.937
40448.0 40448.0  0.0   35968.0 256000.0 152707.1  462336.0   390603.5  15744.0 15182.2 1920.0 1708.3    201   12.470   7      6.514   18.984
40448.0 40448.0 36064.0  0.0   257024.0 49556.7   462336.0   392867.5  15744.0 15182.8 1920.0 1708.3    202   12.550   7      6.514   19.063
40448.0 40448.0 36064.0  0.0   257024.0 114165.8  462336.0   392867.5  15744.0 15182.8 1920.0 1708.3    202   12.550   7      6.514   19.063
40448.0 40448.0 36064.0  0.0   257024.0 114165.8  462336.0   392867.5  15744.0 15182.8 1920.0 1708.3    202   12.550   7      6.514   19.063
40448.0 40448.0 36064.0  0.0   257024.0 114212.2  462336.0   392867.5  15744.0 15182.8 1920.0 1708.3    202   12.550   7      6.514   19.063
40448.0 40448.0 36064.0  0.0   257024.0 114212.2  462336.0   392867.5  15744.0 15182.8 1920.0 1708.3    202   12.550   7      6.514   19.063
40448.0 40448.0 36064.0  0.0   257024.0 114212.2  462336.0   392867.5  15744.0 15182.8 1920.0 1708.3    202   12.550   7      6.514   19.063
40448.0 40448.0 36064.0  0.0   257024.0 114255.9  462336.0   392867.5  15744.0 15182.8 1920.0 1708.3    202   12.550   7      6.514   19.063
40448.0 40448.0 36064.0  0.0   257024.0 114255.9  462336.0   392867.5  15744.0 15182.8 1920.0 1708.3    202   12.550   7      6.514   19.063
40448.0 40448.0 36064.0  0.0   257024.0 114255.9  462336.0   392867.5  15744.0 15182.8 1920.0 1708.3    202   12.550   7      6.514   19.063
40448.0 40448.0 36064.0  0.0   257024.0 129620.3  462336.0   392867.5  15744.0 15182.8 1920.0 1708.3    202   12.550   7      6.514   19.063
40448.0 40448.0  0.0   36224.0 257024.0 31086.5   462336.0   395107.5  15744.0 15197.7 1920.0 1708.3    203   12.598   7      6.514   19.112
40448.0 40448.0  0.0   36224.0 257024.0 188655.6  462336.0   395107.5  15744.0 15197.7 1920.0 1708.3    203   12.598   7      6.514   19.112
40448.0 40448.0 36288.0  0.0   257024.0 88341.9   462336.0   397395.5  15744.0 15197.7 1920.0 1708.3    204   12.685   7      6.514   19.199
40448.0 40448.0 36288.0  0.0   257024.0 179991.1  462336.0   397395.5  15744.0 15197.7 1920.0 1708.3    204   12.685   7      6.514   19.199
40448.0 40448.0 36288.0  0.0   257024.0 182719.2  462336.0   397395.5  15744.0 15197.7 1920.0 1708.3    204   12.685   7      6.514   19.199
40448.0 40448.0 36288.0  0.0   257024.0 182763.6  462336.0   397395.5  15744.0 15197.7 1920.0 1708.3    204   12.685   7      6.514   19.199
40448.0 40448.0 36288.0  0.0   257024.0 182763.6  462336.0   397395.5  15744.0 15197.7 1920.0 1708.3    204   12.685   7      6.514   19.199
40448.0 40448.0 36288.0  0.0   257024.0 182763.6  462336.0   397395.5  15744.0 15197.7 1920.0 1708.3    204   12.685   7      6.514   19.199
40448.0 40448.0 36288.0  0.0   257024.0 182807.3  462336.0   397395.5  15744.0 15197.7 1920.0 1708.3    204   12.685   7      6.514   19.199
40448.0 40448.0 36288.0  0.0   257024.0 182807.3  462336.0   397395.5  15744.0 15197.7 1920.0 1708.3    204   12.685   7      6.514   19.199
40448.0 40448.0 36288.0  0.0   257024.0 182807.3  462336.0   397395.5  15744.0 15197.7 1920.0 1708.3    204   12.685   7      6.514   19.199
40448.0 40448.0 36288.0  0.0   257024.0 200568.6  462336.0   397395.5  15744.0 15197.7 1920.0 1708.3    204   12.685   7      6.514   19.199
40448.0 40448.0  0.0   36384.0 257024.0 10166.9   462336.0   399659.5  15744.0 15197.7 1920.0 1708.3    205   12.747   7      6.514   19.261
40448.0 40448.0  0.0   36384.0 257024.0 170424.2  462336.0   399659.5  15744.0 15197.7 1920.0 1708.3    205   12.747   7      6.514   19.261
39424.0 39936.0 36448.0  0.0   257024.0 67192.9   462336.0   401955.5  15744.0 15197.7 1920.0 1708.3    206   12.830   7      6.514   19.343
39424.0 39936.0 36448.0  0.0   257024.0 228051.4  462336.0   401955.5  15744.0 15197.7 1920.0 1708.3    206   12.830   7      6.514   19.343
39424.0 39936.0 36448.0  0.0   257024.0 250864.2  462336.0   401955.5  15744.0 15197.7 1920.0 1708.3    206   12.830   7      6.514   19.343
39424.0 39936.0 36448.0  0.0   257024.0 250908.6  462336.0   401955.5  15744.0 15197.7 1920.0 1708.3    206   12.830   7      6.514   19.343
39424.0 39936.0 36448.0  0.0   257024.0 250908.6  462336.0   401955.5  15744.0 15197.7 1920.0 1708.3    206   12.830   7      6.514   19.343
39424.0 39936.0 36448.0  0.0   257024.0 250908.6  462336.0   401955.5  15744.0 15197.7 1920.0 1708.3    206   12.830   7      6.514   19.343
39424.0 39936.0 36448.0  0.0   257024.0 250952.3  462336.0   401955.5  15744.0 15197.7 1920.0 1708.3    206   12.830   7      6.514   19.343
39424.0 39936.0 36448.0  0.0   257024.0 250952.3  462336.0   401955.5  15744.0 15197.7 1920.0 1708.3    206   12.830   7      6.514   19.343
39424.0 39936.0 36448.0  0.0   257024.0 250952.3  462336.0   401955.5  15744.0 15197.7 1920.0 1708.3    206   12.830   7      6.514   19.343
39936.0 39936.0  0.0   36544.0 257024.0 51510.2   462336.0   404251.5  15744.0 15197.7 1920.0 1708.3    207   12.910   7      6.514   19.424
39936.0 39936.0  0.0   36544.0 257024.0 92455.0   462336.0   404251.5  15744.0 15197.7 1920.0 1708.3    207   12.910   7      6.514   19.424
39936.0 39936.0  0.0   36544.0 257024.0 254814.5  462336.0   404251.5  15744.0 15197.7 1920.0 1708.3    207   12.910   7      6.514   19.424
39936.0 39936.0 36608.0  0.0   258048.0 160101.2  462336.0   406571.5  15744.0 15197.7 1920.0 1708.3    208   12.969   7      6.514   19.483
39936.0 39936.0  0.0   36704.0 258048.0 57529.3   462336.0   408883.5  15744.0 15197.7 1920.0 1708.3    209   13.055   7      6.514   19.569
39936.0 39936.0  0.0   36704.0 258048.0 62225.6   462336.0   408883.5  15744.0 15197.7 1920.0 1708.3    209   13.055   7      6.514   19.569
39936.0 39936.0  0.0   36704.0 258048.0 62270.0   462336.0   408883.5  15744.0 15197.7 1920.0 1708.3    209   13.055   7      6.514   19.569
39936.0 39936.0  0.0   36704.0 258048.0 62270.0   462336.0   408883.5  15744.0 15197.7 1920.0 1708.3    209   13.055   7      6.514   19.569
39936.0 39936.0  0.0   36704.0 258048.0 62270.0   462336.0   408883.5  15744.0 15197.7 1920.0 1708.3    209   13.055   7      6.514   19.569
39936.0 39936.0  0.0   36704.0 258048.0 62313.7   462336.0   408883.5  15744.0 15197.7 1920.0 1708.3    209   13.055   7      6.514   19.569
39936.0 39936.0  0.0   36704.0 258048.0 62313.7   462336.0   408883.5  15744.0 15197.7 1920.0 1708.3    209   13.055   7      6.514   19.569
39936.0 39936.0  0.0   36704.0 258048.0 62313.7   462336.0   408883.5  15744.0 15197.7 1920.0 1708.3    209   13.055   7      6.514   19.569
39936.0 39936.0  0.0   36704.0 258048.0 107848.0  462336.0   408883.5  15744.0 15197.7 1920.0 1708.3    209   13.055   7      6.514   19.569
39936.0 39936.0  0.0   36704.0 258048.0 151587.3  462336.0   408883.5  15744.0 15197.7 1920.0 1708.3    209   13.055   7      6.514   19.569
39936.0 39936.0 36704.0  0.0   258048.0 56990.8   462336.0   411219.5  15744.0 15197.7 1920.0 1708.3    210   13.142   7      6.514   19.656
39936.0 39936.0 36704.0  0.0   258048.0 216528.7  462336.0   411219.5  15744.0 15197.7 1920.0 1708.3    210   13.142   7      6.514   19.656
39936.0 39936.0  0.0   36704.0 258048.0 111569.0  462336.0   413563.5  15744.0 15197.7 1920.0 1708.3    211   13.221   7      6.514   19.735
39936.0 39936.0  0.0   36704.0 258048.0 129416.9  462336.0   413563.5  15744.0 15197.7 1920.0 1708.3    211   13.221   7      6.514   19.735
39936.0 39936.0  0.0   36704.0 258048.0 129461.3  462336.0   413563.5  15744.0 15197.7 1920.0 1708.3    211   13.221   7      6.514   19.735
39936.0 39936.0  0.0   36704.0 258048.0 129461.3  462336.0   413563.5  15744.0 15197.7 1920.0 1708.3    211   13.221   7      6.514   19.735
39936.0 39936.0  0.0   36704.0 258048.0 129461.3  462336.0   413563.5  15744.0 15197.7 1920.0 1708.3    211   13.221   7      6.514   19.735
39936.0 39936.0  0.0   36704.0 258048.0 129505.0  462336.0   413563.5  15744.0 15197.7 1920.0 1708.3    211   13.221   7      6.514   19.735
39936.0 39936.0  0.0   36704.0 258048.0 129505.0  462336.0   413563.5  15744.0 15197.7 1920.0 1708.3    211   13.221   7      6.514   19.735
39936.0 39936.0  0.0   36704.0 258048.0 129505.0  462336.0   413563.5  15744.0 15197.7 1920.0 1708.3    211   13.221   7      6.514   19.735
39936.0 39936.0  0.0   36704.0 258048.0 200119.4  462336.0   413563.5  15744.0 15197.7 1920.0 1708.3    211   13.221   7      6.514   19.735
39936.0 39936.0  0.0   36704.0 258048.0 216031.3  462336.0   413563.5  15744.0 15197.7 1920.0 1708.3    211   13.221   7      6.514   19.735
39936.0 39936.0  0.0   36704.0 258048.0 249627.2  462336.0   413563.5  15744.0 15197.7 1920.0 1708.3    211   13.221   7      6.514   19.735
39936.0 39936.0 36800.0  0.0   258048.0 167839.6  462336.0   415907.5  15744.0 15198.1 1920.0 1708.3    212   13.269   7      6.514   19.783
39936.0 39936.0  0.0   36832.0 258048.0 79276.5   462336.0   418243.5  15744.0 15198.1 1920.0 1708.3    213   13.349   7      6.514   19.863
39936.0 39936.0  0.0   36832.0 258048.0 194702.8  462336.0   418243.5  15744.0 15198.1 1920.0 1708.3    213   13.349   7      6.514   19.863
39936.0 39936.0  0.0   36832.0 258048.0 194747.2  462336.0   418243.5  15744.0 15198.1 1920.0 1708.3    213   13.349   7      6.514   19.863
39936.0 39936.0  0.0   36832.0 258048.0 194747.2  462336.0   418243.5  15744.0 15198.1 1920.0 1708.3    213   13.349   7      6.514   19.863
39936.0 39936.0  0.0   36832.0 258048.0 194747.2  462336.0   418243.5  15744.0 15198.1 1920.0 1708.3    213   13.349   7      6.514   19.863
39936.0 39936.0  0.0   36832.0 258048.0 194790.9  462336.0   418243.5  15744.0 15198.1 1920.0 1708.3    213   13.349   7      6.514   19.863
39936.0 39936.0  0.0   36832.0 258048.0 194790.9  462336.0   418243.5  15744.0 15198.1 1920.0 1708.3    213   13.349   7      6.514   19.863
39936.0 39936.0  0.0   36832.0 258048.0 194790.9  462336.0   418243.5  15744.0 15198.1 1920.0 1708.3    213   13.349   7      6.514   19.863
39936.0 39936.0 36864.0  0.0   258048.0 53196.2   462336.0   420603.5  15744.0 15198.8 1920.0 1708.3    214   13.446   7      6.514   19.960
39936.0 39936.0 36864.0  0.0   258048.0 99538.3   462336.0   420603.5  15744.0 15198.8 1920.0 1708.3    214   13.446   7      6.514   19.960
39936.0 39936.0 36864.0  0.0   258048.0 125301.2  462336.0   420603.5  15744.0 15198.8 1920.0 1708.3    214   13.446   7      6.514   19.960
39936.0 39936.0 36864.0  0.0   258048.0 224075.4  462336.0   420603.5  15744.0 15198.8 1920.0 1708.3    214   13.446   7      6.514   19.960
39424.0 36864.0  0.0   36832.0 258048.0 130192.7  462336.0   422939.5  15744.0 15198.8 1920.0 1708.3    215   13.497   7      6.514   20.011
39424.0 39424.0 36896.0  0.0   258048.0  5121.1   462336.0   425299.5  15744.0 15198.8 1920.0 1708.3    216   13.586   7      6.514   20.100
39424.0 39424.0 36896.0  0.0   258048.0  5165.1   462336.0   425299.5  15744.0 15198.8 1920.0 1708.3    216   13.586   7      6.514   20.100
39424.0 39424.0 36896.0  0.0   258048.0  5165.1   462336.0   425299.5  15744.0 15198.8 1920.0 1708.3    216   13.586   7      6.514   20.100
39424.0 39424.0 36896.0  0.0   258048.0  5165.1   462336.0   425299.5  15744.0 15198.8 1920.0 1708.3    216   13.586   7      6.514   20.100
39424.0 39424.0 36896.0  0.0   258048.0  5208.8   462336.0   425299.5  15744.0 15198.8 1920.0 1708.3    216   13.586   7      6.514   20.100
39424.0 39424.0 36896.0  0.0   258048.0  5208.8   462336.0   425299.5  15744.0 15198.8 1920.0 1708.3    216   13.586   7      6.514   20.100
39424.0 39424.0 36896.0  0.0   258048.0  5208.8   462336.0   425299.5  15744.0 15198.8 1920.0 1708.3    216   13.586   7      6.514   20.100
39424.0 39424.0 36896.0  0.0   258048.0 105766.5  462336.0   425299.5  15744.0 15198.8 1920.0 1708.3    216   13.586   7      6.514   20.100
39424.0 39424.0 36896.0  0.0   258048.0 132510.2  462336.0   425299.5  15744.0 15198.8 1920.0 1708.3    216   13.586   7      6.514   20.100
39424.0 39424.0 36896.0  0.0   258048.0 157829.6  462336.0   425299.5  15744.0 15198.8 1920.0 1708.3    216   13.586   7      6.514   20.100
39424.0 39424.0 36896.0  0.0   258048.0 179954.6  462336.0   425299.5  15744.0 15198.8 1920.0 1708.3    216   13.586   7      6.514   20.100
39424.0 39424.0  0.0   36928.0 258048.0 58458.4   462336.0   427659.5  15744.0 15199.2 1920.0 1708.3    217   13.655   7      6.514   20.169
39424.0 39424.0  0.0   36928.0 258048.0 222364.0  462336.0   427659.5  15744.0 15199.2 1920.0 1708.3    217   13.655   7      6.514   20.169
39424.0 39424.0 36896.0  0.0   259072.0 70857.2   462336.0   430027.5  15744.0 15199.2 1920.0 1708.3    218   13.744   7      6.514   20.258
39424.0 39424.0 36896.0  0.0   259072.0 70857.2   462336.0   430027.5  15744.0 15199.2 1920.0 1708.3    218   13.744   7      6.514   20.258
39424.0 39424.0 36896.0  0.0   259072.0 70857.2   462336.0   430027.5  15744.0 15199.2 1920.0 1708.3    218   13.744   7      6.514   20.258
39424.0 39424.0 36896.0  0.0   259072.0 70901.6   462336.0   430027.5  15744.0 15199.2 1920.0 1708.3    218   13.744   7      6.514   20.258
39424.0 39424.0 36896.0  0.0   259072.0 70901.6   462336.0   430027.5  15744.0 15199.2 1920.0 1708.3    218   13.744   7      6.514   20.258
39424.0 39424.0 36896.0  0.0   259072.0 70901.6   462336.0   430027.5  15744.0 15199.2 1920.0 1708.3    218   13.744   7      6.514   20.258
39424.0 39424.0 36896.0  0.0   259072.0 189310.9  462336.0   430027.5  15744.0 15199.2 1920.0 1708.3    218   13.744   7      6.514   20.258
39424.0 39424.0  0.0   36960.0 259072.0 38670.4   462336.0   432395.5  15744.0 15199.2 1920.0 1708.3    219   13.900   7      6.514   20.414
39424.0 39424.0  0.0   36960.0 259072.0 62725.7   462336.0   432395.5  15744.0 15199.2 1920.0 1708.3    219   13.900   7      6.514   20.414
39424.0 39424.0  0.0   36960.0 259072.0 85760.4   462336.0   432395.5  15744.0 15199.2 1920.0 1708.3    219   13.900   7      6.514   20.414
39424.0 39424.0  0.0   36960.0 259072.0 106501.1  462336.0   432395.5  15744.0 15199.2 1920.0 1708.3    219   13.900   7      6.514   20.414
39424.0 39424.0 36928.0  0.0   259072.0  5135.3   462336.0   434763.5  15744.0 15199.2 1920.0 1708.3    220   13.956   7      6.514   20.470
39424.0 39424.0 36928.0  0.0   259072.0 134926.6  462336.0   434763.5  15744.0 15199.2 1920.0 1708.3    220   13.956   7      6.514   20.470
39424.0 39424.0 36928.0  0.0   259072.0 134926.6  462336.0   434763.5  15744.0 15199.2 1920.0 1708.3    220   13.956   7      6.514   20.470
39424.0 39424.0 36928.0  0.0   259072.0 134926.6  462336.0   434763.5  15744.0 15199.2 1920.0 1708.3    220   13.956   7      6.514   20.470
39424.0 39424.0 36928.0  0.0   259072.0 134970.3  462336.0   434763.5  15744.0 15199.2 1920.0 1708.3    220   13.956   7      6.514   20.470
39424.0 39424.0 36928.0  0.0   259072.0 134970.3  462336.0   434763.5  15744.0 15199.2 1920.0 1708.3    220   13.956   7      6.514   20.470
39424.0 39424.0 36928.0  0.0   259072.0 134970.3  462336.0   434763.5  15744.0 15199.2 1920.0 1708.3    220   13.956   7      6.514   20.470
39424.0 39424.0 36928.0  0.0   259072.0 250352.0  462336.0   434763.5  15744.0 15199.2 1920.0 1708.3    220   13.956   7      6.514   20.470
38912.0 37376.0  0.0   36960.0 259072.0 63939.0   462336.0   437139.5  15744.0 15199.2 1920.0 1708.3    221   14.055   7      6.514   20.569
38912.0 37376.0  0.0   36960.0 259072.0 81353.9   462336.0   437139.5  15744.0 15199.2 1920.0 1708.3    221   14.055   7      6.514   20.569
38912.0 37376.0  0.0   36960.0 259072.0 104490.4  462336.0   437139.5  15744.0 15199.2 1920.0 1708.3    221   14.055   7      6.514   20.569
38912.0 37376.0  0.0   36960.0 259072.0 123690.3  462336.0   437139.5  15744.0 15199.2 1920.0 1708.3    221   14.055   7      6.514   20.569
38912.0 37376.0  0.0   36960.0 259072.0 198737.0  462336.0   437139.5  15744.0 15199.2 1920.0 1708.3    221   14.055   7      6.514   20.569
38912.0 38912.0 36992.0  0.0   259072.0 92479.7   462336.0   439507.5  15744.0 15199.2 1920.0 1708.3    222   14.111   7      6.514   20.624
38912.0 38912.0 36992.0  0.0   259072.0 201391.0  462336.0   439507.5  15744.0 15199.2 1920.0 1708.3    222   14.111   7      6.514   20.624
38912.0 38912.0 36992.0  0.0   259072.0 201391.0  462336.0   439507.5  15744.0 15199.2 1920.0 1708.3    222   14.111   7      6.514   20.624
38912.0 38912.0 36992.0  0.0   259072.0 201435.3  462336.0   439507.5  15744.0 15199.2 1920.0 1708.3    222   14.111   7      6.514   20.624
38912.0 38912.0 36992.0  0.0   259072.0 201435.3  462336.0   439507.5  15744.0 15199.2 1920.0 1708.3    222   14.111   7      6.514   20.624
38912.0 38912.0 36992.0  0.0   259072.0 201435.3  462336.0   439507.5  15744.0 15199.2 1920.0 1708.3    222   14.111   7      6.514   20.624
38912.0 38912.0  0.0   37024.0 259072.0 54083.9   462336.0   441875.5  15744.0 15199.2 1920.0 1708.3    223   14.227   7      6.514   20.741
38912.0 38912.0  0.0   37024.0 259072.0 206447.4  462336.0   441875.5  15744.0 15199.2 1920.0 1708.3    223   14.227   7      6.514   20.741
38912.0 38912.0  0.0   37024.0 259072.0 244099.3  462336.0   441875.5  15744.0 15199.2 1920.0 1708.3    223   14.227   7      6.514   20.741
38912.0 38912.0 37024.0  0.0   260096.0 19621.7   462336.0   444251.5  15744.0 15199.2 1920.0 1708.3    224   14.318   7      6.514   20.832
38912.0 38912.0 37024.0  0.0   260096.0 36020.6   462336.0   444251.5  15744.0 15199.2 1920.0 1708.3    224   14.318   7      6.514   20.832
38912.0 38912.0 37024.0  0.0   260096.0 54778.6   462336.0   444251.5  15744.0 15199.2 1920.0 1708.3    224   14.318   7      6.514   20.832
38912.0 38912.0 37024.0  0.0   260096.0 152944.1  462336.0   444251.5  15744.0 15199.2 1920.0 1708.3    224   14.318   7      6.514   20.832
38912.0 38912.0  0.0   37024.0 260096.0  7565.1   462336.0   446627.5  15744.0 15199.2 1920.0 1708.3    225   14.412   7      6.514   20.925
38912.0 38912.0  0.0   37024.0 260096.0  7565.1   462336.0   446627.5  15744.0 15199.2 1920.0 1708.3    225   14.412   7      6.514   20.925
38912.0 38912.0  0.0   37024.0 260096.0  7609.5   462336.0   446627.5  15744.0 15199.2 1920.0 1708.3    225   14.412   7      6.514   20.925
38912.0 38912.0  0.0   37024.0 260096.0  7609.5   462336.0   446627.5  15744.0 15199.2 1920.0 1708.3    225   14.412   7      6.514   20.925
38912.0 38912.0  0.0   37024.0 260096.0  7609.5   462336.0   446627.5  15744.0 15199.2 1920.0 1708.3    225   14.412   7      6.514   20.925
38912.0 38912.0  0.0   37024.0 260096.0 123181.2  462336.0   446627.5  15744.0 15199.2 1920.0 1708.3    225   14.412   7      6.514   20.925
38912.0 38912.0 37024.0  0.0   260096.0 15424.4   462336.0   449003.5  15744.0 15199.2 1920.0 1708.3    226   14.494   7      6.514   21.008
38912.0 38912.0 37024.0  0.0   260096.0 36039.7   462336.0   449003.5  15744.0 15199.2 1920.0 1708.3    226   14.494   7      6.514   21.008
38912.0 38912.0 37024.0  0.0   260096.0 56801.1   462336.0   449003.5  15744.0 15199.2 1920.0 1708.3    226   14.494   7      6.514   21.008
38912.0 38912.0 37024.0  0.0   260096.0 75629.7   462336.0   449003.5  15744.0 15199.2 1920.0 1708.3    226   14.494   7      6.514   21.008
38912.0 38912.0 37024.0  0.0   260096.0 92685.4   462336.0   449003.5  15744.0 15199.2 1920.0 1708.3    226   14.494   7      6.514   21.008
38912.0 38912.0 37024.0  0.0   260096.0 107851.4  462336.0   449003.5  15744.0 15199.2 1920.0 1708.3    226   14.494   7      6.514   21.008
38912.0 38912.0 37024.0  0.0   260096.0 256322.0  462336.0   449003.5  15744.0 15199.2 1920.0 1708.3    226   14.494   7      6.514   21.008
38912.0 38912.0  0.0   37056.0 260096.0 71709.8   462336.0   451379.5  15744.0 15199.2 1920.0 1708.3    227   14.546   7      6.514   21.060
38912.0 38912.0  0.0   37056.0 260096.0 71783.0   462336.0   451379.5  15744.0 15199.2 1920.0 1708.3    227   14.546   7      6.514   21.060
38912.0 38912.0  0.0   37056.0 260096.0 71783.0   462336.0   451379.5  15744.0 15199.2 1920.0 1708.3    227   14.546   7      6.514   21.060
38912.0 38912.0  0.0   37056.0 260096.0 71783.0   462336.0   451379.5  15744.0 15199.2 1920.0 1708.3    227   14.546   7      6.514   21.060
38912.0 38912.0  0.0   37056.0 260096.0 196297.1  462336.0   451379.5  15744.0 15199.2 1920.0 1708.3    227   14.546   7      6.514   21.060
37888.0 38400.0 37120.0  0.0   260096.0 87295.3   462336.0   453755.5  15744.0 15199.2 1920.0 1708.3    228   14.604   7      6.514   21.117
37888.0 38400.0 37120.0  0.0   260096.0 220573.3  462336.0   453755.5  15744.0 15199.2 1920.0 1708.3    228   14.604   7      6.514   21.117
37888.0 38400.0 37120.0  0.0   260096.0 241340.6  462336.0   453755.5  15744.0 15199.2 1920.0 1708.3    228   14.604   7      6.514   21.117
38400.0 38400.0  0.0   37120.0 260096.0  5139.1   462336.0   456147.5  15744.0 15199.2 1920.0 1708.3    229   14.661   7      6.514   21.175
38400.0 38400.0  0.0   37120.0 260096.0 25723.7   462336.0   456147.5  15744.0 15199.2 1920.0 1708.3    229   14.661   7      6.514   21.175
38400.0 38400.0  0.0   37120.0 260096.0 41222.4   462336.0   456147.5  15744.0 15199.2 1920.0 1708.3    229   14.661   7      6.514   21.175
38400.0 38400.0  0.0   37120.0 260096.0 133764.3  462336.0   456147.5  15744.0 15199.2 1920.0 1708.3    229   14.661   7      6.514   21.175
38400.0 38400.0  0.0   37120.0 260096.0 133764.3  462336.0   456147.5  15744.0 15199.2 1920.0 1708.3    229   14.661   7      6.514   21.175
38400.0 38400.0  0.0   37120.0 260096.0 133808.1  462336.0   456147.5  15744.0 15199.2 1920.0 1708.3    229   14.661   7      6.514   21.175
38400.0 38400.0  0.0   37120.0 260096.0 133808.1  462336.0   456147.5  15744.0 15199.2 1920.0 1708.3    229   14.661   7      6.514   21.175
38400.0 38400.0  0.0   37120.0 260096.0 133808.1  462336.0   456147.5  15744.0 15199.2 1920.0 1708.3    229   14.661   7      6.514   21.175
38400.0 38400.0  0.0   37120.0 260096.0 255633.9  462336.0   456147.5  15744.0 15199.2 1920.0 1708.3    229   14.661   7      6.514   21.175
38400.0 38400.0 37088.0  0.0   261120.0 156297.2  462336.0   458523.5  15744.0 15199.8 1920.0 1708.3    230   14.712   7      6.514   21.226
38400.0 38400.0 37088.0  0.0   261120.0 231396.1  462336.0   458523.5  15744.0 15199.8 1920.0 1708.3    230   14.712   7      6.514   21.226
38400.0 38400.0 37088.0  0.0   261120.0 258913.5  462336.0   458523.5  15744.0 15199.8 1920.0 1708.3    230   14.712   7      6.514   21.226
38400.0 38400.0  0.0    0.0   261120.0 19225.9   536064.0   361904.2  15744.0 15199.8 1920.0 1708.3    231   14.798   8      7.782   22.580
38400.0 38400.0  0.0    0.0   261120.0 44668.8   536064.0   361904.2  15744.0 15199.8 1920.0 1708.3    231   14.798   8      7.782   22.580
38400.0 38400.0  0.0    0.0   261120.0 66480.3   536064.0   361904.2  15744.0 15199.8 1920.0 1708.3    231   14.798   8      7.782   22.580
38400.0 38400.0  0.0    0.0   261120.0 86814.7   536064.0   361904.2  15744.0 15199.8 1920.0 1708.3    231   14.798   8      7.782   22.580
38400.0 38400.0  0.0    0.0   261120.0 195152.6  536064.0   361904.2  15744.0 15199.8 1920.0 1708.3    231   14.798   8      7.782   22.580
38400.0 38400.0  0.0    0.0   261120.0 195196.3  536064.0   361904.2  15744.0 15199.8 1920.0 1708.3    231   14.798   8      7.782   22.580
38400.0 38400.0  0.0    0.0   261120.0 195196.3  536064.0   361904.2  15744.0 15199.8 1920.0 1708.3    231   14.798   8      7.782   22.580
38400.0 38400.0  0.0    0.0   261120.0 195196.3  536064.0   361904.2  15744.0 15199.8 1920.0 1708.3    231   14.798   8      7.782   22.580
38400.0 44032.0 3072.0  0.0   249856.0 64581.2   536064.0   361904.2  15744.0 15199.8 1920.0 1708.3    232   14.810   8      7.782   22.591
38400.0 44032.0 3072.0  0.0   249856.0 226608.8  536064.0   361904.2  15744.0 15199.8 1920.0 1708.3    232   14.810   8      7.782   22.591
47616.0 6144.0  0.0   5952.0 249856.0 132245.6  536064.0   361904.2  15744.0 15199.8 1920.0 1708.3    233   14.831   8      7.782   22.613
47616.0 6144.0  0.0   5952.0 249856.0 236706.3  536064.0   361904.2  15744.0 15199.8 1920.0 1708.3    233   14.831   8      7.782   22.613
47616.0 49664.0 8448.0  0.0   238592.0 14204.8   536064.0   361904.2  15744.0 15199.8 1920.0 1708.3    234   14.861   8      7.782   22.643
47616.0 49664.0 8448.0  0.0   238592.0 18946.4   536064.0   361904.2  15744.0 15199.8 1920.0 1708.3    234   14.861   8      7.782   22.643
47616.0 49664.0 8448.0  0.0   238592.0 18990.8   536064.0   361904.2  15744.0 15199.8 1920.0 1708.3    234   14.861   8      7.782   22.643
47616.0 49664.0 8448.0  0.0   238592.0 18990.8   536064.0   361904.2  15744.0 15199.8 1920.0 1708.3    234   14.861   8      7.782   22.643
47616.0 49664.0 8448.0  0.0   238592.0 18990.8   536064.0   361904.2  15744.0 15199.8 1920.0 1708.3    234   14.861   8      7.782   22.643
47616.0 49664.0 8448.0  0.0   238592.0 19034.5   536064.0   361904.2  15744.0 15199.8 1920.0 1708.3    234   14.861   8      7.782   22.643
47616.0 49664.0 8448.0  0.0   238592.0 19034.5   536064.0   361904.2  15744.0 15199.8 1920.0 1708.3    234   14.861   8      7.782   22.643
47616.0 49664.0 8448.0  0.0   238592.0 19034.5   536064.0   361904.2  15744.0 15199.8 1920.0 1708.3    234   14.861   8      7.782   22.643
47616.0 49664.0 8448.0  0.0   238592.0 132724.1  536064.0   361904.2  15744.0 15199.8 1920.0 1708.3    234   14.861   8      7.782   22.643
50688.0 10752.0  0.0   10720.0 238592.0 44375.1   536064.0   361904.2  15744.0 15199.8 1920.0 1708.3    235   14.898   8      7.782   22.680
50688.0 10752.0  0.0   10720.0 238592.0 96428.5   536064.0   361904.2  15744.0 15199.8 1920.0 1708.3    235   14.898   8      7.782   22.680
50688.0 10752.0  0.0   10720.0 238592.0 225455.5  536064.0   361904.2  15744.0 15199.8 1920.0 1708.3    235   14.898   8      7.782   22.680
50688.0 50688.0 12960.0  0.0   236544.0  3799.8   536064.0   361904.2  15744.0 15199.8 1920.0 1708.3    236   14.936   8      7.782   22.718
50688.0 50688.0 12960.0  0.0   236544.0 32412.7   536064.0   361904.2  15744.0 15199.8 1920.0 1708.3    236   14.936   8      7.782   22.718
50688.0 50688.0 12960.0  0.0   236544.0 58094.4   536064.0   361904.2  15744.0 15199.8 1920.0 1708.3    236   14.936   8      7.782   22.718
50688.0 50688.0 12960.0  0.0   236544.0 79800.3   536064.0   361904.2  15744.0 15199.8 1920.0 1708.3    236   14.936   8      7.782   22.718
50688.0 50688.0 12960.0  0.0   236544.0 123313.5  536064.0   361904.2  15744.0 15199.8 1920.0 1708.3    236   14.936   8      7.782   22.718
50688.0 50688.0 12960.0  0.0   236544.0 123357.2  536064.0   361904.2  15744.0 15199.8 1920.0 1708.3    236   14.936   8      7.782   22.718
50688.0 50688.0 12960.0  0.0   236544.0 123357.2  536064.0   361904.2  15744.0 15199.8 1920.0 1708.3    236   14.936   8      7.782   22.718
50688.0 50688.0 12960.0  0.0   236544.0 123357.2  536064.0   361904.2  15744.0 15199.8 1920.0 1708.3    236   14.936   8      7.782   22.718
50176.0 15360.0  0.0   15136.0 236544.0 20493.1   536064.0   361904.2  15744.0 15199.8 1920.0 1708.3    237   14.963   8      7.782   22.744
50176.0 15360.0  0.0   15136.0 236544.0 181860.0  536064.0   361904.2  15744.0 15199.8 1920.0 1708.3    237   14.963   8      7.782   22.744
49664.0 48640.0 17248.0  0.0   238080.0 108157.9  536064.0   361904.2  15744.0 15199.8 1920.0 1708.3    238   14.987   8      7.782   22.769
49664.0 48640.0 17248.0  0.0   238080.0 231424.4  536064.0   361904.2  15744.0 15199.8 1920.0 1708.3    238   14.987   8      7.782   22.769
49664.0 48640.0 17248.0  0.0   238080.0 231424.4  536064.0   361904.2  15744.0 15199.8 1920.0 1708.3    238   14.987   8      7.782   22.769
49664.0 48640.0 17248.0  0.0   238080.0 231424.4  536064.0   361904.2  15744.0 15199.8 1920.0 1708.3    238   14.987   8      7.782   22.769
49664.0 48640.0 17248.0  0.0   238080.0 231470.1  536064.0   361904.2  15744.0 15199.8 1920.0 1708.3    238   14.987   8      7.782   22.769
49664.0 48640.0 17248.0  0.0   238080.0 231470.1  536064.0   361904.2  15744.0 15199.8 1920.0 1708.3    238   14.987   8      7.782   22.769
49664.0 48640.0 17248.0  0.0   238080.0 231470.1  536064.0   361904.2  15744.0 15199.8 1920.0 1708.3    238   14.987   8      7.782   22.769
49664.0 48640.0 17248.0  0.0   238080.0 231511.9  536064.0   361904.2  15744.0 15199.8 1920.0 1708.3    238   14.987   8      7.782   22.769
49664.0 48640.0 17248.0  0.0   238080.0 231511.9  536064.0   361904.2  15744.0 15199.8 1920.0 1708.3    238   14.987   8      7.782   22.769
49664.0 48640.0 17248.0  0.0   238080.0 231511.9  536064.0   361904.2  15744.0 15199.8 1920.0 1708.3    238   14.987   8      7.782   22.769
47104.0 48640.0  0.0   19488.0 238080.0 123840.1  536064.0   361904.2  15744.0 15200.2 1920.0 1708.3    239   15.019   8      7.782   22.801
45056.0 45056.0 21664.0  0.0   241664.0 40132.9   536064.0   361904.2  15744.0 15200.2 1920.0 1708.3    240   15.075   8      7.782   22.857
45056.0 45056.0 21664.0  0.0   241664.0 191511.0  536064.0   361904.2  15744.0 15200.2 1920.0 1708.3    240   15.075   8      7.782   22.857
43008.0 45056.0  0.0   23808.0 241664.0 36184.9   536064.0   361904.2  15744.0 15200.2 1920.0 1708.3    241   15.127   8      7.782   22.909
43008.0 45056.0  0.0   23808.0 241664.0 61126.5   536064.0   361904.2  15744.0 15200.2 1920.0 1708.3    241   15.127   8      7.782   22.909
43008.0 45056.0  0.0   23808.0 241664.0 85588.4   536064.0   361904.2  15744.0 15200.2 1920.0 1708.3    241   15.127   8      7.782   22.909
43008.0 45056.0  0.0   23808.0 241664.0 95259.2   536064.0   361904.2  15744.0 15200.2 1920.0 1708.3    241   15.127   8      7.782   22.909
43008.0 45056.0  0.0   23808.0 241664.0 95259.2   536064.0   361904.2  15744.0 15200.2 1920.0 1708.3    241   15.127   8      7.782   22.909
43008.0 45056.0  0.0   23808.0 241664.0 95259.2   536064.0   361904.2  15744.0 15200.2 1920.0 1708.3    241   15.127   8      7.782   22.909
43008.0 45056.0  0.0   23808.0 241664.0 95303.0   536064.0   361904.2  15744.0 15200.2 1920.0 1708.3    241   15.127   8      7.782   22.909
43008.0 45056.0  0.0   23808.0 241664.0 95303.0   536064.0   361904.2  15744.0 15200.2 1920.0 1708.3    241   15.127   8      7.782   22.909
43008.0 45056.0  0.0   23808.0 241664.0 95303.0   536064.0   361904.2  15744.0 15200.2 1920.0 1708.3    241   15.127   8      7.782   22.909
43008.0 45056.0  0.0   23808.0 241664.0 210279.0  536064.0   361904.2  15744.0 15200.2 1920.0 1708.3    241   15.127   8      7.782   22.909
39936.0 41984.0 26080.0  0.0   245248.0 122955.1  536064.0   361904.2  15744.0 15200.2 1920.0 1708.3    242   15.164   8      7.782   22.946
41984.0 41984.0  0.0   28320.0 245248.0 29716.4   536064.0   361904.2  15744.0 15200.2 1920.0 1708.3    243   15.229   8      7.782   23.011
41984.0 41984.0  0.0   28320.0 245248.0 165226.8  536064.0   361904.2  15744.0 15200.2 1920.0 1708.3    243   15.229   8      7.782   23.011
41984.0 41984.0  0.0   28320.0 245248.0 188748.4  536064.0   361904.2  15744.0 15200.2 1920.0 1708.3    243   15.229   8      7.782   23.011
41984.0 41984.0  0.0   28320.0 245248.0 190114.1  536064.0   361904.2  15744.0 15200.2 1920.0 1708.3    243   15.229   8      7.782   23.011
41984.0 41984.0  0.0   28320.0 245248.0 190157.8  536064.0   361904.2  15744.0 15200.2 1920.0 1708.3    243   15.229   8      7.782   23.011
41984.0 41984.0  0.0   28320.0 245248.0 190157.8  536064.0   361904.2  15744.0 15200.2 1920.0 1708.3    243   15.229   8      7.782   23.011
41984.0 41984.0  0.0   28320.0 245248.0 190157.8  536064.0   361904.2  15744.0 15200.2 1920.0 1708.3    243   15.229   8      7.782   23.011
41984.0 41984.0  0.0   28320.0 245248.0 190199.5  536064.0   361904.2  15744.0 15200.2 1920.0 1708.3    243   15.229   8      7.782   23.011
41984.0 41984.0  0.0   28320.0 245248.0 190199.5  536064.0   361904.2  15744.0 15200.2 1920.0 1708.3    243   15.229   8      7.782   23.011
41984.0 41984.0  0.0   28320.0 245248.0 190199.5  536064.0   361904.2  15744.0 15200.2 1920.0 1708.3    243   15.229   8      7.782   23.011
41984.0 42496.0 30592.0  0.0   249344.0 60378.0   536064.0   361904.2  15744.0 15200.2 1920.0 1708.3    244   15.269   8      7.782   23.051
41984.0 42496.0 30592.0  0.0   249344.0 211665.1  536064.0   361904.2  15744.0 15200.2 1920.0 1708.3    244   15.269   8      7.782   23.051
44032.0 42496.0  0.0   32800.0 249344.0 108569.0  536064.0   361904.2  15744.0 15200.2 1920.0 1708.3    245   15.348   8      7.782   23.130
44032.0 42496.0  0.0   32800.0 249344.0 202776.7  536064.0   361904.2  15744.0 15200.2 1920.0 1708.3    245   15.348   8      7.782   23.130
44032.0 45568.0 35104.0  0.0   246784.0 24988.1   536064.0   361904.2  15744.0 15200.2 1920.0 1708.3    246   15.424   8      7.782   23.206
44032.0 45568.0 35104.0  0.0   246784.0 29433.5   536064.0   361904.2  15744.0 15200.2 1920.0 1708.3    246   15.424   8      7.782   23.206
44032.0 45568.0 35104.0  0.0   246784.0 29477.9   536064.0   361904.2  15744.0 15200.2 1920.0 1708.3    246   15.424   8      7.782   23.206
44032.0 45568.0 35104.0  0.0   246784.0 29477.9   536064.0   361904.2  15744.0 15200.2 1920.0 1708.3    246   15.424   8      7.782   23.206
44032.0 45568.0 35104.0  0.0   246784.0 29477.9   536064.0   361904.2  15744.0 15200.2 1920.0 1708.3    246   15.424   8      7.782   23.206
44032.0 45568.0 35104.0  0.0   246784.0 29521.6   536064.0   361904.2  15744.0 15200.2 1920.0 1708.3    246   15.424   8      7.782   23.206
44032.0 45568.0 35104.0  0.0   246784.0 29521.6   536064.0   361904.2  15744.0 15200.2 1920.0 1708.3    246   15.424   8      7.782   23.206
44032.0 45568.0 35104.0  0.0   246784.0 29521.6   536064.0   361904.2  15744.0 15200.2 1920.0 1708.3    246   15.424   8      7.782   23.206
44032.0 45568.0 35104.0  0.0   246784.0 144305.8  536064.0   361904.2  15744.0 15200.2 1920.0 1708.3    246   15.424   8      7.782   23.206
47104.0 35328.0  0.0   34944.0 246784.0 57885.6   536064.0   364328.2  15744.0 15200.2 1920.0 1708.3    247   15.471   8      7.782   23.253
47104.0 35328.0  0.0   34944.0 246784.0 210005.6  536064.0   364328.2  15744.0 15200.2 1920.0 1708.3    247   15.471   8      7.782   23.253
47104.0 48128.0 34944.0  0.0   241664.0 48024.2   536064.0   366640.2  15744.0 15200.2 1920.0 1708.3    248   15.519   8      7.782   23.301
47104.0 48128.0 34944.0  0.0   241664.0 61959.8   536064.0   366640.2  15744.0 15200.2 1920.0 1708.3    248   15.519   8      7.782   23.301
47104.0 48128.0 34944.0  0.0   241664.0 82958.9   536064.0   366640.2  15744.0 15200.2 1920.0 1708.3    248   15.519   8      7.782   23.301
47104.0 48128.0 34944.0  0.0   241664.0 107021.0  536064.0   366640.2  15744.0 15200.2 1920.0 1708.3    248   15.519   8      7.782   23.301
47104.0 48128.0 34944.0  0.0   241664.0 117060.5  536064.0   366640.2  15744.0 15200.2 1920.0 1708.3    248   15.519   8      7.782   23.301
47104.0 48128.0 34944.0  0.0   241664.0 117060.5  536064.0   366640.2  15744.0 15200.2 1920.0 1708.3    248   15.519   8      7.782   23.301
47104.0 48128.0 34944.0  0.0   241664.0 117104.2  536064.0   366640.2  15744.0 15200.2 1920.0 1708.3    248   15.519   8      7.782   23.301
47104.0 48128.0 34944.0  0.0   241664.0 117104.2  536064.0   366640.2  15744.0 15200.2 1920.0 1708.3    248   15.519   8      7.782   23.301
47104.0 48128.0 34944.0  0.0   241664.0 117104.2  536064.0   366640.2  15744.0 15200.2 1920.0 1708.3    248   15.519   8      7.782   23.301
47104.0 48128.0 34944.0  0.0   241664.0 238842.7  536064.0   366640.2  15744.0 15200.2 1920.0 1708.3    248   15.519   8      7.782   23.301
48640.0 34816.0  0.0   34784.0 241664.0 161388.6  536064.0   368936.2  15744.0 15200.2 1920.0 1708.3    249   15.562   8      7.782   23.344
48640.0 34816.0  0.0   34784.0 241664.0 216449.4  536064.0   368936.2  15744.0 15200.2 1920.0 1708.3    249   15.562   8      7.782   23.344
48640.0 48640.0 34848.0  0.0   240640.0 131548.7  536064.0   371128.2  15744.0 15200.2 1920.0 1708.3    250   15.666   8      7.782   23.448
48640.0 48640.0 34848.0  0.0   240640.0 215931.6  536064.0   371128.2  15744.0 15200.2 1920.0 1708.3    250   15.666   8      7.782   23.448
48640.0 48640.0 34848.0  0.0   240640.0 215931.6  536064.0   371128.2  15744.0 15200.2 1920.0 1708.3    250   15.666   8      7.782   23.448
48640.0 48640.0 34848.0  0.0   240640.0 215975.3  536064.0   371128.2  15744.0 15200.2 1920.0 1708.3    250   15.666   8      7.782   23.448
48640.0 48640.0 34848.0  0.0   240640.0 215975.3  536064.0   371128.2  15744.0 15200.2 1920.0 1708.3    250   15.666   8      7.782   23.448
48640.0 48640.0 34848.0  0.0   240640.0 215975.3  536064.0   371128.2  15744.0 15200.2 1920.0 1708.3    250   15.666   8      7.782   23.448
48640.0 48640.0 34848.0  0.0   240640.0 216017.1  536064.0   371128.2  15744.0 15200.2 1920.0 1708.3    250   15.666   8      7.782   23.448
48640.0 48640.0 34848.0  0.0   240640.0 216017.1  536064.0   371128.2  15744.0 15200.2 1920.0 1708.3    250   15.666   8      7.782   23.448
48640.0 48640.0 34848.0  0.0   240640.0 216017.1  536064.0   371128.2  15744.0 15200.2 1920.0 1708.3    250   15.666   8      7.782   23.448
49152.0 35328.0  0.0   34912.0 240640.0 109323.1  536064.0   373328.2  15744.0 15200.2 1920.0 1708.3    251   15.712   8      7.782   23.494
49152.0 49152.0 34912.0  0.0   239616.0 33276.0   536064.0   375504.2  15744.0 15200.2 1920.0 1708.3    252   15.756   8      7.782   23.538
49152.0 49152.0 34912.0  0.0   239616.0 71344.1   536064.0   375504.2  15744.0 15200.2 1920.0 1708.3    252   15.756   8      7.782   23.538
49152.0 49152.0 34912.0  0.0   239616.0 236128.5  536064.0   375504.2  15744.0 15200.2 1920.0 1708.3    252   15.756   8      7.782   23.538
48640.0 35328.0  0.0   34976.0 239616.0 79546.4   536064.0   377696.2  15744.0 15200.2 1920.0 1708.3    253   15.846   8      7.782   23.628
48640.0 35328.0  0.0   34976.0 239616.0 79546.4   536064.0   377696.2  15744.0 15200.2 1920.0 1708.3    253   15.846   8      7.782   23.628
48640.0 35328.0  0.0   34976.0 239616.0 79590.8   536064.0   377696.2  15744.0 15200.2 1920.0 1708.3    253   15.846   8      7.782   23.628
48640.0 35328.0  0.0   34976.0 239616.0 79590.8   536064.0   377696.2  15744.0 15200.2 1920.0 1708.3    253   15.846   8      7.782   23.628
48640.0 35328.0  0.0   34976.0 239616.0 79590.8   536064.0   377696.2  15744.0 15200.2 1920.0 1708.3    253   15.846   8      7.782   23.628
48640.0 35328.0  0.0   34976.0 239616.0 79634.5   536064.0   377696.2  15744.0 15200.2 1920.0 1708.3    253   15.846   8      7.782   23.628
48640.0 35328.0  0.0   34976.0 239616.0 79634.5   536064.0   377696.2  15744.0 15200.2 1920.0 1708.3    253   15.846   8      7.782   23.628
48640.0 35328.0  0.0   34976.0 239616.0 79634.5   536064.0   377696.2  15744.0 15200.2 1920.0 1708.3    253   15.846   8      7.782   23.628
48640.0 35328.0  0.0   34976.0 239616.0 210933.7  536064.0   377696.2  15744.0 15200.2 1920.0 1708.3    253   15.846   8      7.782   23.628
48640.0 48640.0 34976.0  0.0   239616.0 130957.2  536064.0   379888.2  15744.0 15200.2 1920.0 1708.3    254   15.897   8      7.782   23.679
48128.0 48640.0  0.0   34944.0 239616.0 38502.6   536064.0   382088.2  15744.0 15200.2 1920.0 1708.3    255   15.987   8      7.782   23.769
48128.0 48640.0  0.0   34944.0 239616.0 88688.4   536064.0   382088.2  15744.0 15200.2 1920.0 1708.3    255   15.987   8      7.782   23.769
48128.0 48640.0  0.0   34944.0 239616.0 181811.9  536064.0   382088.2  15744.0 15200.2 1920.0 1708.3    255   15.987   8      7.782   23.769
48128.0 48640.0  0.0   34944.0 239616.0 181811.9  536064.0   382088.2  15744.0 15200.2 1920.0 1708.3    255   15.987   8      7.782   23.769
48128.0 48640.0  0.0   34944.0 239616.0 181855.6  536064.0   382088.2  15744.0 15200.2 1920.0 1708.3    255   15.987   8      7.782   23.769
48128.0 48640.0  0.0   34944.0 239616.0 181855.6  536064.0   382088.2  15744.0 15200.2 1920.0 1708.3    255   15.987   8      7.782   23.769
48128.0 48640.0  0.0   34944.0 239616.0 181855.6  536064.0   382088.2  15744.0 15200.2 1920.0 1708.3    255   15.987   8      7.782   23.769
48128.0 48640.0  0.0   34944.0 239616.0 181897.4  536064.0   382088.2  15744.0 15200.2 1920.0 1708.3    255   15.987   8      7.782   23.769
48128.0 48640.0  0.0   34944.0 239616.0 181897.4  536064.0   382088.2  15744.0 15200.2 1920.0 1708.3    255   15.987   8      7.782   23.769
48128.0 48640.0  0.0   34944.0 239616.0 181897.4  536064.0   382088.2  15744.0 15200.2 1920.0 1708.3    255   15.987   8      7.782   23.769
47616.0 47616.0 34912.0  0.0   241152.0 69067.7   536064.0   384328.2  15744.0 15200.2 1920.0 1708.3    256   16.050   8      7.782   23.832
47616.0 47616.0 34912.0  0.0   241152.0 229262.0  536064.0   384328.2  15744.0 15200.2 1920.0 1708.3    256   16.050   8      7.782   23.832
47104.0 47616.0  0.0   34944.0 241152.0 139269.6  536064.0   386552.2  15744.0 15200.2 1920.0 1708.3    257   16.132   8      7.782   23.913
46592.0 46592.0 34880.0  0.0   243200.0 38648.2   536064.0   388824.2  15744.0 15200.2 1920.0 1708.3    258   16.205   8      7.782   23.987
46592.0 46592.0 34880.0  0.0   243200.0 43482.0   536064.0   388824.2  15744.0 15200.2 1920.0 1708.3    258   16.205   8      7.782   23.987
46592.0 46592.0 34880.0  0.0   243200.0 43482.0   536064.0   388824.2  15744.0 15200.2 1920.0 1708.3    258   16.205   8      7.782   23.987
46592.0 46592.0 34880.0  0.0   243200.0 43526.4   536064.0   388824.2  15744.0 15200.2 1920.0 1708.3    258   16.205   8      7.782   23.987
46592.0 46592.0 34880.0  0.0   243200.0 43526.4   536064.0   388824.2  15744.0 15200.2 1920.0 1708.3    258   16.205   8      7.782   23.987
46592.0 46592.0 34880.0  0.0   243200.0 43526.4   536064.0   388824.2  15744.0 15200.2 1920.0 1708.3    258   16.205   8      7.782   23.987
46592.0 46592.0 34880.0  0.0   243200.0 43570.1   536064.0   388824.2  15744.0 15200.2 1920.0 1708.3    258   16.205   8      7.782   23.987
46592.0 46592.0 34880.0  0.0   243200.0 43570.1   536064.0   388824.2  15744.0 15200.2 1920.0 1708.3    258   16.205   8      7.782   23.987
46592.0 46592.0 34880.0  0.0   243200.0 43570.1   536064.0   388824.2  15744.0 15200.2 1920.0 1708.3    258   16.205   8      7.782   23.987
46592.0 46592.0 34880.0  0.0   243200.0 159594.0  536064.0   388824.2  15744.0 15200.2 1920.0 1708.3    258   16.205   8      7.782   23.987
46080.0 46592.0  0.0   34912.0 243200.0 66194.9   536064.0   391088.2  15744.0 15200.2 1920.0 1708.3    259   16.259   8      7.782   24.041
46080.0 46592.0  0.0   34912.0 243200.0 120166.2  536064.0   391088.2  15744.0 15200.2 1920.0 1708.3    259   16.259   8      7.782   24.041
45568.0 45568.0 34848.0  0.0   245248.0 24296.9   536064.0   393392.2  15744.0 15200.2 1920.0 1708.3    260   16.332   8      7.782   24.114
45568.0 45568.0 34848.0  0.0   245248.0 128221.2  536064.0   393392.2  15744.0 15200.2 1920.0 1708.3    260   16.332   8      7.782   24.114
45568.0 45568.0 34848.0  0.0   245248.0 137982.5  536064.0   393392.2  15744.0 15200.2 1920.0 1708.3    260   16.332   8      7.782   24.114
45568.0 45568.0 34848.0  0.0   245248.0 138026.9  536064.0   393392.2  15744.0 15200.2 1920.0 1708.3    260   16.332   8      7.782   24.114
45568.0 45568.0 34848.0  0.0   245248.0 138026.9  536064.0   393392.2  15744.0 15200.2 1920.0 1708.3    260   16.332   8      7.782   24.114
45568.0 45568.0 34848.0  0.0   245248.0 138026.9  536064.0   393392.2  15744.0 15200.2 1920.0 1708.3    260   16.332   8      7.782   24.114
45568.0 45568.0 34848.0  0.0   245248.0 138070.6  536064.0   393392.2  15744.0 15200.2 1920.0 1708.3    260   16.332   8      7.782   24.114
45568.0 45568.0 34848.0  0.0   245248.0 138070.6  536064.0   393392.2  15744.0 15200.2 1920.0 1708.3    260   16.332   8      7.782   24.114
45568.0 45568.0 34848.0  0.0   245248.0 138070.6  536064.0   393392.2  15744.0 15200.2 1920.0 1708.3    260   16.332   8      7.782   24.114
45056.0 45568.0  0.0   34752.0 245248.0 22521.9   536064.0   395696.2  15744.0 15200.2 1920.0 1708.3    261   16.384   8      7.782   24.166
45056.0 45568.0  0.0   34752.0 245248.0 179144.4  536064.0   395696.2  15744.0 15200.2 1920.0 1708.3    261   16.384   8      7.782   24.166
45056.0 45568.0  0.0   34752.0 245248.0 237289.1  536064.0   395696.2  15744.0 15200.2 1920.0 1708.3    261   16.384   8      7.782   24.166
44544.0 44544.0 34784.0  0.0   247296.0 147101.1  536064.0   397968.2  15744.0 15200.2 1920.0 1708.3    262   16.462   8      7.782   24.244
44544.0 44544.0 34784.0  0.0   247296.0 219961.9  536064.0   397968.2  15744.0 15200.2 1920.0 1708.3    262   16.462   8      7.782   24.244
44544.0 44544.0 34784.0  0.0   247296.0 230726.1  536064.0   397968.2  15744.0 15200.2 1920.0 1708.3    262   16.462   8      7.782   24.244
44544.0 44544.0 34784.0  0.0   247296.0 230769.8  536064.0   397968.2  15744.0 15200.2 1920.0 1708.3    262   16.462   8      7.782   24.244
44544.0 44544.0 34784.0  0.0   247296.0 230769.8  536064.0   397968.2  15744.0 15200.2 1920.0 1708.3    262   16.462   8      7.782   24.244
44544.0 44544.0 34784.0  0.0   247296.0 230769.8  536064.0   397968.2  15744.0 15200.2 1920.0 1708.3    262   16.462   8      7.782   24.244
44544.0 44544.0 34784.0  0.0   247296.0 230811.6  536064.0   397968.2  15744.0 15200.2 1920.0 1708.3    262   16.462   8      7.782   24.244
44544.0 44544.0 34784.0  0.0   247296.0 230811.6  536064.0   397968.2  15744.0 15200.2 1920.0 1708.3    262   16.462   8      7.782   24.244
44544.0 44544.0 34784.0  0.0   247296.0 230811.6  536064.0   397968.2  15744.0 15200.2 1920.0 1708.3    262   16.462   8      7.782   24.244
44032.0 44544.0  0.0   34784.0 247296.0 102518.3  536064.0   400248.2  15744.0 15200.2 1920.0 1708.3    263   16.513   8      7.782   24.295
43520.0 43520.0 34816.0  0.0   249344.0  7100.5   536064.0   402472.2  15744.0 15200.2 1920.0 1708.3    264   16.606   8      7.782   24.388
43520.0 43520.0 34816.0  0.0   249344.0 158056.3  536064.0   402472.2  15744.0 15200.2 1920.0 1708.3    264   16.606   8      7.782   24.388
43008.0 43520.0  0.0   34912.0 249344.0  9423.5   536064.0   404704.2  15744.0 15200.2 1920.0 1708.3    265   16.691   8      7.782   24.473
43008.0 43520.0  0.0   34912.0 249344.0 29641.7   536064.0   404704.2  15744.0 15200.2 1920.0 1708.3    265   16.691   8      7.782   24.473
43008.0 43520.0  0.0   34912.0 249344.0 52497.9   536064.0   404704.2  15744.0 15200.2 1920.0 1708.3    265   16.691   8      7.782   24.473
43008.0 43520.0  0.0   34912.0 249344.0 70166.5   536064.0   404704.2  15744.0 15200.2 1920.0 1708.3    265   16.691   8      7.782   24.473
43008.0 43520.0  0.0   34912.0 249344.0 70166.5   536064.0   404704.2  15744.0 15200.2 1920.0 1708.3    265   16.691   8      7.782   24.473
43008.0 43520.0  0.0   34912.0 249344.0 70166.5   536064.0   404704.2  15744.0 15200.2 1920.0 1708.3    265   16.691   8      7.782   24.473
43008.0 43520.0  0.0   34912.0 249344.0 70210.2   536064.0   404704.2  15744.0 15200.2 1920.0 1708.3    265   16.691   8      7.782   24.473
43008.0 43520.0  0.0   34912.0 249344.0 70210.2   536064.0   404704.2  15744.0 15200.2 1920.0 1708.3    265   16.691   8      7.782   24.473
43008.0 43520.0  0.0   34912.0 249344.0 70210.2   536064.0   404704.2  15744.0 15200.2 1920.0 1708.3    265   16.691   8      7.782   24.473
43008.0 43520.0  0.0   34912.0 249344.0 186544.9  536064.0   404704.2  15744.0 15200.2 1920.0 1708.3    265   16.691   8      7.782   24.473
42496.0 42496.0 34944.0  0.0   251392.0 95335.3   536064.0   406928.2  15744.0 15200.2 1920.0 1708.3    266   16.738   8      7.782   24.519
41984.0 42496.0  0.0   35072.0 251392.0  4973.9   536064.0   409144.2  15744.0 15200.2 1920.0 1708.3    267   16.815   8      7.782   24.597
41984.0 42496.0  0.0   35072.0 251392.0 150652.9  536064.0   409144.2  15744.0 15200.2 1920.0 1708.3    267   16.815   8      7.782   24.597
41984.0 42496.0  0.0   35072.0 251392.0 152066.0  536064.0   409144.2  15744.0 15200.2 1920.0 1708.3    267   16.815   8      7.782   24.597
41984.0 42496.0  0.0   35072.0 251392.0 152066.0  536064.0   409144.2  15744.0 15200.2 1920.0 1708.3    267   16.815   8      7.782   24.597
41984.0 42496.0  0.0   35072.0 251392.0 152109.7  536064.0   409144.2  15744.0 15200.2 1920.0 1708.3    267   16.815   8      7.782   24.597
41984.0 42496.0  0.0   35072.0 251392.0 152109.7  536064.0   409144.2  15744.0 15200.2 1920.0 1708.3    267   16.815   8      7.782   24.597
41984.0 42496.0  0.0   35072.0 251392.0 152109.7  536064.0   409144.2  15744.0 15200.2 1920.0 1708.3    267   16.815   8      7.782   24.597
41984.0 42496.0  0.0   35072.0 251392.0 152151.5  536064.0   409144.2  15744.0 15200.2 1920.0 1708.3    267   16.815   8      7.782   24.597
41984.0 42496.0  0.0   35072.0 251392.0 152151.5  536064.0   409144.2  15744.0 15200.2 1920.0 1708.3    267   16.815   8      7.782   24.597
41984.0 42496.0  0.0   35072.0 251392.0 152151.5  536064.0   409144.2  15744.0 15200.2 1920.0 1708.3    267   16.815   8      7.782   24.597
41984.0 41984.0 35136.0  0.0   252928.0 26500.9   536064.0   411352.2  15744.0 15200.2 1920.0 1708.3    268   16.869   8      7.782   24.651
41984.0 41984.0 35136.0  0.0   252928.0 181210.4  536064.0   411352.2  15744.0 15200.2 1920.0 1708.3    268   16.869   8      7.782   24.651
41472.0 41984.0  0.0   35264.0 252928.0 73377.4   536064.0   413568.2  15744.0 15200.2 1920.0 1708.3    269   16.945   8      7.782   24.727
41472.0 41984.0  0.0   35264.0 252928.0 200734.7  536064.0   413568.2  15744.0 15200.2 1920.0 1708.3    269   16.945   8      7.782   24.727
41472.0 41984.0  0.0   35264.0 252928.0 224411.9  536064.0   413568.2  15744.0 15200.2 1920.0 1708.3    269   16.945   8      7.782   24.727
41472.0 41984.0  0.0   35264.0 252928.0 229110.5  536064.0   413568.2  15744.0 15200.2 1920.0 1708.3    269   16.945   8      7.782   24.727
41472.0 41984.0  0.0   35264.0 252928.0 229153.8  536064.0   413568.2  15744.0 15200.2 1920.0 1708.3    269   16.945   8      7.782   24.727
41472.0 41984.0  0.0   35264.0 252928.0 229153.8  536064.0   413568.2  15744.0 15200.2 1920.0 1708.3    269   16.945   8      7.782   24.727
41472.0 41984.0  0.0   35264.0 252928.0 229153.8  536064.0   413568.2  15744.0 15200.2 1920.0 1708.3    269   16.945   8      7.782   24.727
41472.0 41984.0  0.0   35264.0 252928.0 229195.5  536064.0   413568.2  15744.0 15200.2 1920.0 1708.3    269   16.945   8      7.782   24.727
41472.0 41984.0  0.0   35264.0 252928.0 229195.5  536064.0   413568.2  15744.0 15200.2 1920.0 1708.3    269   16.945   8      7.782   24.727
41472.0 41984.0  0.0   35264.0 252928.0 229195.5  536064.0   413568.2  15744.0 15200.2 1920.0 1708.3    269   16.945   8      7.782   24.727
41472.0 41472.0 35456.0  0.0   253952.0 94907.2   536064.0   415768.2  15744.0 15200.2 1920.0 1708.3    270   16.994   8      7.782   24.776
41472.0 41472.0 35456.0  0.0   253952.0 253190.8  536064.0   415768.2  15744.0 15200.2 1920.0 1708.3    270   16.994   8      7.782   24.776
40960.0 41472.0  0.0   35552.0 253952.0 152302.3  536064.0   417976.2  15744.0 15200.2 1920.0 1708.3    271   17.080   8      7.782   24.861
40960.0 40960.0 35680.0  0.0   254976.0 10102.9   536064.0   420208.2  15744.0 15200.2 1920.0 1708.3    272   17.191   8      7.782   24.973
40960.0 40960.0 35680.0  0.0   254976.0 34939.8   536064.0   420208.2  15744.0 15200.2 1920.0 1708.3    272   17.191   8      7.782   24.973
40960.0 40960.0 35680.0  0.0   254976.0 51582.6   536064.0   420208.2  15744.0 15200.2 1920.0 1708.3    272   17.191   8      7.782   24.973
40960.0 40960.0 35680.0  0.0   254976.0 51627.0   536064.0   420208.2  15744.0 15200.2 1920.0 1708.3    272   17.191   8      7.782   24.973
40960.0 40960.0 35680.0  0.0   254976.0 51627.0   536064.0   420208.2  15744.0 15200.2 1920.0 1708.3    272   17.191   8      7.782   24.973
40960.0 40960.0 35680.0  0.0   254976.0 51627.0   536064.0   420208.2  15744.0 15200.2 1920.0 1708.3    272   17.191   8      7.782   24.973
40960.0 40960.0 35680.0  0.0   254976.0 51670.7   536064.0   420208.2  15744.0 15200.2 1920.0 1708.3    272   17.191   8      7.782   24.973
40960.0 40960.0 35680.0  0.0   254976.0 51670.7   536064.0   420208.2  15744.0 15200.2 1920.0 1708.3    272   17.191   8      7.782   24.973
40960.0 40960.0 35680.0  0.0   254976.0 51670.7   536064.0   420208.2  15744.0 15200.2 1920.0 1708.3    272   17.191   8      7.782   24.973
40960.0 40960.0 35680.0  0.0   254976.0 169568.0  536064.0   420208.2  15744.0 15200.2 1920.0 1708.3    272   17.191   8      7.782   24.973
40960.0 40960.0  0.0   35840.0 254976.0 75909.8   536064.0   422424.2  15744.0 15200.2 1920.0 1708.3    273   17.242   8      7.782   25.024
40960.0 40960.0  0.0   35840.0 254976.0 121490.0  536064.0   422424.2  15744.0 15200.2 1920.0 1708.3    273   17.242   8      7.782   25.024
39936.0 40448.0 35904.0  0.0   256000.0 29995.4   536064.0   424664.2  15744.0 15200.2 1920.0 1708.3    274   17.291   8      7.782   25.073
39936.0 40448.0 35904.0  0.0   256000.0 122553.4  536064.0   424664.2  15744.0 15200.2 1920.0 1708.3    274   17.291   8      7.782   25.073
39936.0 40448.0 35904.0  0.0   256000.0 122553.4  536064.0   424664.2  15744.0 15200.2 1920.0 1708.3    274   17.291   8      7.782   25.073
39936.0 40448.0 35904.0  0.0   256000.0 122597.8  536064.0   424664.2  15744.0 15200.2 1920.0 1708.3    274   17.291   8      7.782   25.073
39936.0 40448.0 35904.0  0.0   256000.0 122597.8  536064.0   424664.2  15744.0 15200.2 1920.0 1708.3    274   17.291   8      7.782   25.073
39936.0 40448.0 35904.0  0.0   256000.0 122597.8  536064.0   424664.2  15744.0 15200.2 1920.0 1708.3    274   17.291   8      7.782   25.073
39936.0 40448.0 35904.0  0.0   256000.0 122641.5  536064.0   424664.2  15744.0 15200.2 1920.0 1708.3    274   17.291   8      7.782   25.073
39936.0 40448.0 35904.0  0.0   256000.0 122641.5  536064.0   424664.2  15744.0 15200.2 1920.0 1708.3    274   17.291   8      7.782   25.073
39936.0 40448.0 35904.0  0.0   256000.0 122641.5  536064.0   424664.2  15744.0 15200.2 1920.0 1708.3    274   17.291   8      7.782   25.073
40448.0 40448.0  0.0   36000.0 256000.0   0.0     536064.0   426912.2  15744.0 15200.2 1920.0 1708.3    275   17.335   8      7.782   25.117
40448.0 40448.0  0.0   36000.0 256000.0 165728.9  536064.0   426912.2  15744.0 15200.2 1920.0 1708.3    275   17.335   8      7.782   25.117
40448.0 40448.0 36096.0  0.0   257024.0 70088.1   536064.0   429176.2  15744.0 15200.2 1920.0 1708.3    276   17.380   8      7.782   25.162
40448.0 40448.0 36096.0  0.0   257024.0 192952.1  536064.0   429176.2  15744.0 15200.2 1920.0 1708.3    276   17.380   8      7.782   25.162
40448.0 40448.0 36096.0  0.0   257024.0 192952.1  536064.0   429176.2  15744.0 15200.2 1920.0 1708.3    276   17.380   8      7.782   25.162
40448.0 40448.0 36096.0  0.0   257024.0 192952.1  536064.0   429176.2  15744.0 15200.2 1920.0 1708.3    276   17.380   8      7.782   25.162
40448.0 40448.0 36096.0  0.0   257024.0 192995.8  536064.0   429176.2  15744.0 15200.2 1920.0 1708.3    276   17.380   8      7.782   25.162
40448.0 40448.0 36096.0  0.0   257024.0 192995.8  536064.0   429176.2  15744.0 15200.2 1920.0 1708.3    276   17.380   8      7.782   25.162
40448.0 40448.0 36096.0  0.0   257024.0 192995.8  536064.0   429176.2  15744.0 15200.2 1920.0 1708.3    276   17.380   8      7.782   25.162
40448.0 40448.0 36096.0  0.0   257024.0 193039.6  536064.0   429176.2  15744.0 15200.2 1920.0 1708.3    276   17.380   8      7.782   25.162
40448.0 40448.0 36096.0  0.0   257024.0 193039.6  536064.0   429176.2  15744.0 15200.2 1920.0 1708.3    276   17.380   8      7.782   25.162
40448.0 40448.0 36096.0  0.0   257024.0 193039.6  536064.0   429176.2  15744.0 15200.2 1920.0 1708.3    276   17.380   8      7.782   25.162
40448.0 40448.0  0.0   36224.0 257024.0 65076.0   536064.0   431424.2  15744.0 15210.4 1920.0 1708.3    277   17.425   8      7.782   25.207
40448.0 40448.0  0.0   36224.0 257024.0 222922.3  536064.0   431424.2  15744.0 15210.4 1920.0 1708.3    277   17.425   8      7.782   25.207
40448.0 40448.0 36352.0  0.0   257024.0 116442.3  536064.0   433696.2  15744.0 15210.4 1920.0 1708.3    278   17.509   8      7.782   25.291
40448.0 40448.0 36352.0  0.0   257024.0 254340.7  536064.0   433696.2  15744.0 15210.4 1920.0 1708.3    278   17.509   8      7.782   25.291
40448.0 40448.0  0.0   36448.0 257024.0  5087.4   536064.0   435984.2  15744.0 15210.4 1920.0 1708.3    279   17.561   8      7.782   25.343
40448.0 40448.0  0.0   36448.0 257024.0  5087.4   536064.0   435984.2  15744.0 15210.4 1920.0 1708.3    279   17.561   8      7.782   25.343
40448.0 40448.0  0.0   36448.0 257024.0  5131.7   536064.0   435984.2  15744.0 15210.4 1920.0 1708.3    279   17.561   8      7.782   25.343
40448.0 40448.0  0.0   36448.0 257024.0  5131.7   536064.0   435984.2  15744.0 15210.4 1920.0 1708.3    279   17.561   8      7.782   25.343
40448.0 40448.0  0.0   36448.0 257024.0  5131.7   536064.0   435984.2  15744.0 15210.4 1920.0 1708.3    279   17.561   8      7.782   25.343
40448.0 40448.0  0.0   36448.0 257024.0  5175.5   536064.0   435984.2  15744.0 15210.4 1920.0 1708.3    279   17.561   8      7.782   25.343
40448.0 40448.0  0.0   36448.0 257024.0  5175.5   536064.0   435984.2  15744.0 15210.4 1920.0 1708.3    279   17.561   8      7.782   25.343
40448.0 40448.0  0.0   36448.0 257024.0  5175.5   536064.0   435984.2  15744.0 15210.4 1920.0 1708.3    279   17.561   8      7.782   25.343
40448.0 40448.0  0.0   36448.0 257024.0 133303.2  536064.0   435984.2  15744.0 15210.4 1920.0 1708.3    279   17.561   8      7.782   25.343
39424.0 39936.0 36512.0  0.0   257024.0 34744.6   536064.0   438288.2  15744.0 15210.4 1920.0 1708.3    280   17.664   8      7.782   25.446
39424.0 39936.0 36512.0  0.0   257024.0 187623.2  536064.0   438288.2  15744.0 15210.4 1920.0 1708.3    280   17.664   8      7.782   25.446
39936.0 39936.0  0.0   36544.0 257024.0 57905.3   536064.0   440584.2  15744.0 15210.4 1920.0 1708.3    281   17.744   8      7.782   25.526
39936.0 39936.0  0.0   36544.0 257024.0 60288.7   536064.0   440584.2  15744.0 15210.4 1920.0 1708.3    281   17.744   8      7.782   25.526
39936.0 39936.0  0.0   36544.0 257024.0 74193.5   536064.0   440584.2  15744.0 15210.4 1920.0 1708.3    281   17.744   8      7.782   25.526
39936.0 39936.0  0.0   36544.0 257024.0 74237.9   536064.0   440584.2  15744.0 15210.4 1920.0 1708.3    281   17.744   8      7.782   25.526
39936.0 39936.0  0.0   36544.0 257024.0 74237.9   536064.0   440584.2  15744.0 15210.4 1920.0 1708.3    281   17.744   8      7.782   25.526
39936.0 39936.0  0.0   36544.0 257024.0 74237.9   536064.0   440584.2  15744.0 15210.4 1920.0 1708.3    281   17.744   8      7.782   25.526
39936.0 39936.0  0.0   36544.0 257024.0 74281.6   536064.0   440584.2  15744.0 15210.4 1920.0 1708.3    281   17.744   8      7.782   25.526
39936.0 39936.0  0.0   36544.0 257024.0 74281.6   536064.0   440584.2  15744.0 15210.4 1920.0 1708.3    281   17.744   8      7.782   25.526
39936.0 39936.0  0.0   36544.0 257024.0 74281.6   536064.0   440584.2  15744.0 15210.4 1920.0 1708.3    281   17.744   8      7.782   25.526
39936.0 39936.0  0.0   36544.0 257024.0 197998.0  536064.0   440584.2  15744.0 15210.4 1920.0 1708.3    281   17.744   8      7.782   25.526
39936.0 39936.0 36576.0  0.0   258048.0 92906.0   536064.0   442896.2  15744.0 15210.4 1920.0 1708.3    282   17.794   8      7.782   25.576
39936.0 39936.0 36576.0  0.0   258048.0 167212.6  536064.0   442896.2  15744.0 15210.4 1920.0 1708.3    282   17.794   8      7.782   25.576
39936.0 39936.0  0.0   36672.0 258048.0 31212.4   536064.0   445216.2  15744.0 15210.4 1920.0 1708.3    283   17.843   8      7.782   25.625
39936.0 39936.0  0.0   36672.0 258048.0 141002.2  536064.0   445216.2  15744.0 15210.4 1920.0 1708.3    283   17.843   8      7.782   25.625
39936.0 39936.0  0.0   36672.0 258048.0 141002.2  536064.0   445216.2  15744.0 15210.4 1920.0 1708.3    283   17.843   8      7.782   25.625
39936.0 39936.0  0.0   36672.0 258048.0 141046.6  536064.0   445216.2  15744.0 15210.4 1920.0 1708.3    283   17.843   8      7.782   25.625
39936.0 39936.0  0.0   36672.0 258048.0 141046.6  536064.0   445216.2  15744.0 15210.4 1920.0 1708.3    283   17.843   8      7.782   25.625
39936.0 39936.0  0.0   36672.0 258048.0 141046.6  536064.0   445216.2  15744.0 15210.4 1920.0 1708.3    283   17.843   8      7.782   25.625
39936.0 39936.0  0.0   36672.0 258048.0 141090.3  536064.0   445216.2  15744.0 15210.4 1920.0 1708.3    283   17.843   8      7.782   25.625
39936.0 39936.0  0.0   36672.0 258048.0 141090.3  536064.0   445216.2  15744.0 15210.4 1920.0 1708.3    283   17.843   8      7.782   25.625
39936.0 39936.0  0.0   36672.0 258048.0 141090.3  536064.0   445216.2  15744.0 15210.4 1920.0 1708.3    283   17.843   8      7.782   25.625
39936.0 39936.0 36672.0  0.0   258048.0 10204.8   536064.0   447560.2  15744.0 15210.4 1920.0 1708.3    284   17.888   8      7.782   25.670
39936.0 39936.0 36672.0  0.0   258048.0 163446.0  536064.0   447560.2  15744.0 15210.4 1920.0 1708.3    284   17.888   8      7.782   25.670
39936.0 39936.0  0.0   36736.0 258048.0 51214.5   536064.0   449896.2  15744.0 15210.4 1920.0 1708.3    285   17.973   8      7.782   25.755
39936.0 39936.0  0.0   36736.0 258048.0 121336.0  536064.0   449896.2  15744.0 15210.4 1920.0 1708.3    285   17.973   8      7.782   25.755
39936.0 39936.0  0.0   36736.0 258048.0 208874.4  536064.0   449896.2  15744.0 15210.4 1920.0 1708.3    285   17.973   8      7.782   25.755
39936.0 39936.0  0.0   36736.0 258048.0 208874.4  536064.0   449896.2  15744.0 15210.4 1920.0 1708.3    285   17.973   8      7.782   25.755
39936.0 39936.0  0.0   36736.0 258048.0 208918.4  536064.0   449896.2  15744.0 15210.4 1920.0 1708.3    285   17.973   8      7.782   25.755
39936.0 39936.0  0.0   36736.0 258048.0 208918.4  536064.0   449896.2  15744.0 15210.4 1920.0 1708.3    285   17.973   8      7.782   25.755
39936.0 39936.0  0.0   36736.0 258048.0 208918.4  536064.0   449896.2  15744.0 15210.4 1920.0 1708.3    285   17.973   8      7.782   25.755
39936.0 39936.0  0.0   36736.0 258048.0 208989.1  536064.0   449896.2  15744.0 15210.4 1920.0 1708.3    285   17.973   8      7.782   25.755
39936.0 39936.0  0.0   36736.0 258048.0 208989.1  536064.0   449896.2  15744.0 15210.4 1920.0 1708.3    285   17.973   8      7.782   25.755
39936.0 39936.0  0.0   36736.0 258048.0 208989.1  536064.0   449896.2  15744.0 15210.4 1920.0 1708.3    285   17.973   8      7.782   25.755
39936.0 39936.0 36800.0  0.0   258048.0 61474.5   536064.0   452232.2  15744.0 15210.4 1920.0 1708.3    286   18.039   8      7.782   25.821
39936.0 39936.0 36800.0  0.0   258048.0 220105.3  536064.0   452232.2  15744.0 15210.4 1920.0 1708.3    286   18.039   8      7.782   25.821
39936.0 39936.0  0.0   36832.0 258048.0 115303.8  536064.0   454576.2  15744.0 15210.4 1920.0 1708.3    287   18.134   8      7.782   25.916
39936.0 39936.0 36896.0  0.0   258048.0  5107.0   536064.0   456920.2  15744.0 15210.4 1920.0 1708.3    288   18.217   8      7.782   25.999
39936.0 39936.0 36896.0  0.0   258048.0 19977.4   536064.0   456920.2  15744.0 15210.4 1920.0 1708.3    288   18.217   8      7.782   25.999
39936.0 39936.0 36896.0  0.0   258048.0 19977.4   536064.0   456920.2  15744.0 15210.4 1920.0 1708.3    288   18.217   8      7.782   25.999
39936.0 39936.0 36896.0  0.0   258048.0 20021.8   536064.0   456920.2  15744.0 15210.4 1920.0 1708.3    288   18.217   8      7.782   25.999
39936.0 39936.0 36896.0  0.0   258048.0 20021.8   536064.0   456920.2  15744.0 15210.4 1920.0 1708.3    288   18.217   8      7.782   25.999
39936.0 39936.0 36896.0  0.0   258048.0 20021.8   536064.0   456920.2  15744.0 15210.4 1920.0 1708.3    288   18.217   8      7.782   25.999
39936.0 39936.0 36896.0  0.0   258048.0 20065.5   536064.0   456920.2  15744.0 15210.4 1920.0 1708.3    288   18.217   8      7.782   25.999
39936.0 39936.0 36896.0  0.0   258048.0 20065.5   536064.0   456920.2  15744.0 15210.4 1920.0 1708.3    288   18.217   8      7.782   25.999
39936.0 39936.0 36896.0  0.0   258048.0 20065.5   536064.0   456920.2  15744.0 15210.4 1920.0 1708.3    288   18.217   8      7.782   25.999
39936.0 39936.0 36896.0  0.0   258048.0 155599.9  536064.0   456920.2  15744.0 15210.4 1920.0 1708.3    288   18.217   8      7.782   25.999
39424.0 36864.0  0.0   36864.0 258048.0 57878.6   536064.0   459288.2  15744.0 15210.4 1920.0 1708.3    289   18.266   8      7.782   26.048
39424.0 36864.0  0.0   36864.0 258048.0 213331.4  536064.0   459288.2  15744.0 15210.4 1920.0 1708.3    289   18.266   8      7.782   26.048
39424.0 39424.0 36896.0  0.0   258048.0  5102.4   536064.0   461648.2  15744.0 15210.4 1920.0 1708.3    290   18.347   8      7.782   26.129
39424.0 39424.0 36896.0  0.0   258048.0 57877.4   536064.0   461648.2  15744.0 15210.4 1920.0 1708.3    290   18.347   8      7.782   26.129
39424.0 39424.0 36896.0  0.0   258048.0 85442.9   536064.0   461648.2  15744.0 15210.4 1920.0 1708.3    290   18.347   8      7.782   26.129
39424.0 39424.0 36896.0  0.0   258048.0 85487.3   536064.0   461648.2  15744.0 15210.4 1920.0 1708.3    290   18.347   8      7.782   26.129
39424.0 39424.0 36896.0  0.0   258048.0 85487.3   536064.0   461648.2  15744.0 15210.4 1920.0 1708.3    290   18.347   8      7.782   26.129
39424.0 39424.0 36896.0  0.0   258048.0 85487.3   536064.0   461648.2  15744.0 15210.4 1920.0 1708.3    290   18.347   8      7.782   26.129
39424.0 39424.0 36896.0  0.0   258048.0 85531.0   536064.0   461648.2  15744.0 15210.4 1920.0 1708.3    290   18.347   8      7.782   26.129
39424.0 39424.0 36896.0  0.0   258048.0 85531.0   536064.0   461648.2  15744.0 15210.4 1920.0 1708.3    290   18.347   8      7.782   26.129
39424.0 39424.0 36896.0  0.0   258048.0 85531.0   536064.0   461648.2  15744.0 15210.4 1920.0 1708.3    290   18.347   8      7.782   26.129
39424.0 39424.0 36896.0  0.0   258048.0 217566.6  536064.0   461648.2  15744.0 15210.4 1920.0 1708.3    290   18.347   8      7.782   26.129
39424.0 39424.0  0.0   36928.0 258048.0 122941.1  536064.0   464008.2  15744.0 15210.4 1920.0 1708.3    291   18.416   8      7.782   26.198
39424.0 39424.0  0.0   36928.0 258048.0 187998.0  536064.0   464008.2  15744.0 15210.4 1920.0 1708.3    291   18.416   8      7.782   26.198
39424.0 39424.0 36960.0  0.0   259072.0 93579.9   536064.0   466368.2  15744.0 15210.4 1920.0 1708.3    292   18.481   8      7.782   26.262
39424.0 39424.0 36960.0  0.0   259072.0 138378.8  536064.0   466368.2  15744.0 15210.4 1920.0 1708.3    292   18.481   8      7.782   26.262
39424.0 39424.0 36960.0  0.0   259072.0 148264.7  536064.0   466368.2  15744.0 15210.4 1920.0 1708.3    292   18.481   8      7.782   26.262
39424.0 39424.0 36960.0  0.0   259072.0 150738.9  536064.0   466368.2  15744.0 15210.4 1920.0 1708.3    292   18.481   8      7.782   26.262
39424.0 39424.0 36960.0  0.0   259072.0 150738.9  536064.0   466368.2  15744.0 15210.4 1920.0 1708.3    292   18.481   8      7.782   26.262
39424.0 39424.0 36960.0  0.0   259072.0 150738.9  536064.0   466368.2  15744.0 15210.4 1920.0 1708.3    292   18.481   8      7.782   26.262
39424.0 39424.0 36960.0  0.0   259072.0 150782.6  536064.0   466368.2  15744.0 15210.4 1920.0 1708.3    292   18.481   8      7.782   26.262
39424.0 39424.0 36960.0  0.0   259072.0 150782.6  536064.0   466368.2  15744.0 15210.4 1920.0 1708.3    292   18.481   8      7.782   26.262
39424.0 39424.0 36960.0  0.0   259072.0 150782.6  536064.0   466368.2  15744.0 15210.4 1920.0 1708.3    292   18.481   8      7.782   26.262
39424.0 39424.0  0.0   36960.0 259072.0 20071.1   536064.0   468736.2  15744.0 15210.4 1920.0 1708.3    293   18.533   8      7.782   26.315
39424.0 39424.0  0.0   36960.0 259072.0 164239.2  536064.0   468736.2  15744.0 15210.4 1920.0 1708.3    293   18.533   8      7.782   26.315
39424.0 39424.0  0.0   36960.0 259072.0 246763.8  536064.0   468736.2  15744.0 15210.4 1920.0 1708.3    293   18.533   8      7.782   26.315
39424.0 39424.0 36960.0  0.0   259072.0 149694.4  536064.0   471112.2  15744.0 15210.4 1920.0 1708.3    294   18.590   8      7.782   26.372
39424.0 39424.0 36960.0  0.0   259072.0 215468.2  536064.0   471112.2  15744.0 15210.4 1920.0 1708.3    294   18.590   8      7.782   26.372
39424.0 39424.0 36960.0  0.0   259072.0 215468.2  536064.0   471112.2  15744.0 15210.4 1920.0 1708.3    294   18.590   8      7.782   26.372
39424.0 39424.0 36960.0  0.0   259072.0 215512.0  536064.0   471112.2  15744.0 15210.4 1920.0 1708.3    294   18.590   8      7.782   26.372
39424.0 39424.0 36960.0  0.0   259072.0 215512.0  536064.0   471112.2  15744.0 15210.4 1920.0 1708.3    294   18.590   8      7.782   26.372
39424.0 39424.0 36960.0  0.0   259072.0 215512.0  536064.0   471112.2  15744.0 15210.4 1920.0 1708.3    294   18.590   8      7.782   26.372
39424.0 39424.0 36960.0  0.0   259072.0 215553.7  536064.0   471112.2  15744.0 15210.4 1920.0 1708.3    294   18.590   8      7.782   26.372
39424.0 39424.0 36960.0  0.0   259072.0 215553.7  536064.0   471112.2  15744.0 15210.4 1920.0 1708.3    294   18.590   8      7.782   26.372
39424.0 39424.0 36960.0  0.0   259072.0 215553.7  536064.0   471112.2  15744.0 15210.4 1920.0 1708.3    294   18.590   8      7.782   26.372
38912.0 37376.0  0.0   36992.0 259072.0 87891.3   536064.0   473472.2  15744.0 15210.4 1920.0 1708.3    295   18.641   8      7.782   26.423
38912.0 37376.0  0.0   36992.0 259072.0 249349.8  536064.0   473472.2  15744.0 15210.4 1920.0 1708.3    295   18.641   8      7.782   26.423
38912.0 38912.0 37024.0  0.0   259072.0 145683.3  536064.0   475840.2  15744.0 15210.4 1920.0 1708.3    296   18.743   8      7.782   26.525
38912.0 38912.0  0.0   37056.0 259072.0 21492.5   536064.0   478208.2  15744.0 15210.4 1920.0 1708.3    297   18.824   8      7.782   26.606
38912.0 38912.0  0.0   37056.0 259072.0 21492.5   536064.0   478208.2  15744.0 15210.4 1920.0 1708.3    297   18.824   8      7.782   26.606
38912.0 38912.0  0.0   37056.0 259072.0 21492.5   536064.0   478208.2  15744.0 15210.4 1920.0 1708.3    297   18.824   8      7.782   26.606
38912.0 38912.0  0.0   37056.0 259072.0 21536.9   536064.0   478208.2  15744.0 15210.4 1920.0 1708.3    297   18.824   8      7.782   26.606
38912.0 38912.0  0.0   37056.0 259072.0 21536.9   536064.0   478208.2  15744.0 15210.4 1920.0 1708.3    297   18.824   8      7.782   26.606
38912.0 38912.0  0.0   37056.0 259072.0 21536.9   536064.0   478208.2  15744.0 15210.4 1920.0 1708.3    297   18.824   8      7.782   26.606
38912.0 38912.0  0.0   37056.0 259072.0 21580.6   536064.0   478208.2  15744.0 15210.4 1920.0 1708.3    297   18.824   8      7.782   26.606
38912.0 38912.0  0.0   37056.0 259072.0 21580.6   536064.0   478208.2  15744.0 15210.4 1920.0 1708.3    297   18.824   8      7.782   26.606
38912.0 38912.0  0.0   37056.0 259072.0 21580.6   536064.0   478208.2  15744.0 15210.4 1920.0 1708.3    297   18.824   8      7.782   26.606
38912.0 38912.0  0.0   37056.0 259072.0 152660.1  536064.0   478208.2  15744.0 15210.4 1920.0 1708.3    297   18.824   8      7.782   26.606
38912.0 38912.0 37056.0  0.0   260096.0 52141.9   536064.0   480584.2  15744.0 15210.4 1920.0 1708.3    298   18.876   8      7.782   26.658
38912.0 38912.0 37056.0  0.0   260096.0 201273.2  536064.0   480584.2  15744.0 15210.4 1920.0 1708.3    298   18.876   8      7.782   26.658
38912.0 38912.0  0.0   37056.0 260096.0 68189.3   536064.0   482952.2  15744.0 15210.4 1920.0 1708.3    299   19.113   8      7.782   26.894
38912.0 38912.0  0.0   37056.0 260096.0 86029.1   536064.0   482952.2  15744.0 15210.4 1920.0 1708.3    299   19.113   8      7.782   26.894
38912.0 38912.0  0.0   37056.0 260096.0 86029.1   536064.0   482952.2  15744.0 15210.4 1920.0 1708.3    299   19.113   8      7.782   26.894
38912.0 38912.0  0.0   37056.0 260096.0 86073.5   536064.0   482952.2  15744.0 15210.4 1920.0 1708.3    299   19.113   8      7.782   26.894
38912.0 38912.0  0.0   37056.0 260096.0 86073.5   536064.0   482952.2  15744.0 15210.4 1920.0 1708.3    299   19.113   8      7.782   26.894
38912.0 38912.0  0.0   37056.0 260096.0 86073.5   536064.0   482952.2  15744.0 15210.4 1920.0 1708.3    299   19.113   8      7.782   26.894
38912.0 38912.0  0.0   37056.0 260096.0 86117.2   536064.0   482952.2  15744.0 15210.4 1920.0 1708.3    299   19.113   8      7.782   26.894
38912.0 38912.0  0.0   37056.0 260096.0 86117.2   536064.0   482952.2  15744.0 15210.4 1920.0 1708.3    299   19.113   8      7.782   26.894
38912.0 38912.0  0.0   37056.0 260096.0 86117.2   536064.0   482952.2  15744.0 15210.4 1920.0 1708.3    299   19.113   8      7.782   26.894
38912.0 38912.0  0.0   37056.0 260096.0 201933.4  536064.0   482952.2  15744.0 15210.4 1920.0 1708.3    299   19.113   8      7.782   26.894
38912.0 38912.0 37056.0  0.0   260096.0 101206.9  536064.0   485328.2  15744.0 15210.4 1920.0 1708.3    300   19.173   8      7.782   26.955
38912.0 38912.0 37056.0  0.0   260096.0 249585.8  536064.0   485328.2  15744.0 15210.4 1920.0 1708.3    300   19.173   8      7.782   26.955
38912.0 38912.0  0.0   37056.0 260096.0 74498.9   536064.0   487736.2  15744.0 15210.4 1920.0 1708.3    301   19.240   8      7.782   27.022
38912.0 38912.0  0.0   37056.0 260096.0 95354.2   536064.0   487736.2  15744.0 15210.4 1920.0 1708.3    301   19.240   8      7.782   27.022
38912.0 38912.0  0.0   37056.0 260096.0 117998.3  536064.0   487736.2  15744.0 15210.4 1920.0 1708.3    301   19.240   8      7.782   27.022
38912.0 38912.0  0.0   37056.0 260096.0 140850.0  536064.0   487736.2  15744.0 15210.4 1920.0 1708.3    301   19.240   8      7.782   27.022
38912.0 38912.0  0.0   37056.0 260096.0 148344.5  536064.0   487736.2  15744.0 15210.4 1920.0 1708.3    301   19.240   8      7.782   27.022
38912.0 38912.0  0.0   37056.0 260096.0 148344.5  536064.0   487736.2  15744.0 15210.4 1920.0 1708.3    301   19.240   8      7.782   27.022
38912.0 38912.0  0.0   37056.0 260096.0 148386.3  536064.0   487736.2  15744.0 15210.4 1920.0 1708.3    301   19.240   8      7.782   27.022
38912.0 38912.0  0.0   37056.0 260096.0 148386.3  536064.0   487736.2  15744.0 15210.4 1920.0 1708.3    301   19.240   8      7.782   27.022
38912.0 38912.0  0.0   37056.0 260096.0 148386.3  536064.0   487736.2  15744.0 15210.4 1920.0 1708.3    301   19.240   8      7.782   27.022
37888.0 38400.0 37056.0  0.0   260096.0  492.8    536064.0   490112.2  15744.0 15210.4 1920.0 1708.3    302   19.359   8      7.782   27.140
37888.0 38400.0 37056.0  0.0   260096.0 150854.2  536064.0   490112.2  15744.0 15210.4 1920.0 1708.3    302   19.359   8      7.782   27.140
38400.0 38400.0  0.0   37120.0 260096.0 36592.4   536064.0   492488.2  15744.0 15210.4 1920.0 1708.3    303   19.438   8      7.782   27.220
38400.0 38400.0  0.0   37120.0 260096.0 165439.0  536064.0   492488.2  15744.0 15210.4 1920.0 1708.3    303   19.438   8      7.782   27.220
38400.0 38400.0  0.0   37120.0 260096.0 186226.8  536064.0   492488.2  15744.0 15210.4 1920.0 1708.3    303   19.438   8      7.782   27.220
38400.0 38400.0  0.0   37120.0 260096.0 200026.1  536064.0   492488.2  15744.0 15210.4 1920.0 1708.3    303   19.438   8      7.782   27.220
38400.0 38400.0  0.0   37120.0 260096.0 211278.9  536064.0   492488.2  15744.0 15210.4 1920.0 1708.3    303   19.438   8      7.782   27.220
38400.0 38400.0  0.0   37120.0 260096.0 211278.9  536064.0   492488.2  15744.0 15210.4 1920.0 1708.3    303   19.438   8      7.782   27.220
38400.0 38400.0  0.0   37120.0 260096.0 211278.9  536064.0   492488.2  15744.0 15210.4 1920.0 1708.3    303   19.438   8      7.782   27.220
38400.0 38400.0  0.0   37120.0 260096.0 211320.6  536064.0   492488.2  15744.0 15210.4 1920.0 1708.3    303   19.438   8      7.782   27.220
38400.0 38400.0  0.0   37120.0 260096.0 211320.6  536064.0   492488.2  15744.0 15210.4 1920.0 1708.3    303   19.438   8      7.782   27.220
38400.0 38400.0  0.0   37120.0 260096.0 211320.6  536064.0   492488.2  15744.0 15210.4 1920.0 1708.3    303   19.438   8      7.782   27.220
38400.0 38400.0 37152.0  0.0   261120.0 70011.2   536064.0   494864.2  15744.0 15210.4 1920.0 1708.3    304   19.489   8      7.782   27.271
38400.0 38400.0 37152.0  0.0   261120.0 225023.0  536064.0   494864.2  15744.0 15210.4 1920.0 1708.3    304   19.489   8      7.782   27.271
38400.0 38400.0  0.0   37088.0 261120.0 110972.0  536064.0   497256.2  15744.0 15210.4 1920.0 1708.3    305   19.596   8      7.782   27.378
38400.0 38400.0  0.0   37088.0 261120.0 204711.1  536064.0   497256.2  15744.0 15210.4 1920.0 1708.3    305   19.596   8      7.782   27.378
38400.0 38400.0  0.0   37088.0 261120.0 225872.4  536064.0   497256.2  15744.0 15210.4 1920.0 1708.3    305   19.596   8      7.782   27.378
38400.0 38400.0  0.0   37088.0 261120.0 249140.9  536064.0   497256.2  15744.0 15210.4 1920.0 1708.3    305   19.596   8      7.782   27.378
38400.0 38400.0 37152.0  0.0   261120.0 11314.0   536064.0   499648.2  15744.0 15210.4 1920.0 1708.3    306   19.821   8      7.782   27.603
38400.0 38400.0 37152.0  0.0   261120.0 15032.6   536064.0   499648.2  15744.0 15210.4 1920.0 1708.3    306   19.821   8      7.782   27.603
38400.0 38400.0 37152.0  0.0   261120.0 15032.6   536064.0   499648.2  15744.0 15210.4 1920.0 1708.3    306   19.821   8      7.782   27.603
38400.0 38400.0 37152.0  0.0   261120.0 15077.0   536064.0   499648.2  15744.0 15210.4 1920.0 1708.3    306   19.821   8      7.782   27.603
38400.0 38400.0 37152.0  0.0   261120.0 15077.0   536064.0   499648.2  15744.0 15210.4 1920.0 1708.3    306   19.821   8      7.782   27.603
38400.0 38400.0 37152.0  0.0   261120.0 15077.0   536064.0   499648.2  15744.0 15210.4 1920.0 1708.3    306   19.821   8      7.782   27.603
38400.0 38400.0 37152.0  0.0   261120.0 130410.1  536064.0   499648.2  15744.0 15210.4 1920.0 1708.3    306   19.821   8      7.782   27.603
38400.0 38400.0  0.0   37184.0 261120.0 18753.5   536064.0   502032.2  15744.0 15210.4 1920.0 1708.3    307   19.913   8      7.782   27.695
38400.0 38400.0  0.0   37184.0 261120.0 73023.7   536064.0   502032.2  15744.0 15210.4 1920.0 1708.3    307   19.913   8      7.782   27.695
38400.0 38400.0  0.0   37184.0 261120.0 223368.0  536064.0   502032.2  15744.0 15210.4 1920.0 1708.3    307   19.913   8      7.782   27.695
38400.0 38400.0 37216.0  0.0   261120.0 74737.7   536064.0   504416.2  15744.0 15210.4 1920.0 1708.3    308   19.968   8      7.782   27.750
38400.0 38400.0 37216.0  0.0   261120.0 74737.7   536064.0   504416.2  15744.0 15210.4 1920.0 1708.3    308   19.968   8      7.782   27.750
38400.0 38400.0 37216.0  0.0   261120.0 74782.1   536064.0   504416.2  15744.0 15210.4 1920.0 1708.3    308   19.968   8      7.782   27.750
38400.0 38400.0 37216.0  0.0   261120.0 74782.1   536064.0   504416.2  15744.0 15210.4 1920.0 1708.3    308   19.968   8      7.782   27.750
38400.0 38400.0 37216.0  0.0   261120.0 74782.1   536064.0   504416.2  15744.0 15210.4 1920.0 1708.3    308   19.968   8      7.782   27.750
38400.0 38400.0 37216.0  0.0   261120.0 74825.8   536064.0   504416.2  15744.0 15210.4 1920.0 1708.3    308   19.968   8      7.782   27.750
38400.0 38400.0 37216.0  0.0   261120.0 74825.8   536064.0   504416.2  15744.0 15210.4 1920.0 1708.3    308   19.968   8      7.782   27.750
38400.0 38400.0 37216.0  0.0   261120.0 74825.8   536064.0   504416.2  15744.0 15210.4 1920.0 1708.3    308   19.968   8      7.782   27.750
38400.0 38400.0 37216.0  0.0   261120.0 197173.7  536064.0   504416.2  15744.0 15210.4 1920.0 1708.3    308   19.968   8      7.782   27.750
38400.0 38400.0  0.0   37216.0 261120.0 88155.8   536064.0   506800.2  15744.0 15210.4 1920.0 1708.3    309   20.021   8      7.782   27.803
38400.0 38400.0  0.0   37216.0 261120.0 133689.0  536064.0   506800.2  15744.0 15210.4 1920.0 1708.3    309   20.021   8      7.782   27.803
38400.0 38400.0 37248.0  0.0   261120.0 15482.9   536064.0   509192.2  15744.0 15210.4 1920.0 1708.3    310   20.130   8      7.782   27.912
38400.0 38400.0 37248.0  0.0   261120.0 136371.2  536064.0   509192.2  15744.0 15210.4 1920.0 1708.3    310   20.130   8      7.782   27.912
38400.0 38400.0 37248.0  0.0   261120.0 136371.2  536064.0   509192.2  15744.0 15210.4 1920.0 1708.3    310   20.130   8      7.782   27.912
38400.0 38400.0 37248.0  0.0   261120.0 136415.5  536064.0   509192.2  15744.0 15210.4 1920.0 1708.3    310   20.130   8      7.782   27.912
38400.0 38400.0 37248.0  0.0   261120.0 136415.5  536064.0   509192.2  15744.0 15210.4 1920.0 1708.3    310   20.130   8      7.782   27.912
38400.0 38400.0 37248.0  0.0   261120.0 136415.5  536064.0   509192.2  15744.0 15210.4 1920.0 1708.3    310   20.130   8      7.782   27.912
38400.0 38400.0 37248.0  0.0   261120.0 136459.3  536064.0   509192.2  15744.0 15210.4 1920.0 1708.3    310   20.130   8      7.782   27.912
38400.0 38400.0 37248.0  0.0   261120.0 136459.3  536064.0   509192.2  15744.0 15210.4 1920.0 1708.3    310   20.130   8      7.782   27.912
38400.0 38400.0 37248.0  0.0   261120.0 136459.3  536064.0   509192.2  15744.0 15210.4 1920.0 1708.3    310   20.130   8      7.782   27.912
38400.0 38400.0 37248.0  0.0   261120.0 253694.7  536064.0   509192.2  15744.0 15210.4 1920.0 1708.3    310   20.130   8      7.782   27.912
38400.0 38400.0  0.0   37248.0 261120.0 145888.1  536064.0   511576.2  15744.0 15210.4 1920.0 1708.3    311   20.227   8      7.782   28.009
38400.0 38400.0 37280.0  0.0   261120.0 24884.6   536064.0   513968.2  15744.0 15210.4 1920.0 1708.3    312   20.321   8      7.782   28.103
38400.0 38400.0 37280.0  0.0   261120.0 95663.6   536064.0   513968.2  15744.0 15210.4 1920.0 1708.3    312   20.321   8      7.782   28.103
38400.0 38400.0 37280.0  0.0   261120.0 174729.7  536064.0   513968.2  15744.0 15210.4 1920.0 1708.3    312   20.321   8      7.782   28.103
38400.0 38400.0 37280.0  0.0   261120.0 194575.3  536064.0   513968.2  15744.0 15210.4 1920.0 1708.3    312   20.321   8      7.782   28.103
38400.0 38400.0 37280.0  0.0   261120.0 196083.7  536064.0   513968.2  15744.0 15210.4 1920.0 1708.3    312   20.321   8      7.782   28.103
38400.0 38400.0 37280.0  0.0   261120.0 196083.7  536064.0   513968.2  15744.0 15210.4 1920.0 1708.3    312   20.321   8      7.782   28.103
38400.0 38400.0 37280.0  0.0   261120.0 196083.7  536064.0   513968.2  15744.0 15210.4 1920.0 1708.3    312   20.321   8      7.782   28.103
38400.0 38400.0 37280.0  0.0   261120.0 196125.4  536064.0   513968.2  15744.0 15210.4 1920.0 1708.3    312   20.321   8      7.782   28.103
38400.0 38400.0 37280.0  0.0   261120.0 196125.4  536064.0   513968.2  15744.0 15210.4 1920.0 1708.3    312   20.321   8      7.782   28.103
38400.0 38400.0 37280.0  0.0   261120.0 196125.4  536064.0   513968.2  15744.0 15210.4 1920.0 1708.3    312   20.321   8      7.782   28.103
38400.0 38400.0  0.0   37280.0 261120.0 47598.3   536064.0   516352.2  15744.0 15210.4 1920.0 1708.3    313   20.426   8      7.782   28.208
38400.0 38400.0  0.0   37280.0 261120.0 198698.7  536064.0   516352.2  15744.0 15210.4 1920.0 1708.3    313   20.426   8      7.782   28.208
38400.0 38400.0 37248.0  0.0   261120.0 82044.7   536064.0   518744.2  15744.0 15210.4 1920.0 1708.3    314   20.519   8      7.782   28.301
38400.0 38400.0 37248.0  0.0   261120.0 172634.9  536064.0   518744.2  15744.0 15210.4 1920.0 1708.3    314   20.519   8      7.782   28.301
38400.0 38400.0 37248.0  0.0   261120.0 258368.9  536064.0   518744.2  15744.0 15210.4 1920.0 1708.3    314   20.519   8      7.782   28.301
38400.0 38400.0 37248.0  0.0   261120.0 258368.9  536064.0   518744.2  15744.0 15210.4 1920.0 1708.3    314   20.519   8      7.782   28.301
38400.0 38400.0 37248.0  0.0   261120.0 258412.6  536064.0   518744.2  15744.0 15210.4 1920.0 1708.3    314   20.519   8      7.782   28.301
38400.0 38400.0 37248.0  0.0   261120.0 258412.6  536064.0   518744.2  15744.0 15210.4 1920.0 1708.3    314   20.519   8      7.782   28.301
38400.0 38400.0 37248.0  0.0   261120.0 258412.6  536064.0   518744.2  15744.0 15210.4 1920.0 1708.3    314   20.519   8      7.782   28.301
38400.0 38400.0 37248.0  0.0   261120.0 258454.3  536064.0   518744.2  15744.0 15210.4 1920.0 1708.3    314   20.519   8      7.782   28.301
38400.0 38400.0 37248.0  0.0   261120.0 258454.3  536064.0   518744.2  15744.0 15210.4 1920.0 1708.3    314   20.519   8      7.782   28.301
38400.0 38400.0 37248.0  0.0   261120.0 258454.3  536064.0   518744.2  15744.0 15210.4 1920.0 1708.3    314   20.519   8      7.782   28.301
38400.0 38400.0  0.0   37280.0 261120.0 136152.8  536064.0   521144.2  15744.0 15210.4 1920.0 1708.3    315   20.572   8      7.782   28.354
38400.0 38400.0 37280.0  0.0   261120.0 42774.7   536064.0   523544.2  15744.0 15210.4 1920.0 1708.3    316   20.758   8      7.782   28.540
38400.0 38400.0 37280.0  0.0   261120.0 109451.6  536064.0   523544.2  15744.0 15210.4 1920.0 1708.3    316   20.758   8      7.782   28.540
38400.0 38400.0  0.0   37312.0 261120.0   0.0     536064.0   525944.2  15744.0 15210.4 1920.0 1708.3    317   20.817   8      7.782   28.599
38400.0 38400.0  0.0   37312.0 261120.0 60721.6   536064.0   525944.2  15744.0 15210.4 1920.0 1708.3    317   20.817   8      7.782   28.599
38400.0 38400.0  0.0   37312.0 261120.0 60721.6   536064.0   525944.2  15744.0 15210.4 1920.0 1708.3    317   20.817   8      7.782   28.599
38400.0 38400.0  0.0   37312.0 261120.0 60766.0   536064.0   525944.2  15744.0 15210.4 1920.0 1708.3    317   20.817   8      7.782   28.599
38400.0 38400.0  0.0   37312.0 261120.0 60766.0   536064.0   525944.2  15744.0 15210.4 1920.0 1708.3    317   20.817   8      7.782   28.599
38400.0 38400.0  0.0   37312.0 261120.0 60766.0   536064.0   525944.2  15744.0 15210.4 1920.0 1708.3    317   20.817   8      7.782   28.599
38400.0 38400.0  0.0   37312.0 261120.0 60809.7   536064.0   525944.2  15744.0 15210.4 1920.0 1708.3    317   20.817   8      7.782   28.599
38400.0 38400.0  0.0   37312.0 261120.0 60809.7   536064.0   525944.2  15744.0 15210.4 1920.0 1708.3    317   20.817   8      7.782   28.599
38400.0 38400.0  0.0   37312.0 261120.0 60809.7   536064.0   525944.2  15744.0 15210.4 1920.0 1708.3    317   20.817   8      7.782   28.599
38400.0 38400.0  0.0   37312.0 261120.0 200938.7  536064.0   525944.2  15744.0 15210.4 1920.0 1708.3    317   20.817   8      7.782   28.599
38400.0 38400.0 37312.0  0.0   261120.0 102943.5  536064.0   528352.2  15744.0 15210.4 1920.0 1708.3    318   20.885   8      7.782   28.667
38400.0 38400.0 37312.0  0.0   261120.0 238021.3  536064.0   528352.2  15744.0 15210.4 1920.0 1708.3    318   20.885   8      7.782   28.667
37888.0 37376.0  0.0   37312.0 261120.0 56871.8   536064.0   530744.2  15744.0 15210.4 1920.0 1708.3    319   20.943   8      7.782   28.725
37888.0 37376.0  0.0   37312.0 261120.0 121125.0  536064.0   530744.2  15744.0 15210.4 1920.0 1708.3    319   20.943   8      7.782   28.725
37888.0 37376.0  0.0   37312.0 261120.0 121125.0  536064.0   530744.2  15744.0 15210.4 1920.0 1708.3    319   20.943   8      7.782   28.725
37888.0 37376.0  0.0   37312.0 261120.0 121169.4  536064.0   530744.2  15744.0 15210.4 1920.0 1708.3    319   20.943   8      7.782   28.725
37888.0 37376.0  0.0   37312.0 261120.0 121169.4  536064.0   530744.2  15744.0 15210.4 1920.0 1708.3    319   20.943   8      7.782   28.725
37888.0 37376.0  0.0   37312.0 261120.0 121169.4  536064.0   530744.2  15744.0 15210.4 1920.0 1708.3    319   20.943   8      7.782   28.725
37888.0 37376.0  0.0   37312.0 261120.0 121213.2  536064.0   530744.2  15744.0 15210.4 1920.0 1708.3    319   20.943   8      7.782   28.725
37888.0 37376.0  0.0   37312.0 261120.0 121213.2  536064.0   530744.2  15744.0 15210.4 1920.0 1708.3    319   20.943   8      7.782   28.725
37888.0 37376.0  0.0   37312.0 261120.0 121213.2  536064.0   530744.2  15744.0 15210.4 1920.0 1708.3    319   20.943   8      7.782   28.725
37888.0 37376.0  0.0   37312.0 261120.0 250689.9  536064.0   530744.2  15744.0 15210.4 1920.0 1708.3    319   20.943   8      7.782   28.725
37888.0 37888.0 37344.0  0.0   261120.0 151925.5  536064.0   533152.2  15744.0 15210.4 1920.0 1708.3    320   21.021   8      7.782   28.803
37888.0 37888.0  0.0   37344.0 261120.0   0.0     536064.0   535576.2  15744.0 15210.4 1920.0 1708.3    321   21.119   9      7.782   28.901
37888.0 37888.0  0.0    0.0   261120.0 74412.4   571904.0   361938.3  15744.0 15210.4 1920.0 1708.3    321   21.119   9      9.192   30.311
37888.0 37888.0  0.0    0.0   261120.0 165326.7  571904.0   361938.3  15744.0 15210.4 1920.0 1708.3    321   21.119   9      9.192   30.311
37888.0 37888.0  0.0    0.0   261120.0 180941.4  571904.0   361938.3  15744.0 15210.4 1920.0 1708.3    321   21.119   9      9.192   30.311
37888.0 37888.0  0.0    0.0   261120.0 180984.7  571904.0   361938.3  15744.0 15210.4 1920.0 1708.3    321   21.119   9      9.192   30.311
37888.0 37888.0  0.0    0.0   261120.0 180984.7  571904.0   361938.3  15744.0 15210.4 1920.0 1708.3    321   21.119   9      9.192   30.311
37888.0 37888.0  0.0    0.0   261120.0 180984.7  571904.0   361938.3  15744.0 15210.4 1920.0 1708.3    321   21.119   9      9.192   30.311
37888.0 37888.0  0.0    0.0   261120.0 181026.5  571904.0   361938.3  15744.0 15210.4 1920.0 1708.3    321   21.119   9      9.192   30.311
37888.0 37888.0  0.0    0.0   261120.0 181026.5  571904.0   361938.3  15744.0 15210.4 1920.0 1708.3    321   21.119   9      9.192   30.311
37888.0 37888.0  0.0    0.0   261120.0 181026.5  571904.0   361938.3  15744.0 15210.4 1920.0 1708.3    321   21.119   9      9.192   30.311
37888.0 44032.0 3072.0  0.0   249856.0 48948.8   571904.0   361938.3  15744.0 15210.4 1920.0 1708.3    322   21.135   9      9.192   30.327
37888.0 44032.0 3072.0  0.0   249856.0 208069.5  571904.0   361938.3  15744.0 15210.4 1920.0 1708.3    322   21.135   9      9.192   30.327
47616.0 6144.0  0.0   5920.0 249856.0 47137.6   571904.0   361938.3  15744.0 15210.4 1920.0 1708.3    323   21.157   9      9.192   30.349
47616.0 6144.0  0.0   5920.0 249856.0 144035.2  571904.0   361938.3  15744.0 15210.4 1920.0 1708.3    323   21.157   9      9.192   30.349
47616.0 49664.0 8448.0  0.0   238592.0  4714.1   571904.0   361938.3  15744.0 15210.4 1920.0 1708.3    324   21.182   9      9.192   30.374
47616.0 49664.0 8448.0  0.0   238592.0  4714.1   571904.0   361938.3  15744.0 15210.4 1920.0 1708.3    324   21.182   9      9.192   30.374
47616.0 49664.0 8448.0  0.0   238592.0  4758.5   571904.0   361938.3  15744.0 15210.4 1920.0 1708.3    324   21.182   9      9.192   30.374
47616.0 49664.0 8448.0  0.0   238592.0  4758.5   571904.0   361938.3  15744.0 15210.4 1920.0 1708.3    324   21.182   9      9.192   30.374
47616.0 49664.0 8448.0  0.0   238592.0  4758.5   571904.0   361938.3  15744.0 15210.4 1920.0 1708.3    324   21.182   9      9.192   30.374
47616.0 49664.0 8448.0  0.0   238592.0  4802.2   571904.0   361938.3  15744.0 15210.4 1920.0 1708.3    324   21.182   9      9.192   30.374
47616.0 49664.0 8448.0  0.0   238592.0  4802.2   571904.0   361938.3  15744.0 15210.4 1920.0 1708.3    324   21.182   9      9.192   30.374
47616.0 49664.0 8448.0  0.0   238592.0  4802.2   571904.0   361938.3  15744.0 15210.4 1920.0 1708.3    324   21.182   9      9.192   30.374
47616.0 49664.0 8448.0  0.0   238592.0 133856.4  571904.0   361938.3  15744.0 15210.4 1920.0 1708.3    324   21.182   9      9.192   30.374
50688.0 10752.0  0.0   10720.0 238592.0 53384.9   571904.0   361938.3  15744.0 15210.4 1920.0 1708.3    325   21.202   9      9.192   30.394
50688.0 10752.0  0.0   10720.0 238592.0 107087.2  571904.0   361938.3  15744.0 15210.4 1920.0 1708.3    325   21.202   9      9.192   30.394
50688.0 50688.0 12992.0  0.0   236544.0 23480.7   571904.0   361938.3  15744.0 15210.4 1920.0 1708.3    326   21.235   9      9.192   30.427
50688.0 50688.0 12992.0  0.0   236544.0 107038.2  571904.0   361938.3  15744.0 15210.4 1920.0 1708.3    326   21.235   9      9.192   30.427
50688.0 50688.0 12992.0  0.0   236544.0 107038.2  571904.0   361938.3  15744.0 15210.4 1920.0 1708.3    326   21.235   9      9.192   30.427
50688.0 50688.0 12992.0  0.0   236544.0 107082.6  571904.0   361938.3  15744.0 15210.4 1920.0 1708.3    326   21.235   9      9.192   30.427
50688.0 50688.0 12992.0  0.0   236544.0 107082.6  571904.0   361938.3  15744.0 15210.4 1920.0 1708.3    326   21.235   9      9.192   30.427
50688.0 50688.0 12992.0  0.0   236544.0 107082.6  571904.0   361938.3  15744.0 15210.4 1920.0 1708.3    326   21.235   9      9.192   30.427
50688.0 50688.0 12992.0  0.0   236544.0 107126.3  571904.0   361938.3  15744.0 15210.4 1920.0 1708.3    326   21.235   9      9.192   30.427
50688.0 50688.0 12992.0  0.0   236544.0 107126.3  571904.0   361938.3  15744.0 15210.4 1920.0 1708.3    326   21.235   9      9.192   30.427
50688.0 50688.0 12992.0  0.0   236544.0 107126.3  571904.0   361938.3  15744.0 15210.4 1920.0 1708.3    326   21.235   9      9.192   30.427
50688.0 50688.0 12992.0  0.0   236544.0 233457.0  571904.0   361938.3  15744.0 15210.4 1920.0 1708.3    326   21.235   9      9.192   30.427
50176.0 15360.0  0.0   15104.0 236544.0 157529.2  571904.0   361938.3  15744.0 15210.4 1920.0 1708.3    327   21.274   9      9.192   30.466
50176.0 48640.0 17280.0  0.0   238080.0 71790.2   571904.0   361938.3  15744.0 15210.4 1920.0 1708.3    328   21.317   9      9.192   30.509
50176.0 48640.0 17280.0  0.0   238080.0 171136.7  571904.0   361938.3  15744.0 15210.4 1920.0 1708.3    328   21.317   9      9.192   30.509
50176.0 48640.0 17280.0  0.0   238080.0 198611.3  571904.0   361938.3  15744.0 15210.4 1920.0 1708.3    328   21.317   9      9.192   30.509
50176.0 48640.0 17280.0  0.0   238080.0 215749.7  571904.0   361938.3  15744.0 15210.4 1920.0 1708.3    328   21.317   9      9.192   30.509
50176.0 48640.0 17280.0  0.0   238080.0 215793.5  571904.0   361938.3  15744.0 15210.4 1920.0 1708.3    328   21.317   9      9.192   30.509
50176.0 48640.0 17280.0  0.0   238080.0 215793.5  571904.0   361938.3  15744.0 15210.4 1920.0 1708.3    328   21.317   9      9.192   30.509
50176.0 48640.0 17280.0  0.0   238080.0 215793.5  571904.0   361938.3  15744.0 15210.4 1920.0 1708.3    328   21.317   9      9.192   30.509
50176.0 48640.0 17280.0  0.0   238080.0 215835.2  571904.0   361938.3  15744.0 15210.4 1920.0 1708.3    328   21.317   9      9.192   30.509
50176.0 48640.0 17280.0  0.0   238080.0 215835.2  571904.0   361938.3  15744.0 15210.4 1920.0 1708.3    328   21.317   9      9.192   30.509
50176.0 48640.0 17280.0  0.0   238080.0 215835.2  571904.0   361938.3  15744.0 15210.4 1920.0 1708.3    328   21.317   9      9.192   30.509
47104.0 19456.0  0.0   19424.0 238080.0 96251.7   571904.0   361938.3  15744.0 15210.4 1920.0 1708.3    329   21.350   9      9.192   30.542
47104.0 45056.0 21664.0  0.0   241152.0 19132.8   571904.0   361938.3  15744.0 15210.4 1920.0 1708.3    330   21.411   9      9.192   30.603
47104.0 45056.0 21664.0  0.0   241152.0 171092.8  571904.0   361938.3  15744.0 15210.4 1920.0 1708.3    330   21.411   9      9.192   30.603
43008.0 45056.0  0.0   23840.0 241152.0 66604.6   571904.0   361938.3  15744.0 15210.4 1920.0 1708.3    331   21.467   9      9.192   30.659
43008.0 45056.0  0.0   23840.0 241152.0 81436.0   571904.0   361938.3  15744.0 15210.4 1920.0 1708.3    331   21.467   9      9.192   30.659
43008.0 45056.0  0.0   23840.0 241152.0 81436.0   571904.0   361938.3  15744.0 15210.4 1920.0 1708.3    331   21.467   9      9.192   30.659
43008.0 45056.0  0.0   23840.0 241152.0 81480.4   571904.0   361938.3  15744.0 15210.4 1920.0 1708.3    331   21.467   9      9.192   30.659
43008.0 45056.0  0.0   23840.0 241152.0 81480.4   571904.0   361938.3  15744.0 15210.4 1920.0 1708.3    331   21.467   9      9.192   30.659
43008.0 45056.0  0.0   23840.0 241152.0 81480.4   571904.0   361938.3  15744.0 15210.4 1920.0 1708.3    331   21.467   9      9.192   30.659
43008.0 45056.0  0.0   23840.0 241152.0 81524.1   571904.0   361938.3  15744.0 15210.4 1920.0 1708.3    331   21.467   9      9.192   30.659
43008.0 45056.0  0.0   23840.0 241152.0 81524.1   571904.0   361938.3  15744.0 15210.4 1920.0 1708.3    331   21.467   9      9.192   30.659
43008.0 45056.0  0.0   23840.0 241152.0 81524.1   571904.0   361938.3  15744.0 15210.4 1920.0 1708.3    331   21.467   9      9.192   30.659
43008.0 45056.0  0.0   23840.0 241152.0 210907.3  571904.0   361938.3  15744.0 15210.4 1920.0 1708.3    331   21.467   9      9.192   30.659
41472.0 41984.0 26048.0  0.0   246272.0 130813.3  571904.0   361938.3  15744.0 15210.4 1920.0 1708.3    332   21.519   9      9.192   30.711
41984.0 41984.0  0.0   28256.0 246272.0 39186.0   571904.0   361938.3  15744.0 15210.4 1920.0 1708.3    333   21.583   9      9.192   30.775
41984.0 41984.0  0.0   28256.0 246272.0 90864.8   571904.0   361938.3  15744.0 15210.4 1920.0 1708.3    333   21.583   9      9.192   30.775
41984.0 41984.0  0.0   28256.0 246272.0 176099.9  571904.0   361938.3  15744.0 15210.4 1920.0 1708.3    333   21.583   9      9.192   30.775
41984.0 41984.0  0.0   28256.0 246272.0 176099.9  571904.0   361938.3  15744.0 15210.4 1920.0 1708.3    333   21.583   9      9.192   30.775
41984.0 41984.0  0.0   28256.0 246272.0 176143.6  571904.0   361938.3  15744.0 15210.4 1920.0 1708.3    333   21.583   9      9.192   30.775
41984.0 41984.0  0.0   28256.0 246272.0 176143.6  571904.0   361938.3  15744.0 15210.4 1920.0 1708.3    333   21.583   9      9.192   30.775
41984.0 41984.0  0.0   28256.0 246272.0 176143.6  571904.0   361938.3  15744.0 15210.4 1920.0 1708.3    333   21.583   9      9.192   30.775
41984.0 41984.0  0.0   28256.0 246272.0 176185.4  571904.0   361938.3  15744.0 15210.4 1920.0 1708.3    333   21.583   9      9.192   30.775
41984.0 41984.0  0.0   28256.0 246272.0 176185.4  571904.0   361938.3  15744.0 15210.4 1920.0 1708.3    333   21.583   9      9.192   30.775
41984.0 41984.0  0.0   28256.0 246272.0 176185.4  571904.0   361938.3  15744.0 15210.4 1920.0 1708.3    333   21.583   9      9.192   30.775
41984.0 42496.0 30496.0  0.0   251904.0 66360.6   571904.0   361938.3  15744.0 15210.4 1920.0 1708.3    334   21.631   9      9.192   30.823
41984.0 42496.0 30496.0  0.0   251904.0 225013.8  571904.0   361938.3  15744.0 15210.4 1920.0 1708.3    334   21.631   9      9.192   30.823
44032.0 33280.0  0.0   32864.0 251904.0 29534.9   571904.0   361938.3  15744.0 15210.4 1920.0 1708.3    335   21.685   9      9.192   30.877
44032.0 33280.0  0.0   32864.0 251904.0 184127.0  571904.0   361938.3  15744.0 15210.4 1920.0 1708.3    335   21.685   9      9.192   30.877
44032.0 45568.0 35104.0  0.0   246784.0  9807.6   571904.0   361938.3  15744.0 15210.4 1920.0 1708.3    336   21.794   9      9.192   30.986
44032.0 45568.0 35104.0  0.0   246784.0  9807.6   571904.0   361938.3  15744.0 15210.4 1920.0 1708.3    336   21.794   9      9.192   30.986
44032.0 45568.0 35104.0  0.0   246784.0  9852.0   571904.0   361938.3  15744.0 15210.4 1920.0 1708.3    336   21.794   9      9.192   30.986
44032.0 45568.0 35104.0  0.0   246784.0  9852.0   571904.0   361938.3  15744.0 15210.4 1920.0 1708.3    336   21.794   9      9.192   30.986
44032.0 45568.0 35104.0  0.0   246784.0  9852.0   571904.0   361938.3  15744.0 15210.4 1920.0 1708.3    336   21.794   9      9.192   30.986
44032.0 45568.0 35104.0  0.0   246784.0  9895.7   571904.0   361938.3  15744.0 15210.4 1920.0 1708.3    336   21.794   9      9.192   30.986
44032.0 45568.0 35104.0  0.0   246784.0  9895.7   571904.0   361938.3  15744.0 15210.4 1920.0 1708.3    336   21.794   9      9.192   30.986
44032.0 45568.0 35104.0  0.0   246784.0  9895.7   571904.0   361938.3  15744.0 15210.4 1920.0 1708.3    336   21.794   9      9.192   30.986
44032.0 45568.0 35104.0  0.0   246784.0 143734.4  571904.0   361938.3  15744.0 15210.4 1920.0 1708.3    336   21.794   9      9.192   30.986
47104.0 35328.0  0.0   34944.0 246784.0 54909.7   571904.0   364354.3  15744.0 15210.4 1920.0 1708.3    337   21.847   9      9.192   31.039
47104.0 35328.0  0.0   34944.0 246784.0 134274.4  571904.0   364354.3  15744.0 15210.4 1920.0 1708.3    337   21.847   9      9.192   31.039
47104.0 47616.0 34944.0  0.0   242688.0 14393.9   571904.0   366658.3  15744.0 15210.4 1920.0 1708.3    338   21.923   9      9.192   31.115
47104.0 47616.0 34944.0  0.0   242688.0 99649.3   571904.0   366658.3  15744.0 15210.4 1920.0 1708.3    338   21.923   9      9.192   31.115
47104.0 47616.0 34944.0  0.0   242688.0 99649.3   571904.0   366658.3  15744.0 15210.4 1920.0 1708.3    338   21.923   9      9.192   31.115
47104.0 47616.0 34944.0  0.0   242688.0 99693.7   571904.0   366658.3  15744.0 15210.4 1920.0 1708.3    338   21.923   9      9.192   31.115
47104.0 47616.0 34944.0  0.0   242688.0 99693.7   571904.0   366658.3  15744.0 15210.4 1920.0 1708.3    338   21.923   9      9.192   31.115
47104.0 47616.0 34944.0  0.0   242688.0 99693.7   571904.0   366658.3  15744.0 15210.4 1920.0 1708.3    338   21.923   9      9.192   31.115
47104.0 47616.0 34944.0  0.0   242688.0 99737.4   571904.0   366658.3  15744.0 15210.4 1920.0 1708.3    338   21.923   9      9.192   31.115
47104.0 47616.0 34944.0  0.0   242688.0 99737.4   571904.0   366658.3  15744.0 15210.4 1920.0 1708.3    338   21.923   9      9.192   31.115
47104.0 47616.0 34944.0  0.0   242688.0 99737.4   571904.0   366658.3  15744.0 15210.4 1920.0 1708.3    338   21.923   9      9.192   31.115
47104.0 47616.0 34944.0  0.0   242688.0 230605.8  571904.0   366658.3  15744.0 15210.4 1920.0 1708.3    338   21.923   9      9.192   31.115
48640.0 35328.0  0.0   34912.0 242688.0 143380.8  571904.0   368970.3  15744.0 15210.4 1920.0 1708.3    339   21.980   9      9.192   31.172
48640.0 48640.0 34976.0  0.0   240640.0 48663.8   571904.0   371170.3  15744.0 15210.4 1920.0 1708.3    340   22.063   9      9.192   31.255
48640.0 48640.0 34976.0  0.0   240640.0 185081.0  571904.0   371170.3  15744.0 15210.4 1920.0 1708.3    340   22.063   9      9.192   31.255
48640.0 48640.0 34976.0  0.0   240640.0 196432.9  571904.0   371170.3  15744.0 15210.4 1920.0 1708.3    340   22.063   9      9.192   31.255
48640.0 48640.0 34976.0  0.0   240640.0 196432.9  571904.0   371170.3  15744.0 15210.4 1920.0 1708.3    340   22.063   9      9.192   31.255
48640.0 48640.0 34976.0  0.0   240640.0 196476.6  571904.0   371170.3  15744.0 15210.4 1920.0 1708.3    340   22.063   9      9.192   31.255
48640.0 48640.0 34976.0  0.0   240640.0 196476.6  571904.0   371170.3  15744.0 15210.4 1920.0 1708.3    340   22.063   9      9.192   31.255
48640.0 48640.0 34976.0  0.0   240640.0 196476.6  571904.0   371170.3  15744.0 15210.4 1920.0 1708.3    340   22.063   9      9.192   31.255
48640.0 48640.0 34976.0  0.0   240640.0 196518.4  571904.0   371170.3  15744.0 15210.4 1920.0 1708.3    340   22.063   9      9.192   31.255
48640.0 48640.0 34976.0  0.0   240640.0 196518.4  571904.0   371170.3  15744.0 15210.4 1920.0 1708.3    340   22.063   9      9.192   31.255
48640.0 48640.0 34976.0  0.0   240640.0 196518.4  571904.0   371170.3  15744.0 15210.4 1920.0 1708.3    340   22.063   9      9.192   31.255
49152.0 35328.0  0.0   34912.0 240640.0 75472.3   571904.0   373370.3  15744.0 15210.4 1920.0 1708.3    341   22.112   9      9.192   31.304
49152.0 35328.0  0.0   34912.0 240640.0 230090.2  571904.0   373370.3  15744.0 15210.4 1920.0 1708.3    341   22.112   9      9.192   31.304
49152.0 49152.0 34976.0  0.0   239616.0 136871.0  571904.0   375546.3  15744.0 15210.4 1920.0 1708.3    342   22.196   9      9.192   31.388
49152.0 49152.0 34976.0  0.0   239616.0 229460.5  571904.0   375546.3  15744.0 15210.4 1920.0 1708.3    342   22.196   9      9.192   31.388
48640.0 35328.0  0.0   35008.0 239616.0 57539.8   571904.0   377730.3  15744.0 15210.4 1920.0 1708.3    343   22.245   9      9.192   31.437
48640.0 35328.0  0.0   35008.0 239616.0 57539.8   571904.0   377730.3  15744.0 15210.4 1920.0 1708.3    343   22.245   9      9.192   31.437
48640.0 35328.0  0.0   35008.0 239616.0 57584.6   571904.0   377730.3  15744.0 15210.4 1920.0 1708.3    343   22.245   9      9.192   31.437
48640.0 35328.0  0.0   35008.0 239616.0 57584.6   571904.0   377730.3  15744.0 15210.4 1920.0 1708.3    343   22.245   9      9.192   31.437
48640.0 35328.0  0.0   35008.0 239616.0 57584.6   571904.0   377730.3  15744.0 15210.4 1920.0 1708.3    343   22.245   9      9.192   31.437
48640.0 35328.0  0.0   35008.0 239616.0 57657.1   571904.0   377730.3  15744.0 15210.4 1920.0 1708.3    343   22.245   9      9.192   31.437
48640.0 35328.0  0.0   35008.0 239616.0 57657.1   571904.0   377730.3  15744.0 15210.4 1920.0 1708.3    343   22.245   9      9.192   31.437
48640.0 35328.0  0.0   35008.0 239616.0 57657.1   571904.0   377730.3  15744.0 15210.4 1920.0 1708.3    343   22.245   9      9.192   31.437
48640.0 35328.0  0.0   35008.0 239616.0 188338.1  571904.0   377730.3  15744.0 15210.4 1920.0 1708.3    343   22.245   9      9.192   31.437
48640.0 48640.0 35040.0  0.0   239616.0 105217.8  571904.0   379930.3  15744.0 15210.4 1920.0 1708.3    344   22.292   9      9.192   31.484
48128.0 48640.0  0.0   35040.0 239616.0 14258.0   571904.0   382130.3  15744.0 15210.4 1920.0 1708.3    345   22.383   9      9.192   31.575
48128.0 48640.0  0.0   35040.0 239616.0 156114.0  571904.0   382130.3  15744.0 15210.4 1920.0 1708.3    345   22.383   9      9.192   31.575
48128.0 48640.0  0.0   35040.0 239616.0 160440.8  571904.0   382130.3  15744.0 15210.4 1920.0 1708.3    345   22.383   9      9.192   31.575
48128.0 48640.0  0.0   35040.0 239616.0 160440.8  571904.0   382130.3  15744.0 15210.4 1920.0 1708.3    345   22.383   9      9.192   31.575
48128.0 48640.0  0.0   35040.0 239616.0 160484.5  571904.0   382130.3  15744.0 15210.4 1920.0 1708.3    345   22.383   9      9.192   31.575
48128.0 48640.0  0.0   35040.0 239616.0 160484.5  571904.0   382130.3  15744.0 15210.4 1920.0 1708.3    345   22.383   9      9.192   31.575
48128.0 48640.0  0.0   35040.0 239616.0 160484.5  571904.0   382130.3  15744.0 15210.4 1920.0 1708.3    345   22.383   9      9.192   31.575
