 S0C    S1C    S0U    S1U      EC       EU        OC         OU       MC     MU    CCSC   CCSU   YGC     YGCT    FGC    FGCT     GCT   
2560.0 2560.0 2528.0  0.0   31744.0  24385.7   42496.0     4365.9   11520.0 11092.5 1536.0 1336.3      2    0.028   0      0.000    0.028
2560.0 2560.0 2528.0  0.0   31744.0  24703.2   42496.0     4365.9   11520.0 11092.5 1536.0 1336.3      2    0.028   0      0.000    0.028
2560.0 2560.0 2528.0  0.0   31744.0  24703.2   42496.0     4365.9   11520.0 11092.5 1536.0 1336.3      2    0.028   0      0.000    0.028
2560.0 2560.0 2528.0  0.0   31744.0  24703.2   42496.0     4365.9   11520.0 11092.5 1536.0 1336.3      2    0.028   0      0.000    0.028
2560.0 2560.0 2528.0  0.0   31744.0  25020.7   42496.0     4365.9   11520.0 11092.5 1536.0 1336.3      2    0.028   0      0.000    0.028
2560.0 2560.0 2528.0  0.0   31744.0  25020.7   42496.0     4365.9   11520.0 11092.5 1536.0 1336.3      2    0.028   0      0.000    0.028
2560.0 2560.0 2528.0  0.0   31744.0  25020.7   42496.0     4365.9   11520.0 11092.5 1536.0 1336.3      2    0.028   0      0.000    0.028
2560.0 2560.0 2528.0  0.0   31744.0  29803.2   42496.0     4365.9   11520.0 11092.5 1536.0 1336.3      2    0.028   0      0.000    0.028
2560.0 2560.0 2528.0  0.0   31744.0  29803.2   42496.0     4365.9   11520.0 11092.5 1536.0 1336.3      2    0.028   0      0.000    0.028
2560.0 2560.0 2528.0  0.0   31744.0  29803.2   42496.0     4365.9   11520.0 11092.5 1536.0 1336.3      2    0.028   0      0.000    0.028
2560.0 2560.0 2528.0  0.0   31744.0  30120.7   42496.0     4365.9   11520.0 11092.5 1536.0 1336.3      2    0.028   0      0.000    0.028
2560.0 2560.0 2528.0  0.0   31744.0  30120.7   42496.0     4365.9   11520.0 11092.5 1536.0 1336.3      2    0.028   0      0.000    0.028
2560.0 2560.0 2528.0  0.0   31744.0  30120.7   42496.0     4365.9   11520.0 11092.5 1536.0 1336.3      2    0.028   0      0.000    0.028
2560.0 2560.0 2528.0  0.0   31744.0  30438.2   42496.0     4365.9   11520.0 11092.5 1536.0 1336.3      2    0.028   0      0.000    0.028
2560.0 2560.0 2528.0  0.0   31744.0  30438.2   42496.0     4365.9   11520.0 11092.5 1536.0 1336.3      2    0.028   0      0.000    0.028
2560.0 2560.0 2528.0  0.0   31744.0  30438.2   42496.0     4365.9   11520.0 11092.5 1536.0 1336.3      2    0.028   0      0.000    0.028
2560.0 2560.0 2528.0  0.0   31744.0  30755.7   42496.0     4365.9   11520.0 11092.5 1536.0 1336.3      2    0.028   0      0.000    0.028
2560.0 2560.0 2528.0  0.0   31744.0  30755.7   42496.0     4365.9   11520.0 11092.5 1536.0 1336.3      2    0.028   0      0.000    0.028
2560.0 2560.0 2528.0  0.0   31744.0  30755.7   42496.0     4365.9   11520.0 11092.5 1536.0 1336.3      2    0.028   0      0.000    0.028
2560.0 2560.0  0.0   2544.0 31744.0   5454.8   42496.0     7170.8   14976.0 14367.4 1920.0 1706.6      3    0.042   0      0.000    0.042
2560.0 2560.0  0.0   2544.0 31744.0   5454.8   42496.0     7170.8   14976.0 14367.4 1920.0 1706.6      3    0.042   0      0.000    0.042
2560.0 2560.0  0.0   2544.0 31744.0   5454.8   42496.0     7170.8   14976.0 14367.4 1920.0 1706.6      3    0.042   0      0.000    0.042
2560.0 2560.0  0.0   2544.0 31744.0   5934.2   42496.0     7170.8   14976.0 14367.4 1920.0 1706.6      3    0.042   0      0.000    0.042
2560.0 2560.0  0.0   2544.0 31744.0   5934.2   42496.0     7170.8   14976.0 14367.4 1920.0 1706.6      3    0.042   0      0.000    0.042
2560.0 2560.0  0.0   2544.0 31744.0   5934.2   42496.0     7170.8   14976.0 14367.4 1920.0 1706.6      3    0.042   0      0.000    0.042
2560.0 2560.0  0.0   2544.0 31744.0   6121.6   42496.0     7170.8   14976.0 14367.4 1920.0 1706.6      3    0.042   0      0.000    0.042
2560.0 2560.0  0.0   2544.0 31744.0   6121.6   42496.0     7170.8   14976.0 14367.4 1920.0 1706.6      3    0.042   0      0.000    0.042
2560.0 2560.0  0.0   2544.0 31744.0   6121.6   42496.0     7170.8   14976.0 14367.4 1920.0 1706.6      3    0.042   0      0.000    0.042
2560.0 2560.0  0.0   2544.0 31744.0   6280.3   42496.0     7170.8   14976.0 14367.4 1920.0 1706.6      3    0.042   0      0.000    0.042
2560.0 2560.0  0.0   2544.0 31744.0   6280.3   42496.0     7170.8   14976.0 14367.4 1920.0 1706.6      3    0.042   0      0.000    0.042
2560.0 2560.0  0.0   2544.0 31744.0   6280.3   42496.0     7170.8   14976.0 14367.4 1920.0 1706.6      3    0.042   0      0.000    0.042
2560.0 2560.0  0.0   2544.0 31744.0  12144.2   42496.0     7170.8   14976.0 14367.4 1920.0 1706.6      3    0.042   0      0.000    0.042
2560.0 2560.0  0.0   2544.0 31744.0  12144.2   42496.0     7170.8   14976.0 14367.4 1920.0 1706.6      3    0.042   0      0.000    0.042
2560.0 2560.0  0.0   2544.0 31744.0  12144.2   42496.0     7170.8   14976.0 14367.4 1920.0 1706.6      3    0.042   0      0.000    0.042
2560.0 2560.0  0.0   2544.0 31744.0  12302.9   42496.0     7170.8   14976.0 14367.4 1920.0 1706.6      3    0.042   0      0.000    0.042
2560.0 2560.0  0.0   2544.0 31744.0  12302.9   42496.0     7170.8   14976.0 14367.4 1920.0 1706.6      3    0.042   0      0.000    0.042
2560.0 2560.0  0.0   2544.0 31744.0  12302.9   42496.0     7170.8   14976.0 14367.4 1920.0 1706.6      3    0.042   0      0.000    0.042
2560.0 2560.0  0.0   2544.0 31744.0  12461.6   42496.0     7170.8   14976.0 14367.4 1920.0 1706.6      3    0.042   0      0.000    0.042
2560.0 2560.0  0.0   2544.0 31744.0  12461.6   42496.0     7170.8   14976.0 14367.4 1920.0 1706.6      3    0.042   0      0.000    0.042
2560.0 2560.0  0.0   2544.0 31744.0  12461.6   42496.0     7170.8   14976.0 14367.4 1920.0 1706.6      3    0.042   0      0.000    0.042
2560.0 2560.0  0.0   2544.0 31744.0  12620.3   42496.0     7170.8   14976.0 14367.4 1920.0 1706.6      3    0.042   0      0.000    0.042
2560.0 2560.0  0.0   2544.0 31744.0  12620.3   42496.0     7170.8   14976.0 14367.4 1920.0 1706.6      3    0.042   0      0.000    0.042
2560.0 2560.0  0.0   2544.0 31744.0  12620.3   42496.0     7170.8   14976.0 14367.4 1920.0 1706.6      3    0.042   0      0.000    0.042
2560.0 2560.0  0.0   2544.0 31744.0  17931.8   42496.0     7170.8   14976.0 14367.4 1920.0 1706.6      3    0.042   0      0.000    0.042
2560.0 2560.0  0.0   2544.0 31744.0  17931.8   42496.0     7170.8   14976.0 14367.4 1920.0 1706.6      3    0.042   0      0.000    0.042
2560.0 2560.0  0.0   2544.0 31744.0  17931.8   42496.0     7170.8   14976.0 14367.4 1920.0 1706.6      3    0.042   0      0.000    0.042
2560.0 2560.0  0.0   2544.0 31744.0  18090.5   42496.0     7170.8   14976.0 14367.4 1920.0 1706.6      3    0.042   0      0.000    0.042
2560.0 2560.0  0.0   2544.0 31744.0  18090.5   42496.0     7170.8   14976.0 14367.4 1920.0 1706.6      3    0.042   0      0.000    0.042
2560.0 2560.0  0.0   2544.0 31744.0  18090.5   42496.0     7170.8   14976.0 14367.4 1920.0 1706.6      3    0.042   0      0.000    0.042
2560.0 2560.0  0.0   2544.0 31744.0  18090.5   42496.0     7170.8   14976.0 14367.4 1920.0 1706.6      3    0.042   0      0.000    0.042
2560.0 2560.0  0.0   2544.0 31744.0  18090.5   42496.0     7170.8   14976.0 14367.4 1920.0 1706.6      3    0.042   0      0.000    0.042
2560.0 2560.0  0.0   2544.0 31744.0  18090.5   42496.0     7170.8   14976.0 14367.4 1920.0 1706.6      3    0.042   0      0.000    0.042
2560.0 2560.0  0.0   2544.0 31744.0  18090.5   42496.0     7170.8   14976.0 14367.4 1920.0 1706.6      3    0.042   0      0.000    0.042
2560.0 2560.0  0.0   2544.0 31744.0  18090.5   42496.0     7170.8   14976.0 14367.4 1920.0 1706.6      3    0.042   0      0.000    0.042
2560.0 2560.0  0.0   2544.0 31744.0  18090.5   42496.0     7170.8   14976.0 14367.4 1920.0 1706.6      3    0.042   0      0.000    0.042
2560.0 2560.0  0.0   2544.0 31744.0  23816.1   42496.0     7170.8   14976.0 14367.4 1920.0 1706.6      3    0.042   0      0.000    0.042
2560.0 2560.0  0.0   2544.0 31744.0  23816.1   42496.0     7170.8   14976.0 14367.4 1920.0 1706.6      3    0.042   0      0.000    0.042
2560.0 2560.0  0.0   2544.0 31744.0  23816.1   42496.0     7170.8   14976.0 14367.4 1920.0 1706.6      3    0.042   0      0.000    0.042
2560.0 2560.0  0.0   2544.0 31744.0  23816.1   42496.0     7170.8   14976.0 14367.4 1920.0 1706.6      3    0.042   0      0.000    0.042
2560.0 2560.0  0.0   2544.0 31744.0  23816.1   42496.0     7170.8   14976.0 14367.4 1920.0 1706.6      3    0.042   0      0.000    0.042
2560.0 2560.0  0.0   2544.0 31744.0  23816.1   42496.0     7170.8   14976.0 14367.4 1920.0 1706.6      3    0.042   0      0.000    0.042
2560.0 2560.0  0.0   2544.0 31744.0  23816.1   42496.0     7170.8   14976.0 14367.4 1920.0 1706.6      3    0.042   0      0.000    0.042
2560.0 2560.0  0.0   2544.0 31744.0  23816.1   42496.0     7170.8   14976.0 14367.4 1920.0 1706.6      3    0.042   0      0.000    0.042
2560.0 2560.0  0.0   2544.0 31744.0  23816.1   42496.0     7170.8   14976.0 14367.4 1920.0 1706.6      3    0.042   0      0.000    0.042
2560.0 2560.0  0.0   2544.0 31744.0  23816.1   42496.0     7170.8   14976.0 14367.4 1920.0 1706.6      3    0.042   0      0.000    0.042
2560.0 2560.0  0.0   2544.0 31744.0  23816.1   42496.0     7170.8   14976.0 14367.4 1920.0 1706.6      3    0.042   0      0.000    0.042
2560.0 2560.0  0.0   2544.0 31744.0  23816.1   42496.0     7170.8   14976.0 14367.4 1920.0 1706.6      3    0.042   0      0.000    0.042
2560.0 2560.0  0.0   2544.0 31744.0  29478.8   42496.0     7170.8   14976.0 14367.4 1920.0 1706.6      3    0.042   0      0.000    0.042
2560.0 2560.0  0.0   2544.0 31744.0  29478.8   42496.0     7170.8   14976.0 14367.4 1920.0 1706.6      3    0.042   0      0.000    0.042
2560.0 2560.0  0.0   2544.0 31744.0  29478.8   42496.0     7170.8   14976.0 14367.4 1920.0 1706.6      3    0.042   0      0.000    0.042
2560.0 2560.0  0.0   2544.0 31744.0  29478.8   42496.0     7170.8   14976.0 14367.4 1920.0 1706.6      3    0.042   0      0.000    0.042
2560.0 2560.0  0.0   2544.0 31744.0  29478.8   42496.0     7170.8   14976.0 14367.4 1920.0 1706.6      3    0.042   0      0.000    0.042
2560.0 2560.0  0.0   2544.0 31744.0  29478.8   42496.0     7170.8   14976.0 14367.4 1920.0 1706.6      3    0.042   0      0.000    0.042
2560.0 2560.0  0.0   2544.0 31744.0  29478.8   42496.0     7170.8   14976.0 14367.4 1920.0 1706.6      3    0.042   0      0.000    0.042
2560.0 2560.0  0.0   2544.0 31744.0  29478.8   42496.0     7170.8   14976.0 14367.4 1920.0 1706.6      3    0.042   0      0.000    0.042
2560.0 2560.0  0.0   2544.0 31744.0  29478.8   42496.0     7170.8   14976.0 14367.4 1920.0 1706.6      3    0.042   0      0.000    0.042
2560.0 2560.0  0.0   2544.0 31744.0  29478.8   42496.0     7170.8   14976.0 14367.4 1920.0 1706.6      3    0.042   0      0.000    0.042
2560.0 2560.0  0.0   2544.0 31744.0  29478.8   42496.0     7170.8   14976.0 14367.4 1920.0 1706.6      3    0.042   0      0.000    0.042
2560.0 2560.0  0.0   2544.0 31744.0  29478.8   42496.0     7170.8   14976.0 14367.4 1920.0 1706.6      3    0.042   0      0.000    0.042
2560.0 2560.0 2544.0  0.0   63488.0   4807.6   42496.0     7566.8   15488.0 14883.9 1920.0 1707.1      4    0.054   0      0.000    0.054
2560.0 2560.0 2544.0  0.0   63488.0   4807.6   42496.0     7566.8   15488.0 14883.9 1920.0 1707.1      4    0.054   0      0.000    0.054
2560.0 2560.0 2544.0  0.0   63488.0   4807.6   42496.0     7566.8   15488.0 14883.9 1920.0 1707.1      4    0.054   0      0.000    0.054
2560.0 2560.0 2544.0  0.0   63488.0   5337.6   42496.0     7566.8   15488.0 14883.9 1920.0 1707.1      4    0.054   0      0.000    0.054
2560.0 2560.0 2544.0  0.0   63488.0   5337.6   42496.0     7566.8   15488.0 14883.9 1920.0 1707.1      4    0.054   0      0.000    0.054
2560.0 2560.0 2544.0  0.0   63488.0   5337.6   42496.0     7566.8   15488.0 14883.9 1920.0 1707.1      4    0.054   0      0.000    0.054
2560.0 2560.0 2544.0  0.0   63488.0   5584.7   42496.0     7566.8   15488.0 14883.9 1920.0 1707.1      4    0.054   0      0.000    0.054
2560.0 2560.0 2544.0  0.0   63488.0   5584.7   42496.0     7566.8   15488.0 14883.9 1920.0 1707.1      4    0.054   0      0.000    0.054
2560.0 2560.0 2544.0  0.0   63488.0   5584.7   42496.0     7566.8   15488.0 14883.9 1920.0 1707.1      4    0.054   0      0.000    0.054
2560.0 2560.0 2544.0  0.0   63488.0   5791.6   42496.0     7566.8   15488.0 14883.9 1920.0 1707.1      4    0.054   0      0.000    0.054
2560.0 2560.0 2544.0  0.0   63488.0   5791.6   42496.0     7566.8   15488.0 14883.9 1920.0 1707.1      4    0.054   0      0.000    0.054
2560.0 2560.0 2544.0  0.0   63488.0   5791.6   42496.0     7566.8   15488.0 14883.9 1920.0 1707.1      4    0.054   0      0.000    0.054
2560.0 2560.0 2544.0  0.0   63488.0  11547.1   42496.0     7566.8   15488.0 14883.9 1920.0 1707.1      4    0.054   0      0.000    0.054
2560.0 2560.0 2544.0  0.0   63488.0  11547.1   42496.0     7566.8   15488.0 14883.9 1920.0 1707.1      4    0.054   0      0.000    0.054
2560.0 2560.0 2544.0  0.0   63488.0  11547.1   42496.0     7566.8   15488.0 14883.9 1920.0 1707.1      4    0.054   0      0.000    0.054
2560.0 2560.0 2544.0  0.0   63488.0  11754.0   42496.0     7566.8   15488.0 14883.9 1920.0 1707.1      4    0.054   0      0.000    0.054
2560.0 2560.0 2544.0  0.0   63488.0  11754.0   42496.0     7566.8   15488.0 14883.9 1920.0 1707.1      4    0.054   0      0.000    0.054
2560.0 2560.0 2544.0  0.0   63488.0  11754.0   42496.0     7566.8   15488.0 14883.9 1920.0 1707.1      4    0.054   0      0.000    0.054
2560.0 2560.0 2544.0  0.0   63488.0  11960.9   42496.0     7566.8   15488.0 14883.9 1920.0 1707.1      4    0.054   0      0.000    0.054
2560.0 2560.0 2544.0  0.0   63488.0  11960.9   42496.0     7566.8   15488.0 14883.9 1920.0 1707.1      4    0.054   0      0.000    0.054
2560.0 2560.0 2544.0  0.0   63488.0  11960.9   42496.0     7566.8   15488.0 14883.9 1920.0 1707.1      4    0.054   0      0.000    0.054
2560.0 2560.0 2544.0  0.0   63488.0  12167.8   42496.0     7566.8   15488.0 14883.9 1920.0 1707.1      4    0.054   0      0.000    0.054
2560.0 2560.0 2544.0  0.0   63488.0  12167.8   42496.0     7566.8   15488.0 14883.9 1920.0 1707.1      4    0.054   0      0.000    0.054
2560.0 2560.0 2544.0  0.0   63488.0  12167.8   42496.0     7566.8   15488.0 14883.9 1920.0 1707.1      4    0.054   0      0.000    0.054
2560.0 2560.0 2544.0  0.0   63488.0  18087.6   42496.0     7566.8   15488.0 14883.9 1920.0 1707.1      4    0.054   0      0.000    0.054
2560.0 2560.0 2544.0  0.0   63488.0  18087.6   42496.0     7566.8   15488.0 14883.9 1920.0 1707.1      4    0.054   0      0.000    0.054
2560.0 2560.0 2544.0  0.0   63488.0  18087.6   42496.0     7566.8   15488.0 14883.9 1920.0 1707.1      4    0.054   0      0.000    0.054
2560.0 2560.0 2544.0  0.0   63488.0  18294.5   42496.0     7566.8   15488.0 14883.9 1920.0 1707.1      4    0.054   0      0.000    0.054
2560.0 2560.0 2544.0  0.0   63488.0  18294.5   42496.0     7566.8   15488.0 14883.9 1920.0 1707.1      4    0.054   0      0.000    0.054
2560.0 2560.0 2544.0  0.0   63488.0  18294.5   42496.0     7566.8   15488.0 14883.9 1920.0 1707.1      4    0.054   0      0.000    0.054
2560.0 2560.0 2544.0  0.0   63488.0  18294.5   42496.0     7566.8   15488.0 14883.9 1920.0 1707.1      4    0.054   0      0.000    0.054
2560.0 2560.0 2544.0  0.0   63488.0  18294.5   42496.0     7566.8   15488.0 14883.9 1920.0 1707.1      4    0.054   0      0.000    0.054
2560.0 2560.0 2544.0  0.0   63488.0  18294.5   42496.0     7566.8   15488.0 14883.9 1920.0 1707.1      4    0.054   0      0.000    0.054
2560.0 2560.0 2544.0  0.0   63488.0  18294.5   42496.0     7566.8   15488.0 14883.9 1920.0 1707.1      4    0.054   0      0.000    0.054
2560.0 2560.0 2544.0  0.0   63488.0  18294.5   42496.0     7566.8   15488.0 14883.9 1920.0 1707.1      4    0.054   0      0.000    0.054
2560.0 2560.0 2544.0  0.0   63488.0  18294.5   42496.0     7566.8   15488.0 14883.9 1920.0 1707.1      4    0.054   0      0.000    0.054
2560.0 2560.0 2544.0  0.0   63488.0  23796.3   42496.0     7566.8   15488.0 14883.9 1920.0 1707.1      4    0.054   0      0.000    0.054
2560.0 2560.0 2544.0  0.0   63488.0  23796.3   42496.0     7566.8   15488.0 14883.9 1920.0 1707.1      4    0.054   0      0.000    0.054
2560.0 2560.0 2544.0  0.0   63488.0  23796.3   42496.0     7566.8   15488.0 14883.9 1920.0 1707.1      4    0.054   0      0.000    0.054
2560.0 2560.0 2544.0  0.0   63488.0  23796.3   42496.0     7566.8   15488.0 14883.9 1920.0 1707.1      4    0.054   0      0.000    0.054
2560.0 2560.0 2544.0  0.0   63488.0  23796.3   42496.0     7566.8   15488.0 14883.9 1920.0 1707.1      4    0.054   0      0.000    0.054
2560.0 2560.0 2544.0  0.0   63488.0  23796.3   42496.0     7566.8   15488.0 14883.9 1920.0 1707.1      4    0.054   0      0.000    0.054
2560.0 2560.0 2544.0  0.0   63488.0  23796.3   42496.0     7566.8   15488.0 14883.9 1920.0 1707.1      4    0.054   0      0.000    0.054
2560.0 2560.0 2544.0  0.0   63488.0  23796.3   42496.0     7566.8   15488.0 14883.9 1920.0 1707.1      4    0.054   0      0.000    0.054
2560.0 2560.0 2544.0  0.0   63488.0  23796.3   42496.0     7566.8   15488.0 14883.9 1920.0 1707.1      4    0.054   0      0.000    0.054
2560.0 2560.0 2544.0  0.0   63488.0  23796.3   42496.0     7566.8   15488.0 14883.9 1920.0 1707.1      4    0.054   0      0.000    0.054
2560.0 2560.0 2544.0  0.0   63488.0  23796.3   42496.0     7566.8   15488.0 14883.9 1920.0 1707.1      4    0.054   0      0.000    0.054
2560.0 2560.0 2544.0  0.0   63488.0  23796.3   42496.0     7566.8   15488.0 14883.9 1920.0 1707.1      4    0.054   0      0.000    0.054
2560.0 2560.0 2544.0  0.0   63488.0  29546.5   42496.0     7566.8   15488.0 14883.9 1920.0 1707.1      4    0.054   0      0.000    0.054
2560.0 2560.0 2544.0  0.0   63488.0  29546.5   42496.0     7566.8   15488.0 14883.9 1920.0 1707.1      4    0.054   0      0.000    0.054
2560.0 2560.0 2544.0  0.0   63488.0  29546.5   42496.0     7566.8   15488.0 14883.9 1920.0 1707.1      4    0.054   0      0.000    0.054
2560.0 2560.0 2544.0  0.0   63488.0  29546.5   42496.0     7566.8   15488.0 14883.9 1920.0 1707.1      4    0.054   0      0.000    0.054
2560.0 2560.0 2544.0  0.0   63488.0  29546.5   42496.0     7566.8   15488.0 14883.9 1920.0 1707.1      4    0.054   0      0.000    0.054
2560.0 2560.0 2544.0  0.0   63488.0  29546.5   42496.0     7566.8   15488.0 14883.9 1920.0 1707.1      4    0.054   0      0.000    0.054
2560.0 2560.0 2544.0  0.0   63488.0  29546.5   42496.0     7566.8   15488.0 14883.9 1920.0 1707.1      4    0.054   0      0.000    0.054
2560.0 2560.0 2544.0  0.0   63488.0  29546.5   42496.0     7566.8   15488.0 14883.9 1920.0 1707.1      4    0.054   0      0.000    0.054
2560.0 2560.0 2544.0  0.0   63488.0  29546.5   42496.0     7566.8   15488.0 14883.9 1920.0 1707.1      4    0.054   0      0.000    0.054
2560.0 2560.0 2544.0  0.0   63488.0  29546.5   42496.0     7566.8   15488.0 14883.9 1920.0 1707.1      4    0.054   0      0.000    0.054
2560.0 2560.0 2544.0  0.0   63488.0  29546.5   42496.0     7566.8   15488.0 14883.9 1920.0 1707.1      4    0.054   0      0.000    0.054
2560.0 2560.0 2544.0  0.0   63488.0  29546.5   42496.0     7566.8   15488.0 14883.9 1920.0 1707.1      4    0.054   0      0.000    0.054
2560.0 2560.0 2544.0  0.0   63488.0  34755.8   42496.0     7566.8   15488.0 14883.9 1920.0 1707.1      4    0.054   0      0.000    0.054
2560.0 2560.0 2544.0  0.0   63488.0  34755.8   42496.0     7566.8   15488.0 14883.9 1920.0 1707.1      4    0.054   0      0.000    0.054
2560.0 2560.0 2544.0  0.0   63488.0  34755.8   42496.0     7566.8   15488.0 14883.9 1920.0 1707.1      4    0.054   0      0.000    0.054
2560.0 2560.0 2544.0  0.0   63488.0  34755.8   42496.0     7566.8   15488.0 14883.9 1920.0 1707.1      4    0.054   0      0.000    0.054
2560.0 2560.0 2544.0  0.0   63488.0  34755.8   42496.0     7566.8   15488.0 14883.9 1920.0 1707.1      4    0.054   0      0.000    0.054
2560.0 2560.0 2544.0  0.0   63488.0  34755.8   42496.0     7566.8   15488.0 14883.9 1920.0 1707.1      4    0.054   0      0.000    0.054
2560.0 2560.0 2544.0  0.0   63488.0  34755.8   42496.0     7566.8   15488.0 14883.9 1920.0 1707.1      4    0.054   0      0.000    0.054
2560.0 2560.0 2544.0  0.0   63488.0  34755.8   42496.0     7566.8   15488.0 14883.9 1920.0 1707.1      4    0.054   0      0.000    0.054
2560.0 2560.0 2544.0  0.0   63488.0  34755.8   42496.0     7566.8   15488.0 14883.9 1920.0 1707.1      4    0.054   0      0.000    0.054
2560.0 2560.0 2544.0  0.0   63488.0  34755.8   42496.0     7566.8   15488.0 14883.9 1920.0 1707.1      4    0.054   0      0.000    0.054
2560.0 2560.0 2544.0  0.0   63488.0  34755.8   42496.0     7566.8   15488.0 14883.9 1920.0 1707.1      4    0.054   0      0.000    0.054
2560.0 2560.0 2544.0  0.0   63488.0  34755.8   42496.0     7566.8   15488.0 14883.9 1920.0 1707.1      4    0.054   0      0.000    0.054
2560.0 2560.0 2544.0  0.0   63488.0  40240.8   42496.0     7566.8   15488.0 14883.9 1920.0 1707.1      4    0.054   0      0.000    0.054
2560.0 2560.0 2544.0  0.0   63488.0  40240.8   42496.0     7566.8   15488.0 14883.9 1920.0 1707.1      4    0.054   0      0.000    0.054
2560.0 2560.0 2544.0  0.0   63488.0  40240.8   42496.0     7566.8   15488.0 14883.9 1920.0 1707.1      4    0.054   0      0.000    0.054
2560.0 2560.0 2544.0  0.0   63488.0  40240.8   42496.0     7566.8   15488.0 14883.9 1920.0 1707.1      4    0.054   0      0.000    0.054
2560.0 2560.0 2544.0  0.0   63488.0  40240.8   42496.0     7566.8   15488.0 14883.9 1920.0 1707.1      4    0.054   0      0.000    0.054
2560.0 2560.0 2544.0  0.0   63488.0  40240.8   42496.0     7566.8   15488.0 14883.9 1920.0 1707.1      4    0.054   0      0.000    0.054
2560.0 2560.0 2544.0  0.0   63488.0  40240.8   42496.0     7566.8   15488.0 14883.9 1920.0 1707.1      4    0.054   0      0.000    0.054
2560.0 2560.0 2544.0  0.0   63488.0  40240.8   42496.0     7566.8   15488.0 14883.9 1920.0 1707.1      4    0.054   0      0.000    0.054
2560.0 2560.0 2544.0  0.0   63488.0  40240.8   42496.0     7566.8   15488.0 14883.9 1920.0 1707.1      4    0.054   0      0.000    0.054
2560.0 2560.0 2544.0  0.0   63488.0  40240.8   42496.0     7566.8   15488.0 14883.9 1920.0 1707.1      4    0.054   0      0.000    0.054
2560.0 2560.0 2544.0  0.0   63488.0  40240.8   42496.0     7566.8   15488.0 14883.9 1920.0 1707.1      4    0.054   0      0.000    0.054
2560.0 2560.0 2544.0  0.0   63488.0  40240.8   42496.0     7566.8   15488.0 14883.9 1920.0 1707.1      4    0.054   0      0.000    0.054
2560.0 2560.0 2544.0  0.0   63488.0  45520.7   42496.0     7566.8   15488.0 14883.9 1920.0 1707.1      4    0.054   0      0.000    0.054
2560.0 2560.0 2544.0  0.0   63488.0  45520.7   42496.0     7566.8   15488.0 14883.9 1920.0 1707.1      4    0.054   0      0.000    0.054
2560.0 2560.0 2544.0  0.0   63488.0  45520.7   42496.0     7566.8   15488.0 14883.9 1920.0 1707.1      4    0.054   0      0.000    0.054
2560.0 2560.0 2544.0  0.0   63488.0  45520.7   42496.0     7566.8   15488.0 14883.9 1920.0 1707.1      4    0.054   0      0.000    0.054
2560.0 2560.0 2544.0  0.0   63488.0  45520.7   42496.0     7566.8   15488.0 14883.9 1920.0 1707.1      4    0.054   0      0.000    0.054
2560.0 2560.0 2544.0  0.0   63488.0  45520.7   42496.0     7566.8   15488.0 14883.9 1920.0 1707.1      4    0.054   0      0.000    0.054
2560.0 2560.0 2544.0  0.0   63488.0  45520.7   42496.0     7566.8   15488.0 14883.9 1920.0 1707.1      4    0.054   0      0.000    0.054
2560.0 2560.0 2544.0  0.0   63488.0  45520.7   42496.0     7566.8   15488.0 14883.9 1920.0 1707.1      4    0.054   0      0.000    0.054
2560.0 2560.0 2544.0  0.0   63488.0  45520.7   42496.0     7566.8   15488.0 14883.9 1920.0 1707.1      4    0.054   0      0.000    0.054
2560.0 2560.0 2544.0  0.0   63488.0  45520.7   42496.0     7566.8   15488.0 14883.9 1920.0 1707.1      4    0.054   0      0.000    0.054
2560.0 2560.0 2544.0  0.0   63488.0  45520.7   42496.0     7566.8   15488.0 14883.9 1920.0 1707.1      4    0.054   0      0.000    0.054
2560.0 2560.0 2544.0  0.0   63488.0  45520.7   42496.0     7566.8   15488.0 14883.9 1920.0 1707.1      4    0.054   0      0.000    0.054
2560.0 2560.0 2544.0  0.0   63488.0  51270.9   42496.0     7566.8   15488.0 14883.9 1920.0 1707.1      4    0.054   0      0.000    0.054
2560.0 2560.0 2544.0  0.0   63488.0  51270.9   42496.0     7566.8   15488.0 14883.9 1920.0 1707.1      4    0.054   0      0.000    0.054
2560.0 2560.0 2544.0  0.0   63488.0  51270.9   42496.0     7566.8   15488.0 14883.9 1920.0 1707.1      4    0.054   0      0.000    0.054
2560.0 2560.0 2544.0  0.0   63488.0  51270.9   42496.0     7566.8   15488.0 14883.9 1920.0 1707.1      4    0.054   0      0.000    0.054
2560.0 2560.0 2544.0  0.0   63488.0  51270.9   42496.0     7566.8   15488.0 14883.9 1920.0 1707.1      4    0.054   0      0.000    0.054
2560.0 2560.0 2544.0  0.0   63488.0  51270.9   42496.0     7566.8   15488.0 14883.9 1920.0 1707.1      4    0.054   0      0.000    0.054
2560.0 2560.0 2544.0  0.0   63488.0  51270.9   42496.0     7566.8   15488.0 14883.9 1920.0 1707.1      4    0.054   0      0.000    0.054
2560.0 2560.0 2544.0  0.0   63488.0  51270.9   42496.0     7566.8   15488.0 14883.9 1920.0 1707.1      4    0.054   0      0.000    0.054
2560.0 2560.0 2544.0  0.0   63488.0  51270.9   42496.0     7566.8   15488.0 14883.9 1920.0 1707.1      4    0.054   0      0.000    0.054
2560.0 2560.0 2544.0  0.0   63488.0  51270.9   42496.0     7566.8   15488.0 14883.9 1920.0 1707.1      4    0.054   0      0.000    0.054
2560.0 2560.0 2544.0  0.0   63488.0  51270.9   42496.0     7566.8   15488.0 14883.9 1920.0 1707.1      4    0.054   0      0.000    0.054
2560.0 2560.0 2544.0  0.0   63488.0  51270.9   42496.0     7566.8   15488.0 14883.9 1920.0 1707.1      4    0.054   0      0.000    0.054
2560.0 2560.0 2544.0  0.0   63488.0  56490.7   42496.0     7566.8   15488.0 14883.9 1920.0 1707.1      4    0.054   0      0.000    0.054
2560.0 2560.0 2544.0  0.0   63488.0  56490.7   42496.0     7566.8   15488.0 14883.9 1920.0 1707.1      4    0.054   0      0.000    0.054
2560.0 2560.0 2544.0  0.0   63488.0  56490.7   42496.0     7566.8   15488.0 14883.9 1920.0 1707.1      4    0.054   0      0.000    0.054
2560.0 2560.0 2544.0  0.0   63488.0  56490.7   42496.0     7566.8   15488.0 14883.9 1920.0 1707.1      4    0.054   0      0.000    0.054
2560.0 2560.0 2544.0  0.0   63488.0  56490.7   42496.0     7566.8   15488.0 14883.9 1920.0 1707.1      4    0.054   0      0.000    0.054
2560.0 2560.0 2544.0  0.0   63488.0  56490.7   42496.0     7566.8   15488.0 14883.9 1920.0 1707.1      4    0.054   0      0.000    0.054
2560.0 2560.0 2544.0  0.0   63488.0  56490.7   42496.0     7566.8   15488.0 14883.9 1920.0 1707.1      4    0.054   0      0.000    0.054
2560.0 2560.0 2544.0  0.0   63488.0  56490.7   42496.0     7566.8   15488.0 14883.9 1920.0 1707.1      4    0.054   0      0.000    0.054
2560.0 2560.0 2544.0  0.0   63488.0  56490.7   42496.0     7566.8   15488.0 14883.9 1920.0 1707.1      4    0.054   0      0.000    0.054
2560.0 2560.0 2544.0  0.0   63488.0  56490.7   42496.0     7566.8   15488.0 14883.9 1920.0 1707.1      4    0.054   0      0.000    0.054
2560.0 2560.0 2544.0  0.0   63488.0  56490.7   42496.0     7566.8   15488.0 14883.9 1920.0 1707.1      4    0.054   0      0.000    0.054
2560.0 2560.0 2544.0  0.0   63488.0  56490.7   42496.0     7566.8   15488.0 14883.9 1920.0 1707.1      4    0.054   0      0.000    0.054
2560.0 2560.0 2544.0  0.0   63488.0  61731.1   42496.0     7566.8   15488.0 14883.9 1920.0 1707.1      4    0.054   0      0.000    0.054
2560.0 2560.0 2544.0  0.0   63488.0  61731.1   42496.0     7566.8   15488.0 14883.9 1920.0 1707.1      4    0.054   0      0.000    0.054
2560.0 2560.0 2544.0  0.0   63488.0  61731.1   42496.0     7566.8   15488.0 14883.9 1920.0 1707.1      4    0.054   0      0.000    0.054
2560.0 2560.0 2544.0  0.0   63488.0  61731.1   42496.0     7566.8   15488.0 14883.9 1920.0 1707.1      4    0.054   0      0.000    0.054
2560.0 2560.0 2544.0  0.0   63488.0  61731.1   42496.0     7566.8   15488.0 14883.9 1920.0 1707.1      4    0.054   0      0.000    0.054
2560.0 2560.0 2544.0  0.0   63488.0  61731.1   42496.0     7566.8   15488.0 14883.9 1920.0 1707.1      4    0.054   0      0.000    0.054
2560.0 2560.0 2544.0  0.0   63488.0  61731.1   42496.0     7566.8   15488.0 14883.9 1920.0 1707.1      4    0.054   0      0.000    0.054
2560.0 2560.0 2544.0  0.0   63488.0  61731.1   42496.0     7566.8   15488.0 14883.9 1920.0 1707.1      4    0.054   0      0.000    0.054
2560.0 2560.0 2544.0  0.0   63488.0  61731.1   42496.0     7566.8   15488.0 14883.9 1920.0 1707.1      4    0.054   0      0.000    0.054
2560.0 2560.0 2544.0  0.0   63488.0  61731.1   42496.0     7566.8   15488.0 14883.9 1920.0 1707.1      4    0.054   0      0.000    0.054
2560.0 2560.0 2544.0  0.0   63488.0  61731.1   42496.0     7566.8   15488.0 14883.9 1920.0 1707.1      4    0.054   0      0.000    0.054
2560.0 2560.0 2544.0  0.0   63488.0  61731.1   42496.0     7566.8   15488.0 14883.9 1920.0 1707.1      4    0.054   0      0.000    0.054
6144.0 2560.0  0.0   2544.0 63488.0   5799.9   42496.0     8222.9   15488.0 14932.4 1920.0 1707.6      5    0.067   0      0.000    0.067
6144.0 2560.0  0.0   2544.0 63488.0   5799.9   42496.0     8222.9   15488.0 14932.4 1920.0 1707.6      5    0.067   0      0.000    0.067
6144.0 2560.0  0.0   2544.0 63488.0   5799.9   42496.0     8222.9   15488.0 14932.4 1920.0 1707.6      5    0.067   0      0.000    0.067
6144.0 2560.0  0.0   2544.0 63488.0   6073.7   42496.0     8222.9   15488.0 14932.4 1920.0 1707.6      5    0.067   0      0.000    0.067
6144.0 2560.0  0.0   2544.0 63488.0   6073.7   42496.0     8222.9   15488.0 14932.4 1920.0 1707.6      5    0.067   0      0.000    0.067
6144.0 2560.0  0.0   2544.0 63488.0   6073.7   42496.0     8222.9   15488.0 14932.4 1920.0 1707.6      5    0.067   0      0.000    0.067
6144.0 2560.0  0.0   2544.0 63488.0   6208.8   42496.0     8222.9   15488.0 14932.4 1920.0 1707.6      5    0.067   0      0.000    0.067
6144.0 2560.0  0.0   2544.0 63488.0   6208.8   42496.0     8222.9   15488.0 14932.4 1920.0 1707.6      5    0.067   0      0.000    0.067
6144.0 2560.0  0.0   2544.0 63488.0   6208.8   42496.0     8222.9   15488.0 14932.4 1920.0 1707.6      5    0.067   0      0.000    0.067
6144.0 2560.0  0.0   2544.0 63488.0   6343.8   42496.0     8222.9   15488.0 14932.4 1920.0 1707.6      5    0.067   0      0.000    0.067
6144.0 2560.0  0.0   2544.0 63488.0   6343.8   42496.0     8222.9   15488.0 14932.4 1920.0 1707.6      5    0.067   0      0.000    0.067
6144.0 2560.0  0.0   2544.0 63488.0   6343.8   42496.0     8222.9   15488.0 14932.4 1920.0 1707.6      5    0.067   0      0.000    0.067
6144.0 2560.0  0.0   2544.0 63488.0  12070.7   42496.0     8222.9   15488.0 14932.4 1920.0 1707.6      5    0.067   0      0.000    0.067
6144.0 2560.0  0.0   2544.0 63488.0  12070.7   42496.0     8222.9   15488.0 14932.4 1920.0 1707.6      5    0.067   0      0.000    0.067
6144.0 2560.0  0.0   2544.0 63488.0  12070.7   42496.0     8222.9   15488.0 14932.4 1920.0 1707.6      5    0.067   0      0.000    0.067
6144.0 2560.0  0.0   2544.0 63488.0  12205.7   42496.0     8222.9   15488.0 14932.4 1920.0 1707.6      5    0.067   0      0.000    0.067
6144.0 2560.0  0.0   2544.0 63488.0  12205.7   42496.0     8222.9   15488.0 14932.4 1920.0 1707.6      5    0.067   0      0.000    0.067
6144.0 2560.0  0.0   2544.0 63488.0  12205.7   42496.0     8222.9   15488.0 14932.4 1920.0 1707.6      5    0.067   0      0.000    0.067
6144.0 2560.0  0.0   2544.0 63488.0  12340.6   42496.0     8222.9   15488.0 14932.4 1920.0 1707.6      5    0.067   0      0.000    0.067
6144.0 2560.0  0.0   2544.0 63488.0  12340.6   42496.0     8222.9   15488.0 14932.4 1920.0 1707.6      5    0.067   0      0.000    0.067
6144.0 2560.0  0.0   2544.0 63488.0  12340.6   42496.0     8222.9   15488.0 14932.4 1920.0 1707.6      5    0.067   0      0.000    0.067
6144.0 2560.0  0.0   2544.0 63488.0  12547.5   42496.0     8222.9   15488.0 14932.4 1920.0 1707.6      5    0.067   0      0.000    0.067
6144.0 2560.0  0.0   2544.0 63488.0  12547.5   42496.0     8222.9   15488.0 14932.4 1920.0 1707.6      5    0.067   0      0.000    0.067
6144.0 2560.0  0.0   2544.0 63488.0  12547.5   42496.0     8222.9   15488.0 14932.4 1920.0 1707.6      5    0.067   0      0.000    0.067
6144.0 2560.0  0.0   2544.0 63488.0  18120.5   42496.0     8222.9   15488.0 14932.4 1920.0 1707.6      5    0.067   0      0.000    0.067
6144.0 2560.0  0.0   2544.0 63488.0  18120.5   42496.0     8222.9   15488.0 14932.4 1920.0 1707.6      5    0.067   0      0.000    0.067
6144.0 2560.0  0.0   2544.0 63488.0  18120.5   42496.0     8222.9   15488.0 14932.4 1920.0 1707.6      5    0.067   0      0.000    0.067
6144.0 2560.0  0.0   2544.0 63488.0  18255.5   42496.0     8222.9   15488.0 14932.4 1920.0 1707.6      5    0.067   0      0.000    0.067
6144.0 2560.0  0.0   2544.0 63488.0  18255.5   42496.0     8222.9   15488.0 14932.4 1920.0 1707.6      5    0.067   0      0.000    0.067
6144.0 2560.0  0.0   2544.0 63488.0  18255.5   42496.0     8222.9   15488.0 14932.4 1920.0 1707.6      5    0.067   0      0.000    0.067
6144.0 2560.0  0.0   2544.0 63488.0  18255.5   42496.0     8222.9   15488.0 14932.4 1920.0 1707.6      5    0.067   0      0.000    0.067
6144.0 2560.0  0.0   2544.0 63488.0  18255.5   42496.0     8222.9   15488.0 14932.4 1920.0 1707.6      5    0.067   0      0.000    0.067
6144.0 2560.0  0.0   2544.0 63488.0  18255.5   42496.0     8222.9   15488.0 14932.4 1920.0 1707.6      5    0.067   0      0.000    0.067
6144.0 2560.0  0.0   2544.0 63488.0  18255.5   42496.0     8222.9   15488.0 14932.4 1920.0 1707.6      5    0.067   0      0.000    0.067
6144.0 2560.0  0.0   2544.0 63488.0  18255.5   42496.0     8222.9   15488.0 14932.4 1920.0 1707.6      5    0.067   0      0.000    0.067
6144.0 2560.0  0.0   2544.0 63488.0  18255.5   42496.0     8222.9   15488.0 14932.4 1920.0 1707.6      5    0.067   0      0.000    0.067
6144.0 2560.0  0.0   2544.0 63488.0  23468.4   42496.0     8222.9   15488.0 14932.4 1920.0 1707.6      5    0.067   0      0.000    0.067
6144.0 2560.0  0.0   2544.0 63488.0  23468.4   42496.0     8222.9   15488.0 14932.4 1920.0 1707.6      5    0.067   0      0.000    0.067
6144.0 2560.0  0.0   2544.0 63488.0  23468.4   42496.0     8222.9   15488.0 14932.4 1920.0 1707.6      5    0.067   0      0.000    0.067
6144.0 2560.0  0.0   2544.0 63488.0  23468.4   42496.0     8222.9   15488.0 14932.4 1920.0 1707.6      5    0.067   0      0.000    0.067
6144.0 2560.0  0.0   2544.0 63488.0  23468.4   42496.0     8222.9   15488.0 14932.4 1920.0 1707.6      5    0.067   0      0.000    0.067
6144.0 2560.0  0.0   2544.0 63488.0  23468.4   42496.0     8222.9   15488.0 14932.4 1920.0 1707.6      5    0.067   0      0.000    0.067
6144.0 2560.0  0.0   2544.0 63488.0  23468.4   42496.0     8222.9   15488.0 14932.4 1920.0 1707.6      5    0.067   0      0.000    0.067
6144.0 2560.0  0.0   2544.0 63488.0  23468.4   42496.0     8222.9   15488.0 14932.4 1920.0 1707.6      5    0.067   0      0.000    0.067
6144.0 2560.0  0.0   2544.0 63488.0  23468.4   42496.0     8222.9   15488.0 14932.4 1920.0 1707.6      5    0.067   0      0.000    0.067
6144.0 2560.0  0.0   2544.0 63488.0  23468.4   42496.0     8222.9   15488.0 14932.4 1920.0 1707.6      5    0.067   0      0.000    0.067
6144.0 2560.0  0.0   2544.0 63488.0  23468.4   42496.0     8222.9   15488.0 14932.4 1920.0 1707.6      5    0.067   0      0.000    0.067
6144.0 2560.0  0.0   2544.0 63488.0  23468.4   42496.0     8222.9   15488.0 14932.4 1920.0 1707.6      5    0.067   0      0.000    0.067
6144.0 2560.0  0.0   2544.0 63488.0  29070.2   42496.0     8222.9   15488.0 14932.4 1920.0 1707.6      5    0.067   0      0.000    0.067
6144.0 2560.0  0.0   2544.0 63488.0  29070.2   42496.0     8222.9   15488.0 14932.4 1920.0 1707.6      5    0.067   0      0.000    0.067
6144.0 2560.0  0.0   2544.0 63488.0  29070.2   42496.0     8222.9   15488.0 14932.4 1920.0 1707.6      5    0.067   0      0.000    0.067
6144.0 2560.0  0.0   2544.0 63488.0  29070.2   42496.0     8222.9   15488.0 14932.4 1920.0 1707.6      5    0.067   0      0.000    0.067
6144.0 2560.0  0.0   2544.0 63488.0  29070.2   42496.0     8222.9   15488.0 14932.4 1920.0 1707.6      5    0.067   0      0.000    0.067
6144.0 2560.0  0.0   2544.0 63488.0  29070.2   42496.0     8222.9   15488.0 14932.4 1920.0 1707.6      5    0.067   0      0.000    0.067
6144.0 2560.0  0.0   2544.0 63488.0  29070.2   42496.0     8222.9   15488.0 14932.4 1920.0 1707.6      5    0.067   0      0.000    0.067
6144.0 2560.0  0.0   2544.0 63488.0  29070.2   42496.0     8222.9   15488.0 14932.4 1920.0 1707.6      5    0.067   0      0.000    0.067
6144.0 2560.0  0.0   2544.0 63488.0  29070.2   42496.0     8222.9   15488.0 14932.4 1920.0 1707.6      5    0.067   0      0.000    0.067
6144.0 2560.0  0.0   2544.0 63488.0  29070.2   42496.0     8222.9   15488.0 14932.4 1920.0 1707.6      5    0.067   0      0.000    0.067
6144.0 2560.0  0.0   2544.0 63488.0  29070.2   42496.0     8222.9   15488.0 14932.4 1920.0 1707.6      5    0.067   0      0.000    0.067
6144.0 2560.0  0.0   2544.0 63488.0  29070.2   42496.0     8222.9   15488.0 14932.4 1920.0 1707.6      5    0.067   0      0.000    0.067
6144.0 2560.0  0.0   2544.0 63488.0  34271.3   42496.0     8222.9   15488.0 14932.4 1920.0 1707.6      5    0.067   0      0.000    0.067
6144.0 2560.0  0.0   2544.0 63488.0  34271.3   42496.0     8222.9   15488.0 14932.4 1920.0 1707.6      5    0.067   0      0.000    0.067
6144.0 2560.0  0.0   2544.0 63488.0  34271.3   42496.0     8222.9   15488.0 14932.4 1920.0 1707.6      5    0.067   0      0.000    0.067
6144.0 2560.0  0.0   2544.0 63488.0  34384.9   42496.0     8222.9   15488.0 14932.4 1920.0 1707.6      5    0.067   0      0.000    0.067
6144.0 2560.0  0.0   2544.0 63488.0  34384.9   42496.0     8222.9   15488.0 14932.4 1920.0 1707.6      5    0.067   0      0.000    0.067
6144.0 2560.0  0.0   2544.0 63488.0  34384.9   42496.0     8222.9   15488.0 14932.4 1920.0 1707.6      5    0.067   0      0.000    0.067
6144.0 2560.0  0.0   2544.0 63488.0  34384.9   42496.0     8222.9   15488.0 14932.4 1920.0 1707.6      5    0.067   0      0.000    0.067
6144.0 2560.0  0.0   2544.0 63488.0  34384.9   42496.0     8222.9   15488.0 14932.4 1920.0 1707.6      5    0.067   0      0.000    0.067
6144.0 2560.0  0.0   2544.0 63488.0  34384.9   42496.0     8222.9   15488.0 14932.4 1920.0 1707.6      5    0.067   0      0.000    0.067
6144.0 2560.0  0.0   2544.0 63488.0  34384.9   42496.0     8222.9   15488.0 14932.4 1920.0 1707.6      5    0.067   0      0.000    0.067
6144.0 2560.0  0.0   2544.0 63488.0  34384.9   42496.0     8222.9   15488.0 14932.4 1920.0 1707.6      5    0.067   0      0.000    0.067
6144.0 2560.0  0.0   2544.0 63488.0  34384.9   42496.0     8222.9   15488.0 14932.4 1920.0 1707.6      5    0.067   0      0.000    0.067
6144.0 2560.0  0.0   2544.0 63488.0  40393.4   42496.0     8222.9   15488.0 14932.4 1920.0 1707.6      5    0.067   0      0.000    0.067
6144.0 2560.0  0.0   2544.0 63488.0  40393.4   42496.0     8222.9   15488.0 14932.4 1920.0 1707.6      5    0.067   0      0.000    0.067
6144.0 2560.0  0.0   2544.0 63488.0  40393.4   42496.0     8222.9   15488.0 14932.4 1920.0 1707.6      5    0.067   0      0.000    0.067
6144.0 2560.0  0.0   2544.0 63488.0  40393.4   42496.0     8222.9   15488.0 14932.4 1920.0 1707.6      5    0.067   0      0.000    0.067
6144.0 2560.0  0.0   2544.0 63488.0  40393.4   42496.0     8222.9   15488.0 14932.4 1920.0 1707.6      5    0.067   0      0.000    0.067
6144.0 2560.0  0.0   2544.0 63488.0  40393.4   42496.0     8222.9   15488.0 14932.4 1920.0 1707.6      5    0.067   0      0.000    0.067
6144.0 2560.0  0.0   2544.0 63488.0  40393.4   42496.0     8222.9   15488.0 14932.4 1920.0 1707.6      5    0.067   0      0.000    0.067
6144.0 2560.0  0.0   2544.0 63488.0  40393.4   42496.0     8222.9   15488.0 14932.4 1920.0 1707.6      5    0.067   0      0.000    0.067
6144.0 2560.0  0.0   2544.0 63488.0  40393.4   42496.0     8222.9   15488.0 14932.4 1920.0 1707.6      5    0.067   0      0.000    0.067
6144.0 2560.0  0.0   2544.0 63488.0  40393.4   42496.0     8222.9   15488.0 14932.4 1920.0 1707.6      5    0.067   0      0.000    0.067
6144.0 2560.0  0.0   2544.0 63488.0  40393.4   42496.0     8222.9   15488.0 14932.4 1920.0 1707.6      5    0.067   0      0.000    0.067
6144.0 2560.0  0.0   2544.0 63488.0  40393.4   42496.0     8222.9   15488.0 14932.4 1920.0 1707.6      5    0.067   0      0.000    0.067
6144.0 2560.0  0.0   2544.0 63488.0  46004.8   42496.0     8222.9   15488.0 14932.4 1920.0 1707.6      5    0.067   0      0.000    0.067
6144.0 2560.0  0.0   2544.0 63488.0  46004.8   42496.0     8222.9   15488.0 14932.4 1920.0 1707.6      5    0.067   0      0.000    0.067
6144.0 2560.0  0.0   2544.0 63488.0  46004.8   42496.0     8222.9   15488.0 14932.4 1920.0 1707.6      5    0.067   0      0.000    0.067
6144.0 2560.0  0.0   2544.0 63488.0  46004.8   42496.0     8222.9   15488.0 14932.4 1920.0 1707.6      5    0.067   0      0.000    0.067
6144.0 2560.0  0.0   2544.0 63488.0  46004.8   42496.0     8222.9   15488.0 14932.4 1920.0 1707.6      5    0.067   0      0.000    0.067
6144.0 2560.0  0.0   2544.0 63488.0  46004.8   42496.0     8222.9   15488.0 14932.4 1920.0 1707.6      5    0.067   0      0.000    0.067
6144.0 2560.0  0.0   2544.0 63488.0  46139.9   42496.0     8222.9   15488.0 14932.4 1920.0 1707.6      5    0.067   0      0.000    0.067
6144.0 2560.0  0.0   2544.0 63488.0  46139.9   42496.0     8222.9   15488.0 14932.4 1920.0 1707.6      5    0.067   0      0.000    0.067
6144.0 2560.0  0.0   2544.0 63488.0  46139.9   42496.0     8222.9   15488.0 14932.4 1920.0 1707.6      5    0.067   0      0.000    0.067
6144.0 2560.0  0.0   2544.0 63488.0  46275.0   42496.0     8222.9   15488.0 14932.4 1920.0 1707.6      5    0.067   0      0.000    0.067
6144.0 2560.0  0.0   2544.0 63488.0  46275.0   42496.0     8222.9   15488.0 14932.4 1920.0 1707.6      5    0.067   0      0.000    0.067
6144.0 2560.0  0.0   2544.0 63488.0  46275.0   42496.0     8222.9   15488.0 14932.4 1920.0 1707.6      5    0.067   0      0.000    0.067
6144.0 2560.0  0.0   2544.0 63488.0  52672.3   42496.0     8222.9   15488.0 14932.4 1920.0 1707.6      5    0.067   0      0.000    0.067
6144.0 2560.0  0.0   2544.0 63488.0  52672.3   42496.0     8222.9   15488.0 14932.4 1920.0 1707.6      5    0.067   0      0.000    0.067
6144.0 2560.0  0.0   2544.0 63488.0  52672.3   42496.0     8222.9   15488.0 14932.4 1920.0 1707.6      5    0.067   0      0.000    0.067
6144.0 2560.0  0.0   2544.0 63488.0  52807.4   42496.0     8222.9   15488.0 14932.4 1920.0 1707.6      5    0.067   0      0.000    0.067
6144.0 2560.0  0.0   2544.0 63488.0  52807.4   42496.0     8222.9   15488.0 14932.4 1920.0 1707.6      5    0.067   0      0.000    0.067
6144.0 2560.0  0.0   2544.0 63488.0  52807.4   42496.0     8222.9   15488.0 14932.4 1920.0 1707.6      5    0.067   0      0.000    0.067
6144.0 2560.0  0.0   2544.0 63488.0  52942.4   42496.0     8222.9   15488.0 14932.4 1920.0 1707.6      5    0.067   0      0.000    0.067
6144.0 2560.0  0.0   2544.0 63488.0  52942.4   42496.0     8222.9   15488.0 14932.4 1920.0 1707.6      5    0.067   0      0.000    0.067
6144.0 2560.0  0.0   2544.0 63488.0  52942.4   42496.0     8222.9   15488.0 14932.4 1920.0 1707.6      5    0.067   0      0.000    0.067
6144.0 2560.0  0.0   2544.0 63488.0  53077.5   42496.0     8222.9   15488.0 14932.4 1920.0 1707.6      5    0.067   0      0.000    0.067
6144.0 2560.0  0.0   2544.0 63488.0  53077.5   42496.0     8222.9   15488.0 14932.4 1920.0 1707.6      5    0.067   0      0.000    0.067
6144.0 2560.0  0.0   2544.0 63488.0  53077.5   42496.0     8222.9   15488.0 14932.4 1920.0 1707.6      5    0.067   0      0.000    0.067
6144.0 2560.0  0.0   2544.0 63488.0  58821.1   42496.0     8222.9   15488.0 14932.4 1920.0 1707.6      5    0.067   0      0.000    0.067
6144.0 2560.0  0.0   2544.0 63488.0  58821.1   42496.0     8222.9   15488.0 14932.4 1920.0 1707.6      5    0.067   0      0.000    0.067
6144.0 2560.0  0.0   2544.0 63488.0  58821.1   42496.0     8222.9   15488.0 14932.4 1920.0 1707.6      5    0.067   0      0.000    0.067
6144.0 2560.0  0.0   2544.0 63488.0  58821.1   42496.0     8222.9   15488.0 14932.4 1920.0 1707.6      5    0.067   0      0.000    0.067
6144.0 2560.0  0.0   2544.0 63488.0  58821.1   42496.0     8222.9   15488.0 14932.4 1920.0 1707.6      5    0.067   0      0.000    0.067
6144.0 2560.0  0.0   2544.0 63488.0  58821.1   42496.0     8222.9   15488.0 14932.4 1920.0 1707.6      5    0.067   0      0.000    0.067
6144.0 2560.0  0.0   2544.0 63488.0  58959.9   42496.0     8222.9   15488.0 14932.4 1920.0 1707.6      5    0.067   0      0.000    0.067
6144.0 2560.0  0.0   2544.0 63488.0  58959.9   42496.0     8222.9   15488.0 14932.4 1920.0 1707.6      5    0.067   0      0.000    0.067
6144.0 2560.0  0.0   2544.0 63488.0  58959.9   42496.0     8222.9   15488.0 14932.4 1920.0 1707.6      5    0.067   0      0.000    0.067
6144.0 2560.0  0.0   2544.0 63488.0  59094.9   42496.0     8222.9   15488.0 14932.4 1920.0 1707.6      5    0.067   0      0.000    0.067
6144.0 2560.0  0.0   2544.0 63488.0  59094.9   42496.0     8222.9   15488.0 14932.4 1920.0 1707.6      5    0.067   0      0.000    0.067
6144.0 2560.0  0.0   2544.0 63488.0  59094.9   42496.0     8222.9   15488.0 14932.4 1920.0 1707.6      5    0.067   0      0.000    0.067
6144.0 6144.0 3264.0  0.0   126976.0  3970.2   42496.0     8230.9   15744.0 15113.1 1920.0 1728.8      6    0.081   0      0.000    0.081
6144.0 6144.0 3264.0  0.0   126976.0  3970.2   42496.0     8230.9   15744.0 15113.1 1920.0 1728.8      6    0.081   0      0.000    0.081
6144.0 6144.0 3264.0  0.0   126976.0  3970.2   42496.0     8230.9   15744.0 15113.1 1920.0 1728.8      6    0.081   0      0.000    0.081
6144.0 6144.0 3264.0  0.0   126976.0  4334.6   42496.0     8230.9   15744.0 15113.1 1920.0 1728.8      6    0.081   0      0.000    0.081
6144.0 6144.0 3264.0  0.0   126976.0  4334.6   42496.0     8230.9   15744.0 15113.1 1920.0 1728.8      6    0.081   0      0.000    0.081
6144.0 6144.0 3264.0  0.0   126976.0  4334.6   42496.0     8230.9   15744.0 15113.1 1920.0 1728.8      6    0.081   0      0.000    0.081
6144.0 6144.0 3264.0  0.0   126976.0  4514.3   42496.0     8230.9   15744.0 15113.1 1920.0 1728.8      6    0.081   0      0.000    0.081
6144.0 6144.0 3264.0  0.0   126976.0  4514.3   42496.0     8230.9   15744.0 15113.1 1920.0 1728.8      6    0.081   0      0.000    0.081
6144.0 6144.0 3264.0  0.0   126976.0  4514.3   42496.0     8230.9   15744.0 15113.1 1920.0 1728.8      6    0.081   0      0.000    0.081
6144.0 6144.0 3264.0  0.0   126976.0  4694.1   42496.0     8230.9   15744.0 15113.1 1920.0 1728.8      6    0.081   0      0.000    0.081
6144.0 6144.0 3264.0  0.0   126976.0  4694.1   42496.0     8230.9   15744.0 15113.1 1920.0 1728.8      6    0.081   0      0.000    0.081
6144.0 6144.0 3264.0  0.0   126976.0  4694.1   42496.0     8230.9   15744.0 15113.1 1920.0 1728.8      6    0.081   0      0.000    0.081
6144.0 6144.0 3264.0  0.0   126976.0 10884.3   42496.0     8230.9   15744.0 15113.1 1920.0 1728.8      6    0.081   0      0.000    0.081
6144.0 6144.0 3264.0  0.0   126976.0 10884.3   42496.0     8230.9   15744.0 15113.1 1920.0 1728.8      6    0.081   0      0.000    0.081
6144.0 6144.0 3264.0  0.0   126976.0 10884.3   42496.0     8230.9   15744.0 15113.1 1920.0 1728.8      6    0.081   0      0.000    0.081
6144.0 6144.0 3264.0  0.0   126976.0 11064.1   42496.0     8230.9   15744.0 15113.1 1920.0 1728.8      6    0.081   0      0.000    0.081
6144.0 6144.0 3264.0  0.0   126976.0 11064.1   42496.0     8230.9   15744.0 15113.1 1920.0 1728.8      6    0.081   0      0.000    0.081
6144.0 6144.0 3264.0  0.0   126976.0 11064.1   42496.0     8230.9   15744.0 15113.1 1920.0 1728.8      6    0.081   0      0.000    0.081
6144.0 6144.0 3264.0  0.0   126976.0 11243.8   42496.0     8230.9   15744.0 15113.1 1920.0 1728.8      6    0.081   0      0.000    0.081
6144.0 6144.0 3264.0  0.0   126976.0 11243.8   42496.0     8230.9   15744.0 15113.1 1920.0 1728.8      6    0.081   0      0.000    0.081
6144.0 6144.0 3264.0  0.0   126976.0 11243.8   42496.0     8230.9   15744.0 15113.1 1920.0 1728.8      6    0.081   0      0.000    0.081
6144.0 6144.0 3264.0  0.0   126976.0 11515.7   42496.0     8230.9   15744.0 15113.1 1920.0 1728.8      6    0.081   0      0.000    0.081
6144.0 6144.0 3264.0  0.0   126976.0 11515.7   42496.0     8230.9   15744.0 15113.1 1920.0 1728.8      6    0.081   0      0.000    0.081
6144.0 6144.0 3264.0  0.0   126976.0 11515.7   42496.0     8230.9   15744.0 15113.1 1920.0 1728.8      6    0.081   0      0.000    0.081
6144.0 6144.0 3264.0  0.0   126976.0 16937.9   42496.0     8230.9   15744.0 15113.1 1920.0 1728.8      6    0.081   0      0.000    0.081
6144.0 6144.0 3264.0  0.0   126976.0 16937.9   42496.0     8230.9   15744.0 15113.1 1920.0 1728.8      6    0.081   0      0.000    0.081
6144.0 6144.0 3264.0  0.0   126976.0 16937.9   42496.0     8230.9   15744.0 15113.1 1920.0 1728.8      6    0.081   0      0.000    0.081
6144.0 6144.0 3264.0  0.0   126976.0 17118.2   42496.0     8230.9   15744.0 15113.1 1920.0 1728.8      6    0.081   0      0.000    0.081
6144.0 6144.0 3264.0  0.0   126976.0 17118.2   42496.0     8230.9   15744.0 15113.1 1920.0 1728.8      6    0.081   0      0.000    0.081
6144.0 6144.0 3264.0  0.0   126976.0 17118.2   42496.0     8230.9   15744.0 15113.1 1920.0 1728.8      6    0.081   0      0.000    0.081
6144.0 6144.0 3264.0  0.0   126976.0 17118.2   42496.0     8230.9   15744.0 15113.1 1920.0 1728.8      6    0.081   0      0.000    0.081
6144.0 6144.0 3264.0  0.0   126976.0 17118.2   42496.0     8230.9   15744.0 15113.1 1920.0 1728.8      6    0.081   0      0.000    0.081
6144.0 6144.0 3264.0  0.0   126976.0 17118.2   42496.0     8230.9   15744.0 15113.1 1920.0 1728.8      6    0.081   0      0.000    0.081
6144.0 6144.0 3264.0  0.0   126976.0 17118.2   42496.0     8230.9   15744.0 15113.1 1920.0 1728.8      6    0.081   0      0.000    0.081
6144.0 6144.0 3264.0  0.0   126976.0 17118.2   42496.0     8230.9   15744.0 15113.1 1920.0 1728.8      6    0.081   0      0.000    0.081
6144.0 6144.0 3264.0  0.0   126976.0 17118.2   42496.0     8230.9   15744.0 15113.1 1920.0 1728.8      6    0.081   0      0.000    0.081
6144.0 6144.0 3264.0  0.0   126976.0 24320.7   42496.0     8230.9   15744.0 15113.1 1920.0 1728.8      6    0.081   0      0.000    0.081
6144.0 6144.0 3264.0  0.0   126976.0 24320.7   42496.0     8230.9   15744.0 15113.1 1920.0 1728.8      6    0.081   0      0.000    0.081
6144.0 6144.0 3264.0  0.0   126976.0 24320.7   42496.0     8230.9   15744.0 15113.1 1920.0 1728.8      6    0.081   0      0.000    0.081
6144.0 6144.0 3264.0  0.0   126976.0 24320.7   42496.0     8230.9   15744.0 15113.1 1920.0 1728.8      6    0.081   0      0.000    0.081
6144.0 6144.0 3264.0  0.0   126976.0 24320.7   42496.0     8230.9   15744.0 15113.1 1920.0 1728.8      6    0.081   0      0.000    0.081
6144.0 6144.0 3264.0  0.0   126976.0 24320.7   42496.0     8230.9   15744.0 15113.1 1920.0 1728.8      6    0.081   0      0.000    0.081
6144.0 6144.0 3264.0  0.0   126976.0 24320.7   42496.0     8230.9   15744.0 15113.1 1920.0 1728.8      6    0.081   0      0.000    0.081
6144.0 6144.0 3264.0  0.0   126976.0 24320.7   42496.0     8230.9   15744.0 15113.1 1920.0 1728.8      6    0.081   0      0.000    0.081
6144.0 6144.0 3264.0  0.0   126976.0 24320.7   42496.0     8230.9   15744.0 15113.1 1920.0 1728.8      6    0.081   0      0.000    0.081
6144.0 6144.0 3264.0  0.0   126976.0 24320.7   42496.0     8230.9   15744.0 15113.1 1920.0 1728.8      6    0.081   0      0.000    0.081
6144.0 6144.0 3264.0  0.0   126976.0 24320.7   42496.0     8230.9   15744.0 15113.1 1920.0 1728.8      6    0.081   0      0.000    0.081
6144.0 6144.0 3264.0  0.0   126976.0 24320.7   42496.0     8230.9   15744.0 15113.1 1920.0 1728.8      6    0.081   0      0.000    0.081
6144.0 6144.0 3264.0  0.0   126976.0 29183.4   42496.0     8230.9   15744.0 15113.1 1920.0 1728.8      6    0.081   0      0.000    0.081
6144.0 6144.0 3264.0  0.0   126976.0 29183.4   42496.0     8230.9   15744.0 15113.1 1920.0 1728.8      6    0.081   0      0.000    0.081
6144.0 6144.0 3264.0  0.0   126976.0 29183.4   42496.0     8230.9   15744.0 15113.1 1920.0 1728.8      6    0.081   0      0.000    0.081
6144.0 6144.0 3264.0  0.0   126976.0 29183.4   42496.0     8230.9   15744.0 15113.1 1920.0 1728.8      6    0.081   0      0.000    0.081
6144.0 6144.0 3264.0  0.0   126976.0 29183.4   42496.0     8230.9   15744.0 15113.1 1920.0 1728.8      6    0.081   0      0.000    0.081
6144.0 6144.0 3264.0  0.0   126976.0 29183.4   42496.0     8230.9   15744.0 15113.1 1920.0 1728.8      6    0.081   0      0.000    0.081
6144.0 6144.0 3264.0  0.0   126976.0 29183.4   42496.0     8230.9   15744.0 15113.1 1920.0 1728.8      6    0.081   0      0.000    0.081
6144.0 6144.0 3264.0  0.0   126976.0 29183.4   42496.0     8230.9   15744.0 15113.1 1920.0 1728.8      6    0.081   0      0.000    0.081
6144.0 6144.0 3264.0  0.0   126976.0 29183.4   42496.0     8230.9   15744.0 15113.1 1920.0 1728.8      6    0.081   0      0.000    0.081
6144.0 6144.0 3264.0  0.0   126976.0 29183.4   42496.0     8230.9   15744.0 15113.1 1920.0 1728.8      6    0.081   0      0.000    0.081
6144.0 6144.0 3264.0  0.0   126976.0 29183.4   42496.0     8230.9   15744.0 15113.1 1920.0 1728.8      6    0.081   0      0.000    0.081
6144.0 6144.0 3264.0  0.0   126976.0 29183.4   42496.0     8230.9   15744.0 15113.1 1920.0 1728.8      6    0.081   0      0.000    0.081
6144.0 6144.0 3264.0  0.0   126976.0 35409.4   42496.0     8230.9   15744.0 15113.1 1920.0 1728.8      6    0.081   0      0.000    0.081
6144.0 6144.0 3264.0  0.0   126976.0 35409.4   42496.0     8230.9   15744.0 15113.1 1920.0 1728.8      6    0.081   0      0.000    0.081
6144.0 6144.0 3264.0  0.0   126976.0 35409.4   42496.0     8230.9   15744.0 15113.1 1920.0 1728.8      6    0.081   0      0.000    0.081
6144.0 6144.0 3264.0  0.0   126976.0 35409.4   42496.0     8230.9   15744.0 15113.1 1920.0 1728.8      6    0.081   0      0.000    0.081
6144.0 6144.0 3264.0  0.0   126976.0 35409.4   42496.0     8230.9   15744.0 15113.1 1920.0 1728.8      6    0.081   0      0.000    0.081
6144.0 6144.0 3264.0  0.0   126976.0 35409.4   42496.0     8230.9   15744.0 15113.1 1920.0 1728.8      6    0.081   0      0.000    0.081
6144.0 6144.0 3264.0  0.0   126976.0 35409.4   42496.0     8230.9   15744.0 15113.1 1920.0 1728.8      6    0.081   0      0.000    0.081
6144.0 6144.0 3264.0  0.0   126976.0 35409.4   42496.0     8230.9   15744.0 15113.1 1920.0 1728.8      6    0.081   0      0.000    0.081
6144.0 6144.0 3264.0  0.0   126976.0 35409.4   42496.0     8230.9   15744.0 15113.1 1920.0 1728.8      6    0.081   0      0.000    0.081
6144.0 6144.0 3264.0  0.0   126976.0 35409.4   42496.0     8230.9   15744.0 15113.1 1920.0 1728.8      6    0.081   0      0.000    0.081
6144.0 6144.0 3264.0  0.0   126976.0 35409.4   42496.0     8230.9   15744.0 15113.1 1920.0 1728.8      6    0.081   0      0.000    0.081
6144.0 6144.0 3264.0  0.0   126976.0 35409.4   42496.0     8230.9   15744.0 15113.1 1920.0 1728.8      6    0.081   0      0.000    0.081
6144.0 6144.0 3264.0  0.0   126976.0 41301.2   42496.0     8230.9   15744.0 15113.1 1920.0 1728.8      6    0.081   0      0.000    0.081
6144.0 6144.0 3264.0  0.0   126976.0 41301.2   42496.0     8230.9   15744.0 15113.1 1920.0 1728.8      6    0.081   0      0.000    0.081
6144.0 6144.0 3264.0  0.0   126976.0 41301.2   42496.0     8230.9   15744.0 15113.1 1920.0 1728.8      6    0.081   0      0.000    0.081
6144.0 6144.0 3264.0  0.0   126976.0 41301.2   42496.0     8230.9   15744.0 15113.1 1920.0 1728.8      6    0.081   0      0.000    0.081
6144.0 6144.0 3264.0  0.0   126976.0 41301.2   42496.0     8230.9   15744.0 15113.1 1920.0 1728.8      6    0.081   0      0.000    0.081
6144.0 6144.0 3264.0  0.0   126976.0 41301.2   42496.0     8230.9   15744.0 15113.1 1920.0 1728.8      6    0.081   0      0.000    0.081
6144.0 6144.0 3264.0  0.0   126976.0 41301.2   42496.0     8230.9   15744.0 15113.1 1920.0 1728.8      6    0.081   0      0.000    0.081
6144.0 6144.0 3264.0  0.0   126976.0 41301.2   42496.0     8230.9   15744.0 15113.1 1920.0 1728.8      6    0.081   0      0.000    0.081
6144.0 6144.0 3264.0  0.0   126976.0 41301.2   42496.0     8230.9   15744.0 15113.1 1920.0 1728.8      6    0.081   0      0.000    0.081
6144.0 6144.0 3264.0  0.0   126976.0 41301.2   42496.0     8230.9   15744.0 15113.1 1920.0 1728.8      6    0.081   0      0.000    0.081
6144.0 6144.0 3264.0  0.0   126976.0 41301.2   42496.0     8230.9   15744.0 15113.1 1920.0 1728.8      6    0.081   0      0.000    0.081
6144.0 6144.0 3264.0  0.0   126976.0 41301.2   42496.0     8230.9   15744.0 15113.1 1920.0 1728.8      6    0.081   0      0.000    0.081
6144.0 6144.0 3264.0  0.0   126976.0 47811.5   42496.0     8230.9   15744.0 15113.1 1920.0 1728.8      6    0.081   0      0.000    0.081
6144.0 6144.0 3264.0  0.0   126976.0 47811.5   42496.0     8230.9   15744.0 15113.1 1920.0 1728.8      6    0.081   0      0.000    0.081
6144.0 6144.0 3264.0  0.0   126976.0 47811.5   42496.0     8230.9   15744.0 15113.1 1920.0 1728.8      6    0.081   0      0.000    0.081
6144.0 6144.0 3264.0  0.0   126976.0 47811.5   42496.0     8230.9   15744.0 15113.1 1920.0 1728.8      6    0.081   0      0.000    0.081
6144.0 6144.0 3264.0  0.0   126976.0 47811.5   42496.0     8230.9   15744.0 15113.1 1920.0 1728.8      6    0.081   0      0.000    0.081
6144.0 6144.0 3264.0  0.0   126976.0 47811.5   42496.0     8230.9   15744.0 15113.1 1920.0 1728.8      6    0.081   0      0.000    0.081
6144.0 6144.0 3264.0  0.0   126976.0 47811.5   42496.0     8230.9   15744.0 15113.1 1920.0 1728.8      6    0.081   0      0.000    0.081
6144.0 6144.0 3264.0  0.0   126976.0 47811.5   42496.0     8230.9   15744.0 15113.1 1920.0 1728.8      6    0.081   0      0.000    0.081
6144.0 6144.0 3264.0  0.0   126976.0 47811.5   42496.0     8230.9   15744.0 15113.1 1920.0 1728.8      6    0.081   0      0.000    0.081
6144.0 6144.0 3264.0  0.0   126976.0 47811.5   42496.0     8230.9   15744.0 15113.1 1920.0 1728.8      6    0.081   0      0.000    0.081
6144.0 6144.0 3264.0  0.0   126976.0 47811.5   42496.0     8230.9   15744.0 15113.1 1920.0 1728.8      6    0.081   0      0.000    0.081
6144.0 6144.0 3264.0  0.0   126976.0 47811.5   42496.0     8230.9   15744.0 15113.1 1920.0 1728.8      6    0.081   0      0.000    0.081
6144.0 6144.0 3264.0  0.0   126976.0 55895.7   42496.0     8230.9   15744.0 15113.1 1920.0 1728.8      6    0.081   0      0.000    0.081
6144.0 6144.0 3264.0  0.0   126976.0 55895.7   42496.0     8230.9   15744.0 15113.1 1920.0 1728.8      6    0.081   0      0.000    0.081
6144.0 6144.0 3264.0  0.0   126976.0 55895.7   42496.0     8230.9   15744.0 15113.1 1920.0 1728.8      6    0.081   0      0.000    0.081
6144.0 6144.0 3264.0  0.0   126976.0 55895.7   42496.0     8230.9   15744.0 15113.1 1920.0 1728.8      6    0.081   0      0.000    0.081
6144.0 6144.0 3264.0  0.0   126976.0 55895.7   42496.0     8230.9   15744.0 15113.1 1920.0 1728.8      6    0.081   0      0.000    0.081
6144.0 6144.0 3264.0  0.0   126976.0 55895.7   42496.0     8230.9   15744.0 15113.1 1920.0 1728.8      6    0.081   0      0.000    0.081
6144.0 6144.0 3264.0  0.0   126976.0 55895.7   42496.0     8230.9   15744.0 15113.1 1920.0 1728.8      6    0.081   0      0.000    0.081
6144.0 6144.0 3264.0  0.0   126976.0 55895.7   42496.0     8230.9   15744.0 15113.1 1920.0 1728.8      6    0.081   0      0.000    0.081
6144.0 6144.0 3264.0  0.0   126976.0 55895.7   42496.0     8230.9   15744.0 15113.1 1920.0 1728.8      6    0.081   0      0.000    0.081
6144.0 6144.0 3264.0  0.0   126976.0 55895.7   42496.0     8230.9   15744.0 15113.1 1920.0 1728.8      6    0.081   0      0.000    0.081
6144.0 6144.0 3264.0  0.0   126976.0 55895.7   42496.0     8230.9   15744.0 15113.1 1920.0 1728.8      6    0.081   0      0.000    0.081
6144.0 6144.0 3264.0  0.0   126976.0 55895.7   42496.0     8230.9   15744.0 15113.1 1920.0 1728.8      6    0.081   0      0.000    0.081
6144.0 6144.0 3264.0  0.0   126976.0 61772.9   42496.0     8230.9   15744.0 15113.1 1920.0 1728.8      6    0.081   0      0.000    0.081
6144.0 6144.0 3264.0  0.0   126976.0 61772.9   42496.0     8230.9   15744.0 15113.1 1920.0 1728.8      6    0.081   0      0.000    0.081
6144.0 6144.0 3264.0  0.0   126976.0 61772.9   42496.0     8230.9   15744.0 15113.1 1920.0 1728.8      6    0.081   0      0.000    0.081
6144.0 6144.0 3264.0  0.0   126976.0 61772.9   42496.0     8230.9   15744.0 15113.1 1920.0 1728.8      6    0.081   0      0.000    0.081
6144.0 6144.0 3264.0  0.0   126976.0 61772.9   42496.0     8230.9   15744.0 15113.1 1920.0 1728.8      6    0.081   0      0.000    0.081
6144.0 6144.0 3264.0  0.0   126976.0 61772.9   42496.0     8230.9   15744.0 15113.1 1920.0 1728.8      6    0.081   0      0.000    0.081
6144.0 6144.0 3264.0  0.0   126976.0 61772.9   42496.0     8230.9   15744.0 15113.1 1920.0 1728.8      6    0.081   0      0.000    0.081
6144.0 6144.0 3264.0  0.0   126976.0 61772.9   42496.0     8230.9   15744.0 15113.1 1920.0 1728.8      6    0.081   0      0.000    0.081
6144.0 6144.0 3264.0  0.0   126976.0 61772.9   42496.0     8230.9   15744.0 15113.1 1920.0 1728.8      6    0.081   0      0.000    0.081
6144.0 6144.0 3264.0  0.0   126976.0 61772.9   42496.0     8230.9   15744.0 15113.1 1920.0 1728.8      6    0.081   0      0.000    0.081
6144.0 6144.0 3264.0  0.0   126976.0 61772.9   42496.0     8230.9   15744.0 15113.1 1920.0 1728.8      6    0.081   0      0.000    0.081
6144.0 6144.0 3264.0  0.0   126976.0 61772.9   42496.0     8230.9   15744.0 15113.1 1920.0 1728.8      6    0.081   0      0.000    0.081
6144.0 6144.0 3264.0  0.0   126976.0 67977.0   42496.0     8230.9   15744.0 15113.1 1920.0 1728.8      6    0.081   0      0.000    0.081
6144.0 6144.0 3264.0  0.0   126976.0 67977.0   42496.0     8230.9   15744.0 15113.1 1920.0 1728.8      6    0.081   0      0.000    0.081
6144.0 6144.0 3264.0  0.0   126976.0 67977.0   42496.0     8230.9   15744.0 15113.1 1920.0 1728.8      6    0.081   0      0.000    0.081
6144.0 6144.0 3264.0  0.0   126976.0 68156.8   42496.0     8230.9   15744.0 15113.1 1920.0 1728.8      6    0.081   0      0.000    0.081
6144.0 6144.0 3264.0  0.0   126976.0 68156.8   42496.0     8230.9   15744.0 15113.1 1920.0 1728.8      6    0.081   0      0.000    0.081
6144.0 6144.0 3264.0  0.0   126976.0 68156.8   42496.0     8230.9   15744.0 15113.1 1920.0 1728.8      6    0.081   0      0.000    0.081
6144.0 6144.0 3264.0  0.0   126976.0 68336.5   42496.0     8230.9   15744.0 15113.1 1920.0 1728.8      6    0.081   0      0.000    0.081
6144.0 6144.0 3264.0  0.0   126976.0 68336.5   42496.0     8230.9   15744.0 15113.1 1920.0 1728.8      6    0.081   0      0.000    0.081
6144.0 6144.0 3264.0  0.0   126976.0 68336.5   42496.0     8230.9   15744.0 15113.1 1920.0 1728.8      6    0.081   0      0.000    0.081
6144.0 6144.0 3264.0  0.0   126976.0 68516.2   42496.0     8230.9   15744.0 15113.1 1920.0 1728.8      6    0.081   0      0.000    0.081
6144.0 6144.0 3264.0  0.0   126976.0 68516.2   42496.0     8230.9   15744.0 15113.1 1920.0 1728.8      6    0.081   0      0.000    0.081
6144.0 6144.0 3264.0  0.0   126976.0 68516.2   42496.0     8230.9   15744.0 15113.1 1920.0 1728.8      6    0.081   0      0.000    0.081
6144.0 6144.0 3264.0  0.0   126976.0 74913.2   42496.0     8230.9   15744.0 15113.1 1920.0 1728.8      6    0.081   0      0.000    0.081
6144.0 6144.0 3264.0  0.0   126976.0 74913.2   42496.0     8230.9   15744.0 15113.1 1920.0 1728.8      6    0.081   0      0.000    0.081
6144.0 6144.0 3264.0  0.0   126976.0 74913.2   42496.0     8230.9   15744.0 15113.1 1920.0 1728.8      6    0.081   0      0.000    0.081
6144.0 6144.0 3264.0  0.0   126976.0 75093.0   42496.0     8230.9   15744.0 15113.1 1920.0 1728.8      6    0.081   0      0.000    0.081
6144.0 6144.0 3264.0  0.0   126976.0 75093.0   42496.0     8230.9   15744.0 15113.1 1920.0 1728.8      6    0.081   0      0.000    0.081
6144.0 6144.0 3264.0  0.0   126976.0 75093.0   42496.0     8230.9   15744.0 15113.1 1920.0 1728.8      6    0.081   0      0.000    0.081
6144.0 6144.0 3264.0  0.0   126976.0 75272.7   42496.0     8230.9   15744.0 15113.1 1920.0 1728.8      6    0.081   0      0.000    0.081
6144.0 6144.0 3264.0  0.0   126976.0 75272.7   42496.0     8230.9   15744.0 15113.1 1920.0 1728.8      6    0.081   0      0.000    0.081
6144.0 6144.0 3264.0  0.0   126976.0 75272.7   42496.0     8230.9   15744.0 15113.1 1920.0 1728.8      6    0.081   0      0.000    0.081
6144.0 6144.0 3264.0  0.0   126976.0 75272.7   42496.0     8230.9   15744.0 15113.1 1920.0 1728.8      6    0.081   0      0.000    0.081
6144.0 6144.0 3264.0  0.0   126976.0 75272.7   42496.0     8230.9   15744.0 15113.1 1920.0 1728.8      6    0.081   0      0.000    0.081
6144.0 6144.0 3264.0  0.0   126976.0 75272.7   42496.0     8230.9   15744.0 15113.1 1920.0 1728.8      6    0.081   0      0.000    0.081
6144.0 6144.0 3264.0  0.0   126976.0 80821.1   42496.0     8230.9   15744.0 15113.1 1920.0 1728.8      6    0.081   0      0.000    0.081
6144.0 6144.0 3264.0  0.0   126976.0 80821.1   42496.0     8230.9   15744.0 15113.1 1920.0 1728.8      6    0.081   0      0.000    0.081
6144.0 6144.0 3264.0  0.0   126976.0 80821.1   42496.0     8230.9   15744.0 15113.1 1920.0 1728.8      6    0.081   0      0.000    0.081
6144.0 6144.0 3264.0  0.0   126976.0 81001.4   42496.0     8230.9   15744.0 15113.1 1920.0 1728.8      6    0.081   0      0.000    0.081
6144.0 6144.0 3264.0  0.0   126976.0 81001.4   42496.0     8230.9   15744.0 15113.1 1920.0 1728.8      6    0.081   0      0.000    0.081
6144.0 6144.0 3264.0  0.0   126976.0 81001.4   42496.0     8230.9   15744.0 15113.1 1920.0 1728.8      6    0.081   0      0.000    0.081
6144.0 6144.0 3264.0  0.0   126976.0 81181.4   42496.0     8230.9   15744.0 15113.1 1920.0 1728.8      6    0.081   0      0.000    0.081
6144.0 6144.0 3264.0  0.0   126976.0 81181.4   42496.0     8230.9   15744.0 15113.1 1920.0 1728.8      6    0.081   0      0.000    0.081
6144.0 6144.0 3264.0  0.0   126976.0 81181.4   42496.0     8230.9   15744.0 15113.1 1920.0 1728.8      6    0.081   0      0.000    0.081
6144.0 6144.0 3264.0  0.0   126976.0 81366.2   42496.0     8230.9   15744.0 15113.1 1920.0 1728.8      6    0.081   0      0.000    0.081
6144.0 6144.0 3264.0  0.0   126976.0 81366.2   42496.0     8230.9   15744.0 15113.1 1920.0 1728.8      6    0.081   0      0.000    0.081
6144.0 6144.0 3264.0  0.0   126976.0 81366.2   42496.0     8230.9   15744.0 15113.1 1920.0 1728.8      6    0.081   0      0.000    0.081
6144.0 6144.0 3264.0  0.0   126976.0 86905.0   42496.0     8230.9   15744.0 15113.1 1920.0 1728.8      6    0.081   0      0.000    0.081
6144.0 6144.0 3264.0  0.0   126976.0 86905.0   42496.0     8230.9   15744.0 15113.1 1920.0 1728.8      6    0.081   0      0.000    0.081
6144.0 6144.0 3264.0  0.0   126976.0 86905.0   42496.0     8230.9   15744.0 15113.1 1920.0 1728.8      6    0.081   0      0.000    0.081
6144.0 6144.0 3264.0  0.0   126976.0 86905.0   42496.0     8230.9   15744.0 15113.1 1920.0 1728.8      6    0.081   0      0.000    0.081
6144.0 6144.0 3264.0  0.0   126976.0 86905.0   42496.0     8230.9   15744.0 15113.1 1920.0 1728.8      6    0.081   0      0.000    0.081
6144.0 6144.0 3264.0  0.0   126976.0 86905.0   42496.0     8230.9   15744.0 15113.1 1920.0 1728.8      6    0.081   0      0.000    0.081
6144.0 6144.0 3264.0  0.0   126976.0 86905.0   42496.0     8230.9   15744.0 15113.1 1920.0 1728.8      6    0.081   0      0.000    0.081
6144.0 6144.0 3264.0  0.0   126976.0 86905.0   42496.0     8230.9   15744.0 15113.1 1920.0 1728.8      6    0.081   0      0.000    0.081
6144.0 6144.0 3264.0  0.0   126976.0 86905.0   42496.0     8230.9   15744.0 15113.1 1920.0 1728.8      6    0.081   0      0.000    0.081
6144.0 6144.0 3264.0  0.0   126976.0 86905.0   42496.0     8230.9   15744.0 15113.1 1920.0 1728.8      6    0.081   0      0.000    0.081
6144.0 6144.0 3264.0  0.0   126976.0 86905.0   42496.0     8230.9   15744.0 15113.1 1920.0 1728.8      6    0.081   0      0.000    0.081
6144.0 6144.0 3264.0  0.0   126976.0 86905.0   42496.0     8230.9   15744.0 15113.1 1920.0 1728.8      6    0.081   0      0.000    0.081
6144.0 6144.0 3264.0  0.0   126976.0 93077.2   42496.0     8230.9   15744.0 15113.1 1920.0 1728.8      6    0.081   0      0.000    0.081
6144.0 6144.0 3264.0  0.0   126976.0 93077.2   42496.0     8230.9   15744.0 15113.1 1920.0 1728.8      6    0.081   0      0.000    0.081
6144.0 6144.0 3264.0  0.0   126976.0 93077.2   42496.0     8230.9   15744.0 15113.1 1920.0 1728.8      6    0.081   0      0.000    0.081
6144.0 6144.0 3264.0  0.0   126976.0 93077.2   42496.0     8230.9   15744.0 15113.1 1920.0 1728.8      6    0.081   0      0.000    0.081
6144.0 6144.0 3264.0  0.0   126976.0 93077.2   42496.0     8230.9   15744.0 15113.1 1920.0 1728.8      6    0.081   0      0.000    0.081
6144.0 6144.0 3264.0  0.0   126976.0 93077.2   42496.0     8230.9   15744.0 15113.1 1920.0 1728.8      6    0.081   0      0.000    0.081
6144.0 6144.0 3264.0  0.0   126976.0 93289.8   42496.0     8230.9   15744.0 15113.1 1920.0 1728.8      6    0.081   0      0.000    0.081
6144.0 6144.0 3264.0  0.0   126976.0 93289.8   42496.0     8230.9   15744.0 15113.1 1920.0 1728.8      6    0.081   0      0.000    0.081
6144.0 6144.0 3264.0  0.0   126976.0 93289.8   42496.0     8230.9   15744.0 15113.1 1920.0 1728.8      6    0.081   0      0.000    0.081
6144.0 6144.0 3264.0  0.0   126976.0 93289.8   42496.0     8230.9   15744.0 15113.1 1920.0 1728.8      6    0.081   0      0.000    0.081
6144.0 6144.0 3264.0  0.0   126976.0 93289.8   42496.0     8230.9   15744.0 15113.1 1920.0 1728.8      6    0.081   0      0.000    0.081
6144.0 6144.0 3264.0  0.0   126976.0 93289.8   42496.0     8230.9   15744.0 15113.1 1920.0 1728.8      6    0.081   0      0.000    0.081
6144.0 6144.0 3264.0  0.0   126976.0 99909.6   42496.0     8230.9   15744.0 15113.1 1920.0 1728.8      6    0.081   0      0.000    0.081
6144.0 6144.0 3264.0  0.0   126976.0 99909.6   42496.0     8230.9   15744.0 15113.1 1920.0 1728.8      6    0.081   0      0.000    0.081
6144.0 6144.0 3264.0  0.0   126976.0 99909.6   42496.0     8230.9   15744.0 15113.1 1920.0 1728.8      6    0.081   0      0.000    0.081
6144.0 6144.0 3264.0  0.0   126976.0 99909.6   42496.0     8230.9   15744.0 15113.1 1920.0 1728.8      6    0.081   0      0.000    0.081
6144.0 6144.0 3264.0  0.0   126976.0 99909.6   42496.0     8230.9   15744.0 15113.1 1920.0 1728.8      6    0.081   0      0.000    0.081
6144.0 6144.0 3264.0  0.0   126976.0 99909.6   42496.0     8230.9   15744.0 15113.1 1920.0 1728.8      6    0.081   0      0.000    0.081
6144.0 6144.0 3264.0  0.0   126976.0 99909.6   42496.0     8230.9   15744.0 15113.1 1920.0 1728.8      6    0.081   0      0.000    0.081
6144.0 6144.0 3264.0  0.0   126976.0 99909.6   42496.0     8230.9   15744.0 15113.1 1920.0 1728.8      6    0.081   0      0.000    0.081
6144.0 6144.0 3264.0  0.0   126976.0 99909.6   42496.0     8230.9   15744.0 15113.1 1920.0 1728.8      6    0.081   0      0.000    0.081
6144.0 6144.0 3264.0  0.0   126976.0 99909.6   42496.0     8230.9   15744.0 15113.1 1920.0 1728.8      6    0.081   0      0.000    0.081
6144.0 6144.0 3264.0  0.0   126976.0 99909.6   42496.0     8230.9   15744.0 15113.1 1920.0 1728.8      6    0.081   0      0.000    0.081
6144.0 6144.0 3264.0  0.0   126976.0 99909.6   42496.0     8230.9   15744.0 15113.1 1920.0 1728.8      6    0.081   0      0.000    0.081
6144.0 6144.0 3264.0  0.0   126976.0 105432.9  42496.0     8230.9   15744.0 15113.1 1920.0 1728.8      6    0.081   0      0.000    0.081
6144.0 6144.0 3264.0  0.0   126976.0 105432.9  42496.0     8230.9   15744.0 15113.1 1920.0 1728.8      6    0.081   0      0.000    0.081
6144.0 6144.0 3264.0  0.0   126976.0 105432.9  42496.0     8230.9   15744.0 15113.1 1920.0 1728.8      6    0.081   0      0.000    0.081
6144.0 6144.0 3264.0  0.0   126976.0 105432.9  42496.0     8230.9   15744.0 15113.1 1920.0 1728.8      6    0.081   0      0.000    0.081
6144.0 6144.0 3264.0  0.0   126976.0 105432.9  42496.0     8230.9   15744.0 15113.1 1920.0 1728.8      6    0.081   0      0.000    0.081
6144.0 6144.0 3264.0  0.0   126976.0 105432.9  42496.0     8230.9   15744.0 15113.1 1920.0 1728.8      6    0.081   0      0.000    0.081
6144.0 6144.0 3264.0  0.0   126976.0 105432.9  42496.0     8230.9   15744.0 15113.1 1920.0 1728.8      6    0.081   0      0.000    0.081
6144.0 6144.0 3264.0  0.0   126976.0 105432.9  42496.0     8230.9   15744.0 15113.1 1920.0 1728.8      6    0.081   0      0.000    0.081
6144.0 6144.0 3264.0  0.0   126976.0 105432.9  42496.0     8230.9   15744.0 15113.1 1920.0 1728.8      6    0.081   0      0.000    0.081
6144.0 6144.0 3264.0  0.0   126976.0 105704.8  42496.0     8230.9   15744.0 15113.1 1920.0 1728.8      6    0.081   0      0.000    0.081
6144.0 6144.0 3264.0  0.0   126976.0 105704.8  42496.0     8230.9   15744.0 15113.1 1920.0 1728.8      6    0.081   0      0.000    0.081
6144.0 6144.0 3264.0  0.0   126976.0 105704.8  42496.0     8230.9   15744.0 15113.1 1920.0 1728.8      6    0.081   0      0.000    0.081
6144.0 6144.0 3264.0  0.0   126976.0 112262.3  42496.0     8230.9   15744.0 15113.1 1920.0 1728.8      6    0.081   0      0.000    0.081
6144.0 6144.0 3264.0  0.0   126976.0 112262.3  42496.0     8230.9   15744.0 15113.1 1920.0 1728.8      6    0.081   0      0.000    0.081
6144.0 6144.0 3264.0  0.0   126976.0 112262.3  42496.0     8230.9   15744.0 15113.1 1920.0 1728.8      6    0.081   0      0.000    0.081
6144.0 6144.0 3264.0  0.0   126976.0 112262.3  42496.0     8230.9   15744.0 15113.1 1920.0 1728.8      6    0.081   0      0.000    0.081
6144.0 6144.0 3264.0  0.0   126976.0 112262.3  42496.0     8230.9   15744.0 15113.1 1920.0 1728.8      6    0.081   0      0.000    0.081
6144.0 6144.0 3264.0  0.0   126976.0 112262.3  42496.0     8230.9   15744.0 15113.1 1920.0 1728.8      6    0.081   0      0.000    0.081
6144.0 6144.0 3264.0  0.0   126976.0 112262.3  42496.0     8230.9   15744.0 15113.1 1920.0 1728.8      6    0.081   0      0.000    0.081
6144.0 6144.0 3264.0  0.0   126976.0 112262.3  42496.0     8230.9   15744.0 15113.1 1920.0 1728.8      6    0.081   0      0.000    0.081
6144.0 6144.0 3264.0  0.0   126976.0 112262.3  42496.0     8230.9   15744.0 15113.1 1920.0 1728.8      6    0.081   0      0.000    0.081
6144.0 6144.0 3264.0  0.0   126976.0 112262.3  42496.0     8230.9   15744.0 15113.1 1920.0 1728.8      6    0.081   0      0.000    0.081
6144.0 6144.0 3264.0  0.0   126976.0 112262.3  42496.0     8230.9   15744.0 15113.1 1920.0 1728.8      6    0.081   0      0.000    0.081
6144.0 6144.0 3264.0  0.0   126976.0 112262.3  42496.0     8230.9   15744.0 15113.1 1920.0 1728.8      6    0.081   0      0.000    0.081
6144.0 6144.0 3264.0  0.0   126976.0 118467.0  42496.0     8230.9   15744.0 15113.1 1920.0 1728.8      6    0.081   0      0.000    0.081
6144.0 6144.0 3264.0  0.0   126976.0 118467.0  42496.0     8230.9   15744.0 15113.1 1920.0 1728.8      6    0.081   0      0.000    0.081
6144.0 6144.0 3264.0  0.0   126976.0 118467.0  42496.0     8230.9   15744.0 15113.1 1920.0 1728.8      6    0.081   0      0.000    0.081
6144.0 6144.0 3264.0  0.0   126976.0 118467.0  42496.0     8230.9   15744.0 15113.1 1920.0 1728.8      6    0.081   0      0.000    0.081
6144.0 6144.0 3264.0  0.0   126976.0 118467.0  42496.0     8230.9   15744.0 15113.1 1920.0 1728.8      6    0.081   0      0.000    0.081
6144.0 6144.0 3264.0  0.0   126976.0 118467.0  42496.0     8230.9   15744.0 15113.1 1920.0 1728.8      6    0.081   0      0.000    0.081
6144.0 6144.0 3264.0  0.0   126976.0 118467.0  42496.0     8230.9   15744.0 15113.1 1920.0 1728.8      6    0.081   0      0.000    0.081
6144.0 6144.0 3264.0  0.0   126976.0 118467.0  42496.0     8230.9   15744.0 15113.1 1920.0 1728.8      6    0.081   0      0.000    0.081
6144.0 6144.0 3264.0  0.0   126976.0 118467.0  42496.0     8230.9   15744.0 15113.1 1920.0 1728.8      6    0.081   0      0.000    0.081
6144.0 6144.0 3264.0  0.0   126976.0 118467.0  42496.0     8230.9   15744.0 15113.1 1920.0 1728.8      6    0.081   0      0.000    0.081
6144.0 6144.0 3264.0  0.0   126976.0 118467.0  42496.0     8230.9   15744.0 15113.1 1920.0 1728.8      6    0.081   0      0.000    0.081
6144.0 6144.0 3264.0  0.0   126976.0 118467.0  42496.0     8230.9   15744.0 15113.1 1920.0 1728.8      6    0.081   0      0.000    0.081
6144.0 6144.0 3264.0  0.0   126976.0 124011.7  42496.0     8230.9   15744.0 15113.1 1920.0 1728.8      6    0.081   0      0.000    0.081
6144.0 6144.0 3264.0  0.0   126976.0 124011.7  42496.0     8230.9   15744.0 15113.1 1920.0 1728.8      6    0.081   0      0.000    0.081
6144.0 6144.0 3264.0  0.0   126976.0 124011.7  42496.0     8230.9   15744.0 15113.1 1920.0 1728.8      6    0.081   0      0.000    0.081
6144.0 6144.0 3264.0  0.0   126976.0 124011.7  42496.0     8230.9   15744.0 15113.1 1920.0 1728.8      6    0.081   0      0.000    0.081
6144.0 6144.0 3264.0  0.0   126976.0 124011.7  42496.0     8230.9   15744.0 15113.1 1920.0 1728.8      6    0.081   0      0.000    0.081
6144.0 6144.0 3264.0  0.0   126976.0 124011.7  42496.0     8230.9   15744.0 15113.1 1920.0 1728.8      6    0.081   0      0.000    0.081
6144.0 6144.0 3264.0  0.0   126976.0 124011.7  42496.0     8230.9   15744.0 15113.1 1920.0 1728.8      6    0.081   0      0.000    0.081
6144.0 6144.0 3264.0  0.0   126976.0 124011.7  42496.0     8230.9   15744.0 15113.1 1920.0 1728.8      6    0.081   0      0.000    0.081
6144.0 6144.0 3264.0  0.0   126976.0 124011.7  42496.0     8230.9   15744.0 15113.1 1920.0 1728.8      6    0.081   0      0.000    0.081
6144.0 6144.0 3264.0  0.0   126976.0 124011.7  42496.0     8230.9   15744.0 15113.1 1920.0 1728.8      6    0.081   0      0.000    0.081
6144.0 6144.0 3264.0  0.0   126976.0 124011.7  42496.0     8230.9   15744.0 15113.1 1920.0 1728.8      6    0.081   0      0.000    0.081
6144.0 6144.0 3264.0  0.0   126976.0 124011.7  42496.0     8230.9   15744.0 15113.1 1920.0 1728.8      6    0.081   0      0.000    0.081
3584.0 3072.0  0.0   2688.0 121344.0  3265.7   42496.0     9879.0   15744.0 15154.1 1920.0 1728.8      7    0.094   0      0.000    0.094
3584.0 3072.0  0.0   2688.0 121344.0  3265.7   42496.0     9879.0   15744.0 15154.1 1920.0 1728.8      7    0.094   0      0.000    0.094
3584.0 3072.0  0.0   2688.0 121344.0  3265.7   42496.0     9879.0   15744.0 15154.1 1920.0 1728.8      7    0.094   0      0.000    0.094
3584.0 3072.0  0.0   2688.0 121344.0  3494.7   42496.0     9879.0   15744.0 15154.1 1920.0 1728.8      7    0.094   0      0.000    0.094
3584.0 3072.0  0.0   2688.0 121344.0  3494.7   42496.0     9879.0   15744.0 15154.1 1920.0 1728.8      7    0.094   0      0.000    0.094
3584.0 3072.0  0.0   2688.0 121344.0  3494.7   42496.0     9879.0   15744.0 15154.1 1920.0 1728.8      7    0.094   0      0.000    0.094
3584.0 3072.0  0.0   2688.0 121344.0  3607.8   42496.0     9879.0   15744.0 15154.1 1920.0 1728.8      7    0.094   0      0.000    0.094
3584.0 3072.0  0.0   2688.0 121344.0  3607.8   42496.0     9879.0   15744.0 15154.1 1920.0 1728.8      7    0.094   0      0.000    0.094
3584.0 3072.0  0.0   2688.0 121344.0  3607.8   42496.0     9879.0   15744.0 15154.1 1920.0 1728.8      7    0.094   0      0.000    0.094
3584.0 3072.0  0.0   2688.0 121344.0  3720.8   42496.0     9879.0   15744.0 15154.1 1920.0 1728.8      7    0.094   0      0.000    0.094
3584.0 3072.0  0.0   2688.0 121344.0  3720.8   42496.0     9879.0   15744.0 15154.1 1920.0 1728.8      7    0.094   0      0.000    0.094
3584.0 3072.0  0.0   2688.0 121344.0  3720.8   42496.0     9879.0   15744.0 15154.1 1920.0 1728.8      7    0.094   0      0.000    0.094
3584.0 3072.0  0.0   2688.0 121344.0 10163.7   42496.0     9879.0   15744.0 15154.1 1920.0 1728.8      7    0.094   0      0.000    0.094
3584.0 3072.0  0.0   2688.0 121344.0 10163.7   42496.0     9879.0   15744.0 15154.1 1920.0 1728.8      7    0.094   0      0.000    0.094
3584.0 3072.0  0.0   2688.0 121344.0 10163.7   42496.0     9879.0   15744.0 15154.1 1920.0 1728.8      7    0.094   0      0.000    0.094
3584.0 3072.0  0.0   2688.0 121344.0 10276.7   42496.0     9879.0   15744.0 15154.1 1920.0 1728.8      7    0.094   0      0.000    0.094
3584.0 3072.0  0.0   2688.0 121344.0 10276.7   42496.0     9879.0   15744.0 15154.1 1920.0 1728.8      7    0.094   0      0.000    0.094
3584.0 3072.0  0.0   2688.0 121344.0 10276.7   42496.0     9879.0   15744.0 15154.1 1920.0 1728.8      7    0.094   0      0.000    0.094
3584.0 3072.0  0.0   2688.0 121344.0 10389.8   42496.0     9879.0   15744.0 15154.1 1920.0 1728.8      7    0.094   0      0.000    0.094
3584.0 3072.0  0.0   2688.0 121344.0 10389.8   42496.0     9879.0   15744.0 15154.1 1920.0 1728.8      7    0.094   0      0.000    0.094
3584.0 3072.0  0.0   2688.0 121344.0 10389.8   42496.0     9879.0   15744.0 15154.1 1920.0 1728.8      7    0.094   0      0.000    0.094
3584.0 3072.0  0.0   2688.0 121344.0 10561.8   42496.0     9879.0   15744.0 15154.1 1920.0 1728.8      7    0.094   0      0.000    0.094
3584.0 3072.0  0.0   2688.0 121344.0 10561.8   42496.0     9879.0   15744.0 15154.1 1920.0 1728.8      7    0.094   0      0.000    0.094
3584.0 3072.0  0.0   2688.0 121344.0 10561.8   42496.0     9879.0   15744.0 15154.1 1920.0 1728.8      7    0.094   0      0.000    0.094
3584.0 3072.0  0.0   2688.0 121344.0 16743.1   42496.0     9879.0   15744.0 15154.1 1920.0 1728.8      7    0.094   0      0.000    0.094
3584.0 3072.0  0.0   2688.0 121344.0 16743.1   42496.0     9879.0   15744.0 15154.1 1920.0 1728.8      7    0.094   0      0.000    0.094
3584.0 3072.0  0.0   2688.0 121344.0 16743.1   42496.0     9879.0   15744.0 15154.1 1920.0 1728.8      7    0.094   0      0.000    0.094
3584.0 3072.0  0.0   2688.0 121344.0 16856.5   42496.0     9879.0   15744.0 15154.1 1920.0 1728.8      7    0.094   0      0.000    0.094
3584.0 3072.0  0.0   2688.0 121344.0 16856.5   42496.0     9879.0   15744.0 15154.1 1920.0 1728.8      7    0.094   0      0.000    0.094
3584.0 3072.0  0.0   2688.0 121344.0 16856.5   42496.0     9879.0   15744.0 15154.1 1920.0 1728.8      7    0.094   0      0.000    0.094
3584.0 3072.0  0.0   2688.0 121344.0 16856.5   42496.0     9879.0   15744.0 15154.1 1920.0 1728.8      7    0.094   0      0.000    0.094
3584.0 3072.0  0.0   2688.0 121344.0 16856.5   42496.0     9879.0   15744.0 15154.1 1920.0 1728.8      7    0.094   0      0.000    0.094
3584.0 3072.0  0.0   2688.0 121344.0 16856.5   42496.0     9879.0   15744.0 15154.1 1920.0 1728.8      7    0.094   0      0.000    0.094
3584.0 3072.0  0.0   2688.0 121344.0 16856.5   42496.0     9879.0   15744.0 15154.1 1920.0 1728.8      7    0.094   0      0.000    0.094
3584.0 3072.0  0.0   2688.0 121344.0 16856.5   42496.0     9879.0   15744.0 15154.1 1920.0 1728.8      7    0.094   0      0.000    0.094
3584.0 3072.0  0.0   2688.0 121344.0 16856.5   42496.0     9879.0   15744.0 15154.1 1920.0 1728.8      7    0.094   0      0.000    0.094
3584.0 3072.0  0.0   2688.0 121344.0 23147.9   42496.0     9879.0   15744.0 15154.1 1920.0 1728.8      7    0.094   0      0.000    0.094
3584.0 3072.0  0.0   2688.0 121344.0 23147.9   42496.0     9879.0   15744.0 15154.1 1920.0 1728.8      7    0.094   0      0.000    0.094
3584.0 3072.0  0.0   2688.0 121344.0 23147.9   42496.0     9879.0   15744.0 15154.1 1920.0 1728.8      7    0.094   0      0.000    0.094
3584.0 3072.0  0.0   2688.0 121344.0 23147.9   42496.0     9879.0   15744.0 15154.1 1920.0 1728.8      7    0.094   0      0.000    0.094
3584.0 3072.0  0.0   2688.0 121344.0 23147.9   42496.0     9879.0   15744.0 15154.1 1920.0 1728.8      7    0.094   0      0.000    0.094
3584.0 3072.0  0.0   2688.0 121344.0 23147.9   42496.0     9879.0   15744.0 15154.1 1920.0 1728.8      7    0.094   0      0.000    0.094
3584.0 3072.0  0.0   2688.0 121344.0 23147.9   42496.0     9879.0   15744.0 15154.1 1920.0 1728.8      7    0.094   0      0.000    0.094
3584.0 3072.0  0.0   2688.0 121344.0 23147.9   42496.0     9879.0   15744.0 15154.1 1920.0 1728.8      7    0.094   0      0.000    0.094
3584.0 3072.0  0.0   2688.0 121344.0 23147.9   42496.0     9879.0   15744.0 15154.1 1920.0 1728.8      7    0.094   0      0.000    0.094
3584.0 3072.0  0.0   2688.0 121344.0 23147.9   42496.0     9879.0   15744.0 15154.1 1920.0 1728.8      7    0.094   0      0.000    0.094
3584.0 3072.0  0.0   2688.0 121344.0 23147.9   42496.0     9879.0   15744.0 15154.1 1920.0 1728.8      7    0.094   0      0.000    0.094
3584.0 3072.0  0.0   2688.0 121344.0 23147.9   42496.0     9879.0   15744.0 15154.1 1920.0 1728.8      7    0.094   0      0.000    0.094
3584.0 3072.0  0.0   2688.0 121344.0 29227.6   42496.0     9879.0   15744.0 15154.1 1920.0 1728.8      7    0.094   0      0.000    0.094
3584.0 3072.0  0.0   2688.0 121344.0 29227.6   42496.0     9879.0   15744.0 15154.1 1920.0 1728.8      7    0.094   0      0.000    0.094
3584.0 3072.0  0.0   2688.0 121344.0 29227.6   42496.0     9879.0   15744.0 15154.1 1920.0 1728.8      7    0.094   0      0.000    0.094
3584.0 3072.0  0.0   2688.0 121344.0 29227.6   42496.0     9879.0   15744.0 15154.1 1920.0 1728.8      7    0.094   0      0.000    0.094
3584.0 3072.0  0.0   2688.0 121344.0 29227.6   42496.0     9879.0   15744.0 15154.1 1920.0 1728.8      7    0.094   0      0.000    0.094
3584.0 3072.0  0.0   2688.0 121344.0 29227.6   42496.0     9879.0   15744.0 15154.1 1920.0 1728.8      7    0.094   0      0.000    0.094
3584.0 3072.0  0.0   2688.0 121344.0 29227.6   42496.0     9879.0   15744.0 15154.1 1920.0 1728.8      7    0.094   0      0.000    0.094
3584.0 3072.0  0.0   2688.0 121344.0 29227.6   42496.0     9879.0   15744.0 15154.1 1920.0 1728.8      7    0.094   0      0.000    0.094
3584.0 3072.0  0.0   2688.0 121344.0 29227.6   42496.0     9879.0   15744.0 15154.1 1920.0 1728.8      7    0.094   0      0.000    0.094
3584.0 3072.0  0.0   2688.0 121344.0 29227.6   42496.0     9879.0   15744.0 15154.1 1920.0 1728.8      7    0.094   0      0.000    0.094
3584.0 3072.0  0.0   2688.0 121344.0 29227.6   42496.0     9879.0   15744.0 15154.1 1920.0 1728.8      7    0.094   0      0.000    0.094
3584.0 3072.0  0.0   2688.0 121344.0 29227.6   42496.0     9879.0   15744.0 15154.1 1920.0 1728.8      7    0.094   0      0.000    0.094
3584.0 3072.0  0.0   2688.0 121344.0 35222.0   42496.0     9879.0   15744.0 15154.1 1920.0 1728.8      7    0.094   0      0.000    0.094
3584.0 3072.0  0.0   2688.0 121344.0 35222.0   42496.0     9879.0   15744.0 15154.1 1920.0 1728.8      7    0.094   0      0.000    0.094
3584.0 3072.0  0.0   2688.0 121344.0 35222.0   42496.0     9879.0   15744.0 15154.1 1920.0 1728.8      7    0.094   0      0.000    0.094
3584.0 3072.0  0.0   2688.0 121344.0 35230.0   42496.0     9879.0   15744.0 15154.1 1920.0 1728.8      7    0.094   0      0.000    0.094
3584.0 3072.0  0.0   2688.0 121344.0 35230.0   42496.0     9879.0   15744.0 15154.1 1920.0 1728.8      7    0.094   0      0.000    0.094
3584.0 3072.0  0.0   2688.0 121344.0 35230.0   42496.0     9879.0   15744.0 15154.1 1920.0 1728.8      7    0.094   0      0.000    0.094
3584.0 3072.0  0.0   2688.0 121344.0 35345.1   42496.0     9879.0   15744.0 15154.1 1920.0 1728.8      7    0.094   0      0.000    0.094
3584.0 3072.0  0.0   2688.0 121344.0 35345.1   42496.0     9879.0   15744.0 15154.1 1920.0 1728.8      7    0.094   0      0.000    0.094
3584.0 3072.0  0.0   2688.0 121344.0 35345.1   42496.0     9879.0   15744.0 15154.1 1920.0 1728.8      7    0.094   0      0.000    0.094
3584.0 3072.0  0.0   2688.0 121344.0 35353.1   42496.0     9879.0   15744.0 15154.1 1920.0 1728.8      7    0.094   0      0.000    0.094
3584.0 3072.0  0.0   2688.0 121344.0 35353.1   42496.0     9879.0   15744.0 15154.1 1920.0 1728.8      7    0.094   0      0.000    0.094
3584.0 3072.0  0.0   2688.0 121344.0 35353.1   42496.0     9879.0   15744.0 15154.1 1920.0 1728.8      7    0.094   0      0.000    0.094
3584.0 3072.0  0.0   2688.0 121344.0 41533.5   42496.0     9879.0   15744.0 15154.1 1920.0 1728.8      7    0.094   0      0.000    0.094
3584.0 3072.0  0.0   2688.0 121344.0 41533.5   42496.0     9879.0   15744.0 15154.1 1920.0 1728.8      7    0.094   0      0.000    0.094
3584.0 3072.0  0.0   2688.0 121344.0 41533.5   42496.0     9879.0   15744.0 15154.1 1920.0 1728.8      7    0.094   0      0.000    0.094
3584.0 3072.0  0.0   2688.0 121344.0 41541.5   42496.0     9879.0   15744.0 15154.1 1920.0 1728.8      7    0.094   0      0.000    0.094
3584.0 3072.0  0.0   2688.0 121344.0 41541.5   42496.0     9879.0   15744.0 15154.1 1920.0 1728.8      7    0.094   0      0.000    0.094
3584.0 3072.0  0.0   2688.0 121344.0 41541.5   42496.0     9879.0   15744.0 15154.1 1920.0 1728.8      7    0.094   0      0.000    0.094
3584.0 3072.0  0.0   2688.0 121344.0 41549.5   42496.0     9879.0   15744.0 15154.1 1920.0 1728.8      7    0.094   0      0.000    0.094
3584.0 3072.0  0.0   2688.0 121344.0 41549.5   42496.0     9879.0   15744.0 15154.1 1920.0 1728.8      7    0.094   0      0.000    0.094
3584.0 3072.0  0.0   2688.0 121344.0 41549.5   42496.0     9879.0   15744.0 15154.1 1920.0 1728.8      7    0.094   0      0.000    0.094
3584.0 3072.0  0.0   2688.0 121344.0 41549.5   42496.0     9879.0   15744.0 15154.1 1920.0 1728.8      7    0.094   0      0.000    0.094
3584.0 3072.0  0.0   2688.0 121344.0 41549.5   42496.0     9879.0   15744.0 15154.1 1920.0 1728.8      7    0.094   0      0.000    0.094
3584.0 3072.0  0.0   2688.0 121344.0 41549.5   42496.0     9879.0   15744.0 15154.1 1920.0 1728.8      7    0.094   0      0.000    0.094
3584.0 3072.0  0.0   2688.0 121344.0 47888.9   42496.0     9879.0   15744.0 15154.1 1920.0 1728.8      7    0.094   0      0.000    0.094
3584.0 3072.0  0.0   2688.0 121344.0 47888.9   42496.0     9879.0   15744.0 15154.1 1920.0 1728.8      7    0.094   0      0.000    0.094
3584.0 3072.0  0.0   2688.0 121344.0 47888.9   42496.0     9879.0   15744.0 15154.1 1920.0 1728.8      7    0.094   0      0.000    0.094
3584.0 3072.0  0.0   2688.0 121344.0 48004.3   42496.0     9879.0   15744.0 15154.1 1920.0 1728.8      7    0.094   0      0.000    0.094
3584.0 3072.0  0.0   2688.0 121344.0 48004.3   42496.0     9879.0   15744.0 15154.1 1920.0 1728.8      7    0.094   0      0.000    0.094
3584.0 3072.0  0.0   2688.0 121344.0 48004.3   42496.0     9879.0   15744.0 15154.1 1920.0 1728.8      7    0.094   0      0.000    0.094
3584.0 3072.0  0.0   2688.0 121344.0 48117.5   42496.0     9879.0   15744.0 15154.1 1920.0 1728.8      7    0.094   0      0.000    0.094
3584.0 3072.0  0.0   2688.0 121344.0 48117.5   42496.0     9879.0   15744.0 15154.1 1920.0 1728.8      7    0.094   0      0.000    0.094
3584.0 3072.0  0.0   2688.0 121344.0 48117.5   42496.0     9879.0   15744.0 15154.1 1920.0 1728.8      7    0.094   0      0.000    0.094
3584.0 3072.0  0.0   2688.0 121344.0 48230.6   42496.0     9879.0   15744.0 15154.1 1920.0 1728.8      7    0.094   0      0.000    0.094
3584.0 3072.0  0.0   2688.0 121344.0 48230.6   42496.0     9879.0   15744.0 15154.1 1920.0 1728.8      7    0.094   0      0.000    0.094
3584.0 3072.0  0.0   2688.0 121344.0 48230.6   42496.0     9879.0   15744.0 15154.1 1920.0 1728.8      7    0.094   0      0.000    0.094
3584.0 3072.0  0.0   2688.0 121344.0 54234.6   42496.0     9879.0   15744.0 15154.1 1920.0 1728.8      7    0.094   0      0.000    0.094
3584.0 3072.0  0.0   2688.0 121344.0 54234.6   42496.0     9879.0   15744.0 15154.1 1920.0 1728.8      7    0.094   0      0.000    0.094
3584.0 3072.0  0.0   2688.0 121344.0 54234.6   42496.0     9879.0   15744.0 15154.1 1920.0 1728.8      7    0.094   0      0.000    0.094
3584.0 3072.0  0.0   2688.0 121344.0 54464.0   42496.0     9879.0   15744.0 15154.1 1920.0 1728.8      7    0.094   0      0.000    0.094
3584.0 3072.0  0.0   2688.0 121344.0 54464.0   42496.0     9879.0   15744.0 15154.1 1920.0 1728.8      7    0.094   0      0.000    0.094
3584.0 3072.0  0.0   2688.0 121344.0 54464.0   42496.0     9879.0   15744.0 15154.1 1920.0 1728.8      7    0.094   0      0.000    0.094
3584.0 3072.0  0.0   2688.0 121344.0 54464.0   42496.0     9879.0   15744.0 15154.1 1920.0 1728.8      7    0.094   0      0.000    0.094
3584.0 3072.0  0.0   2688.0 121344.0 54464.0   42496.0     9879.0   15744.0 15154.1 1920.0 1728.8      7    0.094   0      0.000    0.094
3584.0 3072.0  0.0   2688.0 121344.0 54464.0   42496.0     9879.0   15744.0 15154.1 1920.0 1728.8      7    0.094   0      0.000    0.094
3584.0 3072.0  0.0   2688.0 121344.0 54577.1   42496.0     9879.0   15744.0 15154.1 1920.0 1728.8      7    0.094   0      0.000    0.094
3584.0 3072.0  0.0   2688.0 121344.0 54577.1   42496.0     9879.0   15744.0 15154.1 1920.0 1728.8      7    0.094   0      0.000    0.094
3584.0 3072.0  0.0   2688.0 121344.0 54577.1   42496.0     9879.0   15744.0 15154.1 1920.0 1728.8      7    0.094   0      0.000    0.094
3584.0 3072.0  0.0   2688.0 121344.0 60481.5   42496.0     9879.0   15744.0 15154.1 1920.0 1728.8      7    0.094   0      0.000    0.094
3584.0 3072.0  0.0   2688.0 121344.0 60481.5   42496.0     9879.0   15744.0 15154.1 1920.0 1728.8      7    0.094   0      0.000    0.094
3584.0 3072.0  0.0   2688.0 121344.0 60481.5   42496.0     9879.0   15744.0 15154.1 1920.0 1728.8      7    0.094   0      0.000    0.094
3584.0 3072.0  0.0   2688.0 121344.0 60653.5   42496.0     9879.0   15744.0 15154.1 1920.0 1728.8      7    0.094   0      0.000    0.094
3584.0 3072.0  0.0   2688.0 121344.0 60653.5   42496.0     9879.0   15744.0 15154.1 1920.0 1728.8      7    0.094   0      0.000    0.094
3584.0 3072.0  0.0   2688.0 121344.0 60653.5   42496.0     9879.0   15744.0 15154.1 1920.0 1728.8      7    0.094   0      0.000    0.094
3584.0 3072.0  0.0   2688.0 121344.0 60787.9   42496.0     9879.0   15744.0 15154.1 1920.0 1728.8      7    0.094   0      0.000    0.094
3584.0 3072.0  0.0   2688.0 121344.0 60787.9   42496.0     9879.0   15744.0 15154.1 1920.0 1728.8      7    0.094   0      0.000    0.094
3584.0 3072.0  0.0   2688.0 121344.0 60787.9   42496.0     9879.0   15744.0 15154.1 1920.0 1728.8      7    0.094   0      0.000    0.094
3584.0 3072.0  0.0   2688.0 121344.0 60787.9   42496.0     9879.0   15744.0 15154.1 1920.0 1728.8      7    0.094   0      0.000    0.094
3584.0 3072.0  0.0   2688.0 121344.0 60787.9   42496.0     9879.0   15744.0 15154.1 1920.0 1728.8      7    0.094   0      0.000    0.094
3584.0 3072.0  0.0   2688.0 121344.0 60787.9   42496.0     9879.0   15744.0 15154.1 1920.0 1728.8      7    0.094   0      0.000    0.094
3584.0 3072.0  0.0   2688.0 121344.0 67106.9   42496.0     9879.0   15744.0 15154.1 1920.0 1728.8      7    0.094   0      0.000    0.094
3584.0 3072.0  0.0   2688.0 121344.0 67106.9   42496.0     9879.0   15744.0 15154.1 1920.0 1728.8      7    0.094   0      0.000    0.094
3584.0 3072.0  0.0   2688.0 121344.0 67106.9   42496.0     9879.0   15744.0 15154.1 1920.0 1728.8      7    0.094   0      0.000    0.094
3584.0 3072.0  0.0   2688.0 121344.0 67106.9   42496.0     9879.0   15744.0 15154.1 1920.0 1728.8      7    0.094   0      0.000    0.094
3584.0 3072.0  0.0   2688.0 121344.0 67106.9   42496.0     9879.0   15744.0 15154.1 1920.0 1728.8      7    0.094   0      0.000    0.094
3584.0 3072.0  0.0   2688.0 121344.0 67106.9   42496.0     9879.0   15744.0 15154.1 1920.0 1728.8      7    0.094   0      0.000    0.094
3584.0 3072.0  0.0   2688.0 121344.0 67106.9   42496.0     9879.0   15744.0 15154.1 1920.0 1728.8      7    0.094   0      0.000    0.094
3584.0 3072.0  0.0   2688.0 121344.0 67106.9   42496.0     9879.0   15744.0 15154.1 1920.0 1728.8      7    0.094   0      0.000    0.094
3584.0 3072.0  0.0   2688.0 121344.0 67106.9   42496.0     9879.0   15744.0 15154.1 1920.0 1728.8      7    0.094   0      0.000    0.094
3584.0 3072.0  0.0   2688.0 121344.0 67106.9   42496.0     9879.0   15744.0 15154.1 1920.0 1728.8      7    0.094   0      0.000    0.094
3584.0 3072.0  0.0   2688.0 121344.0 67106.9   42496.0     9879.0   15744.0 15154.1 1920.0 1728.8      7    0.094   0      0.000    0.094
3584.0 3072.0  0.0   2688.0 121344.0 67106.9   42496.0     9879.0   15744.0 15154.1 1920.0 1728.8      7    0.094   0      0.000    0.094
3584.0 3072.0  0.0   2688.0 121344.0 72881.9   42496.0     9879.0   15744.0 15154.1 1920.0 1728.8      7    0.094   0      0.000    0.094
3584.0 3072.0  0.0   2688.0 121344.0 72881.9   42496.0     9879.0   15744.0 15154.1 1920.0 1728.8      7    0.094   0      0.000    0.094
3584.0 3072.0  0.0   2688.0 121344.0 72881.9   42496.0     9879.0   15744.0 15154.1 1920.0 1728.8      7    0.094   0      0.000    0.094
3584.0 3072.0  0.0   2688.0 121344.0 72881.9   42496.0     9879.0   15744.0 15154.1 1920.0 1728.8      7    0.094   0      0.000    0.094
3584.0 3072.0  0.0   2688.0 121344.0 72881.9   42496.0     9879.0   15744.0 15154.1 1920.0 1728.8      7    0.094   0      0.000    0.094
3584.0 3072.0  0.0   2688.0 121344.0 72881.9   42496.0     9879.0   15744.0 15154.1 1920.0 1728.8      7    0.094   0      0.000    0.094
3584.0 3072.0  0.0   2688.0 121344.0 72881.9   42496.0     9879.0   15744.0 15154.1 1920.0 1728.8      7    0.094   0      0.000    0.094
3584.0 3072.0  0.0   2688.0 121344.0 72881.9   42496.0     9879.0   15744.0 15154.1 1920.0 1728.8      7    0.094   0      0.000    0.094
3584.0 3072.0  0.0   2688.0 121344.0 72881.9   42496.0     9879.0   15744.0 15154.1 1920.0 1728.8      7    0.094   0      0.000    0.094
3584.0 3072.0  0.0   2688.0 121344.0 72881.9   42496.0     9879.0   15744.0 15154.1 1920.0 1728.8      7    0.094   0      0.000    0.094
3584.0 3072.0  0.0   2688.0 121344.0 72881.9   42496.0     9879.0   15744.0 15154.1 1920.0 1728.8      7    0.094   0      0.000    0.094
3584.0 3072.0  0.0   2688.0 121344.0 72881.9   42496.0     9879.0   15744.0 15154.1 1920.0 1728.8      7    0.094   0      0.000    0.094
3584.0 3072.0  0.0   2688.0 121344.0 79183.1   42496.0     9879.0   15744.0 15154.1 1920.0 1728.8      7    0.094   0      0.000    0.094
3584.0 3072.0  0.0   2688.0 121344.0 79183.1   42496.0     9879.0   15744.0 15154.1 1920.0 1728.8      7    0.094   0      0.000    0.094
3584.0 3072.0  0.0   2688.0 121344.0 79183.1   42496.0     9879.0   15744.0 15154.1 1920.0 1728.8      7    0.094   0      0.000    0.094
3584.0 3072.0  0.0   2688.0 121344.0 79183.1   42496.0     9879.0   15744.0 15154.1 1920.0 1728.8      7    0.094   0      0.000    0.094
3584.0 3072.0  0.0   2688.0 121344.0 79183.1   42496.0     9879.0   15744.0 15154.1 1920.0 1728.8      7    0.094   0      0.000    0.094
3584.0 3072.0  0.0   2688.0 121344.0 79183.1   42496.0     9879.0   15744.0 15154.1 1920.0 1728.8      7    0.094   0      0.000    0.094
3584.0 3072.0  0.0   2688.0 121344.0 79183.1   42496.0     9879.0   15744.0 15154.1 1920.0 1728.8      7    0.094   0      0.000    0.094
3584.0 3072.0  0.0   2688.0 121344.0 79183.1   42496.0     9879.0   15744.0 15154.1 1920.0 1728.8      7    0.094   0      0.000    0.094
3584.0 3072.0  0.0   2688.0 121344.0 79183.1   42496.0     9879.0   15744.0 15154.1 1920.0 1728.8      7    0.094   0      0.000    0.094
3584.0 3072.0  0.0   2688.0 121344.0 79298.2   42496.0     9879.0   15744.0 15154.1 1920.0 1728.8      7    0.094   0      0.000    0.094
3584.0 3072.0  0.0   2688.0 121344.0 79298.2   42496.0     9879.0   15744.0 15154.1 1920.0 1728.8      7    0.094   0      0.000    0.094
3584.0 3072.0  0.0   2688.0 121344.0 79298.2   42496.0     9879.0   15744.0 15154.1 1920.0 1728.8      7    0.094   0      0.000    0.094
3584.0 3072.0  0.0   2688.0 121344.0 85385.9   42496.0     9879.0   15744.0 15154.1 1920.0 1728.8      7    0.094   0      0.000    0.094
3584.0 3072.0  0.0   2688.0 121344.0 85385.9   42496.0     9879.0   15744.0 15154.1 1920.0 1728.8      7    0.094   0      0.000    0.094
3584.0 3072.0  0.0   2688.0 121344.0 85385.9   42496.0     9879.0   15744.0 15154.1 1920.0 1728.8      7    0.094   0      0.000    0.094
3584.0 3072.0  0.0   2688.0 121344.0 85501.0   42496.0     9879.0   15744.0 15154.1 1920.0 1728.8      7    0.094   0      0.000    0.094
3584.0 3072.0  0.0   2688.0 121344.0 85501.0   42496.0     9879.0   15744.0 15154.1 1920.0 1728.8      7    0.094   0      0.000    0.094
3584.0 3072.0  0.0   2688.0 121344.0 85501.0   42496.0     9879.0   15744.0 15154.1 1920.0 1728.8      7    0.094   0      0.000    0.094
3584.0 3072.0  0.0   2688.0 121344.0 85622.1   42496.0     9879.0   15744.0 15154.1 1920.0 1728.8      7    0.094   0      0.000    0.094
3584.0 3072.0  0.0   2688.0 121344.0 85622.1   42496.0     9879.0   15744.0 15154.1 1920.0 1728.8      7    0.094   0      0.000    0.094
3584.0 3072.0  0.0   2688.0 121344.0 85622.1   42496.0     9879.0   15744.0 15154.1 1920.0 1728.8      7    0.094   0      0.000    0.094
3584.0 3072.0  0.0   2688.0 121344.0 85737.1   42496.0     9879.0   15744.0 15154.1 1920.0 1728.8      7    0.094   0      0.000    0.094
3584.0 3072.0  0.0   2688.0 121344.0 85737.1   42496.0     9879.0   15744.0 15154.1 1920.0 1728.8      7    0.094   0      0.000    0.094
3584.0 3072.0  0.0   2688.0 121344.0 85737.1   42496.0     9879.0   15744.0 15154.1 1920.0 1728.8      7    0.094   0      0.000    0.094
3584.0 3072.0  0.0   2688.0 121344.0 91884.5   42496.0     9879.0   15744.0 15154.1 1920.0 1728.8      7    0.094   0      0.000    0.094
3584.0 3072.0  0.0   2688.0 121344.0 91884.5   42496.0     9879.0   15744.0 15154.1 1920.0 1728.8      7    0.094   0      0.000    0.094
3584.0 3072.0  0.0   2688.0 121344.0 91884.5   42496.0     9879.0   15744.0 15154.1 1920.0 1728.8      7    0.094   0      0.000    0.094
3584.0 3072.0  0.0   2688.0 121344.0 91884.5   42496.0     9879.0   15744.0 15154.1 1920.0 1728.8      7    0.094   0      0.000    0.094
3584.0 3072.0  0.0   2688.0 121344.0 91884.5   42496.0     9879.0   15744.0 15154.1 1920.0 1728.8      7    0.094   0      0.000    0.094
3584.0 3072.0  0.0   2688.0 121344.0 91884.5   42496.0     9879.0   15744.0 15154.1 1920.0 1728.8      7    0.094   0      0.000    0.094
3584.0 3072.0  0.0   2688.0 121344.0 91884.5   42496.0     9879.0   15744.0 15154.1 1920.0 1728.8      7    0.094   0      0.000    0.094
3584.0 3072.0  0.0   2688.0 121344.0 91884.5   42496.0     9879.0   15744.0 15154.1 1920.0 1728.8      7    0.094   0      0.000    0.094
3584.0 3072.0  0.0   2688.0 121344.0 91884.5   42496.0     9879.0   15744.0 15154.1 1920.0 1728.8      7    0.094   0      0.000    0.094
3584.0 3072.0  0.0   2688.0 121344.0 92006.0   42496.0     9879.0   15744.0 15154.1 1920.0 1728.8      7    0.094   0      0.000    0.094
3584.0 3072.0  0.0   2688.0 121344.0 92006.0   42496.0     9879.0   15744.0 15154.1 1920.0 1728.8      7    0.094   0      0.000    0.094
3584.0 3072.0  0.0   2688.0 121344.0 92006.0   42496.0     9879.0   15744.0 15154.1 1920.0 1728.8      7    0.094   0      0.000    0.094
3584.0 3072.0  0.0   2688.0 121344.0 98446.8   42496.0     9879.0   15744.0 15154.1 1920.0 1728.8      7    0.094   0      0.000    0.094
3584.0 3072.0  0.0   2688.0 121344.0 98446.8   42496.0     9879.0   15744.0 15154.1 1920.0 1728.8      7    0.094   0      0.000    0.094
3584.0 3072.0  0.0   2688.0 121344.0 98446.8   42496.0     9879.0   15744.0 15154.1 1920.0 1728.8      7    0.094   0      0.000    0.094
3584.0 3072.0  0.0   2688.0 121344.0 98446.8   42496.0     9879.0   15744.0 15154.1 1920.0 1728.8      7    0.094   0      0.000    0.094
3584.0 3072.0  0.0   2688.0 121344.0 98446.8   42496.0     9879.0   15744.0 15154.1 1920.0 1728.8      7    0.094   0      0.000    0.094
3584.0 3072.0  0.0   2688.0 121344.0 98446.8   42496.0     9879.0   15744.0 15154.1 1920.0 1728.8      7    0.094   0      0.000    0.094
3584.0 3072.0  0.0   2688.0 121344.0 98651.6   42496.0     9879.0   15744.0 15154.1 1920.0 1728.8      7    0.094   0      0.000    0.094
3584.0 3072.0  0.0   2688.0 121344.0 98651.6   42496.0     9879.0   15744.0 15154.1 1920.0 1728.8      7    0.094   0      0.000    0.094
3584.0 3072.0  0.0   2688.0 121344.0 98651.6   42496.0     9879.0   15744.0 15154.1 1920.0 1728.8      7    0.094   0      0.000    0.094
3584.0 3072.0  0.0   2688.0 121344.0 98651.6   42496.0     9879.0   15744.0 15154.1 1920.0 1728.8      7    0.094   0      0.000    0.094
3584.0 3072.0  0.0   2688.0 121344.0 98651.6   42496.0     9879.0   15744.0 15154.1 1920.0 1728.8      7    0.094   0      0.000    0.094
3584.0 3072.0  0.0   2688.0 121344.0 98651.6   42496.0     9879.0   15744.0 15154.1 1920.0 1728.8      7    0.094   0      0.000    0.094
3584.0 3072.0  0.0   2688.0 121344.0 104733.7  42496.0     9879.0   15744.0 15154.1 1920.0 1728.8      7    0.094   0      0.000    0.094
3584.0 3072.0  0.0   2688.0 121344.0 104733.7  42496.0     9879.0   15744.0 15154.1 1920.0 1728.8      7    0.094   0      0.000    0.094
3584.0 3072.0  0.0   2688.0 121344.0 104733.7  42496.0     9879.0   15744.0 15154.1 1920.0 1728.8      7    0.094   0      0.000    0.094
3584.0 3072.0  0.0   2688.0 121344.0 104733.7  42496.0     9879.0   15744.0 15154.1 1920.0 1728.8      7    0.094   0      0.000    0.094
3584.0 3072.0  0.0   2688.0 121344.0 104733.7  42496.0     9879.0   15744.0 15154.1 1920.0 1728.8      7    0.094   0      0.000    0.094
3584.0 3072.0  0.0   2688.0 121344.0 104733.7  42496.0     9879.0   15744.0 15154.1 1920.0 1728.8      7    0.094   0      0.000    0.094
3584.0 3072.0  0.0   2688.0 121344.0 104849.6  42496.0     9879.0   15744.0 15154.1 1920.0 1728.8      7    0.094   0      0.000    0.094
3584.0 3072.0  0.0   2688.0 121344.0 104849.6  42496.0     9879.0   15744.0 15154.1 1920.0 1728.8      7    0.094   0      0.000    0.094
3584.0 3072.0  0.0   2688.0 121344.0 104849.6  42496.0     9879.0   15744.0 15154.1 1920.0 1728.8      7    0.094   0      0.000    0.094
3584.0 3072.0  0.0   2688.0 121344.0 104849.6  42496.0     9879.0   15744.0 15154.1 1920.0 1728.8      7    0.094   0      0.000    0.094
3584.0 3072.0  0.0   2688.0 121344.0 104849.6  42496.0     9879.0   15744.0 15154.1 1920.0 1728.8      7    0.094   0      0.000    0.094
3584.0 3072.0  0.0   2688.0 121344.0 104849.6  42496.0     9879.0   15744.0 15154.1 1920.0 1728.8      7    0.094   0      0.000    0.094
3584.0 3072.0  0.0   2688.0 121344.0 110416.6  42496.0     9879.0   15744.0 15154.1 1920.0 1728.8      7    0.094   0      0.000    0.094
3584.0 3072.0  0.0   2688.0 121344.0 110416.6  42496.0     9879.0   15744.0 15154.1 1920.0 1728.8      7    0.094   0      0.000    0.094
3584.0 3072.0  0.0   2688.0 121344.0 110416.6  42496.0     9879.0   15744.0 15154.1 1920.0 1728.8      7    0.094   0      0.000    0.094
3584.0 3072.0  0.0   2688.0 121344.0 110416.6  42496.0     9879.0   15744.0 15154.1 1920.0 1728.8      7    0.094   0      0.000    0.094
3584.0 3072.0  0.0   2688.0 121344.0 110416.6  42496.0     9879.0   15744.0 15154.1 1920.0 1728.8      7    0.094   0      0.000    0.094
3584.0 3072.0  0.0   2688.0 121344.0 110416.6  42496.0     9879.0   15744.0 15154.1 1920.0 1728.8      7    0.094   0      0.000    0.094
3584.0 3072.0  0.0   2688.0 121344.0 110416.6  42496.0     9879.0   15744.0 15154.1 1920.0 1728.8      7    0.094   0      0.000    0.094
3584.0 3072.0  0.0   2688.0 121344.0 110416.6  42496.0     9879.0   15744.0 15154.1 1920.0 1728.8      7    0.094   0      0.000    0.094
3584.0 3072.0  0.0   2688.0 121344.0 110416.6  42496.0     9879.0   15744.0 15154.1 1920.0 1728.8      7    0.094   0      0.000    0.094
3584.0 3072.0  0.0   2688.0 121344.0 110416.6  42496.0     9879.0   15744.0 15154.1 1920.0 1728.8      7    0.094   0      0.000    0.094
3584.0 3072.0  0.0   2688.0 121344.0 110416.6  42496.0     9879.0   15744.0 15154.1 1920.0 1728.8      7    0.094   0      0.000    0.094
3584.0 3072.0  0.0   2688.0 121344.0 110416.6  42496.0     9879.0   15744.0 15154.1 1920.0 1728.8      7    0.094   0      0.000    0.094
3584.0 3072.0  0.0   2688.0 121344.0 116491.2  42496.0     9879.0   15744.0 15154.1 1920.0 1728.8      7    0.094   0      0.000    0.094
3584.0 3072.0  0.0   2688.0 121344.0 116491.2  42496.0     9879.0   15744.0 15154.1 1920.0 1728.8      7    0.094   0      0.000    0.094
3584.0 3072.0  0.0   2688.0 121344.0 116491.2  42496.0     9879.0   15744.0 15154.1 1920.0 1728.8      7    0.094   0      0.000    0.094
3584.0 3072.0  0.0   2688.0 121344.0 116491.2  42496.0     9879.0   15744.0 15154.1 1920.0 1728.8      7    0.094   0      0.000    0.094
3584.0 3072.0  0.0   2688.0 121344.0 116491.2  42496.0     9879.0   15744.0 15154.1 1920.0 1728.8      7    0.094   0      0.000    0.094
3584.0 3072.0  0.0   2688.0 121344.0 116491.2  42496.0     9879.0   15744.0 15154.1 1920.0 1728.8      7    0.094   0      0.000    0.094
3584.0 3072.0  0.0   2688.0 121344.0 116491.2  42496.0     9879.0   15744.0 15154.1 1920.0 1728.8      7    0.094   0      0.000    0.094
3584.0 3072.0  0.0   2688.0 121344.0 116491.2  42496.0     9879.0   15744.0 15154.1 1920.0 1728.8      7    0.094   0      0.000    0.094
3584.0 3072.0  0.0   2688.0 121344.0 116491.2  42496.0     9879.0   15744.0 15154.1 1920.0 1728.8      7    0.094   0      0.000    0.094
3584.0 3072.0  0.0   2688.0 121344.0 116491.2  42496.0     9879.0   15744.0 15154.1 1920.0 1728.8      7    0.094   0      0.000    0.094
3584.0 3072.0  0.0   2688.0 121344.0 116491.2  42496.0     9879.0   15744.0 15154.1 1920.0 1728.8      7    0.094   0      0.000    0.094
3584.0 3072.0  0.0   2688.0 121344.0 116491.2  42496.0     9879.0   15744.0 15154.1 1920.0 1728.8      7    0.094   0      0.000    0.094
3584.0 6144.0 3296.0  0.0   116224.0  2819.6   42496.0    10307.1   15744.0 15185.8 1920.0 1729.8      8    0.106   0      0.000    0.106
3584.0 6144.0 3296.0  0.0   116224.0  2819.6   42496.0    10307.1   15744.0 15185.8 1920.0 1729.8      8    0.106   0      0.000    0.106
3584.0 6144.0 3296.0  0.0   116224.0  2819.6   42496.0    10307.1   15744.0 15185.8 1920.0 1729.8      8    0.106   0      0.000    0.106
3584.0 6144.0 3296.0  0.0   116224.0  3002.7   42496.0    10307.1   15744.0 15185.8 1920.0 1729.8      8    0.106   0      0.000    0.106
3584.0 6144.0 3296.0  0.0   116224.0  3002.7   42496.0    10307.1   15744.0 15185.8 1920.0 1729.8      8    0.106   0      0.000    0.106
3584.0 6144.0 3296.0  0.0   116224.0  3002.7   42496.0    10307.1   15744.0 15185.8 1920.0 1729.8      8    0.106   0      0.000    0.106
3584.0 6144.0 3296.0  0.0   116224.0  3088.9   42496.0    10307.1   15744.0 15185.8 1920.0 1729.8      8    0.106   0      0.000    0.106
3584.0 6144.0 3296.0  0.0   116224.0  3088.9   42496.0    10307.1   15744.0 15185.8 1920.0 1729.8      8    0.106   0      0.000    0.106
3584.0 6144.0 3296.0  0.0   116224.0  3088.9   42496.0    10307.1   15744.0 15185.8 1920.0 1729.8      8    0.106   0      0.000    0.106
3584.0 6144.0 3296.0  0.0   116224.0  3162.1   42496.0    10307.1   15744.0 15185.8 1920.0 1729.8      8    0.106   0      0.000    0.106
3584.0 6144.0 3296.0  0.0   116224.0  3162.1   42496.0    10307.1   15744.0 15185.8 1920.0 1729.8      8    0.106   0      0.000    0.106
3584.0 6144.0 3296.0  0.0   116224.0  3162.1   42496.0    10307.1   15744.0 15185.8 1920.0 1729.8      8    0.106   0      0.000    0.106
3584.0 6144.0 3296.0  0.0   116224.0  8738.2   42496.0    10307.1   15744.0 15185.8 1920.0 1729.8      8    0.106   0      0.000    0.106
3584.0 6144.0 3296.0  0.0   116224.0  8738.2   42496.0    10307.1   15744.0 15185.8 1920.0 1729.8      8    0.106   0      0.000    0.106
3584.0 6144.0 3296.0  0.0   116224.0  8738.2   42496.0    10307.1   15744.0 15185.8 1920.0 1729.8      8    0.106   0      0.000    0.106
3584.0 6144.0 3296.0  0.0   116224.0  8811.1   42496.0    10307.1   15744.0 15185.8 1920.0 1729.8      8    0.106   0      0.000    0.106
3584.0 6144.0 3296.0  0.0   116224.0  8811.1   42496.0    10307.1   15744.0 15185.8 1920.0 1729.8      8    0.106   0      0.000    0.106
3584.0 6144.0 3296.0  0.0   116224.0  8811.1   42496.0    10307.1   15744.0 15185.8 1920.0 1729.8      8    0.106   0      0.000    0.106
3584.0 6144.0 3296.0  0.0   116224.0  8884.0   42496.0    10307.1   15744.0 15185.8 1920.0 1729.8      8    0.106   0      0.000    0.106
3584.0 6144.0 3296.0  0.0   116224.0  8884.0   42496.0    10307.1   15744.0 15185.8 1920.0 1729.8      8    0.106   0      0.000    0.106
3584.0 6144.0 3296.0  0.0   116224.0  8884.0   42496.0    10307.1   15744.0 15185.8 1920.0 1729.8      8    0.106   0      0.000    0.106
3584.0 6144.0 3296.0  0.0   116224.0  8957.0   42496.0    10307.1   15744.0 15185.8 1920.0 1729.8      8    0.106   0      0.000    0.106
3584.0 6144.0 3296.0  0.0   116224.0  8957.0   42496.0    10307.1   15744.0 15185.8 1920.0 1729.8      8    0.106   0      0.000    0.106
3584.0 6144.0 3296.0  0.0   116224.0  8957.0   42496.0    10307.1   15744.0 15185.8 1920.0 1729.8      8    0.106   0      0.000    0.106
3584.0 6144.0 3296.0  0.0   116224.0 15043.6   42496.0    10307.1   15744.0 15185.8 1920.0 1729.8      8    0.106   0      0.000    0.106
3584.0 6144.0 3296.0  0.0   116224.0 15043.6   42496.0    10307.1   15744.0 15185.8 1920.0 1729.8      8    0.106   0      0.000    0.106
3584.0 6144.0 3296.0  0.0   116224.0 15043.6   42496.0    10307.1   15744.0 15185.8 1920.0 1729.8      8    0.106   0      0.000    0.106
3584.0 6144.0 3296.0  0.0   116224.0 15116.6   42496.0    10307.1   15744.0 15185.8 1920.0 1729.8      8    0.106   0      0.000    0.106
3584.0 6144.0 3296.0  0.0   116224.0 15116.6   42496.0    10307.1   15744.0 15185.8 1920.0 1729.8      8    0.106   0      0.000    0.106
3584.0 6144.0 3296.0  0.0   116224.0 15116.6   42496.0    10307.1   15744.0 15185.8 1920.0 1729.8      8    0.106   0      0.000    0.106
3584.0 6144.0 3296.0  0.0   116224.0 15116.6   42496.0    10307.1   15744.0 15185.8 1920.0 1729.8      8    0.106   0      0.000    0.106
3584.0 6144.0 3296.0  0.0   116224.0 15116.6   42496.0    10307.1   15744.0 15185.8 1920.0 1729.8      8    0.106   0      0.000    0.106
3584.0 6144.0 3296.0  0.0   116224.0 15116.6   42496.0    10307.1   15744.0 15185.8 1920.0 1729.8      8    0.106   0      0.000    0.106
3584.0 6144.0 3296.0  0.0   116224.0 15116.6   42496.0    10307.1   15744.0 15185.8 1920.0 1729.8      8    0.106   0      0.000    0.106
3584.0 6144.0 3296.0  0.0   116224.0 15116.6   42496.0    10307.1   15744.0 15185.8 1920.0 1729.8      8    0.106   0      0.000    0.106
3584.0 6144.0 3296.0  0.0   116224.0 15116.6   42496.0    10307.1   15744.0 15185.8 1920.0 1729.8      8    0.106   0      0.000    0.106
3584.0 6144.0 3296.0  0.0   116224.0 21932.2   42496.0    10307.1   15744.0 15185.8 1920.0 1729.8      8    0.106   0      0.000    0.106
3584.0 6144.0 3296.0  0.0   116224.0 21932.2   42496.0    10307.1   15744.0 15185.8 1920.0 1729.8      8    0.106   0      0.000    0.106
3584.0 6144.0 3296.0  0.0   116224.0 21932.2   42496.0    10307.1   15744.0 15185.8 1920.0 1729.8      8    0.106   0      0.000    0.106
3584.0 6144.0 3296.0  0.0   116224.0 22007.4   42496.0    10307.1   15744.0 15185.8 1920.0 1729.8      8    0.106   0      0.000    0.106
3584.0 6144.0 3296.0  0.0   116224.0 22007.4   42496.0    10307.1   15744.0 15185.8 1920.0 1729.8      8    0.106   0      0.000    0.106
3584.0 6144.0 3296.0  0.0   116224.0 22007.4   42496.0    10307.1   15744.0 15185.8 1920.0 1729.8      8    0.106   0      0.000    0.106
3584.0 6144.0 3296.0  0.0   116224.0 22082.4   42496.0    10307.1   15744.0 15185.8 1920.0 1729.8      8    0.106   0      0.000    0.106
3584.0 6144.0 3296.0  0.0   116224.0 22082.4   42496.0    10307.1   15744.0 15185.8 1920.0 1729.8      8    0.106   0      0.000    0.106
3584.0 6144.0 3296.0  0.0   116224.0 22082.4   42496.0    10307.1   15744.0 15185.8 1920.0 1729.8      8    0.106   0      0.000    0.106
3584.0 6144.0 3296.0  0.0   116224.0 22157.3   42496.0    10307.1   15744.0 15185.8 1920.0 1729.8      8    0.106   0      0.000    0.106
3584.0 6144.0 3296.0  0.0   116224.0 22157.3   42496.0    10307.1   15744.0 15185.8 1920.0 1729.8      8    0.106   0      0.000    0.106
3584.0 6144.0 3296.0  0.0   116224.0 22157.3   42496.0    10307.1   15744.0 15185.8 1920.0 1729.8      8    0.106   0      0.000    0.106
3584.0 6144.0 3296.0  0.0   116224.0 28233.5   42496.0    10307.1   15744.0 15185.8 1920.0 1729.8      8    0.106   0      0.000    0.106
3584.0 6144.0 3296.0  0.0   116224.0 28233.5   42496.0    10307.1   15744.0 15185.8 1920.0 1729.8      8    0.106   0      0.000    0.106
3584.0 6144.0 3296.0  0.0   116224.0 28233.5   42496.0    10307.1   15744.0 15185.8 1920.0 1729.8      8    0.106   0      0.000    0.106
3584.0 6144.0 3296.0  0.0   116224.0 28308.4   42496.0    10307.1   15744.0 15185.8 1920.0 1729.8      8    0.106   0      0.000    0.106
3584.0 6144.0 3296.0  0.0   116224.0 28308.4   42496.0    10307.1   15744.0 15185.8 1920.0 1729.8      8    0.106   0      0.000    0.106
3584.0 6144.0 3296.0  0.0   116224.0 28308.4   42496.0    10307.1   15744.0 15185.8 1920.0 1729.8      8    0.106   0      0.000    0.106
3584.0 6144.0 3296.0  0.0   116224.0 28383.3   42496.0    10307.1   15744.0 15185.8 1920.0 1729.8      8    0.106   0      0.000    0.106
3584.0 6144.0 3296.0  0.0   116224.0 28383.3   42496.0    10307.1   15744.0 15185.8 1920.0 1729.8      8    0.106   0      0.000    0.106
3584.0 6144.0 3296.0  0.0   116224.0 28383.3   42496.0    10307.1   15744.0 15185.8 1920.0 1729.8      8    0.106   0      0.000    0.106
3584.0 6144.0 3296.0  0.0   116224.0 28458.3   42496.0    10307.1   15744.0 15185.8 1920.0 1729.8      8    0.106   0      0.000    0.106
3584.0 6144.0 3296.0  0.0   116224.0 28458.3   42496.0    10307.1   15744.0 15185.8 1920.0 1729.8      8    0.106   0      0.000    0.106
3584.0 6144.0 3296.0  0.0   116224.0 28458.3   42496.0    10307.1   15744.0 15185.8 1920.0 1729.8      8    0.106   0      0.000    0.106
3584.0 6144.0 3296.0  0.0   116224.0 34281.4   42496.0    10307.1   15744.0 15185.8 1920.0 1729.8      8    0.106   0      0.000    0.106
3584.0 6144.0 3296.0  0.0   116224.0 34281.4   42496.0    10307.1   15744.0 15185.8 1920.0 1729.8      8    0.106   0      0.000    0.106
3584.0 6144.0 3296.0  0.0   116224.0 34281.4   42496.0    10307.1   15744.0 15185.8 1920.0 1729.8      8    0.106   0      0.000    0.106
3584.0 6144.0 3296.0  0.0   116224.0 34472.5   42496.0    10307.1   15744.0 15185.8 1920.0 1729.8      8    0.106   0      0.000    0.106
3584.0 6144.0 3296.0  0.0   116224.0 34472.5   42496.0    10307.1   15744.0 15185.8 1920.0 1729.8      8    0.106   0      0.000    0.106
3584.0 6144.0 3296.0  0.0   116224.0 34472.5   42496.0    10307.1   15744.0 15185.8 1920.0 1729.8      8    0.106   0      0.000    0.106
3584.0 6144.0 3296.0  0.0   116224.0 34558.7   42496.0    10307.1   15744.0 15185.8 1920.0 1729.8      8    0.106   0      0.000    0.106
3584.0 6144.0 3296.0  0.0   116224.0 34558.7   42496.0    10307.1   15744.0 15185.8 1920.0 1729.8      8    0.106   0      0.000    0.106
3584.0 6144.0 3296.0  0.0   116224.0 34558.7   42496.0    10307.1   15744.0 15185.8 1920.0 1729.8      8    0.106   0      0.000    0.106
3584.0 6144.0 3296.0  0.0   116224.0 34558.7   42496.0    10307.1   15744.0 15185.8 1920.0 1729.8      8    0.106   0      0.000    0.106
3584.0 6144.0 3296.0  0.0   116224.0 34558.7   42496.0    10307.1   15744.0 15185.8 1920.0 1729.8      8    0.106   0      0.000    0.106
3584.0 6144.0 3296.0  0.0   116224.0 34558.7   42496.0    10307.1   15744.0 15185.8 1920.0 1729.8      8    0.106   0      0.000    0.106
3584.0 6144.0 3296.0  0.0   116224.0 40563.5   42496.0    10307.1   15744.0 15185.8 1920.0 1729.8      8    0.106   0      0.000    0.106
3584.0 6144.0 3296.0  0.0   116224.0 40563.5   42496.0    10307.1   15744.0 15185.8 1920.0 1729.8      8    0.106   0      0.000    0.106
3584.0 6144.0 3296.0  0.0   116224.0 40563.5   42496.0    10307.1   15744.0 15185.8 1920.0 1729.8      8    0.106   0      0.000    0.106
3584.0 6144.0 3296.0  0.0   116224.0 40563.5   42496.0    10307.1   15744.0 15185.8 1920.0 1729.8      8    0.106   0      0.000    0.106
3584.0 6144.0 3296.0  0.0   116224.0 40563.5   42496.0    10307.1   15744.0 15185.8 1920.0 1729.8      8    0.106   0      0.000    0.106
3584.0 6144.0 3296.0  0.0   116224.0 40563.5   42496.0    10307.1   15744.0 15185.8 1920.0 1729.8      8    0.106   0      0.000    0.106
3584.0 6144.0 3296.0  0.0   116224.0 40563.5   42496.0    10307.1   15744.0 15185.8 1920.0 1729.8      8    0.106   0      0.000    0.106
3584.0 6144.0 3296.0  0.0   116224.0 40563.5   42496.0    10307.1   15744.0 15185.8 1920.0 1729.8      8    0.106   0      0.000    0.106
3584.0 6144.0 3296.0  0.0   116224.0 40563.5   42496.0    10307.1   15744.0 15185.8 1920.0 1729.8      8    0.106   0      0.000    0.106
3584.0 6144.0 3296.0  0.0   116224.0 40563.5   42496.0    10307.1   15744.0 15185.8 1920.0 1729.8      8    0.106   0      0.000    0.106
3584.0 6144.0 3296.0  0.0   116224.0 40563.5   42496.0    10307.1   15744.0 15185.8 1920.0 1729.8      8    0.106   0      0.000    0.106
3584.0 6144.0 3296.0  0.0   116224.0 40563.5   42496.0    10307.1   15744.0 15185.8 1920.0 1729.8      8    0.106   0      0.000    0.106
3584.0 6144.0 3296.0  0.0   116224.0 46554.8   42496.0    10307.1   15744.0 15185.8 1920.0 1729.8      8    0.106   0      0.000    0.106
3584.0 6144.0 3296.0  0.0   116224.0 46554.8   42496.0    10307.1   15744.0 15185.8 1920.0 1729.8      8    0.106   0      0.000    0.106
3584.0 6144.0 3296.0  0.0   116224.0 46554.8   42496.0    10307.1   15744.0 15185.8 1920.0 1729.8      8    0.106   0      0.000    0.106
3584.0 6144.0 3296.0  0.0   116224.0 46554.8   42496.0    10307.1   15744.0 15185.8 1920.0 1729.8      8    0.106   0      0.000    0.106
3584.0 6144.0 3296.0  0.0   116224.0 46554.8   42496.0    10307.1   15744.0 15185.8 1920.0 1729.8      8    0.106   0      0.000    0.106
3584.0 6144.0 3296.0  0.0   116224.0 46554.8   42496.0    10307.1   15744.0 15185.8 1920.0 1729.8      8    0.106   0      0.000    0.106
3584.0 6144.0 3296.0  0.0   116224.0 46554.8   42496.0    10307.1   15744.0 15185.8 1920.0 1729.8      8    0.106   0      0.000    0.106
3584.0 6144.0 3296.0  0.0   116224.0 46554.8   42496.0    10307.1   15744.0 15185.8 1920.0 1729.8      8    0.106   0      0.000    0.106
3584.0 6144.0 3296.0  0.0   116224.0 46554.8   42496.0    10307.1   15744.0 15185.8 1920.0 1729.8      8    0.106   0      0.000    0.106
3584.0 6144.0 3296.0  0.0   116224.0 46554.8   42496.0    10307.1   15744.0 15185.8 1920.0 1729.8      8    0.106   0      0.000    0.106
3584.0 6144.0 3296.0  0.0   116224.0 46554.8   42496.0    10307.1   15744.0 15185.8 1920.0 1729.8      8    0.106   0      0.000    0.106
3584.0 6144.0 3296.0  0.0   116224.0 46554.8   42496.0    10307.1   15744.0 15185.8 1920.0 1729.8      8    0.106   0      0.000    0.106
3584.0 6144.0 3296.0  0.0   116224.0 52817.4   42496.0    10307.1   15744.0 15185.8 1920.0 1729.8      8    0.106   0      0.000    0.106
3584.0 6144.0 3296.0  0.0   116224.0 52817.4   42496.0    10307.1   15744.0 15185.8 1920.0 1729.8      8    0.106   0      0.000    0.106
3584.0 6144.0 3296.0  0.0   116224.0 52817.4   42496.0    10307.1   15744.0 15185.8 1920.0 1729.8      8    0.106   0      0.000    0.106
3584.0 6144.0 3296.0  0.0   116224.0 52898.6   42496.0    10307.1   15744.0 15185.8 1920.0 1729.8      8    0.106   0      0.000    0.106
3584.0 6144.0 3296.0  0.0   116224.0 52898.6   42496.0    10307.1   15744.0 15185.8 1920.0 1729.8      8    0.106   0      0.000    0.106
3584.0 6144.0 3296.0  0.0   116224.0 52898.6   42496.0    10307.1   15744.0 15185.8 1920.0 1729.8      8    0.106   0      0.000    0.106
3584.0 6144.0 3296.0  0.0   116224.0 52979.6   42496.0    10307.1   15744.0 15185.8 1920.0 1729.8      8    0.106   0      0.000    0.106
3584.0 6144.0 3296.0  0.0   116224.0 52979.6   42496.0    10307.1   15744.0 15185.8 1920.0 1729.8      8    0.106   0      0.000    0.106
3584.0 6144.0 3296.0  0.0   116224.0 52979.6   42496.0    10307.1   15744.0 15185.8 1920.0 1729.8      8    0.106   0      0.000    0.106
3584.0 6144.0 3296.0  0.0   116224.0 53060.6   42496.0    10307.1   15744.0 15185.8 1920.0 1729.8      8    0.106   0      0.000    0.106
3584.0 6144.0 3296.0  0.0   116224.0 53060.6   42496.0    10307.1   15744.0 15185.8 1920.0 1729.8      8    0.106   0      0.000    0.106
3584.0 6144.0 3296.0  0.0   116224.0 53060.6   42496.0    10307.1   15744.0 15185.8 1920.0 1729.8      8    0.106   0      0.000    0.106
3584.0 6144.0 3296.0  0.0   116224.0 59155.2   42496.0    10307.1   15744.0 15185.8 1920.0 1729.8      8    0.106   0      0.000    0.106
3584.0 6144.0 3296.0  0.0   116224.0 59155.2   42496.0    10307.1   15744.0 15185.8 1920.0 1729.8      8    0.106   0      0.000    0.106
3584.0 6144.0 3296.0  0.0   116224.0 59155.2   42496.0    10307.1   15744.0 15185.8 1920.0 1729.8      8    0.106   0      0.000    0.106
3584.0 6144.0 3296.0  0.0   116224.0 59236.1   42496.0    10307.1   15744.0 15185.8 1920.0 1729.8      8    0.106   0      0.000    0.106
3584.0 6144.0 3296.0  0.0   116224.0 59236.1   42496.0    10307.1   15744.0 15185.8 1920.0 1729.8      8    0.106   0      0.000    0.106
3584.0 6144.0 3296.0  0.0   116224.0 59236.1   42496.0    10307.1   15744.0 15185.8 1920.0 1729.8      8    0.106   0      0.000    0.106
3584.0 6144.0 3296.0  0.0   116224.0 59317.0   42496.0    10307.1   15744.0 15185.8 1920.0 1729.8      8    0.106   0      0.000    0.106
3584.0 6144.0 3296.0  0.0   116224.0 59317.0   42496.0    10307.1   15744.0 15185.8 1920.0 1729.8      8    0.106   0      0.000    0.106
3584.0 6144.0 3296.0  0.0   116224.0 59317.0   42496.0    10307.1   15744.0 15185.8 1920.0 1729.8      8    0.106   0      0.000    0.106
3584.0 6144.0 3296.0  0.0   116224.0 59398.0   42496.0    10307.1   15744.0 15185.8 1920.0 1729.8      8    0.106   0      0.000    0.106
3584.0 6144.0 3296.0  0.0   116224.0 59398.0   42496.0    10307.1   15744.0 15185.8 1920.0 1729.8      8    0.106   0      0.000    0.106
3584.0 6144.0 3296.0  0.0   116224.0 59398.0   42496.0    10307.1   15744.0 15185.8 1920.0 1729.8      8    0.106   0      0.000    0.106
3584.0 6144.0 3296.0  0.0   116224.0 65238.6   42496.0    10307.1   15744.0 15185.8 1920.0 1729.8      8    0.106   0      0.000    0.106
3584.0 6144.0 3296.0  0.0   116224.0 65238.6   42496.0    10307.1   15744.0 15185.8 1920.0 1729.8      8    0.106   0      0.000    0.106
3584.0 6144.0 3296.0  0.0   116224.0 65238.6   42496.0    10307.1   15744.0 15185.8 1920.0 1729.8      8    0.106   0      0.000    0.106
3584.0 6144.0 3296.0  0.0   116224.0 65347.2   42496.0    10307.1   15744.0 15185.8 1920.0 1729.8      8    0.106   0      0.000    0.106
3584.0 6144.0 3296.0  0.0   116224.0 65347.2   42496.0    10307.1   15744.0 15185.8 1920.0 1729.8      8    0.106   0      0.000    0.106
3584.0 6144.0 3296.0  0.0   116224.0 65347.2   42496.0    10307.1   15744.0 15185.8 1920.0 1729.8      8    0.106   0      0.000    0.106
3584.0 6144.0 3296.0  0.0   116224.0 65433.4   42496.0    10307.1   15744.0 15185.8 1920.0 1729.8      8    0.106   0      0.000    0.106
3584.0 6144.0 3296.0  0.0   116224.0 65433.4   42496.0    10307.1   15744.0 15185.8 1920.0 1729.8      8    0.106   0      0.000    0.106
3584.0 6144.0 3296.0  0.0   116224.0 65433.4   42496.0    10307.1   15744.0 15185.8 1920.0 1729.8      8    0.106   0      0.000    0.106
3584.0 6144.0 3296.0  0.0   116224.0 65507.9   42496.0    10307.1   15744.0 15185.8 1920.0 1729.8      8    0.106   0      0.000    0.106
3584.0 6144.0 3296.0  0.0   116224.0 65507.9   42496.0    10307.1   15744.0 15185.8 1920.0 1729.8      8    0.106   0      0.000    0.106
3584.0 6144.0 3296.0  0.0   116224.0 65507.9   42496.0    10307.1   15744.0 15185.8 1920.0 1729.8      8    0.106   0      0.000    0.106
3584.0 6144.0 3296.0  0.0   116224.0 71580.3   42496.0    10307.1   15744.0 15185.8 1920.0 1729.8      8    0.106   0      0.000    0.106
3584.0 6144.0 3296.0  0.0   116224.0 71580.3   42496.0    10307.1   15744.0 15185.8 1920.0 1729.8      8    0.106   0      0.000    0.106
3584.0 6144.0 3296.0  0.0   116224.0 71580.3   42496.0    10307.1   15744.0 15185.8 1920.0 1729.8      8    0.106   0      0.000    0.106
3584.0 6144.0 3296.0  0.0   116224.0 71580.3   42496.0    10307.1   15744.0 15185.8 1920.0 1729.8      8    0.106   0      0.000    0.106
3584.0 6144.0 3296.0  0.0   116224.0 71580.3   42496.0    10307.1   15744.0 15185.8 1920.0 1729.8      8    0.106   0      0.000    0.106
3584.0 6144.0 3296.0  0.0   116224.0 71580.3   42496.0    10307.1   15744.0 15185.8 1920.0 1729.8      8    0.106   0      0.000    0.106
3584.0 6144.0 3296.0  0.0   116224.0 71580.3   42496.0    10307.1   15744.0 15185.8 1920.0 1729.8      8    0.106   0      0.000    0.106
3584.0 6144.0 3296.0  0.0   116224.0 71580.3   42496.0    10307.1   15744.0 15185.8 1920.0 1729.8      8    0.106   0      0.000    0.106
3584.0 6144.0 3296.0  0.0   116224.0 71580.3   42496.0    10307.1   15744.0 15185.8 1920.0 1729.8      8    0.106   0      0.000    0.106
3584.0 6144.0 3296.0  0.0   116224.0 71580.3   42496.0    10307.1   15744.0 15185.8 1920.0 1729.8      8    0.106   0      0.000    0.106
3584.0 6144.0 3296.0  0.0   116224.0 71580.3   42496.0    10307.1   15744.0 15185.8 1920.0 1729.8      8    0.106   0      0.000    0.106
3584.0 6144.0 3296.0  0.0   116224.0 71580.3   42496.0    10307.1   15744.0 15185.8 1920.0 1729.8      8    0.106   0      0.000    0.106
3584.0 6144.0 3296.0  0.0   116224.0 78083.2   42496.0    10307.1   15744.0 15185.8 1920.0 1729.8      8    0.106   0      0.000    0.106
3584.0 6144.0 3296.0  0.0   116224.0 78083.2   42496.0    10307.1   15744.0 15185.8 1920.0 1729.8      8    0.106   0      0.000    0.106
3584.0 6144.0 3296.0  0.0   116224.0 78083.2   42496.0    10307.1   15744.0 15185.8 1920.0 1729.8      8    0.106   0      0.000    0.106
3584.0 6144.0 3296.0  0.0   116224.0 78083.2   42496.0    10307.1   15744.0 15185.8 1920.0 1729.8      8    0.106   0      0.000    0.106
3584.0 6144.0 3296.0  0.0   116224.0 78083.2   42496.0    10307.1   15744.0 15185.8 1920.0 1729.8      8    0.106   0      0.000    0.106
3584.0 6144.0 3296.0  0.0   116224.0 78083.2   42496.0    10307.1   15744.0 15185.8 1920.0 1729.8      8    0.106   0      0.000    0.106
3584.0 6144.0 3296.0  0.0   116224.0 78213.4   42496.0    10307.1   15744.0 15185.8 1920.0 1729.8      8    0.106   0      0.000    0.106
3584.0 6144.0 3296.0  0.0   116224.0 78213.4   42496.0    10307.1   15744.0 15185.8 1920.0 1729.8      8    0.106   0      0.000    0.106
3584.0 6144.0 3296.0  0.0   116224.0 78213.4   42496.0    10307.1   15744.0 15185.8 1920.0 1729.8      8    0.106   0      0.000    0.106
3584.0 6144.0 3296.0  0.0   116224.0 78213.4   42496.0    10307.1   15744.0 15185.8 1920.0 1729.8      8    0.106   0      0.000    0.106
3584.0 6144.0 3296.0  0.0   116224.0 78213.4   42496.0    10307.1   15744.0 15185.8 1920.0 1729.8      8    0.106   0      0.000    0.106
3584.0 6144.0 3296.0  0.0   116224.0 78213.4   42496.0    10307.1   15744.0 15185.8 1920.0 1729.8      8    0.106   0      0.000    0.106
3584.0 6144.0 3296.0  0.0   116224.0 83712.4   42496.0    10307.1   15744.0 15185.8 1920.0 1729.8      8    0.106   0      0.000    0.106
3584.0 6144.0 3296.0  0.0   116224.0 83712.4   42496.0    10307.1   15744.0 15185.8 1920.0 1729.8      8    0.106   0      0.000    0.106
3584.0 6144.0 3296.0  0.0   116224.0 83712.4   42496.0    10307.1   15744.0 15185.8 1920.0 1729.8      8    0.106   0      0.000    0.106
3584.0 6144.0 3296.0  0.0   116224.0 83720.4   42496.0    10307.1   15744.0 15185.8 1920.0 1729.8      8    0.106   0      0.000    0.106
3584.0 6144.0 3296.0  0.0   116224.0 83720.4   42496.0    10307.1   15744.0 15185.8 1920.0 1729.8      8    0.106   0      0.000    0.106
3584.0 6144.0 3296.0  0.0   116224.0 83720.4   42496.0    10307.1   15744.0 15185.8 1920.0 1729.8      8    0.106   0      0.000    0.106
3584.0 6144.0 3296.0  0.0   116224.0 83793.4   42496.0    10307.1   15744.0 15185.8 1920.0 1729.8      8    0.106   0      0.000    0.106
3584.0 6144.0 3296.0  0.0   116224.0 83793.4   42496.0    10307.1   15744.0 15185.8 1920.0 1729.8      8    0.106   0      0.000    0.106
3584.0 6144.0 3296.0  0.0   116224.0 83793.4   42496.0    10307.1   15744.0 15185.8 1920.0 1729.8      8    0.106   0      0.000    0.106
3584.0 6144.0 3296.0  0.0   116224.0 83801.4   42496.0    10307.1   15744.0 15185.8 1920.0 1729.8      8    0.106   0      0.000    0.106
3584.0 6144.0 3296.0  0.0   116224.0 83801.4   42496.0    10307.1   15744.0 15185.8 1920.0 1729.8      8    0.106   0      0.000    0.106
3584.0 6144.0 3296.0  0.0   116224.0 83801.4   42496.0    10307.1   15744.0 15185.8 1920.0 1729.8      8    0.106   0      0.000    0.106
3584.0 6144.0 3296.0  0.0   116224.0 89898.5   42496.0    10307.1   15744.0 15185.8 1920.0 1729.8      8    0.106   0      0.000    0.106
3584.0 6144.0 3296.0  0.0   116224.0 89898.5   42496.0    10307.1   15744.0 15185.8 1920.0 1729.8      8    0.106   0      0.000    0.106
3584.0 6144.0 3296.0  0.0   116224.0 89898.5   42496.0    10307.1   15744.0 15185.8 1920.0 1729.8      8    0.106   0      0.000    0.106
3584.0 6144.0 3296.0  0.0   116224.0 89906.5   42496.0    10307.1   15744.0 15185.8 1920.0 1729.8      8    0.106   0      0.000    0.106
3584.0 6144.0 3296.0  0.0   116224.0 89906.5   42496.0    10307.1   15744.0 15185.8 1920.0 1729.8      8    0.106   0      0.000    0.106
3584.0 6144.0 3296.0  0.0   116224.0 89906.5   42496.0    10307.1   15744.0 15185.8 1920.0 1729.8      8    0.106   0      0.000    0.106
3584.0 6144.0 3296.0  0.0   116224.0 89914.5   42496.0    10307.1   15744.0 15185.8 1920.0 1729.8      8    0.106   0      0.000    0.106
3584.0 6144.0 3296.0  0.0   116224.0 89914.5   42496.0    10307.1   15744.0 15185.8 1920.0 1729.8      8    0.106   0      0.000    0.106
3584.0 6144.0 3296.0  0.0   116224.0 89914.5   42496.0    10307.1   15744.0 15185.8 1920.0 1729.8      8    0.106   0      0.000    0.106
3584.0 6144.0 3296.0  0.0   116224.0 89922.5   42496.0    10307.1   15744.0 15185.8 1920.0 1729.8      8    0.106   0      0.000    0.106
3584.0 6144.0 3296.0  0.0   116224.0 89922.5   42496.0    10307.1   15744.0 15185.8 1920.0 1729.8      8    0.106   0      0.000    0.106
3584.0 6144.0 3296.0  0.0   116224.0 89922.5   42496.0    10307.1   15744.0 15185.8 1920.0 1729.8      8    0.106   0      0.000    0.106
3584.0 6144.0 3296.0  0.0   116224.0 95418.8   42496.0    10307.1   15744.0 15185.8 1920.0 1729.8      8    0.106   0      0.000    0.106
3584.0 6144.0 3296.0  0.0   116224.0 95418.8   42496.0    10307.1   15744.0 15185.8 1920.0 1729.8      8    0.106   0      0.000    0.106
3584.0 6144.0 3296.0  0.0   116224.0 95418.8   42496.0    10307.1   15744.0 15185.8 1920.0 1729.8      8    0.106   0      0.000    0.106
3584.0 6144.0 3296.0  0.0   116224.0 95418.8   42496.0    10307.1   15744.0 15185.8 1920.0 1729.8      8    0.106   0      0.000    0.106
3584.0 6144.0 3296.0  0.0   116224.0 95418.8   42496.0    10307.1   15744.0 15185.8 1920.0 1729.8      8    0.106   0      0.000    0.106
3584.0 6144.0 3296.0  0.0   116224.0 95418.8   42496.0    10307.1   15744.0 15185.8 1920.0 1729.8      8    0.106   0      0.000    0.106
3584.0 6144.0 3296.0  0.0   116224.0 95513.0   42496.0    10307.1   15744.0 15185.8 1920.0 1729.8      8    0.106   0      0.000    0.106
3584.0 6144.0 3296.0  0.0   116224.0 95513.0   42496.0    10307.1   15744.0 15185.8 1920.0 1729.8      8    0.106   0      0.000    0.106
3584.0 6144.0 3296.0  0.0   116224.0 95513.0   42496.0    10307.1   15744.0 15185.8 1920.0 1729.8      8    0.106   0      0.000    0.106
3584.0 6144.0 3296.0  0.0   116224.0 95586.2   42496.0    10307.1   15744.0 15185.8 1920.0 1729.8      8    0.106   0      0.000    0.106
3584.0 6144.0 3296.0  0.0   116224.0 95586.2   42496.0    10307.1   15744.0 15185.8 1920.0 1729.8      8    0.106   0      0.000    0.106
3584.0 6144.0 3296.0  0.0   116224.0 95586.2   42496.0    10307.1   15744.0 15185.8 1920.0 1729.8      8    0.106   0      0.000    0.106
3584.0 6144.0 3296.0  0.0   116224.0 102096.0  42496.0    10307.1   15744.0 15185.8 1920.0 1729.8      8    0.106   0      0.000    0.106
3584.0 6144.0 3296.0  0.0   116224.0 102096.0  42496.0    10307.1   15744.0 15185.8 1920.0 1729.8      8    0.106   0      0.000    0.106
3584.0 6144.0 3296.0  0.0   116224.0 102096.0  42496.0    10307.1   15744.0 15185.8 1920.0 1729.8      8    0.106   0      0.000    0.106
3584.0 6144.0 3296.0  0.0   116224.0 102243.5  42496.0    10307.1   15744.0 15185.8 1920.0 1729.8      8    0.106   0      0.000    0.106
3584.0 6144.0 3296.0  0.0   116224.0 102243.5  42496.0    10307.1   15744.0 15185.8 1920.0 1729.8      8    0.106   0      0.000    0.106
3584.0 6144.0 3296.0  0.0   116224.0 102243.5  42496.0    10307.1   15744.0 15185.8 1920.0 1729.8      8    0.106   0      0.000    0.106
3584.0 6144.0 3296.0  0.0   116224.0 102243.5  42496.0    10307.1   15744.0 15185.8 1920.0 1729.8      8    0.106   0      0.000    0.106
3584.0 6144.0 3296.0  0.0   116224.0 102243.5  42496.0    10307.1   15744.0 15185.8 1920.0 1729.8      8    0.106   0      0.000    0.106
3584.0 6144.0 3296.0  0.0   116224.0 102243.5  42496.0    10307.1   15744.0 15185.8 1920.0 1729.8      8    0.106   0      0.000    0.106
3584.0 6144.0 3296.0  0.0   116224.0 102316.5  42496.0    10307.1   15744.0 15185.8 1920.0 1729.8      8    0.106   0      0.000    0.106
3584.0 6144.0 3296.0  0.0   116224.0 102316.5  42496.0    10307.1   15744.0 15185.8 1920.0 1729.8      8    0.106   0      0.000    0.106
3584.0 6144.0 3296.0  0.0   116224.0 102316.5  42496.0    10307.1   15744.0 15185.8 1920.0 1729.8      8    0.106   0      0.000    0.106
3584.0 6144.0 3296.0  0.0   116224.0 108459.4  42496.0    10307.1   15744.0 15185.8 1920.0 1729.8      8    0.106   0      0.000    0.106
3584.0 6144.0 3296.0  0.0   116224.0 108459.4  42496.0    10307.1   15744.0 15185.8 1920.0 1729.8      8    0.106   0      0.000    0.106
3584.0 6144.0 3296.0  0.0   116224.0 108459.4  42496.0    10307.1   15744.0 15185.8 1920.0 1729.8      8    0.106   0      0.000    0.106
3584.0 6144.0 3296.0  0.0   116224.0 108532.3  42496.0    10307.1   15744.0 15185.8 1920.0 1729.8      8    0.106   0      0.000    0.106
3584.0 6144.0 3296.0  0.0   116224.0 108532.3  42496.0    10307.1   15744.0 15185.8 1920.0 1729.8      8    0.106   0      0.000    0.106
3584.0 6144.0 3296.0  0.0   116224.0 108532.3  42496.0    10307.1   15744.0 15185.8 1920.0 1729.8      8    0.106   0      0.000    0.106
3584.0 6144.0 3296.0  0.0   116224.0 108607.2  42496.0    10307.1   15744.0 15185.8 1920.0 1729.8      8    0.106   0      0.000    0.106
3584.0 6144.0 3296.0  0.0   116224.0 108607.2  42496.0    10307.1   15744.0 15185.8 1920.0 1729.8      8    0.106   0      0.000    0.106
3584.0 6144.0 3296.0  0.0   116224.0 108607.2  42496.0    10307.1   15744.0 15185.8 1920.0 1729.8      8    0.106   0      0.000    0.106
3584.0 6144.0 3296.0  0.0   116224.0 108723.8  42496.0    10307.1   15744.0 15185.8 1920.0 1729.8      8    0.106   0      0.000    0.106
3584.0 6144.0 3296.0  0.0   116224.0 108723.8  42496.0    10307.1   15744.0 15185.8 1920.0 1729.8      8    0.106   0      0.000    0.106
3584.0 6144.0 3296.0  0.0   116224.0 108723.8  42496.0    10307.1   15744.0 15185.8 1920.0 1729.8      8    0.106   0      0.000    0.106
3584.0 6144.0 3296.0  0.0   116224.0 114744.7  42496.0    10307.1   15744.0 15185.8 1920.0 1729.8      8    0.106   0      0.000    0.106
3584.0 6144.0 3296.0  0.0   116224.0 114744.7  42496.0    10307.1   15744.0 15185.8 1920.0 1729.8      8    0.106   0      0.000    0.106
3584.0 6144.0 3296.0  0.0   116224.0 114744.7  42496.0    10307.1   15744.0 15185.8 1920.0 1729.8      8    0.106   0      0.000    0.106
3584.0 6144.0 3296.0  0.0   116224.0 114817.9  42496.0    10307.1   15744.0 15185.8 1920.0 1729.8      8    0.106   0      0.000    0.106
3584.0 6144.0 3296.0  0.0   116224.0 114817.9  42496.0    10307.1   15744.0 15185.8 1920.0 1729.8      8    0.106   0      0.000    0.106
3584.0 6144.0 3296.0  0.0   116224.0 114817.9  42496.0    10307.1   15744.0 15185.8 1920.0 1729.8      8    0.106   0      0.000    0.106
3584.0 6144.0 3296.0  0.0   116224.0 114898.9  42496.0    10307.1   15744.0 15185.8 1920.0 1729.8      8    0.106   0      0.000    0.106
3584.0 6144.0 3296.0  0.0   116224.0 114898.9  42496.0    10307.1   15744.0 15185.8 1920.0 1729.8      8    0.106   0      0.000    0.106
3584.0 6144.0 3296.0  0.0   116224.0 114898.9  42496.0    10307.1   15744.0 15185.8 1920.0 1729.8      8    0.106   0      0.000    0.106
3584.0 6144.0 3296.0  0.0   116224.0 114973.8  42496.0    10307.1   15744.0 15185.8 1920.0 1729.8      8    0.106   0      0.000    0.106
3584.0 6144.0 3296.0  0.0   116224.0 114973.8  42496.0    10307.1   15744.0 15185.8 1920.0 1729.8      8    0.106   0      0.000    0.106
3584.0 6144.0 3296.0  0.0   116224.0 114973.8  42496.0    10307.1   15744.0 15185.8 1920.0 1729.8      8    0.106   0      0.000    0.106
5632.0 3584.0  0.0   3424.0 111616.0  5027.2   42496.0    10723.1   15744.0 15193.6 1920.0 1731.6      9    0.117   0      0.000    0.117
5632.0 3584.0  0.0   3424.0 111616.0  5027.2   42496.0    10723.1   15744.0 15193.6 1920.0 1731.6      9    0.117   0      0.000    0.117
5632.0 3584.0  0.0   3424.0 111616.0  5027.2   42496.0    10723.1   15744.0 15193.6 1920.0 1731.6      9    0.117   0      0.000    0.117
5632.0 3584.0  0.0   3424.0 111616.0  5123.1   42496.0    10723.1   15744.0 15193.6 1920.0 1731.6      9    0.117   0      0.000    0.117
5632.0 3584.0  0.0   3424.0 111616.0  5123.1   42496.0    10723.1   15744.0 15193.6 1920.0 1731.6      9    0.117   0      0.000    0.117
5632.0 3584.0  0.0   3424.0 111616.0  5123.1   42496.0    10723.1   15744.0 15193.6 1920.0 1731.6      9    0.117   0      0.000    0.117
5632.0 3584.0  0.0   3424.0 111616.0  5170.8   42496.0    10723.1   15744.0 15193.6 1920.0 1731.6      9    0.117   0      0.000    0.117
5632.0 3584.0  0.0   3424.0 111616.0  5170.8   42496.0    10723.1   15744.0 15193.6 1920.0 1731.6      9    0.117   0      0.000    0.117
5632.0 3584.0  0.0   3424.0 111616.0  5170.8   42496.0    10723.1   15744.0 15193.6 1920.0 1731.6      9    0.117   0      0.000    0.117
5632.0 3584.0  0.0   3424.0 111616.0  5218.5   42496.0    10723.1   15744.0 15193.6 1920.0 1731.6      9    0.117   0      0.000    0.117
5632.0 3584.0  0.0   3424.0 111616.0  5218.5   42496.0    10723.1   15744.0 15193.6 1920.0 1731.6      9    0.117   0      0.000    0.117
5632.0 3584.0  0.0   3424.0 111616.0  5218.5   42496.0    10723.1   15744.0 15193.6 1920.0 1731.6      9    0.117   0      0.000    0.117
5632.0 3584.0  0.0   3424.0 111616.0 12476.1   42496.0    10723.1   15744.0 15193.6 1920.0 1731.6      9    0.117   0      0.000    0.117
5632.0 3584.0  0.0   3424.0 111616.0 12476.1   42496.0    10723.1   15744.0 15193.6 1920.0 1731.6      9    0.117   0      0.000    0.117
5632.0 3584.0  0.0   3424.0 111616.0 12476.1   42496.0    10723.1   15744.0 15193.6 1920.0 1731.6      9    0.117   0      0.000    0.117
5632.0 3584.0  0.0   3424.0 111616.0 12547.1   42496.0    10723.1   15744.0 15193.6 1920.0 1731.6      9    0.117   0      0.000    0.117
5632.0 3584.0  0.0   3424.0 111616.0 12547.1   42496.0    10723.1   15744.0 15193.6 1920.0 1731.6      9    0.117   0      0.000    0.117
5632.0 3584.0  0.0   3424.0 111616.0 12547.1   42496.0    10723.1   15744.0 15193.6 1920.0 1731.6      9    0.117   0      0.000    0.117
5632.0 3584.0  0.0   3424.0 111616.0 12602.7   42496.0    10723.1   15744.0 15193.6 1920.0 1731.6      9    0.117   0      0.000    0.117
5632.0 3584.0  0.0   3424.0 111616.0 12602.7   42496.0    10723.1   15744.0 15193.6 1920.0 1731.6      9    0.117   0      0.000    0.117
5632.0 3584.0  0.0   3424.0 111616.0 12602.7   42496.0    10723.1   15744.0 15193.6 1920.0 1731.6      9    0.117   0      0.000    0.117
5632.0 3584.0  0.0   3424.0 111616.0 12650.8   42496.0    10723.1   15744.0 15193.6 1920.0 1731.6      9    0.117   0      0.000    0.117
5632.0 3584.0  0.0   3424.0 111616.0 12650.8   42496.0    10723.1   15744.0 15193.6 1920.0 1731.6      9    0.117   0      0.000    0.117
5632.0 3584.0  0.0   3424.0 111616.0 12650.8   42496.0    10723.1   15744.0 15193.6 1920.0 1731.6      9    0.117   0      0.000    0.117
5632.0 3584.0  0.0   3424.0 111616.0 17846.1   42496.0    10723.1   15744.0 15193.6 1920.0 1731.6      9    0.117   0      0.000    0.117
5632.0 3584.0  0.0   3424.0 111616.0 17846.1   42496.0    10723.1   15744.0 15193.6 1920.0 1731.6      9    0.117   0      0.000    0.117
5632.0 3584.0  0.0   3424.0 111616.0 17846.1   42496.0    10723.1   15744.0 15193.6 1920.0 1731.6      9    0.117   0      0.000    0.117
5632.0 3584.0  0.0   3424.0 111616.0 17894.3   42496.0    10723.1   15744.0 15193.6 1920.0 1731.6      9    0.117   0      0.000    0.117
5632.0 3584.0  0.0   3424.0 111616.0 17894.3   42496.0    10723.1   15744.0 15193.6 1920.0 1731.6      9    0.117   0      0.000    0.117
5632.0 3584.0  0.0   3424.0 111616.0 17894.3   42496.0    10723.1   15744.0 15193.6 1920.0 1731.6      9    0.117   0      0.000    0.117
5632.0 3584.0  0.0   3424.0 111616.0 17949.9   42496.0    10723.1   15744.0 15193.6 1920.0 1731.6      9    0.117   0      0.000    0.117
5632.0 3584.0  0.0   3424.0 111616.0 17949.9   42496.0    10723.1   15744.0 15193.6 1920.0 1731.6      9    0.117   0      0.000    0.117
5632.0 3584.0  0.0   3424.0 111616.0 17949.9   42496.0    10723.1   15744.0 15193.6 1920.0 1731.6      9    0.117   0      0.000    0.117
5632.0 3584.0  0.0   3424.0 111616.0 17999.6   42496.0    10723.1   15744.0 15193.6 1920.0 1731.6      9    0.117   0      0.000    0.117
5632.0 3584.0  0.0   3424.0 111616.0 17999.6   42496.0    10723.1   15744.0 15193.6 1920.0 1731.6      9    0.117   0      0.000    0.117
5632.0 3584.0  0.0   3424.0 111616.0 17999.6   42496.0    10723.1   15744.0 15193.6 1920.0 1731.6      9    0.117   0      0.000    0.117
5632.0 3584.0  0.0   3424.0 111616.0 25033.5   42496.0    10723.1   15744.0 15193.6 1920.0 1731.6      9    0.117   0      0.000    0.117
5632.0 3584.0  0.0   3424.0 111616.0 25033.5   42496.0    10723.1   15744.0 15193.6 1920.0 1731.6      9    0.117   0      0.000    0.117
5632.0 3584.0  0.0   3424.0 111616.0 25033.5   42496.0    10723.1   15744.0 15193.6 1920.0 1731.6      9    0.117   0      0.000    0.117
5632.0 3584.0  0.0   3424.0 111616.0 25083.2   42496.0    10723.1   15744.0 15193.6 1920.0 1731.6      9    0.117   0      0.000    0.117
5632.0 3584.0  0.0   3424.0 111616.0 25083.2   42496.0    10723.1   15744.0 15193.6 1920.0 1731.6      9    0.117   0      0.000    0.117
5632.0 3584.0  0.0   3424.0 111616.0 25083.2   42496.0    10723.1   15744.0 15193.6 1920.0 1731.6      9    0.117   0      0.000    0.117
5632.0 3584.0  0.0   3424.0 111616.0 25133.1   42496.0    10723.1   15744.0 15193.6 1920.0 1731.6      9    0.117   0      0.000    0.117
5632.0 3584.0  0.0   3424.0 111616.0 25133.1   42496.0    10723.1   15744.0 15193.6 1920.0 1731.6      9    0.117   0      0.000    0.117
5632.0 3584.0  0.0   3424.0 111616.0 25133.1   42496.0    10723.1   15744.0 15193.6 1920.0 1731.6      9    0.117   0      0.000    0.117
5632.0 3584.0  0.0   3424.0 111616.0 25189.4   42496.0    10723.1   15744.0 15193.6 1920.0 1731.6      9    0.117   0      0.000    0.117
5632.0 3584.0  0.0   3424.0 111616.0 25189.4   42496.0    10723.1   15744.0 15193.6 1920.0 1731.6      9    0.117   0      0.000    0.117
5632.0 3584.0  0.0   3424.0 111616.0 25189.4   42496.0    10723.1   15744.0 15193.6 1920.0 1731.6      9    0.117   0      0.000    0.117
5632.0 3584.0  0.0   3424.0 111616.0 30365.7   42496.0    10723.1   15744.0 15193.6 1920.0 1731.6      9    0.117   0      0.000    0.117
5632.0 3584.0  0.0   3424.0 111616.0 30365.7   42496.0    10723.1   15744.0 15193.6 1920.0 1731.6      9    0.117   0      0.000    0.117
5632.0 3584.0  0.0   3424.0 111616.0 30365.7   42496.0    10723.1   15744.0 15193.6 1920.0 1731.6      9    0.117   0      0.000    0.117
5632.0 3584.0  0.0   3424.0 111616.0 30415.7   42496.0    10723.1   15744.0 15193.6 1920.0 1731.6      9    0.117   0      0.000    0.117
5632.0 3584.0  0.0   3424.0 111616.0 30415.7   42496.0    10723.1   15744.0 15193.6 1920.0 1731.6      9    0.117   0      0.000    0.117
5632.0 3584.0  0.0   3424.0 111616.0 30415.7   42496.0    10723.1   15744.0 15193.6 1920.0 1731.6      9    0.117   0      0.000    0.117
5632.0 3584.0  0.0   3424.0 111616.0 30465.8   42496.0    10723.1   15744.0 15193.6 1920.0 1731.6      9    0.117   0      0.000    0.117
5632.0 3584.0  0.0   3424.0 111616.0 30465.8   42496.0    10723.1   15744.0 15193.6 1920.0 1731.6      9    0.117   0      0.000    0.117
5632.0 3584.0  0.0   3424.0 111616.0 30465.8   42496.0    10723.1   15744.0 15193.6 1920.0 1731.6      9    0.117   0      0.000    0.117
5632.0 3584.0  0.0   3424.0 111616.0 30515.9   42496.0    10723.1   15744.0 15193.6 1920.0 1731.6      9    0.117   0      0.000    0.117
5632.0 3584.0  0.0   3424.0 111616.0 30515.9   42496.0    10723.1   15744.0 15193.6 1920.0 1731.6      9    0.117   0      0.000    0.117
5632.0 3584.0  0.0   3424.0 111616.0 30515.9   42496.0    10723.1   15744.0 15193.6 1920.0 1731.6      9    0.117   0      0.000    0.117
5632.0 3584.0  0.0   3424.0 111616.0 37286.9   42496.0    10723.1   15744.0 15193.6 1920.0 1731.6      9    0.117   0      0.000    0.117
5632.0 3584.0  0.0   3424.0 111616.0 37286.9   42496.0    10723.1   15744.0 15193.6 1920.0 1731.6      9    0.117   0      0.000    0.117
5632.0 3584.0  0.0   3424.0 111616.0 37286.9   42496.0    10723.1   15744.0 15193.6 1920.0 1731.6      9    0.117   0      0.000    0.117
5632.0 3584.0  0.0   3424.0 111616.0 37334.6   42496.0    10723.1   15744.0 15193.6 1920.0 1731.6      9    0.117   0      0.000    0.117
5632.0 3584.0  0.0   3424.0 111616.0 37334.6   42496.0    10723.1   15744.0 15193.6 1920.0 1731.6      9    0.117   0      0.000    0.117
5632.0 3584.0  0.0   3424.0 111616.0 37334.6   42496.0    10723.1   15744.0 15193.6 1920.0 1731.6      9    0.117   0      0.000    0.117
5632.0 3584.0  0.0   3424.0 111616.0 37382.3   42496.0    10723.1   15744.0 15193.6 1920.0 1731.6      9    0.117   0      0.000    0.117
5632.0 3584.0  0.0   3424.0 111616.0 37382.3   42496.0    10723.1   15744.0 15193.6 1920.0 1731.6      9    0.117   0      0.000    0.117
5632.0 3584.0  0.0   3424.0 111616.0 37382.3   42496.0    10723.1   15744.0 15193.6 1920.0 1731.6      9    0.117   0      0.000    0.117
5632.0 3584.0  0.0   3424.0 111616.0 37429.9   42496.0    10723.1   15744.0 15193.6 1920.0 1731.6      9    0.117   0      0.000    0.117
5632.0 3584.0  0.0   3424.0 111616.0 37429.9   42496.0    10723.1   15744.0 15193.6 1920.0 1731.6      9    0.117   0      0.000    0.117
5632.0 3584.0  0.0   3424.0 111616.0 37429.9   42496.0    10723.1   15744.0 15193.6 1920.0 1731.6      9    0.117   0      0.000    0.117
5632.0 3584.0  0.0   3424.0 111616.0 43333.9   42496.0    10723.1   15744.0 15193.6 1920.0 1731.6      9    0.117   0      0.000    0.117
5632.0 3584.0  0.0   3424.0 111616.0 43333.9   42496.0    10723.1   15744.0 15193.6 1920.0 1731.6      9    0.117   0      0.000    0.117
5632.0 3584.0  0.0   3424.0 111616.0 43333.9   42496.0    10723.1   15744.0 15193.6 1920.0 1731.6      9    0.117   0      0.000    0.117
5632.0 3584.0  0.0   3424.0 111616.0 43405.0   42496.0    10723.1   15744.0 15193.6 1920.0 1731.6      9    0.117   0      0.000    0.117
5632.0 3584.0  0.0   3424.0 111616.0 43405.0   42496.0    10723.1   15744.0 15193.6 1920.0 1731.6      9    0.117   0      0.000    0.117
5632.0 3584.0  0.0   3424.0 111616.0 43405.0   42496.0    10723.1   15744.0 15193.6 1920.0 1731.6      9    0.117   0      0.000    0.117
5632.0 3584.0  0.0   3424.0 111616.0 43462.6   42496.0    10723.1   15744.0 15193.6 1920.0 1731.6      9    0.117   0      0.000    0.117
5632.0 3584.0  0.0   3424.0 111616.0 43462.6   42496.0    10723.1   15744.0 15193.6 1920.0 1731.6      9    0.117   0      0.000    0.117
5632.0 3584.0  0.0   3424.0 111616.0 43462.6   42496.0    10723.1   15744.0 15193.6 1920.0 1731.6      9    0.117   0      0.000    0.117
5632.0 3584.0  0.0   3424.0 111616.0 43510.7   42496.0    10723.1   15744.0 15193.6 1920.0 1731.6      9    0.117   0      0.000    0.117
5632.0 3584.0  0.0   3424.0 111616.0 43510.7   42496.0    10723.1   15744.0 15193.6 1920.0 1731.6      9    0.117   0      0.000    0.117
5632.0 3584.0  0.0   3424.0 111616.0 43510.7   42496.0    10723.1   15744.0 15193.6 1920.0 1731.6      9    0.117   0      0.000    0.117
5632.0 3584.0  0.0   3424.0 111616.0 49175.4   42496.0    10723.1   15744.0 15193.6 1920.0 1731.6      9    0.117   0      0.000    0.117
5632.0 3584.0  0.0   3424.0 111616.0 49175.4   42496.0    10723.1   15744.0 15193.6 1920.0 1731.6      9    0.117   0      0.000    0.117
5632.0 3584.0  0.0   3424.0 111616.0 49175.4   42496.0    10723.1   15744.0 15193.6 1920.0 1731.6      9    0.117   0      0.000    0.117
5632.0 3584.0  0.0   3424.0 111616.0 49272.0   42496.0    10723.1   15744.0 15193.6 1920.0 1731.6      9    0.117   0      0.000    0.117
5632.0 3584.0  0.0   3424.0 111616.0 49272.0   42496.0    10723.1   15744.0 15193.6 1920.0 1731.6      9    0.117   0      0.000    0.117
5632.0 3584.0  0.0   3424.0 111616.0 49272.0   42496.0    10723.1   15744.0 15193.6 1920.0 1731.6      9    0.117   0      0.000    0.117
5632.0 3584.0  0.0   3424.0 111616.0 49321.5   42496.0    10723.1   15744.0 15193.6 1920.0 1731.6      9    0.117   0      0.000    0.117
5632.0 3584.0  0.0   3424.0 111616.0 49321.5   42496.0    10723.1   15744.0 15193.6 1920.0 1731.6      9    0.117   0      0.000    0.117
5632.0 3584.0  0.0   3424.0 111616.0 49321.5   42496.0    10723.1   15744.0 15193.6 1920.0 1731.6      9    0.117   0      0.000    0.117
5632.0 3584.0  0.0   3424.0 111616.0 49377.3   42496.0    10723.1   15744.0 15193.6 1920.0 1731.6      9    0.117   0      0.000    0.117
5632.0 3584.0  0.0   3424.0 111616.0 49377.3   42496.0    10723.1   15744.0 15193.6 1920.0 1731.6      9    0.117   0      0.000    0.117
5632.0 3584.0  0.0   3424.0 111616.0 49377.3   42496.0    10723.1   15744.0 15193.6 1920.0 1731.6      9    0.117   0      0.000    0.117
5632.0 3584.0  0.0   3424.0 111616.0 55280.3   42496.0    10723.1   15744.0 15193.6 1920.0 1731.6      9    0.117   0      0.000    0.117
5632.0 3584.0  0.0   3424.0 111616.0 55280.3   42496.0    10723.1   15744.0 15193.6 1920.0 1731.6      9    0.117   0      0.000    0.117
5632.0 3584.0  0.0   3424.0 111616.0 55280.3   42496.0    10723.1   15744.0 15193.6 1920.0 1731.6      9    0.117   0      0.000    0.117
5632.0 3584.0  0.0   3424.0 111616.0 55336.0   42496.0    10723.1   15744.0 15193.6 1920.0 1731.6      9    0.117   0      0.000    0.117
5632.0 3584.0  0.0   3424.0 111616.0 55336.0   42496.0    10723.1   15744.0 15193.6 1920.0 1731.6      9    0.117   0      0.000    0.117
5632.0 3584.0  0.0   3424.0 111616.0 55336.0   42496.0    10723.1   15744.0 15193.6 1920.0 1731.6      9    0.117   0      0.000    0.117
5632.0 3584.0  0.0   3424.0 111616.0 55392.0   42496.0    10723.1   15744.0 15193.6 1920.0 1731.6      9    0.117   0      0.000    0.117
5632.0 3584.0  0.0   3424.0 111616.0 55392.0   42496.0    10723.1   15744.0 15193.6 1920.0 1731.6      9    0.117   0      0.000    0.117
5632.0 3584.0  0.0   3424.0 111616.0 55392.0   42496.0    10723.1   15744.0 15193.6 1920.0 1731.6      9    0.117   0      0.000    0.117
5632.0 3584.0  0.0   3424.0 111616.0 55464.9   42496.0    10723.1   15744.0 15193.6 1920.0 1731.6      9    0.117   0      0.000    0.117
5632.0 3584.0  0.0   3424.0 111616.0 55464.9   42496.0    10723.1   15744.0 15193.6 1920.0 1731.6      9    0.117   0      0.000    0.117
5632.0 3584.0  0.0   3424.0 111616.0 55464.9   42496.0    10723.1   15744.0 15193.6 1920.0 1731.6      9    0.117   0      0.000    0.117
5632.0 3584.0  0.0   3424.0 111616.0 61777.0   42496.0    10723.1   15744.0 15193.6 1920.0 1731.6      9    0.117   0      0.000    0.117
5632.0 3584.0  0.0   3424.0 111616.0 61777.0   42496.0    10723.1   15744.0 15193.6 1920.0 1731.6      9    0.117   0      0.000    0.117
5632.0 3584.0  0.0   3424.0 111616.0 61777.0   42496.0    10723.1   15744.0 15193.6 1920.0 1731.6      9    0.117   0      0.000    0.117
5632.0 3584.0  0.0   3424.0 111616.0 61833.1   42496.0    10723.1   15744.0 15193.6 1920.0 1731.6      9    0.117   0      0.000    0.117
5632.0 3584.0  0.0   3424.0 111616.0 61833.1   42496.0    10723.1   15744.0 15193.6 1920.0 1731.6      9    0.117   0      0.000    0.117
5632.0 3584.0  0.0   3424.0 111616.0 61833.1   42496.0    10723.1   15744.0 15193.6 1920.0 1731.6      9    0.117   0      0.000    0.117
5632.0 3584.0  0.0   3424.0 111616.0 61889.2   42496.0    10723.1   15744.0 15193.6 1920.0 1731.6      9    0.117   0      0.000    0.117
5632.0 3584.0  0.0   3424.0 111616.0 61889.2   42496.0    10723.1   15744.0 15193.6 1920.0 1731.6      9    0.117   0      0.000    0.117
5632.0 3584.0  0.0   3424.0 111616.0 61889.2   42496.0    10723.1   15744.0 15193.6 1920.0 1731.6      9    0.117   0      0.000    0.117
5632.0 3584.0  0.0   3424.0 111616.0 61981.1   42496.0    10723.1   15744.0 15193.6 1920.0 1731.6      9    0.117   0      0.000    0.117
5632.0 3584.0  0.0   3424.0 111616.0 61981.1   42496.0    10723.1   15744.0 15193.6 1920.0 1731.6      9    0.117   0      0.000    0.117
5632.0 3584.0  0.0   3424.0 111616.0 61981.1   42496.0    10723.1   15744.0 15193.6 1920.0 1731.6      9    0.117   0      0.000    0.117
5632.0 3584.0  0.0   3424.0 111616.0 68276.9   42496.0    10723.1   15744.0 15193.6 1920.0 1731.6      9    0.117   0      0.000    0.117
5632.0 3584.0  0.0   3424.0 111616.0 68276.9   42496.0    10723.1   15744.0 15193.6 1920.0 1731.6      9    0.117   0      0.000    0.117
5632.0 3584.0  0.0   3424.0 111616.0 68276.9   42496.0    10723.1   15744.0 15193.6 1920.0 1731.6      9    0.117   0      0.000    0.117
5632.0 3584.0  0.0   3424.0 111616.0 68276.9   42496.0    10723.1   15744.0 15193.6 1920.0 1731.6      9    0.117   0      0.000    0.117
5632.0 3584.0  0.0   3424.0 111616.0 68276.9   42496.0    10723.1   15744.0 15193.6 1920.0 1731.6      9    0.117   0      0.000    0.117
5632.0 3584.0  0.0   3424.0 111616.0 68276.9   42496.0    10723.1   15744.0 15193.6 1920.0 1731.6      9    0.117   0      0.000    0.117
5632.0 3584.0  0.0   3424.0 111616.0 68276.9   42496.0    10723.1   15744.0 15193.6 1920.0 1731.6      9    0.117   0      0.000    0.117
5632.0 3584.0  0.0   3424.0 111616.0 68276.9   42496.0    10723.1   15744.0 15193.6 1920.0 1731.6      9    0.117   0      0.000    0.117
5632.0 3584.0  0.0   3424.0 111616.0 68276.9   42496.0    10723.1   15744.0 15193.6 1920.0 1731.6      9    0.117   0      0.000    0.117
5632.0 3584.0  0.0   3424.0 111616.0 68325.2   42496.0    10723.1   15744.0 15193.6 1920.0 1731.6      9    0.117   0      0.000    0.117
5632.0 3584.0  0.0   3424.0 111616.0 68325.2   42496.0    10723.1   15744.0 15193.6 1920.0 1731.6      9    0.117   0      0.000    0.117
5632.0 3584.0  0.0   3424.0 111616.0 68325.2   42496.0    10723.1   15744.0 15193.6 1920.0 1731.6      9    0.117   0      0.000    0.117
5632.0 3584.0  0.0   3424.0 111616.0 73951.4   42496.0    10723.1   15744.0 15193.6 1920.0 1731.6      9    0.117   0      0.000    0.117
5632.0 3584.0  0.0   3424.0 111616.0 73951.4   42496.0    10723.1   15744.0 15193.6 1920.0 1731.6      9    0.117   0      0.000    0.117
5632.0 3584.0  0.0   3424.0 111616.0 73951.4   42496.0    10723.1   15744.0 15193.6 1920.0 1731.6      9    0.117   0      0.000    0.117
5632.0 3584.0  0.0   3424.0 111616.0 73951.4   42496.0    10723.1   15744.0 15193.6 1920.0 1731.6      9    0.117   0      0.000    0.117
5632.0 3584.0  0.0   3424.0 111616.0 73951.4   42496.0    10723.1   15744.0 15193.6 1920.0 1731.6      9    0.117   0      0.000    0.117
5632.0 3584.0  0.0   3424.0 111616.0 73951.4   42496.0    10723.1   15744.0 15193.6 1920.0 1731.6      9    0.117   0      0.000    0.117
5632.0 3584.0  0.0   3424.0 111616.0 74007.1   42496.0    10723.1   15744.0 15193.6 1920.0 1731.6      9    0.117   0      0.000    0.117
5632.0 3584.0  0.0   3424.0 111616.0 74007.1   42496.0    10723.1   15744.0 15193.6 1920.0 1731.6      9    0.117   0      0.000    0.117
5632.0 3584.0  0.0   3424.0 111616.0 74007.1   42496.0    10723.1   15744.0 15193.6 1920.0 1731.6      9    0.117   0      0.000    0.117
5632.0 3584.0  0.0   3424.0 111616.0 74007.1   42496.0    10723.1   15744.0 15193.6 1920.0 1731.6      9    0.117   0      0.000    0.117
5632.0 3584.0  0.0   3424.0 111616.0 74007.1   42496.0    10723.1   15744.0 15193.6 1920.0 1731.6      9    0.117   0      0.000    0.117
5632.0 3584.0  0.0   3424.0 111616.0 74007.1   42496.0    10723.1   15744.0 15193.6 1920.0 1731.6      9    0.117   0      0.000    0.117
5632.0 3584.0  0.0   3424.0 111616.0 80087.7   42496.0    10723.1   15744.0 15193.6 1920.0 1731.6      9    0.117   0      0.000    0.117
5632.0 3584.0  0.0   3424.0 111616.0 80087.7   42496.0    10723.1   15744.0 15193.6 1920.0 1731.6      9    0.117   0      0.000    0.117
5632.0 3584.0  0.0   3424.0 111616.0 80087.7   42496.0    10723.1   15744.0 15193.6 1920.0 1731.6      9    0.117   0      0.000    0.117
5632.0 3584.0  0.0   3424.0 111616.0 80087.7   42496.0    10723.1   15744.0 15193.6 1920.0 1731.6      9    0.117   0      0.000    0.117
5632.0 3584.0  0.0   3424.0 111616.0 80087.7   42496.0    10723.1   15744.0 15193.6 1920.0 1731.6      9    0.117   0      0.000    0.117
5632.0 3584.0  0.0   3424.0 111616.0 80087.7   42496.0    10723.1   15744.0 15193.6 1920.0 1731.6      9    0.117   0      0.000    0.117
5632.0 3584.0  0.0   3424.0 111616.0 80143.3   42496.0    10723.1   15744.0 15193.6 1920.0 1731.6      9    0.117   0      0.000    0.117
5632.0 3584.0  0.0   3424.0 111616.0 80143.3   42496.0    10723.1   15744.0 15193.6 1920.0 1731.6      9    0.117   0      0.000    0.117
5632.0 3584.0  0.0   3424.0 111616.0 80143.3   42496.0    10723.1   15744.0 15193.6 1920.0 1731.6      9    0.117   0      0.000    0.117
5632.0 3584.0  0.0   3424.0 111616.0 80191.1   42496.0    10723.1   15744.0 15193.6 1920.0 1731.6      9    0.117   0      0.000    0.117
5632.0 3584.0  0.0   3424.0 111616.0 80191.1   42496.0    10723.1   15744.0 15193.6 1920.0 1731.6      9    0.117   0      0.000    0.117
5632.0 3584.0  0.0   3424.0 111616.0 80191.1   42496.0    10723.1   15744.0 15193.6 1920.0 1731.6      9    0.117   0      0.000    0.117
5632.0 3584.0  0.0   3424.0 111616.0 86317.7   42496.0    10723.1   15744.0 15193.6 1920.0 1731.6      9    0.117   0      0.000    0.117
5632.0 3584.0  0.0   3424.0 111616.0 86317.7   42496.0    10723.1   15744.0 15193.6 1920.0 1731.6      9    0.117   0      0.000    0.117
5632.0 3584.0  0.0   3424.0 111616.0 86317.7   42496.0    10723.1   15744.0 15193.6 1920.0 1731.6      9    0.117   0      0.000    0.117
5632.0 3584.0  0.0   3424.0 111616.0 86365.5   42496.0    10723.1   15744.0 15193.6 1920.0 1731.6      9    0.117   0      0.000    0.117
5632.0 3584.0  0.0   3424.0 111616.0 86365.5   42496.0    10723.1   15744.0 15193.6 1920.0 1731.6      9    0.117   0      0.000    0.117
5632.0 3584.0  0.0   3424.0 111616.0 86365.5   42496.0    10723.1   15744.0 15193.6 1920.0 1731.6      9    0.117   0      0.000    0.117
5632.0 3584.0  0.0   3424.0 111616.0 86413.5   42496.0    10723.1   15744.0 15193.6 1920.0 1731.6      9    0.117   0      0.000    0.117
5632.0 3584.0  0.0   3424.0 111616.0 86413.5   42496.0    10723.1   15744.0 15193.6 1920.0 1731.6      9    0.117   0      0.000    0.117
5632.0 3584.0  0.0   3424.0 111616.0 86413.5   42496.0    10723.1   15744.0 15193.6 1920.0 1731.6      9    0.117   0      0.000    0.117
5632.0 3584.0  0.0   3424.0 111616.0 86492.5   42496.0    10723.1   15744.0 15193.6 1920.0 1731.6      9    0.117   0      0.000    0.117
5632.0 3584.0  0.0   3424.0 111616.0 86492.5   42496.0    10723.1   15744.0 15193.6 1920.0 1731.6      9    0.117   0      0.000    0.117
5632.0 3584.0  0.0   3424.0 111616.0 86492.5   42496.0    10723.1   15744.0 15193.6 1920.0 1731.6      9    0.117   0      0.000    0.117
5632.0 3584.0  0.0   3424.0 111616.0 92118.9   42496.0    10723.1   15744.0 15193.6 1920.0 1731.6      9    0.117   0      0.000    0.117
5632.0 3584.0  0.0   3424.0 111616.0 92118.9   42496.0    10723.1   15744.0 15193.6 1920.0 1731.6      9    0.117   0      0.000    0.117
5632.0 3584.0  0.0   3424.0 111616.0 92118.9   42496.0    10723.1   15744.0 15193.6 1920.0 1731.6      9    0.117   0      0.000    0.117
5632.0 3584.0  0.0   3424.0 111616.0 92215.2   42496.0    10723.1   15744.0 15193.6 1920.0 1731.6      9    0.117   0      0.000    0.117
5632.0 3584.0  0.0   3424.0 111616.0 92215.2   42496.0    10723.1   15744.0 15193.6 1920.0 1731.6      9    0.117   0      0.000    0.117
5632.0 3584.0  0.0   3424.0 111616.0 92215.2   42496.0    10723.1   15744.0 15193.6 1920.0 1731.6      9    0.117   0      0.000    0.117
5632.0 3584.0  0.0   3424.0 111616.0 92263.3   42496.0    10723.1   15744.0 15193.6 1920.0 1731.6      9    0.117   0      0.000    0.117
5632.0 3584.0  0.0   3424.0 111616.0 92263.3   42496.0    10723.1   15744.0 15193.6 1920.0 1731.6      9    0.117   0      0.000    0.117
5632.0 3584.0  0.0   3424.0 111616.0 92263.3   42496.0    10723.1   15744.0 15193.6 1920.0 1731.6      9    0.117   0      0.000    0.117
5632.0 3584.0  0.0   3424.0 111616.0 92311.5   42496.0    10723.1   15744.0 15193.6 1920.0 1731.6      9    0.117   0      0.000    0.117
5632.0 3584.0  0.0   3424.0 111616.0 92311.5   42496.0    10723.1   15744.0 15193.6 1920.0 1731.6      9    0.117   0      0.000    0.117
5632.0 3584.0  0.0   3424.0 111616.0 92311.5   42496.0    10723.1   15744.0 15193.6 1920.0 1731.6      9    0.117   0      0.000    0.117
5632.0 3584.0  0.0   3424.0 111616.0 98857.1   42496.0    10723.1   15744.0 15193.6 1920.0 1731.6      9    0.117   0      0.000    0.117
5632.0 3584.0  0.0   3424.0 111616.0 98857.1   42496.0    10723.1   15744.0 15193.6 1920.0 1731.6      9    0.117   0      0.000    0.117
5632.0 3584.0  0.0   3424.0 111616.0 98857.1   42496.0    10723.1   15744.0 15193.6 1920.0 1731.6      9    0.117   0      0.000    0.117
5632.0 3584.0  0.0   3424.0 111616.0 98905.1   42496.0    10723.1   15744.0 15193.6 1920.0 1731.6      9    0.117   0      0.000    0.117
5632.0 3584.0  0.0   3424.0 111616.0 98905.1   42496.0    10723.1   15744.0 15193.6 1920.0 1731.6      9    0.117   0      0.000    0.117
5632.0 3584.0  0.0   3424.0 111616.0 98905.1   42496.0    10723.1   15744.0 15193.6 1920.0 1731.6      9    0.117   0      0.000    0.117
5632.0 3584.0  0.0   3424.0 111616.0 98952.8   42496.0    10723.1   15744.0 15193.6 1920.0 1731.6      9    0.117   0      0.000    0.117
5632.0 3584.0  0.0   3424.0 111616.0 98952.8   42496.0    10723.1   15744.0 15193.6 1920.0 1731.6      9    0.117   0      0.000    0.117
5632.0 3584.0  0.0   3424.0 111616.0 98952.8   42496.0    10723.1   15744.0 15193.6 1920.0 1731.6      9    0.117   0      0.000    0.117
5632.0 3584.0  0.0   3424.0 111616.0 99000.8   42496.0    10723.1   15744.0 15193.6 1920.0 1731.6      9    0.117   0      0.000    0.117
5632.0 3584.0  0.0   3424.0 111616.0 99000.8   42496.0    10723.1   15744.0 15193.6 1920.0 1731.6      9    0.117   0      0.000    0.117
5632.0 3584.0  0.0   3424.0 111616.0 99000.8   42496.0    10723.1   15744.0 15193.6 1920.0 1731.6      9    0.117   0      0.000    0.117
5632.0 3584.0  0.0   3424.0 111616.0 104601.7  42496.0    10723.1   15744.0 15193.6 1920.0 1731.6      9    0.117   0      0.000    0.117
5632.0 3584.0  0.0   3424.0 111616.0 104601.7  42496.0    10723.1   15744.0 15193.6 1920.0 1731.6      9    0.117   0      0.000    0.117
5632.0 3584.0  0.0   3424.0 111616.0 104601.7  42496.0    10723.1   15744.0 15193.6 1920.0 1731.6      9    0.117   0      0.000    0.117
5632.0 3584.0  0.0   3424.0 111616.0 104601.7  42496.0    10723.1   15744.0 15193.6 1920.0 1731.6      9    0.117   0      0.000    0.117
5632.0 3584.0  0.0   3424.0 111616.0 104601.7  42496.0    10723.1   15744.0 15193.6 1920.0 1731.6      9    0.117   0      0.000    0.117
5632.0 3584.0  0.0   3424.0 111616.0 104601.7  42496.0    10723.1   15744.0 15193.6 1920.0 1731.6      9    0.117   0      0.000    0.117
5632.0 3584.0  0.0   3424.0 111616.0 104657.4  42496.0    10723.1   15744.0 15193.6 1920.0 1731.6      9    0.117   0      0.000    0.117
5632.0 3584.0  0.0   3424.0 111616.0 104657.4  42496.0    10723.1   15744.0 15193.6 1920.0 1731.6      9    0.117   0      0.000    0.117
5632.0 3584.0  0.0   3424.0 111616.0 104657.4  42496.0    10723.1   15744.0 15193.6 1920.0 1731.6      9    0.117   0      0.000    0.117
5632.0 3584.0  0.0   3424.0 111616.0 104705.5  42496.0    10723.1   15744.0 15193.6 1920.0 1731.6      9    0.117   0      0.000    0.117
5632.0 3584.0  0.0   3424.0 111616.0 104705.5  42496.0    10723.1   15744.0 15193.6 1920.0 1731.6      9    0.117   0      0.000    0.117
5632.0 3584.0  0.0   3424.0 111616.0 104705.5  42496.0    10723.1   15744.0 15193.6 1920.0 1731.6      9    0.117   0      0.000    0.117
5632.0 3584.0  0.0   3424.0 111616.0 111055.3  42496.0    10723.1   15744.0 15193.6 1920.0 1731.6      9    0.117   0      0.000    0.117
5632.0 3584.0  0.0   3424.0 111616.0 111055.3  42496.0    10723.1   15744.0 15193.6 1920.0 1731.6      9    0.117   0      0.000    0.117
5632.0 3584.0  0.0   3424.0 111616.0 111055.3  42496.0    10723.1   15744.0 15193.6 1920.0 1731.6      9    0.117   0      0.000    0.117
5632.0 3584.0  0.0   3424.0 111616.0 111103.5  42496.0    10723.1   15744.0 15193.6 1920.0 1731.6      9    0.117   0      0.000    0.117
5632.0 3584.0  0.0   3424.0 111616.0 111103.5  42496.0    10723.1   15744.0 15193.6 1920.0 1731.6      9    0.117   0      0.000    0.117
5632.0 3584.0  0.0   3424.0 111616.0 111103.5  42496.0    10723.1   15744.0 15193.6 1920.0 1731.6      9    0.117   0      0.000    0.117
5632.0 3584.0  0.0   3424.0 111616.0 111151.1  42496.0    10723.1   15744.0 15193.6 1920.0 1731.6      9    0.117   0      0.000    0.117
5632.0 3584.0  0.0   3424.0 111616.0 111151.1  42496.0    10723.1   15744.0 15193.6 1920.0 1731.6      9    0.117   0      0.000    0.117
5632.0 3584.0  0.0   3424.0 111616.0 111151.1  42496.0    10723.1   15744.0 15193.6 1920.0 1731.6      9    0.117   0      0.000    0.117
5632.0 3584.0  0.0   3424.0 111616.0 111247.0  42496.0    10723.1   15744.0 15193.6 1920.0 1731.6      9    0.117   0      0.000    0.117
5632.0 3584.0  0.0   3424.0 111616.0 111247.0  42496.0    10723.1   15744.0 15193.6 1920.0 1731.6      9    0.117   0      0.000    0.117
5632.0 3584.0  0.0   3424.0 111616.0 111247.0  42496.0    10723.1   15744.0 15193.6 1920.0 1731.6      9    0.117   0      0.000    0.117
2560.0 6144.0 2144.0  0.0   107008.0  6416.2   42496.0    12147.1   15744.0 15215.3 1920.0 1732.1     10    0.127   0      0.000    0.127
2560.0 6144.0 2144.0  0.0   107008.0  6416.2   42496.0    12147.1   15744.0 15215.3 1920.0 1732.1     10    0.127   0      0.000    0.127
2560.0 6144.0 2144.0  0.0   107008.0  6416.2   42496.0    12147.1   15744.0 15215.3 1920.0 1732.1     10    0.127   0      0.000    0.127
2560.0 6144.0 2144.0  0.0   107008.0  6487.9   42496.0    12147.1   15744.0 15215.3 1920.0 1732.1     10    0.127   0      0.000    0.127
2560.0 6144.0 2144.0  0.0   107008.0  6487.9   42496.0    12147.1   15744.0 15215.3 1920.0 1732.1     10    0.127   0      0.000    0.127
2560.0 6144.0 2144.0  0.0   107008.0  6487.9   42496.0    12147.1   15744.0 15215.3 1920.0 1732.1     10    0.127   0      0.000    0.127
2560.0 6144.0 2144.0  0.0   107008.0  6527.6   42496.0    12147.1   15744.0 15215.3 1920.0 1732.1     10    0.127   0      0.000    0.127
2560.0 6144.0 2144.0  0.0   107008.0  6527.6   42496.0    12147.1   15744.0 15215.3 1920.0 1732.1     10    0.127   0      0.000    0.127
2560.0 6144.0 2144.0  0.0   107008.0  6527.6   42496.0    12147.1   15744.0 15215.3 1920.0 1732.1     10    0.127   0      0.000    0.127
2560.0 6144.0 2144.0  0.0   107008.0  6573.4   42496.0    12147.1   15744.0 15215.3 1920.0 1732.1     10    0.127   0      0.000    0.127
2560.0 6144.0 2144.0  0.0   107008.0  6573.4   42496.0    12147.1   15744.0 15215.3 1920.0 1732.1     10    0.127   0      0.000    0.127
2560.0 6144.0 2144.0  0.0   107008.0  6573.4   42496.0    12147.1   15744.0 15215.3 1920.0 1732.1     10    0.127   0      0.000    0.127
2560.0 6144.0 2144.0  0.0   107008.0 11780.4   42496.0    12147.1   15744.0 15215.3 1920.0 1732.1     10    0.127   0      0.000    0.127
2560.0 6144.0 2144.0  0.0   107008.0 11780.4   42496.0    12147.1   15744.0 15215.3 1920.0 1732.1     10    0.127   0      0.000    0.127
2560.0 6144.0 2144.0  0.0   107008.0 11780.4   42496.0    12147.1   15744.0 15215.3 1920.0 1732.1     10    0.127   0      0.000    0.127
2560.0 6144.0 2144.0  0.0   107008.0 11820.1   42496.0    12147.1   15744.0 15215.3 1920.0 1732.1     10    0.127   0      0.000    0.127
2560.0 6144.0 2144.0  0.0   107008.0 11820.1   42496.0    12147.1   15744.0 15215.3 1920.0 1732.1     10    0.127   0      0.000    0.127
2560.0 6144.0 2144.0  0.0   107008.0 11820.1   42496.0    12147.1   15744.0 15215.3 1920.0 1732.1     10    0.127   0      0.000    0.127
2560.0 6144.0 2144.0  0.0   107008.0 11859.8   42496.0    12147.1   15744.0 15215.3 1920.0 1732.1     10    0.127   0      0.000    0.127
2560.0 6144.0 2144.0  0.0   107008.0 11859.8   42496.0    12147.1   15744.0 15215.3 1920.0 1732.1     10    0.127   0      0.000    0.127
2560.0 6144.0 2144.0  0.0   107008.0 11859.8   42496.0    12147.1   15744.0 15215.3 1920.0 1732.1     10    0.127   0      0.000    0.127
2560.0 6144.0 2144.0  0.0   107008.0 11899.5   42496.0    12147.1   15744.0 15215.3 1920.0 1732.1     10    0.127   0      0.000    0.127
2560.0 6144.0 2144.0  0.0   107008.0 11899.5   42496.0    12147.1   15744.0 15215.3 1920.0 1732.1     10    0.127   0      0.000    0.127
2560.0 6144.0 2144.0  0.0   107008.0 11899.5   42496.0    12147.1   15744.0 15215.3 1920.0 1732.1     10    0.127   0      0.000    0.127
2560.0 6144.0 2144.0  0.0   107008.0 18385.0   42496.0    12147.1   15744.0 15215.3 1920.0 1732.1     10    0.127   0      0.000    0.127
2560.0 6144.0 2144.0  0.0   107008.0 18385.0   42496.0    12147.1   15744.0 15215.3 1920.0 1732.1     10    0.127   0      0.000    0.127
2560.0 6144.0 2144.0  0.0   107008.0 18385.0   42496.0    12147.1   15744.0 15215.3 1920.0 1732.1     10    0.127   0      0.000    0.127
2560.0 6144.0 2144.0  0.0   107008.0 18425.0   42496.0    12147.1   15744.0 15215.3 1920.0 1732.1     10    0.127   0      0.000    0.127
2560.0 6144.0 2144.0  0.0   107008.0 18425.0   42496.0    12147.1   15744.0 15215.3 1920.0 1732.1     10    0.127   0      0.000    0.127
2560.0 6144.0 2144.0  0.0   107008.0 18425.0   42496.0    12147.1   15744.0 15215.3 1920.0 1732.1     10    0.127   0      0.000    0.127
2560.0 6144.0 2144.0  0.0   107008.0 18488.5   42496.0    12147.1   15744.0 15215.3 1920.0 1732.1     10    0.127   0      0.000    0.127
2560.0 6144.0 2144.0  0.0   107008.0 18488.5   42496.0    12147.1   15744.0 15215.3 1920.0 1732.1     10    0.127   0      0.000    0.127
2560.0 6144.0 2144.0  0.0   107008.0 18488.5   42496.0    12147.1   15744.0 15215.3 1920.0 1732.1     10    0.127   0      0.000    0.127
2560.0 6144.0 2144.0  0.0   107008.0 18528.2   42496.0    12147.1   15744.0 15215.3 1920.0 1732.1     10    0.127   0      0.000    0.127
2560.0 6144.0 2144.0  0.0   107008.0 18528.2   42496.0    12147.1   15744.0 15215.3 1920.0 1732.1     10    0.127   0      0.000    0.127
2560.0 6144.0 2144.0  0.0   107008.0 18528.2   42496.0    12147.1   15744.0 15215.3 1920.0 1732.1     10    0.127   0      0.000    0.127
2560.0 6144.0 2144.0  0.0   107008.0 24934.1   42496.0    12147.1   15744.0 15215.3 1920.0 1732.1     10    0.127   0      0.000    0.127
2560.0 6144.0 2144.0  0.0   107008.0 24934.1   42496.0    12147.1   15744.0 15215.3 1920.0 1732.1     10    0.127   0      0.000    0.127
2560.0 6144.0 2144.0  0.0   107008.0 24934.1   42496.0    12147.1   15744.0 15215.3 1920.0 1732.1     10    0.127   0      0.000    0.127
2560.0 6144.0 2144.0  0.0   107008.0 24979.9   42496.0    12147.1   15744.0 15215.3 1920.0 1732.1     10    0.127   0      0.000    0.127
2560.0 6144.0 2144.0  0.0   107008.0 24979.9   42496.0    12147.1   15744.0 15215.3 1920.0 1732.1     10    0.127   0      0.000    0.127
2560.0 6144.0 2144.0  0.0   107008.0 24979.9   42496.0    12147.1   15744.0 15215.3 1920.0 1732.1     10    0.127   0      0.000    0.127
2560.0 6144.0 2144.0  0.0   107008.0 25018.5   42496.0    12147.1   15744.0 15215.3 1920.0 1732.1     10    0.127   0      0.000    0.127
2560.0 6144.0 2144.0  0.0   107008.0 25018.5   42496.0    12147.1   15744.0 15215.3 1920.0 1732.1     10    0.127   0      0.000    0.127
2560.0 6144.0 2144.0  0.0   107008.0 25018.5   42496.0    12147.1   15744.0 15215.3 1920.0 1732.1     10    0.127   0      0.000    0.127
2560.0 6144.0 2144.0  0.0   107008.0 25058.3   42496.0    12147.1   15744.0 15215.3 1920.0 1732.1     10    0.127   0      0.000    0.127
2560.0 6144.0 2144.0  0.0   107008.0 25058.3   42496.0    12147.1   15744.0 15215.3 1920.0 1732.1     10    0.127   0      0.000    0.127
2560.0 6144.0 2144.0  0.0   107008.0 25058.3   42496.0    12147.1   15744.0 15215.3 1920.0 1732.1     10    0.127   0      0.000    0.127
2560.0 6144.0 2144.0  0.0   107008.0 30536.9   42496.0    12147.1   15744.0 15215.3 1920.0 1732.1     10    0.127   0      0.000    0.127
2560.0 6144.0 2144.0  0.0   107008.0 30536.9   42496.0    12147.1   15744.0 15215.3 1920.0 1732.1     10    0.127   0      0.000    0.127
2560.0 6144.0 2144.0  0.0   107008.0 30536.9   42496.0    12147.1   15744.0 15215.3 1920.0 1732.1     10    0.127   0      0.000    0.127
2560.0 6144.0 2144.0  0.0   107008.0 30576.7   42496.0    12147.1   15744.0 15215.3 1920.0 1732.1     10    0.127   0      0.000    0.127
2560.0 6144.0 2144.0  0.0   107008.0 30576.7   42496.0    12147.1   15744.0 15215.3 1920.0 1732.1     10    0.127   0      0.000    0.127
2560.0 6144.0 2144.0  0.0   107008.0 30576.7   42496.0    12147.1   15744.0 15215.3 1920.0 1732.1     10    0.127   0      0.000    0.127
2560.0 6144.0 2144.0  0.0   107008.0 30618.6   42496.0    12147.1   15744.0 15215.3 1920.0 1732.1     10    0.127   0      0.000    0.127
2560.0 6144.0 2144.0  0.0   107008.0 30618.6   42496.0    12147.1   15744.0 15215.3 1920.0 1732.1     10    0.127   0      0.000    0.127
2560.0 6144.0 2144.0  0.0   107008.0 30618.6   42496.0    12147.1   15744.0 15215.3 1920.0 1732.1     10    0.127   0      0.000    0.127
2560.0 6144.0 2144.0  0.0   107008.0 30716.6   42496.0    12147.1   15744.0 15215.3 1920.0 1732.1     10    0.127   0      0.000    0.127
2560.0 6144.0 2144.0  0.0   107008.0 30716.6   42496.0    12147.1   15744.0 15215.3 1920.0 1732.1     10    0.127   0      0.000    0.127
2560.0 6144.0 2144.0  0.0   107008.0 30716.6   42496.0    12147.1   15744.0 15215.3 1920.0 1732.1     10    0.127   0      0.000    0.127
2560.0 6144.0 2144.0  0.0   107008.0 37134.0   42496.0    12147.1   15744.0 15215.3 1920.0 1732.1     10    0.127   0      0.000    0.127
2560.0 6144.0 2144.0  0.0   107008.0 37134.0   42496.0    12147.1   15744.0 15215.3 1920.0 1732.1     10    0.127   0      0.000    0.127
2560.0 6144.0 2144.0  0.0   107008.0 37134.0   42496.0    12147.1   15744.0 15215.3 1920.0 1732.1     10    0.127   0      0.000    0.127
2560.0 6144.0 2144.0  0.0   107008.0 37199.2   42496.0    12147.1   15744.0 15215.3 1920.0 1732.1     10    0.127   0      0.000    0.127
2560.0 6144.0 2144.0  0.0   107008.0 37199.2   42496.0    12147.1   15744.0 15215.3 1920.0 1732.1     10    0.127   0      0.000    0.127
2560.0 6144.0 2144.0  0.0   107008.0 37199.2   42496.0    12147.1   15744.0 15215.3 1920.0 1732.1     10    0.127   0      0.000    0.127
2560.0 6144.0 2144.0  0.0   107008.0 37264.6   42496.0    12147.1   15744.0 15215.3 1920.0 1732.1     10    0.127   0      0.000    0.127
2560.0 6144.0 2144.0  0.0   107008.0 37264.6   42496.0    12147.1   15744.0 15215.3 1920.0 1732.1     10    0.127   0      0.000    0.127
2560.0 6144.0 2144.0  0.0   107008.0 37264.6   42496.0    12147.1   15744.0 15215.3 1920.0 1732.1     10    0.127   0      0.000    0.127
2560.0 6144.0 2144.0  0.0   107008.0 37310.4   42496.0    12147.1   15744.0 15215.3 1920.0 1732.1     10    0.127   0      0.000    0.127
2560.0 6144.0 2144.0  0.0   107008.0 37310.4   42496.0    12147.1   15744.0 15215.3 1920.0 1732.1     10    0.127   0      0.000    0.127
2560.0 6144.0 2144.0  0.0   107008.0 37310.4   42496.0    12147.1   15744.0 15215.3 1920.0 1732.1     10    0.127   0      0.000    0.127
2560.0 6144.0 2144.0  0.0   107008.0 43343.0   42496.0    12147.1   15744.0 15215.3 1920.0 1732.1     10    0.127   0      0.000    0.127
2560.0 6144.0 2144.0  0.0   107008.0 43343.0   42496.0    12147.1   15744.0 15215.3 1920.0 1732.1     10    0.127   0      0.000    0.127
2560.0 6144.0 2144.0  0.0   107008.0 43343.0   42496.0    12147.1   15744.0 15215.3 1920.0 1732.1     10    0.127   0      0.000    0.127
2560.0 6144.0 2144.0  0.0   107008.0 43408.2   42496.0    12147.1   15744.0 15215.3 1920.0 1732.1     10    0.127   0      0.000    0.127
2560.0 6144.0 2144.0  0.0   107008.0 43408.2   42496.0    12147.1   15744.0 15215.3 1920.0 1732.1     10    0.127   0      0.000    0.127
2560.0 6144.0 2144.0  0.0   107008.0 43408.2   42496.0    12147.1   15744.0 15215.3 1920.0 1732.1     10    0.127   0      0.000    0.127
2560.0 6144.0 2144.0  0.0   107008.0 43447.9   42496.0    12147.1   15744.0 15215.3 1920.0 1732.1     10    0.127   0      0.000    0.127
2560.0 6144.0 2144.0  0.0   107008.0 43447.9   42496.0    12147.1   15744.0 15215.3 1920.0 1732.1     10    0.127   0      0.000    0.127
2560.0 6144.0 2144.0  0.0   107008.0 43447.9   42496.0    12147.1   15744.0 15215.3 1920.0 1732.1     10    0.127   0      0.000    0.127
2560.0 6144.0 2144.0  0.0   107008.0 43513.3   42496.0    12147.1   15744.0 15215.3 1920.0 1732.1     10    0.127   0      0.000    0.127
2560.0 6144.0 2144.0  0.0   107008.0 43513.3   42496.0    12147.1   15744.0 15215.3 1920.0 1732.1     10    0.127   0      0.000    0.127
2560.0 6144.0 2144.0  0.0   107008.0 43513.3   42496.0    12147.1   15744.0 15215.3 1920.0 1732.1     10    0.127   0      0.000    0.127
2560.0 6144.0 2144.0  0.0   107008.0 49168.8   42496.0    12147.1   15744.0 15215.3 1920.0 1732.1     10    0.127   0      0.000    0.127
2560.0 6144.0 2144.0  0.0   107008.0 49168.8   42496.0    12147.1   15744.0 15215.3 1920.0 1732.1     10    0.127   0      0.000    0.127
2560.0 6144.0 2144.0  0.0   107008.0 49168.8   42496.0    12147.1   15744.0 15215.3 1920.0 1732.1     10    0.127   0      0.000    0.127
2560.0 6144.0 2144.0  0.0   107008.0 49208.8   42496.0    12147.1   15744.0 15215.3 1920.0 1732.1     10    0.127   0      0.000    0.127
2560.0 6144.0 2144.0  0.0   107008.0 49208.8   42496.0    12147.1   15744.0 15215.3 1920.0 1732.1     10    0.127   0      0.000    0.127
2560.0 6144.0 2144.0  0.0   107008.0 49208.8   42496.0    12147.1   15744.0 15215.3 1920.0 1732.1     10    0.127   0      0.000    0.127
2560.0 6144.0 2144.0  0.0   107008.0 49248.5   42496.0    12147.1   15744.0 15215.3 1920.0 1732.1     10    0.127   0      0.000    0.127
2560.0 6144.0 2144.0  0.0   107008.0 49248.5   42496.0    12147.1   15744.0 15215.3 1920.0 1732.1     10    0.127   0      0.000    0.127
2560.0 6144.0 2144.0  0.0   107008.0 49248.5   42496.0    12147.1   15744.0 15215.3 1920.0 1732.1     10    0.127   0      0.000    0.127
2560.0 6144.0 2144.0  0.0   107008.0 49288.2   42496.0    12147.1   15744.0 15215.3 1920.0 1732.1     10    0.127   0      0.000    0.127
2560.0 6144.0 2144.0  0.0   107008.0 49288.2   42496.0    12147.1   15744.0 15215.3 1920.0 1732.1     10    0.127   0      0.000    0.127
2560.0 6144.0 2144.0  0.0   107008.0 49288.2   42496.0    12147.1   15744.0 15215.3 1920.0 1732.1     10    0.127   0      0.000    0.127
2560.0 6144.0 2144.0  0.0   107008.0 55511.2   42496.0    12147.1   15744.0 15215.3 1920.0 1732.1     10    0.127   0      0.000    0.127
2560.0 6144.0 2144.0  0.0   107008.0 55511.2   42496.0    12147.1   15744.0 15215.3 1920.0 1732.1     10    0.127   0      0.000    0.127
2560.0 6144.0 2144.0  0.0   107008.0 55511.2   42496.0    12147.1   15744.0 15215.3 1920.0 1732.1     10    0.127   0      0.000    0.127
2560.0 6144.0 2144.0  0.0   107008.0 55557.1   42496.0    12147.1   15744.0 15215.3 1920.0 1732.1     10    0.127   0      0.000    0.127
2560.0 6144.0 2144.0  0.0   107008.0 55557.1   42496.0    12147.1   15744.0 15215.3 1920.0 1732.1     10    0.127   0      0.000    0.127
2560.0 6144.0 2144.0  0.0   107008.0 55557.1   42496.0    12147.1   15744.0 15215.3 1920.0 1732.1     10    0.127   0      0.000    0.127
2560.0 6144.0 2144.0  0.0   107008.0 55595.6   42496.0    12147.1   15744.0 15215.3 1920.0 1732.1     10    0.127   0      0.000    0.127
2560.0 6144.0 2144.0  0.0   107008.0 55595.6   42496.0    12147.1   15744.0 15215.3 1920.0 1732.1     10    0.127   0      0.000    0.127
2560.0 6144.0 2144.0  0.0   107008.0 55595.6   42496.0    12147.1   15744.0 15215.3 1920.0 1732.1     10    0.127   0      0.000    0.127
2560.0 6144.0 2144.0  0.0   107008.0 55635.3   42496.0    12147.1   15744.0 15215.3 1920.0 1732.1     10    0.127   0      0.000    0.127
2560.0 6144.0 2144.0  0.0   107008.0 55635.3   42496.0    12147.1   15744.0 15215.3 1920.0 1732.1     10    0.127   0      0.000    0.127
2560.0 6144.0 2144.0  0.0   107008.0 55635.3   42496.0    12147.1   15744.0 15215.3 1920.0 1732.1     10    0.127   0      0.000    0.127
2560.0 6144.0 2144.0  0.0   107008.0 62113.6   42496.0    12147.1   15744.0 15215.3 1920.0 1732.1     10    0.127   0      0.000    0.127
2560.0 6144.0 2144.0  0.0   107008.0 62113.6   42496.0    12147.1   15744.0 15215.3 1920.0 1732.1     10    0.127   0      0.000    0.127
2560.0 6144.0 2144.0  0.0   107008.0 62113.6   42496.0    12147.1   15744.0 15215.3 1920.0 1732.1     10    0.127   0      0.000    0.127
2560.0 6144.0 2144.0  0.0   107008.0 62153.4   42496.0    12147.1   15744.0 15215.3 1920.0 1732.1     10    0.127   0      0.000    0.127
2560.0 6144.0 2144.0  0.0   107008.0 62153.4   42496.0    12147.1   15744.0 15215.3 1920.0 1732.1     10    0.127   0      0.000    0.127
2560.0 6144.0 2144.0  0.0   107008.0 62153.4   42496.0    12147.1   15744.0 15215.3 1920.0 1732.1     10    0.127   0      0.000    0.127
2560.0 6144.0 2144.0  0.0   107008.0 62225.2   42496.0    12147.1   15744.0 15215.3 1920.0 1732.1     10    0.127   0      0.000    0.127
2560.0 6144.0 2144.0  0.0   107008.0 62225.2   42496.0    12147.1   15744.0 15215.3 1920.0 1732.1     10    0.127   0      0.000    0.127
2560.0 6144.0 2144.0  0.0   107008.0 62225.2   42496.0    12147.1   15744.0 15215.3 1920.0 1732.1     10    0.127   0      0.000    0.127
2560.0 6144.0 2144.0  0.0   107008.0 62265.2   42496.0    12147.1   15744.0 15215.3 1920.0 1732.1     10    0.127   0      0.000    0.127
2560.0 6144.0 2144.0  0.0   107008.0 62265.2   42496.0    12147.1   15744.0 15215.3 1920.0 1732.1     10    0.127   0      0.000    0.127
2560.0 6144.0 2144.0  0.0   107008.0 62265.2   42496.0    12147.1   15744.0 15215.3 1920.0 1732.1     10    0.127   0      0.000    0.127
2560.0 6144.0 2144.0  0.0   107008.0 68066.4   42496.0    12147.1   15744.0 15215.3 1920.0 1732.1     10    0.127   0      0.000    0.127
2560.0 6144.0 2144.0  0.0   107008.0 68066.4   42496.0    12147.1   15744.0 15215.3 1920.0 1732.1     10    0.127   0      0.000    0.127
2560.0 6144.0 2144.0  0.0   107008.0 68066.4   42496.0    12147.1   15744.0 15215.3 1920.0 1732.1     10    0.127   0      0.000    0.127
2560.0 6144.0 2144.0  0.0   107008.0 68106.0   42496.0    12147.1   15744.0 15215.3 1920.0 1732.1     10    0.127   0      0.000    0.127
2560.0 6144.0 2144.0  0.0   107008.0 68106.0   42496.0    12147.1   15744.0 15215.3 1920.0 1732.1     10    0.127   0      0.000    0.127
2560.0 6144.0 2144.0  0.0   107008.0 68106.0   42496.0    12147.1   15744.0 15215.3 1920.0 1732.1     10    0.127   0      0.000    0.127
2560.0 6144.0 2144.0  0.0   107008.0 68145.8   42496.0    12147.1   15744.0 15215.3 1920.0 1732.1     10    0.127   0      0.000    0.127
2560.0 6144.0 2144.0  0.0   107008.0 68145.8   42496.0    12147.1   15744.0 15215.3 1920.0 1732.1     10    0.127   0      0.000    0.127
2560.0 6144.0 2144.0  0.0   107008.0 68145.8   42496.0    12147.1   15744.0 15215.3 1920.0 1732.1     10    0.127   0      0.000    0.127
2560.0 6144.0 2144.0  0.0   107008.0 68199.7   42496.0    12147.1   15744.0 15215.3 1920.0 1732.1     10    0.127   0      0.000    0.127
2560.0 6144.0 2144.0  0.0   107008.0 68199.7   42496.0    12147.1   15744.0 15215.3 1920.0 1732.1     10    0.127   0      0.000    0.127
2560.0 6144.0 2144.0  0.0   107008.0 68199.7   42496.0    12147.1   15744.0 15215.3 1920.0 1732.1     10    0.127   0      0.000    0.127
2560.0 6144.0 2144.0  0.0   107008.0 73838.4   42496.0    12147.1   15744.0 15215.3 1920.0 1732.1     10    0.127   0      0.000    0.127
2560.0 6144.0 2144.0  0.0   107008.0 73838.4   42496.0    12147.1   15744.0 15215.3 1920.0 1732.1     10    0.127   0      0.000    0.127
2560.0 6144.0 2144.0  0.0   107008.0 73838.4   42496.0    12147.1   15744.0 15215.3 1920.0 1732.1     10    0.127   0      0.000    0.127
2560.0 6144.0 2144.0  0.0   107008.0 73878.1   42496.0    12147.1   15744.0 15215.3 1920.0 1732.1     10    0.127   0      0.000    0.127
2560.0 6144.0 2144.0  0.0   107008.0 73878.1   42496.0    12147.1   15744.0 15215.3 1920.0 1732.1     10    0.127   0      0.000    0.127
2560.0 6144.0 2144.0  0.0   107008.0 73878.1   42496.0    12147.1   15744.0 15215.3 1920.0 1732.1     10    0.127   0      0.000    0.127
2560.0 6144.0 2144.0  0.0   107008.0 73917.8   42496.0    12147.1   15744.0 15215.3 1920.0 1732.1     10    0.127   0      0.000    0.127
2560.0 6144.0 2144.0  0.0   107008.0 73917.8   42496.0    12147.1   15744.0 15215.3 1920.0 1732.1     10    0.127   0      0.000    0.127
2560.0 6144.0 2144.0  0.0   107008.0 73917.8   42496.0    12147.1   15744.0 15215.3 1920.0 1732.1     10    0.127   0      0.000    0.127
2560.0 6144.0 2144.0  0.0   107008.0 73989.6   42496.0    12147.1   15744.0 15215.3 1920.0 1732.1     10    0.127   0      0.000    0.127
2560.0 6144.0 2144.0  0.0   107008.0 73989.6   42496.0    12147.1   15744.0 15215.3 1920.0 1732.1     10    0.127   0      0.000    0.127
2560.0 6144.0 2144.0  0.0   107008.0 73989.6   42496.0    12147.1   15744.0 15215.3 1920.0 1732.1     10    0.127   0      0.000    0.127
2560.0 6144.0 2144.0  0.0   107008.0 80348.1   42496.0    12147.1   15744.0 15215.3 1920.0 1732.1     10    0.127   0      0.000    0.127
2560.0 6144.0 2144.0  0.0   107008.0 80348.1   42496.0    12147.1   15744.0 15215.3 1920.0 1732.1     10    0.127   0      0.000    0.127
2560.0 6144.0 2144.0  0.0   107008.0 80348.1   42496.0    12147.1   15744.0 15215.3 1920.0 1732.1     10    0.127   0      0.000    0.127
2560.0 6144.0 2144.0  0.0   107008.0 80388.1   42496.0    12147.1   15744.0 15215.3 1920.0 1732.1     10    0.127   0      0.000    0.127
2560.0 6144.0 2144.0  0.0   107008.0 80388.1   42496.0    12147.1   15744.0 15215.3 1920.0 1732.1     10    0.127   0      0.000    0.127
2560.0 6144.0 2144.0  0.0   107008.0 80388.1   42496.0    12147.1   15744.0 15215.3 1920.0 1732.1     10    0.127   0      0.000    0.127
2560.0 6144.0 2144.0  0.0   107008.0 80427.7   42496.0    12147.1   15744.0 15215.3 1920.0 1732.1     10    0.127   0      0.000    0.127
2560.0 6144.0 2144.0  0.0   107008.0 80427.7   42496.0    12147.1   15744.0 15215.3 1920.0 1732.1     10    0.127   0      0.000    0.127
2560.0 6144.0 2144.0  0.0   107008.0 80427.7   42496.0    12147.1   15744.0 15215.3 1920.0 1732.1     10    0.127   0      0.000    0.127
2560.0 6144.0 2144.0  0.0   107008.0 80467.4   42496.0    12147.1   15744.0 15215.3 1920.0 1732.1     10    0.127   0      0.000    0.127
2560.0 6144.0 2144.0  0.0   107008.0 80467.4   42496.0    12147.1   15744.0 15215.3 1920.0 1732.1     10    0.127   0      0.000    0.127
2560.0 6144.0 2144.0  0.0   107008.0 80467.4   42496.0    12147.1   15744.0 15215.3 1920.0 1732.1     10    0.127   0      0.000    0.127
2560.0 6144.0 2144.0  0.0   107008.0 86094.6   42496.0    12147.1   15744.0 15215.3 1920.0 1732.1     10    0.127   0      0.000    0.127
2560.0 6144.0 2144.0  0.0   107008.0 86094.6   42496.0    12147.1   15744.0 15215.3 1920.0 1732.1     10    0.127   0      0.000    0.127
2560.0 6144.0 2144.0  0.0   107008.0 86094.6   42496.0    12147.1   15744.0 15215.3 1920.0 1732.1     10    0.127   0      0.000    0.127
2560.0 6144.0 2144.0  0.0   107008.0 86094.6   42496.0    12147.1   15744.0 15215.3 1920.0 1732.1     10    0.127   0      0.000    0.127
2560.0 6144.0 2144.0  0.0   107008.0 86094.6   42496.0    12147.1   15744.0 15215.3 1920.0 1732.1     10    0.127   0      0.000    0.127
2560.0 6144.0 2144.0  0.0   107008.0 86094.6   42496.0    12147.1   15744.0 15215.3 1920.0 1732.1     10    0.127   0      0.000    0.127
2560.0 6144.0 2144.0  0.0   107008.0 86167.8   42496.0    12147.1   15744.0 15215.3 1920.0 1732.1     10    0.127   0      0.000    0.127
2560.0 6144.0 2144.0  0.0   107008.0 86167.8   42496.0    12147.1   15744.0 15215.3 1920.0 1732.1     10    0.127   0      0.000    0.127
2560.0 6144.0 2144.0  0.0   107008.0 86167.8   42496.0    12147.1   15744.0 15215.3 1920.0 1732.1     10    0.127   0      0.000    0.127
2560.0 6144.0 2144.0  0.0   107008.0 86207.4   42496.0    12147.1   15744.0 15215.3 1920.0 1732.1     10    0.127   0      0.000    0.127
2560.0 6144.0 2144.0  0.0   107008.0 86207.4   42496.0    12147.1   15744.0 15215.3 1920.0 1732.1     10    0.127   0      0.000    0.127
2560.0 6144.0 2144.0  0.0   107008.0 86207.4   42496.0    12147.1   15744.0 15215.3 1920.0 1732.1     10    0.127   0      0.000    0.127
2560.0 6144.0 2144.0  0.0   107008.0 92625.4   42496.0    12147.1   15744.0 15215.3 1920.0 1732.1     10    0.127   0      0.000    0.127
2560.0 6144.0 2144.0  0.0   107008.0 92625.4   42496.0    12147.1   15744.0 15215.3 1920.0 1732.1     10    0.127   0      0.000    0.127
2560.0 6144.0 2144.0  0.0   107008.0 92625.4   42496.0    12147.1   15744.0 15215.3 1920.0 1732.1     10    0.127   0      0.000    0.127
2560.0 6144.0 2144.0  0.0   107008.0 92665.2   42496.0    12147.1   15744.0 15215.3 1920.0 1732.1     10    0.127   0      0.000    0.127
2560.0 6144.0 2144.0  0.0   107008.0 92665.2   42496.0    12147.1   15744.0 15215.3 1920.0 1732.1     10    0.127   0      0.000    0.127
2560.0 6144.0 2144.0  0.0   107008.0 92665.2   42496.0    12147.1   15744.0 15215.3 1920.0 1732.1     10    0.127   0      0.000    0.127
2560.0 6144.0 2144.0  0.0   107008.0 92705.0   42496.0    12147.1   15744.0 15215.3 1920.0 1732.1     10    0.127   0      0.000    0.127
2560.0 6144.0 2144.0  0.0   107008.0 92705.0   42496.0    12147.1   15744.0 15215.3 1920.0 1732.1     10    0.127   0      0.000    0.127
2560.0 6144.0 2144.0  0.0   107008.0 92705.0   42496.0    12147.1   15744.0 15215.3 1920.0 1732.1     10    0.127   0      0.000    0.127
2560.0 6144.0 2144.0  0.0   107008.0 92713.0   42496.0    12147.1   15744.0 15215.3 1920.0 1732.1     10    0.127   0      0.000    0.127
2560.0 6144.0 2144.0  0.0   107008.0 92713.0   42496.0    12147.1   15744.0 15215.3 1920.0 1732.1     10    0.127   0      0.000    0.127
2560.0 6144.0 2144.0  0.0   107008.0 92713.0   42496.0    12147.1   15744.0 15215.3 1920.0 1732.1     10    0.127   0      0.000    0.127
2560.0 6144.0 2144.0  0.0   107008.0 98573.1   42496.0    12147.1   15744.0 15215.3 1920.0 1732.1     10    0.127   0      0.000    0.127
2560.0 6144.0 2144.0  0.0   107008.0 98573.1   42496.0    12147.1   15744.0 15215.3 1920.0 1732.1     10    0.127   0      0.000    0.127
2560.0 6144.0 2144.0  0.0   107008.0 98573.1   42496.0    12147.1   15744.0 15215.3 1920.0 1732.1     10    0.127   0      0.000    0.127
2560.0 6144.0 2144.0  0.0   107008.0 98612.8   42496.0    12147.1   15744.0 15215.3 1920.0 1732.1     10    0.127   0      0.000    0.127
2560.0 6144.0 2144.0  0.0   107008.0 98612.8   42496.0    12147.1   15744.0 15215.3 1920.0 1732.1     10    0.127   0      0.000    0.127
2560.0 6144.0 2144.0  0.0   107008.0 98612.8   42496.0    12147.1   15744.0 15215.3 1920.0 1732.1     10    0.127   0      0.000    0.127
2560.0 6144.0 2144.0  0.0   107008.0 98652.6   42496.0    12147.1   15744.0 15215.3 1920.0 1732.1     10    0.127   0      0.000    0.127
2560.0 6144.0 2144.0  0.0   107008.0 98652.6   42496.0    12147.1   15744.0 15215.3 1920.0 1732.1     10    0.127   0      0.000    0.127
2560.0 6144.0 2144.0  0.0   107008.0 98652.6   42496.0    12147.1   15744.0 15215.3 1920.0 1732.1     10    0.127   0      0.000    0.127
2560.0 6144.0 2144.0  0.0   107008.0 98698.4   42496.0    12147.1   15744.0 15215.3 1920.0 1732.1     10    0.127   0      0.000    0.127
2560.0 6144.0 2144.0  0.0   107008.0 98698.4   42496.0    12147.1   15744.0 15215.3 1920.0 1732.1     10    0.127   0      0.000    0.127
2560.0 6144.0 2144.0  0.0   107008.0 98698.4   42496.0    12147.1   15744.0 15215.3 1920.0 1732.1     10    0.127   0      0.000    0.127
2560.0 6144.0 2144.0  0.0   107008.0 104699.1  42496.0    12147.1   15744.0 15215.3 1920.0 1732.1     10    0.127   0      0.000    0.127
2560.0 6144.0 2144.0  0.0   107008.0 104699.1  42496.0    12147.1   15744.0 15215.3 1920.0 1732.1     10    0.127   0      0.000    0.127
2560.0 6144.0 2144.0  0.0   107008.0 104699.1  42496.0    12147.1   15744.0 15215.3 1920.0 1732.1     10    0.127   0      0.000    0.127
2560.0 6144.0 2144.0  0.0   107008.0 104770.8  42496.0    12147.1   15744.0 15215.3 1920.0 1732.1     10    0.127   0      0.000    0.127
2560.0 6144.0 2144.0  0.0   107008.0 104770.8  42496.0    12147.1   15744.0 15215.3 1920.0 1732.1     10    0.127   0      0.000    0.127
2560.0 6144.0 2144.0  0.0   107008.0 104770.8  42496.0    12147.1   15744.0 15215.3 1920.0 1732.1     10    0.127   0      0.000    0.127
2560.0 6144.0 2144.0  0.0   107008.0 104836.1  42496.0    12147.1   15744.0 15215.3 1920.0 1732.1     10    0.127   0      0.000    0.127
2560.0 6144.0 2144.0  0.0   107008.0 104836.1  42496.0    12147.1   15744.0 15215.3 1920.0 1732.1     10    0.127   0      0.000    0.127
2560.0 6144.0 2144.0  0.0   107008.0 104836.1  42496.0    12147.1   15744.0 15215.3 1920.0 1732.1     10    0.127   0      0.000    0.127
2560.0 6144.0 2144.0  0.0   107008.0 104875.9  42496.0    12147.1   15744.0 15215.3 1920.0 1732.1     10    0.127   0      0.000    0.127
2560.0 6144.0 2144.0  0.0   107008.0 104875.9  42496.0    12147.1   15744.0 15215.3 1920.0 1732.1     10    0.127   0      0.000    0.127
2560.0 6144.0 2144.0  0.0   107008.0 104875.9  42496.0    12147.1   15744.0 15215.3 1920.0 1732.1     10    0.127   0      0.000    0.127
6144.0 1536.0  0.0   1056.0 102400.0  4207.2   42496.0    14147.2   15744.0 15215.3 1920.0 1732.1     11    0.138   0      0.000    0.138
6144.0 1536.0  0.0   1056.0 102400.0  4207.2   42496.0    14147.2   15744.0 15215.3 1920.0 1732.1     11    0.138   0      0.000    0.138
6144.0 1536.0  0.0   1056.0 102400.0  4207.2   42496.0    14147.2   15744.0 15215.3 1920.0 1732.1     11    0.138   0      0.000    0.138
6144.0 1536.0  0.0   1056.0 102400.0  4271.5   42496.0    14147.2   15744.0 15215.3 1920.0 1732.1     11    0.138   0      0.000    0.138
6144.0 1536.0  0.0   1056.0 102400.0  4271.5   42496.0    14147.2   15744.0 15215.3 1920.0 1732.1     11    0.138   0      0.000    0.138
6144.0 1536.0  0.0   1056.0 102400.0  4271.5   42496.0    14147.2   15744.0 15215.3 1920.0 1732.1     11    0.138   0      0.000    0.138
6144.0 1536.0  0.0   1056.0 102400.0  4314.8   42496.0    14147.2   15744.0 15215.3 1920.0 1732.1     11    0.138   0      0.000    0.138
6144.0 1536.0  0.0   1056.0 102400.0  4314.8   42496.0    14147.2   15744.0 15215.3 1920.0 1732.1     11    0.138   0      0.000    0.138
6144.0 1536.0  0.0   1056.0 102400.0  4314.8   42496.0    14147.2   15744.0 15215.3 1920.0 1732.1     11    0.138   0      0.000    0.138
6144.0 1536.0  0.0   1056.0 102400.0  4358.2   42496.0    14147.2   15744.0 15215.3 1920.0 1732.1     11    0.138   0      0.000    0.138
6144.0 1536.0  0.0   1056.0 102400.0  4358.2   42496.0    14147.2   15744.0 15215.3 1920.0 1732.1     11    0.138   0      0.000    0.138
6144.0 1536.0  0.0   1056.0 102400.0  4358.2   42496.0    14147.2   15744.0 15215.3 1920.0 1732.1     11    0.138   0      0.000    0.138
6144.0 1536.0  0.0   1056.0 102400.0 10704.2   42496.0    14147.2   15744.0 15215.3 1920.0 1732.1     11    0.138   0      0.000    0.138
6144.0 1536.0  0.0   1056.0 102400.0 10704.2   42496.0    14147.2   15744.0 15215.3 1920.0 1732.1     11    0.138   0      0.000    0.138
6144.0 1536.0  0.0   1056.0 102400.0 10704.2   42496.0    14147.2   15744.0 15215.3 1920.0 1732.1     11    0.138   0      0.000    0.138
6144.0 1536.0  0.0   1056.0 102400.0 10773.4   42496.0    14147.2   15744.0 15215.3 1920.0 1732.1     11    0.138   0      0.000    0.138
6144.0 1536.0  0.0   1056.0 102400.0 10773.4   42496.0    14147.2   15744.0 15215.3 1920.0 1732.1     11    0.138   0      0.000    0.138
6144.0 1536.0  0.0   1056.0 102400.0 10773.4   42496.0    14147.2   15744.0 15215.3 1920.0 1732.1     11    0.138   0      0.000    0.138
6144.0 1536.0  0.0   1056.0 102400.0 10831.0   42496.0    14147.2   15744.0 15215.3 1920.0 1732.1     11    0.138   0      0.000    0.138
6144.0 1536.0  0.0   1056.0 102400.0 10831.0   42496.0    14147.2   15744.0 15215.3 1920.0 1732.1     11    0.138   0      0.000    0.138
6144.0 1536.0  0.0   1056.0 102400.0 10831.0   42496.0    14147.2   15744.0 15215.3 1920.0 1732.1     11    0.138   0      0.000    0.138
6144.0 1536.0  0.0   1056.0 102400.0 10895.8   42496.0    14147.2   15744.0 15215.3 1920.0 1732.1     11    0.138   0      0.000    0.138
6144.0 1536.0  0.0   1056.0 102400.0 10895.8   42496.0    14147.2   15744.0 15215.3 1920.0 1732.1     11    0.138   0      0.000    0.138
6144.0 1536.0  0.0   1056.0 102400.0 10895.8   42496.0    14147.2   15744.0 15215.3 1920.0 1732.1     11    0.138   0      0.000    0.138
6144.0 1536.0  0.0   1056.0 102400.0 17107.9   42496.0    14147.2   15744.0 15215.3 1920.0 1732.1     11    0.138   0      0.000    0.138
6144.0 1536.0  0.0   1056.0 102400.0 17107.9   42496.0    14147.2   15744.0 15215.3 1920.0 1732.1     11    0.138   0      0.000    0.138
6144.0 1536.0  0.0   1056.0 102400.0 17107.9   42496.0    14147.2   15744.0 15215.3 1920.0 1732.1     11    0.138   0      0.000    0.138
6144.0 1536.0  0.0   1056.0 102400.0 17151.5   42496.0    14147.2   15744.0 15215.3 1920.0 1732.1     11    0.138   0      0.000    0.138
6144.0 1536.0  0.0   1056.0 102400.0 17151.5   42496.0    14147.2   15744.0 15215.3 1920.0 1732.1     11    0.138   0      0.000    0.138
6144.0 1536.0  0.0   1056.0 102400.0 17151.5   42496.0    14147.2   15744.0 15215.3 1920.0 1732.1     11    0.138   0      0.000    0.138
6144.0 1536.0  0.0   1056.0 102400.0 17204.7   42496.0    14147.2   15744.0 15215.3 1920.0 1732.1     11    0.138   0      0.000    0.138
6144.0 1536.0  0.0   1056.0 102400.0 17204.7   42496.0    14147.2   15744.0 15215.3 1920.0 1732.1     11    0.138   0      0.000    0.138
6144.0 1536.0  0.0   1056.0 102400.0 17204.7   42496.0    14147.2   15744.0 15215.3 1920.0 1732.1     11    0.138   0      0.000    0.138
6144.0 1536.0  0.0   1056.0 102400.0 17255.4   42496.0    14147.2   15744.0 15215.3 1920.0 1732.1     11    0.138   0      0.000    0.138
6144.0 1536.0  0.0   1056.0 102400.0 17255.4   42496.0    14147.2   15744.0 15215.3 1920.0 1732.1     11    0.138   0      0.000    0.138
6144.0 1536.0  0.0   1056.0 102400.0 17255.4   42496.0    14147.2   15744.0 15215.3 1920.0 1732.1     11    0.138   0      0.000    0.138
6144.0 1536.0  0.0   1056.0 102400.0 23615.4   42496.0    14147.2   15744.0 15215.3 1920.0 1732.1     11    0.138   0      0.000    0.138
6144.0 1536.0  0.0   1056.0 102400.0 23615.4   42496.0    14147.2   15744.0 15215.3 1920.0 1732.1     11    0.138   0      0.000    0.138
6144.0 1536.0  0.0   1056.0 102400.0 23615.4   42496.0    14147.2   15744.0 15215.3 1920.0 1732.1     11    0.138   0      0.000    0.138
6144.0 1536.0  0.0   1056.0 102400.0 23690.3   42496.0    14147.2   15744.0 15215.3 1920.0 1732.1     11    0.138   0      0.000    0.138
6144.0 1536.0  0.0   1056.0 102400.0 23690.3   42496.0    14147.2   15744.0 15215.3 1920.0 1732.1     11    0.138   0      0.000    0.138
6144.0 1536.0  0.0   1056.0 102400.0 23690.3   42496.0    14147.2   15744.0 15215.3 1920.0 1732.1     11    0.138   0      0.000    0.138
6144.0 1536.0  0.0   1056.0 102400.0 23743.4   42496.0    14147.2   15744.0 15215.3 1920.0 1732.1     11    0.138   0      0.000    0.138
6144.0 1536.0  0.0   1056.0 102400.0 23743.4   42496.0    14147.2   15744.0 15215.3 1920.0 1732.1     11    0.138   0      0.000    0.138
6144.0 1536.0  0.0   1056.0 102400.0 23743.4   42496.0    14147.2   15744.0 15215.3 1920.0 1732.1     11    0.138   0      0.000    0.138
6144.0 1536.0  0.0   1056.0 102400.0 23782.1   42496.0    14147.2   15744.0 15215.3 1920.0 1732.1     11    0.138   0      0.000    0.138
6144.0 1536.0  0.0   1056.0 102400.0 23782.1   42496.0    14147.2   15744.0 15215.3 1920.0 1732.1     11    0.138   0      0.000    0.138
6144.0 1536.0  0.0   1056.0 102400.0 23782.1   42496.0    14147.2   15744.0 15215.3 1920.0 1732.1     11    0.138   0      0.000    0.138
6144.0 1536.0  0.0   1056.0 102400.0 29893.3   42496.0    14147.2   15744.0 15215.3 1920.0 1732.1     11    0.138   0      0.000    0.138
6144.0 1536.0  0.0   1056.0 102400.0 29893.3   42496.0    14147.2   15744.0 15215.3 1920.0 1732.1     11    0.138   0      0.000    0.138
6144.0 1536.0  0.0   1056.0 102400.0 29893.3   42496.0    14147.2   15744.0 15215.3 1920.0 1732.1     11    0.138   0      0.000    0.138
6144.0 1536.0  0.0   1056.0 102400.0 29946.7   42496.0    14147.2   15744.0 15215.3 1920.0 1732.1     11    0.138   0      0.000    0.138
6144.0 1536.0  0.0   1056.0 102400.0 29946.7   42496.0    14147.2   15744.0 15215.3 1920.0 1732.1     11    0.138   0      0.000    0.138
6144.0 1536.0  0.0   1056.0 102400.0 29946.7   42496.0    14147.2   15744.0 15215.3 1920.0 1732.1     11    0.138   0      0.000    0.138
6144.0 1536.0  0.0   1056.0 102400.0 29998.2   42496.0    14147.2   15744.0 15215.3 1920.0 1732.1     11    0.138   0      0.000    0.138
6144.0 1536.0  0.0   1056.0 102400.0 29998.2   42496.0    14147.2   15744.0 15215.3 1920.0 1732.1     11    0.138   0      0.000    0.138
6144.0 1536.0  0.0   1056.0 102400.0 29998.2   42496.0    14147.2   15744.0 15215.3 1920.0 1732.1     11    0.138   0      0.000    0.138
6144.0 1536.0  0.0   1056.0 102400.0 30073.3   42496.0    14147.2   15744.0 15215.3 1920.0 1732.1     11    0.138   0      0.000    0.138
6144.0 1536.0  0.0   1056.0 102400.0 30073.3   42496.0    14147.2   15744.0 15215.3 1920.0 1732.1     11    0.138   0      0.000    0.138
6144.0 1536.0  0.0   1056.0 102400.0 30073.3   42496.0    14147.2   15744.0 15215.3 1920.0 1732.1     11    0.138   0      0.000    0.138
6144.0 1536.0  0.0   1056.0 102400.0 36187.0   42496.0    14147.2   15744.0 15215.3 1920.0 1732.1     11    0.138   0      0.000    0.138
6144.0 1536.0  0.0   1056.0 102400.0 36187.0   42496.0    14147.2   15744.0 15215.3 1920.0 1732.1     11    0.138   0      0.000    0.138
6144.0 1536.0  0.0   1056.0 102400.0 36187.0   42496.0    14147.2   15744.0 15215.3 1920.0 1732.1     11    0.138   0      0.000    0.138
6144.0 1536.0  0.0   1056.0 102400.0 36229.9   42496.0    14147.2   15744.0 15215.3 1920.0 1732.1     11    0.138   0      0.000    0.138
6144.0 1536.0  0.0   1056.0 102400.0 36229.9   42496.0    14147.2   15744.0 15215.3 1920.0 1732.1     11    0.138   0      0.000    0.138
6144.0 1536.0  0.0   1056.0 102400.0 36229.9   42496.0    14147.2   15744.0 15215.3 1920.0 1732.1     11    0.138   0      0.000    0.138
6144.0 1536.0  0.0   1056.0 102400.0 36251.5   42496.0    14147.2   15744.0 15215.3 1920.0 1732.1     11    0.138   0      0.000    0.138
6144.0 1536.0  0.0   1056.0 102400.0 36251.5   42496.0    14147.2   15744.0 15215.3 1920.0 1732.1     11    0.138   0      0.000    0.138
6144.0 1536.0  0.0   1056.0 102400.0 36251.5   42496.0    14147.2   15744.0 15215.3 1920.0 1732.1     11    0.138   0      0.000    0.138
6144.0 1536.0  0.0   1056.0 102400.0 36273.2   42496.0    14147.2   15744.0 15215.3 1920.0 1732.1     11    0.138   0      0.000    0.138
6144.0 1536.0  0.0   1056.0 102400.0 36273.2   42496.0    14147.2   15744.0 15215.3 1920.0 1732.1     11    0.138   0      0.000    0.138
6144.0 1536.0  0.0   1056.0 102400.0 36273.2   42496.0    14147.2   15744.0 15215.3 1920.0 1732.1     11    0.138   0      0.000    0.138
6144.0 1536.0  0.0   1056.0 102400.0 41849.2   42496.0    14147.2   15744.0 15215.3 1920.0 1732.1     11    0.138   0      0.000    0.138
6144.0 1536.0  0.0   1056.0 102400.0 41849.2   42496.0    14147.2   15744.0 15215.3 1920.0 1732.1     11    0.138   0      0.000    0.138
6144.0 1536.0  0.0   1056.0 102400.0 41849.2   42496.0    14147.2   15744.0 15215.3 1920.0 1732.1     11    0.138   0      0.000    0.138
6144.0 1536.0  0.0   1056.0 102400.0 41909.2   42496.0    14147.2   15744.0 15215.3 1920.0 1732.1     11    0.138   0      0.000    0.138
6144.0 1536.0  0.0   1056.0 102400.0 41909.2   42496.0    14147.2   15744.0 15215.3 1920.0 1732.1     11    0.138   0      0.000    0.138
6144.0 1536.0  0.0   1056.0 102400.0 41909.2   42496.0    14147.2   15744.0 15215.3 1920.0 1732.1     11    0.138   0      0.000    0.138
6144.0 1536.0  0.0   1056.0 102400.0 41966.8   42496.0    14147.2   15744.0 15215.3 1920.0 1732.1     11    0.138   0      0.000    0.138
6144.0 1536.0  0.0   1056.0 102400.0 41966.8   42496.0    14147.2   15744.0 15215.3 1920.0 1732.1     11    0.138   0      0.000    0.138
6144.0 1536.0  0.0   1056.0 102400.0 41966.8   42496.0    14147.2   15744.0 15215.3 1920.0 1732.1     11    0.138   0      0.000    0.138
6144.0 1536.0  0.0   1056.0 102400.0 41988.5   42496.0    14147.2   15744.0 15215.3 1920.0 1732.1     11    0.138   0      0.000    0.138
6144.0 1536.0  0.0   1056.0 102400.0 41988.5   42496.0    14147.2   15744.0 15215.3 1920.0 1732.1     11    0.138   0      0.000    0.138
6144.0 1536.0  0.0   1056.0 102400.0 41988.5   42496.0    14147.2   15744.0 15215.3 1920.0 1732.1     11    0.138   0      0.000    0.138
6144.0 1536.0  0.0   1056.0 102400.0 48321.5   42496.0    14147.2   15744.0 15215.3 1920.0 1732.1     11    0.138   0      0.000    0.138
6144.0 1536.0  0.0   1056.0 102400.0 48321.5   42496.0    14147.2   15744.0 15215.3 1920.0 1732.1     11    0.138   0      0.000    0.138
6144.0 1536.0  0.0   1056.0 102400.0 48321.5   42496.0    14147.2   15744.0 15215.3 1920.0 1732.1     11    0.138   0      0.000    0.138
6144.0 1536.0  0.0   1056.0 102400.0 48343.2   42496.0    14147.2   15744.0 15215.3 1920.0 1732.1     11    0.138   0      0.000    0.138
6144.0 1536.0  0.0   1056.0 102400.0 48343.2   42496.0    14147.2   15744.0 15215.3 1920.0 1732.1     11    0.138   0      0.000    0.138
6144.0 1536.0  0.0   1056.0 102400.0 48343.2   42496.0    14147.2   15744.0 15215.3 1920.0 1732.1     11    0.138   0      0.000    0.138
6144.0 1536.0  0.0   1056.0 102400.0 48386.4   42496.0    14147.2   15744.0 15215.3 1920.0 1732.1     11    0.138   0      0.000    0.138
6144.0 1536.0  0.0   1056.0 102400.0 48386.4   42496.0    14147.2   15744.0 15215.3 1920.0 1732.1     11    0.138   0      0.000    0.138
6144.0 1536.0  0.0   1056.0 102400.0 48386.4   42496.0    14147.2   15744.0 15215.3 1920.0 1732.1     11    0.138   0      0.000    0.138
6144.0 1536.0  0.0   1056.0 102400.0 48407.8   42496.0    14147.2   15744.0 15215.3 1920.0 1732.1     11    0.138   0      0.000    0.138
6144.0 1536.0  0.0   1056.0 102400.0 48407.8   42496.0    14147.2   15744.0 15215.3 1920.0 1732.1     11    0.138   0      0.000    0.138
6144.0 1536.0  0.0   1056.0 102400.0 48407.8   42496.0    14147.2   15744.0 15215.3 1920.0 1732.1     11    0.138   0      0.000    0.138
6144.0 1536.0  0.0   1056.0 102400.0 54362.8   42496.0    14147.2   15744.0 15215.3 1920.0 1732.1     11    0.138   0      0.000    0.138
6144.0 1536.0  0.0   1056.0 102400.0 54362.8   42496.0    14147.2   15744.0 15215.3 1920.0 1732.1     11    0.138   0      0.000    0.138
6144.0 1536.0  0.0   1056.0 102400.0 54362.8   42496.0    14147.2   15744.0 15215.3 1920.0 1732.1     11    0.138   0      0.000    0.138
6144.0 1536.0  0.0   1056.0 102400.0 54406.2   42496.0    14147.2   15744.0 15215.3 1920.0 1732.1     11    0.138   0      0.000    0.138
6144.0 1536.0  0.0   1056.0 102400.0 54406.2   42496.0    14147.2   15744.0 15215.3 1920.0 1732.1     11    0.138   0      0.000    0.138
6144.0 1536.0  0.0   1056.0 102400.0 54406.2   42496.0    14147.2   15744.0 15215.3 1920.0 1732.1     11    0.138   0      0.000    0.138
6144.0 1536.0  0.0   1056.0 102400.0 54449.2   42496.0    14147.2   15744.0 15215.3 1920.0 1732.1     11    0.138   0      0.000    0.138
6144.0 1536.0  0.0   1056.0 102400.0 54449.2   42496.0    14147.2   15744.0 15215.3 1920.0 1732.1     11    0.138   0      0.000    0.138
6144.0 1536.0  0.0   1056.0 102400.0 54449.2   42496.0    14147.2   15744.0 15215.3 1920.0 1732.1     11    0.138   0      0.000    0.138
6144.0 1536.0  0.0   1056.0 102400.0 54487.8   42496.0    14147.2   15744.0 15215.3 1920.0 1732.1     11    0.138   0      0.000    0.138
6144.0 1536.0  0.0   1056.0 102400.0 54487.8   42496.0    14147.2   15744.0 15215.3 1920.0 1732.1     11    0.138   0      0.000    0.138
6144.0 1536.0  0.0   1056.0 102400.0 54487.8   42496.0    14147.2   15744.0 15215.3 1920.0 1732.1     11    0.138   0      0.000    0.138
6144.0 1536.0  0.0   1056.0 102400.0 60270.9   42496.0    14147.2   15744.0 15215.3 1920.0 1732.1     11    0.138   0      0.000    0.138
6144.0 1536.0  0.0   1056.0 102400.0 60270.9   42496.0    14147.2   15744.0 15215.3 1920.0 1732.1     11    0.138   0      0.000    0.138
6144.0 1536.0  0.0   1056.0 102400.0 60270.9   42496.0    14147.2   15744.0 15215.3 1920.0 1732.1     11    0.138   0      0.000    0.138
6144.0 1536.0  0.0   1056.0 102400.0 60314.4   42496.0    14147.2   15744.0 15215.3 1920.0 1732.1     11    0.138   0      0.000    0.138
6144.0 1536.0  0.0   1056.0 102400.0 60314.4   42496.0    14147.2   15744.0 15215.3 1920.0 1732.1     11    0.138   0      0.000    0.138
6144.0 1536.0  0.0   1056.0 102400.0 60314.4   42496.0    14147.2   15744.0 15215.3 1920.0 1732.1     11    0.138   0      0.000    0.138
6144.0 1536.0  0.0   1056.0 102400.0 60379.2   42496.0    14147.2   15744.0 15215.3 1920.0 1732.1     11    0.138   0      0.000    0.138
6144.0 1536.0  0.0   1056.0 102400.0 60379.2   42496.0    14147.2   15744.0 15215.3 1920.0 1732.1     11    0.138   0      0.000    0.138
6144.0 1536.0  0.0   1056.0 102400.0 60379.2   42496.0    14147.2   15744.0 15215.3 1920.0 1732.1     11    0.138   0      0.000    0.138
6144.0 1536.0  0.0   1056.0 102400.0 60422.6   42496.0    14147.2   15744.0 15215.3 1920.0 1732.1     11    0.138   0      0.000    0.138
6144.0 1536.0  0.0   1056.0 102400.0 60422.6   42496.0    14147.2   15744.0 15215.3 1920.0 1732.1     11    0.138   0      0.000    0.138
6144.0 1536.0  0.0   1056.0 102400.0 60422.6   42496.0    14147.2   15744.0 15215.3 1920.0 1732.1     11    0.138   0      0.000    0.138
6144.0 1536.0  0.0   1056.0 102400.0 66560.0   42496.0    14147.2   15744.0 15215.3 1920.0 1732.1     11    0.138   0      0.000    0.138
6144.0 1536.0  0.0   1056.0 102400.0 66560.0   42496.0    14147.2   15744.0 15215.3 1920.0 1732.1     11    0.138   0      0.000    0.138
6144.0 1536.0  0.0   1056.0 102400.0 66560.0   42496.0    14147.2   15744.0 15215.3 1920.0 1732.1     11    0.138   0      0.000    0.138
6144.0 1536.0  0.0   1056.0 102400.0 66602.8   42496.0    14147.2   15744.0 15215.3 1920.0 1732.1     11    0.138   0      0.000    0.138
6144.0 1536.0  0.0   1056.0 102400.0 66602.8   42496.0    14147.2   15744.0 15215.3 1920.0 1732.1     11    0.138   0      0.000    0.138
6144.0 1536.0  0.0   1056.0 102400.0 66602.8   42496.0    14147.2   15744.0 15215.3 1920.0 1732.1     11    0.138   0      0.000    0.138
6144.0 1536.0  0.0   1056.0 102400.0 66656.1   42496.0    14147.2   15744.0 15215.3 1920.0 1732.1     11    0.138   0      0.000    0.138
6144.0 1536.0  0.0   1056.0 102400.0 66656.1   42496.0    14147.2   15744.0 15215.3 1920.0 1732.1     11    0.138   0      0.000    0.138
6144.0 1536.0  0.0   1056.0 102400.0 66656.1   42496.0    14147.2   15744.0 15215.3 1920.0 1732.1     11    0.138   0      0.000    0.138
6144.0 1536.0  0.0   1056.0 102400.0 66707.6   42496.0    14147.2   15744.0 15215.3 1920.0 1732.1     11    0.138   0      0.000    0.138
6144.0 1536.0  0.0   1056.0 102400.0 66707.6   42496.0    14147.2   15744.0 15215.3 1920.0 1732.1     11    0.138   0      0.000    0.138
6144.0 1536.0  0.0   1056.0 102400.0 66707.6   42496.0    14147.2   15744.0 15215.3 1920.0 1732.1     11    0.138   0      0.000    0.138
6144.0 1536.0  0.0   1056.0 102400.0 73084.0   42496.0    14147.2   15744.0 15215.3 1920.0 1732.1     11    0.138   0      0.000    0.138
6144.0 1536.0  0.0   1056.0 102400.0 73084.0   42496.0    14147.2   15744.0 15215.3 1920.0 1732.1     11    0.138   0      0.000    0.138
6144.0 1536.0  0.0   1056.0 102400.0 73084.0   42496.0    14147.2   15744.0 15215.3 1920.0 1732.1     11    0.138   0      0.000    0.138
6144.0 1536.0  0.0   1056.0 102400.0 73122.6   42496.0    14147.2   15744.0 15215.3 1920.0 1732.1     11    0.138   0      0.000    0.138
6144.0 1536.0  0.0   1056.0 102400.0 73122.6   42496.0    14147.2   15744.0 15215.3 1920.0 1732.1     11    0.138   0      0.000    0.138
6144.0 1536.0  0.0   1056.0 102400.0 73122.6   42496.0    14147.2   15744.0 15215.3 1920.0 1732.1     11    0.138   0      0.000    0.138
6144.0 1536.0  0.0   1056.0 102400.0 73174.3   42496.0    14147.2   15744.0 15215.3 1920.0 1732.1     11    0.138   0      0.000    0.138
6144.0 1536.0  0.0   1056.0 102400.0 73174.3   42496.0    14147.2   15744.0 15215.3 1920.0 1732.1     11    0.138   0      0.000    0.138
6144.0 1536.0  0.0   1056.0 102400.0 73174.3   42496.0    14147.2   15744.0 15215.3 1920.0 1732.1     11    0.138   0      0.000    0.138
6144.0 1536.0  0.0   1056.0 102400.0 73225.8   42496.0    14147.2   15744.0 15215.3 1920.0 1732.1     11    0.138   0      0.000    0.138
6144.0 1536.0  0.0   1056.0 102400.0 73225.8   42496.0    14147.2   15744.0 15215.3 1920.0 1732.1     11    0.138   0      0.000    0.138
6144.0 1536.0  0.0   1056.0 102400.0 73225.8   42496.0    14147.2   15744.0 15215.3 1920.0 1732.1     11    0.138   0      0.000    0.138
6144.0 1536.0  0.0   1056.0 102400.0 79226.4   42496.0    14147.2   15744.0 15215.3 1920.0 1732.1     11    0.138   0      0.000    0.138
6144.0 1536.0  0.0   1056.0 102400.0 79226.4   42496.0    14147.2   15744.0 15215.3 1920.0 1732.1     11    0.138   0      0.000    0.138
6144.0 1536.0  0.0   1056.0 102400.0 79226.4   42496.0    14147.2   15744.0 15215.3 1920.0 1732.1     11    0.138   0      0.000    0.138
6144.0 1536.0  0.0   1056.0 102400.0 79278.0   42496.0    14147.2   15744.0 15215.3 1920.0 1732.1     11    0.138   0      0.000    0.138
6144.0 1536.0  0.0   1056.0 102400.0 79278.0   42496.0    14147.2   15744.0 15215.3 1920.0 1732.1     11    0.138   0      0.000    0.138
6144.0 1536.0  0.0   1056.0 102400.0 79278.0   42496.0    14147.2   15744.0 15215.3 1920.0 1732.1     11    0.138   0      0.000    0.138
6144.0 1536.0  0.0   1056.0 102400.0 79321.0   42496.0    14147.2   15744.0 15215.3 1920.0 1732.1     11    0.138   0      0.000    0.138
6144.0 1536.0  0.0   1056.0 102400.0 79321.0   42496.0    14147.2   15744.0 15215.3 1920.0 1732.1     11    0.138   0      0.000    0.138
6144.0 1536.0  0.0   1056.0 102400.0 79321.0   42496.0    14147.2   15744.0 15215.3 1920.0 1732.1     11    0.138   0      0.000    0.138
6144.0 1536.0  0.0   1056.0 102400.0 79373.9   42496.0    14147.2   15744.0 15215.3 1920.0 1732.1     11    0.138   0      0.000    0.138
6144.0 1536.0  0.0   1056.0 102400.0 79373.9   42496.0    14147.2   15744.0 15215.3 1920.0 1732.1     11    0.138   0      0.000    0.138
6144.0 1536.0  0.0   1056.0 102400.0 79373.9   42496.0    14147.2   15744.0 15215.3 1920.0 1732.1     11    0.138   0      0.000    0.138
6144.0 1536.0  0.0   1056.0 102400.0 85315.9   42496.0    14147.2   15744.0 15215.3 1920.0 1732.1     11    0.138   0      0.000    0.138
6144.0 1536.0  0.0   1056.0 102400.0 85315.9   42496.0    14147.2   15744.0 15215.3 1920.0 1732.1     11    0.138   0      0.000    0.138
6144.0 1536.0  0.0   1056.0 102400.0 85315.9   42496.0    14147.2   15744.0 15215.3 1920.0 1732.1     11    0.138   0      0.000    0.138
6144.0 1536.0  0.0   1056.0 102400.0 85337.6   42496.0    14147.2   15744.0 15215.3 1920.0 1732.1     11    0.138   0      0.000    0.138
6144.0 1536.0  0.0   1056.0 102400.0 85337.6   42496.0    14147.2   15744.0 15215.3 1920.0 1732.1     11    0.138   0      0.000    0.138
6144.0 1536.0  0.0   1056.0 102400.0 85337.6   42496.0    14147.2   15744.0 15215.3 1920.0 1732.1     11    0.138   0      0.000    0.138
6144.0 1536.0  0.0   1056.0 102400.0 85359.2   42496.0    14147.2   15744.0 15215.3 1920.0 1732.1     11    0.138   0      0.000    0.138
6144.0 1536.0  0.0   1056.0 102400.0 85359.2   42496.0    14147.2   15744.0 15215.3 1920.0 1732.1     11    0.138   0      0.000    0.138
6144.0 1536.0  0.0   1056.0 102400.0 85359.2   42496.0    14147.2   15744.0 15215.3 1920.0 1732.1     11    0.138   0      0.000    0.138
6144.0 1536.0  0.0   1056.0 102400.0 85428.3   42496.0    14147.2   15744.0 15215.3 1920.0 1732.1     11    0.138   0      0.000    0.138
6144.0 1536.0  0.0   1056.0 102400.0 85428.3   42496.0    14147.2   15744.0 15215.3 1920.0 1732.1     11    0.138   0      0.000    0.138
6144.0 1536.0  0.0   1056.0 102400.0 85428.3   42496.0    14147.2   15744.0 15215.3 1920.0 1732.1     11    0.138   0      0.000    0.138
6144.0 1536.0  0.0   1056.0 102400.0 91352.9   42496.0    14147.2   15744.0 15215.3 1920.0 1732.1     11    0.138   0      0.000    0.138
6144.0 1536.0  0.0   1056.0 102400.0 91352.9   42496.0    14147.2   15744.0 15215.3 1920.0 1732.1     11    0.138   0      0.000    0.138
6144.0 1536.0  0.0   1056.0 102400.0 91352.9   42496.0    14147.2   15744.0 15215.3 1920.0 1732.1     11    0.138   0      0.000    0.138
6144.0 1536.0  0.0   1056.0 102400.0 91396.1   42496.0    14147.2   15744.0 15215.3 1920.0 1732.1     11    0.138   0      0.000    0.138
6144.0 1536.0  0.0   1056.0 102400.0 91396.1   42496.0    14147.2   15744.0 15215.3 1920.0 1732.1     11    0.138   0      0.000    0.138
6144.0 1536.0  0.0   1056.0 102400.0 91396.1   42496.0    14147.2   15744.0 15215.3 1920.0 1732.1     11    0.138   0      0.000    0.138
6144.0 1536.0  0.0   1056.0 102400.0 91417.7   42496.0    14147.2   15744.0 15215.3 1920.0 1732.1     11    0.138   0      0.000    0.138
6144.0 1536.0  0.0   1056.0 102400.0 91417.7   42496.0    14147.2   15744.0 15215.3 1920.0 1732.1     11    0.138   0      0.000    0.138
6144.0 1536.0  0.0   1056.0 102400.0 91417.7   42496.0    14147.2   15744.0 15215.3 1920.0 1732.1     11    0.138   0      0.000    0.138
6144.0 1536.0  0.0   1056.0 102400.0 91439.4   42496.0    14147.2   15744.0 15215.3 1920.0 1732.1     11    0.138   0      0.000    0.138
6144.0 1536.0  0.0   1056.0 102400.0 91439.4   42496.0    14147.2   15744.0 15215.3 1920.0 1732.1     11    0.138   0      0.000    0.138
6144.0 1536.0  0.0   1056.0 102400.0 91439.4   42496.0    14147.2   15744.0 15215.3 1920.0 1732.1     11    0.138   0      0.000    0.138
6144.0 1536.0  0.0   1056.0 102400.0 97596.1   42496.0    14147.2   15744.0 15215.3 1920.0 1732.1     11    0.138   0      0.000    0.138
6144.0 1536.0  0.0   1056.0 102400.0 97596.1   42496.0    14147.2   15744.0 15215.3 1920.0 1732.1     11    0.138   0      0.000    0.138
6144.0 1536.0  0.0   1056.0 102400.0 97596.1   42496.0    14147.2   15744.0 15215.3 1920.0 1732.1     11    0.138   0      0.000    0.138
6144.0 1536.0  0.0   1056.0 102400.0 97617.5   42496.0    14147.2   15744.0 15215.3 1920.0 1732.1     11    0.138   0      0.000    0.138
6144.0 1536.0  0.0   1056.0 102400.0 97617.5   42496.0    14147.2   15744.0 15215.3 1920.0 1732.1     11    0.138   0      0.000    0.138
6144.0 1536.0  0.0   1056.0 102400.0 97617.5   42496.0    14147.2   15744.0 15215.3 1920.0 1732.1     11    0.138   0      0.000    0.138
6144.0 1536.0  0.0   1056.0 102400.0 97660.8   42496.0    14147.2   15744.0 15215.3 1920.0 1732.1     11    0.138   0      0.000    0.138
6144.0 1536.0  0.0   1056.0 102400.0 97660.8   42496.0    14147.2   15744.0 15215.3 1920.0 1732.1     11    0.138   0      0.000    0.138
6144.0 1536.0  0.0   1056.0 102400.0 97660.8   42496.0    14147.2   15744.0 15215.3 1920.0 1732.1     11    0.138   0      0.000    0.138
6144.0 1536.0  0.0   1056.0 102400.0 97725.7   42496.0    14147.2   15744.0 15215.3 1920.0 1732.1     11    0.138   0      0.000    0.138
6144.0 1536.0  0.0   1056.0 102400.0 97725.7   42496.0    14147.2   15744.0 15215.3 1920.0 1732.1     11    0.138   0      0.000    0.138
6144.0 1536.0  0.0   1056.0 102400.0 97725.7   42496.0    14147.2   15744.0 15215.3 1920.0 1732.1     11    0.138   0      0.000    0.138
1536.0 6144.0 1056.0  0.0   98304.0   2369.0   42496.0    15091.2   15744.0 15219.8 1920.0 1732.1     12    0.152   0      0.000    0.152
1536.0 6144.0 1056.0  0.0   98304.0   2369.0   42496.0    15091.2   15744.0 15219.8 1920.0 1732.1     12    0.152   0      0.000    0.152
1536.0 6144.0 1056.0  0.0   98304.0   2369.0   42496.0    15091.2   15744.0 15219.8 1920.0 1732.1     12    0.152   0      0.000    0.152
1536.0 6144.0 1056.0  0.0   98304.0   2426.0   42496.0    15091.2   15744.0 15219.8 1920.0 1732.1     12    0.152   0      0.000    0.152
1536.0 6144.0 1056.0  0.0   98304.0   2426.0   42496.0    15091.2   15744.0 15219.8 1920.0 1732.1     12    0.152   0      0.000    0.152
1536.0 6144.0 1056.0  0.0   98304.0   2426.0   42496.0    15091.2   15744.0 15219.8 1920.0 1732.1     12    0.152   0      0.000    0.152
1536.0 6144.0 1056.0  0.0   98304.0   2479.0   42496.0    15091.2   15744.0 15219.8 1920.0 1732.1     12    0.152   0      0.000    0.152
1536.0 6144.0 1056.0  0.0   98304.0   2479.0   42496.0    15091.2   15744.0 15219.8 1920.0 1732.1     12    0.152   0      0.000    0.152
1536.0 6144.0 1056.0  0.0   98304.0   2479.0   42496.0    15091.2   15744.0 15219.8 1920.0 1732.1     12    0.152   0      0.000    0.152
1536.0 6144.0 1056.0  0.0   98304.0   2532.4   42496.0    15091.2   15744.0 15219.8 1920.0 1732.1     12    0.152   0      0.000    0.152
1536.0 6144.0 1056.0  0.0   98304.0   2532.4   42496.0    15091.2   15744.0 15219.8 1920.0 1732.1     12    0.152   0      0.000    0.152
1536.0 6144.0 1056.0  0.0   98304.0   2532.4   42496.0    15091.2   15744.0 15219.8 1920.0 1732.1     12    0.152   0      0.000    0.152
1536.0 6144.0 1056.0  0.0   98304.0   8502.1   42496.0    15091.2   15744.0 15219.8 1920.0 1732.1     12    0.152   0      0.000    0.152
1536.0 6144.0 1056.0  0.0   98304.0   8502.1   42496.0    15091.2   15744.0 15219.8 1920.0 1732.1     12    0.152   0      0.000    0.152
1536.0 6144.0 1056.0  0.0   98304.0   8502.1   42496.0    15091.2   15744.0 15219.8 1920.0 1732.1     12    0.152   0      0.000    0.152
1536.0 6144.0 1056.0  0.0   98304.0   8570.1   42496.0    15091.2   15744.0 15219.8 1920.0 1732.1     12    0.152   0      0.000    0.152
1536.0 6144.0 1056.0  0.0   98304.0   8570.1   42496.0    15091.2   15744.0 15219.8 1920.0 1732.1     12    0.152   0      0.000    0.152
1536.0 6144.0 1056.0  0.0   98304.0   8570.1   42496.0    15091.2   15744.0 15219.8 1920.0 1732.1     12    0.152   0      0.000    0.152
1536.0 6144.0 1056.0  0.0   98304.0   8623.9   42496.0    15091.2   15744.0 15219.8 1920.0 1732.1     12    0.152   0      0.000    0.152
1536.0 6144.0 1056.0  0.0   98304.0   8623.9   42496.0    15091.2   15744.0 15219.8 1920.0 1732.1     12    0.152   0      0.000    0.152
1536.0 6144.0 1056.0  0.0   98304.0   8623.9   42496.0    15091.2   15744.0 15219.8 1920.0 1732.1     12    0.152   0      0.000    0.152
1536.0 6144.0 1056.0  0.0   98304.0   8677.8   42496.0    15091.2   15744.0 15219.8 1920.0 1732.1     12    0.152   0      0.000    0.152
1536.0 6144.0 1056.0  0.0   98304.0   8677.8   42496.0    15091.2   15744.0 15219.8 1920.0 1732.1     12    0.152   0      0.000    0.152
1536.0 6144.0 1056.0  0.0   98304.0   8677.8   42496.0    15091.2   15744.0 15219.8 1920.0 1732.1     12    0.152   0      0.000    0.152
1536.0 6144.0 1056.0  0.0   98304.0  14850.2   42496.0    15091.2   15744.0 15219.8 1920.0 1732.1     12    0.152   0      0.000    0.152
1536.0 6144.0 1056.0  0.0   98304.0  14850.2   42496.0    15091.2   15744.0 15219.8 1920.0 1732.1     12    0.152   0      0.000    0.152
1536.0 6144.0 1056.0  0.0   98304.0  14850.2   42496.0    15091.2   15744.0 15219.8 1920.0 1732.1     12    0.152   0      0.000    0.152
1536.0 6144.0 1056.0  0.0   98304.0  14919.3   42496.0    15091.2   15744.0 15219.8 1920.0 1732.1     12    0.152   0      0.000    0.152
1536.0 6144.0 1056.0  0.0   98304.0  14919.3   42496.0    15091.2   15744.0 15219.8 1920.0 1732.1     12    0.152   0      0.000    0.152
1536.0 6144.0 1056.0  0.0   98304.0  14919.3   42496.0    15091.2   15744.0 15219.8 1920.0 1732.1     12    0.152   0      0.000    0.152
1536.0 6144.0 1056.0  0.0   98304.0  14957.8   42496.0    15091.2   15744.0 15219.8 1920.0 1732.1     12    0.152   0      0.000    0.152
1536.0 6144.0 1056.0  0.0   98304.0  14957.8   42496.0    15091.2   15744.0 15219.8 1920.0 1732.1     12    0.152   0      0.000    0.152
1536.0 6144.0 1056.0  0.0   98304.0  14957.8   42496.0    15091.2   15744.0 15219.8 1920.0 1732.1     12    0.152   0      0.000    0.152
1536.0 6144.0 1056.0  0.0   98304.0  14999.9   42496.0    15091.2   15744.0 15219.8 1920.0 1732.1     12    0.152   0      0.000    0.152
1536.0 6144.0 1056.0  0.0   98304.0  14999.9   42496.0    15091.2   15744.0 15219.8 1920.0 1732.1     12    0.152   0      0.000    0.152
1536.0 6144.0 1056.0  0.0   98304.0  14999.9   42496.0    15091.2   15744.0 15219.8 1920.0 1732.1     12    0.152   0      0.000    0.152
1536.0 6144.0 1056.0  0.0   98304.0  20965.8   42496.0    15091.2   15744.0 15219.8 1920.0 1732.1     12    0.152   0      0.000    0.152
1536.0 6144.0 1056.0  0.0   98304.0  20965.8   42496.0    15091.2   15744.0 15219.8 1920.0 1732.1     12    0.152   0      0.000    0.152
1536.0 6144.0 1056.0  0.0   98304.0  20965.8   42496.0    15091.2   15744.0 15219.8 1920.0 1732.1     12    0.152   0      0.000    0.152
1536.0 6144.0 1056.0  0.0   98304.0  21003.7   42496.0    15091.2   15744.0 15219.8 1920.0 1732.1     12    0.152   0      0.000    0.152
1536.0 6144.0 1056.0  0.0   98304.0  21003.7   42496.0    15091.2   15744.0 15219.8 1920.0 1732.1     12    0.152   0      0.000    0.152
1536.0 6144.0 1056.0  0.0   98304.0  21003.7   42496.0    15091.2   15744.0 15219.8 1920.0 1732.1     12    0.152   0      0.000    0.152
1536.0 6144.0 1056.0  0.0   98304.0  21056.5   42496.0    15091.2   15744.0 15219.8 1920.0 1732.1     12    0.152   0      0.000    0.152
1536.0 6144.0 1056.0  0.0   98304.0  21056.5   42496.0    15091.2   15744.0 15219.8 1920.0 1732.1     12    0.152   0      0.000    0.152
1536.0 6144.0 1056.0  0.0   98304.0  21056.5   42496.0    15091.2   15744.0 15219.8 1920.0 1732.1     12    0.152   0      0.000    0.152
1536.0 6144.0 1056.0  0.0   98304.0  21094.5   42496.0    15091.2   15744.0 15219.8 1920.0 1732.1     12    0.152   0      0.000    0.152
1536.0 6144.0 1056.0  0.0   98304.0  21094.5   42496.0    15091.2   15744.0 15219.8 1920.0 1732.1     12    0.152   0      0.000    0.152
1536.0 6144.0 1056.0  0.0   98304.0  21094.5   42496.0    15091.2   15744.0 15219.8 1920.0 1732.1     12    0.152   0      0.000    0.152
1536.0 6144.0 1056.0  0.0   98304.0  27080.9   42496.0    15091.2   15744.0 15219.8 1920.0 1732.1     12    0.152   0      0.000    0.152
1536.0 6144.0 1056.0  0.0   98304.0  27080.9   42496.0    15091.2   15744.0 15219.8 1920.0 1732.1     12    0.152   0      0.000    0.152
1536.0 6144.0 1056.0  0.0   98304.0  27080.9   42496.0    15091.2   15744.0 15219.8 1920.0 1732.1     12    0.152   0      0.000    0.152
1536.0 6144.0 1056.0  0.0   98304.0  27119.6   42496.0    15091.2   15744.0 15219.8 1920.0 1732.1     12    0.152   0      0.000    0.152
1536.0 6144.0 1056.0  0.0   98304.0  27119.6   42496.0    15091.2   15744.0 15219.8 1920.0 1732.1     12    0.152   0      0.000    0.152
1536.0 6144.0 1056.0  0.0   98304.0  27119.6   42496.0    15091.2   15744.0 15219.8 1920.0 1732.1     12    0.152   0      0.000    0.152
1536.0 6144.0 1056.0  0.0   98304.0  27188.3   42496.0    15091.2   15744.0 15219.8 1920.0 1732.1     12    0.152   0      0.000    0.152
1536.0 6144.0 1056.0  0.0   98304.0  27188.3   42496.0    15091.2   15744.0 15219.8 1920.0 1732.1     12    0.152   0      0.000    0.152
1536.0 6144.0 1056.0  0.0   98304.0  27188.3   42496.0    15091.2   15744.0 15219.8 1920.0 1732.1     12    0.152   0      0.000    0.152
1536.0 6144.0 1056.0  0.0   98304.0  27227.1   42496.0    15091.2   15744.0 15219.8 1920.0 1732.1     12    0.152   0      0.000    0.152
1536.0 6144.0 1056.0  0.0   98304.0  27227.1   42496.0    15091.2   15744.0 15219.8 1920.0 1732.1     12    0.152   0      0.000    0.152
1536.0 6144.0 1056.0  0.0   98304.0  27227.1   42496.0    15091.2   15744.0 15219.8 1920.0 1732.1     12    0.152   0      0.000    0.152
1536.0 6144.0 1056.0  0.0   98304.0  33211.1   42496.0    15091.2   15744.0 15219.8 1920.0 1732.1     12    0.152   0      0.000    0.152
1536.0 6144.0 1056.0  0.0   98304.0  33211.1   42496.0    15091.2   15744.0 15219.8 1920.0 1732.1     12    0.152   0      0.000    0.152
1536.0 6144.0 1056.0  0.0   98304.0  33211.1   42496.0    15091.2   15744.0 15219.8 1920.0 1732.1     12    0.152   0      0.000    0.152
1536.0 6144.0 1056.0  0.0   98304.0  33261.4   42496.0    15091.2   15744.0 15219.8 1920.0 1732.1     12    0.152   0      0.000    0.152
1536.0 6144.0 1056.0  0.0   98304.0  33261.4   42496.0    15091.2   15744.0 15219.8 1920.0 1732.1     12    0.152   0      0.000    0.152
1536.0 6144.0 1056.0  0.0   98304.0  33261.4   42496.0    15091.2   15744.0 15219.8 1920.0 1732.1     12    0.152   0      0.000    0.152
1536.0 6144.0 1056.0  0.0   98304.0  33327.9   42496.0    15091.2   15744.0 15219.8 1920.0 1732.1     12    0.152   0      0.000    0.152
1536.0 6144.0 1056.0  0.0   98304.0  33327.9   42496.0    15091.2   15744.0 15219.8 1920.0 1732.1     12    0.152   0      0.000    0.152
1536.0 6144.0 1056.0  0.0   98304.0  33327.9   42496.0    15091.2   15744.0 15219.8 1920.0 1732.1     12    0.152   0      0.000    0.152
1536.0 6144.0 1056.0  0.0   98304.0  33365.9   42496.0    15091.2   15744.0 15219.8 1920.0 1732.1     12    0.152   0      0.000    0.152
1536.0 6144.0 1056.0  0.0   98304.0  33365.9   42496.0    15091.2   15744.0 15219.8 1920.0 1732.1     12    0.152   0      0.000    0.152
1536.0 6144.0 1056.0  0.0   98304.0  33365.9   42496.0    15091.2   15744.0 15219.8 1920.0 1732.1     12    0.152   0      0.000    0.152
1536.0 6144.0 1056.0  0.0   98304.0  39346.2   42496.0    15091.2   15744.0 15219.8 1920.0 1732.1     12    0.152   0      0.000    0.152
1536.0 6144.0 1056.0  0.0   98304.0  39346.2   42496.0    15091.2   15744.0 15219.8 1920.0 1732.1     12    0.152   0      0.000    0.152
1536.0 6144.0 1056.0  0.0   98304.0  39346.2   42496.0    15091.2   15744.0 15219.8 1920.0 1732.1     12    0.152   0      0.000    0.152
1536.0 6144.0 1056.0  0.0   98304.0  39384.3   42496.0    15091.2   15744.0 15219.8 1920.0 1732.1     12    0.152   0      0.000    0.152
1536.0 6144.0 1056.0  0.0   98304.0  39384.3   42496.0    15091.2   15744.0 15219.8 1920.0 1732.1     12    0.152   0      0.000    0.152
1536.0 6144.0 1056.0  0.0   98304.0  39384.3   42496.0    15091.2   15744.0 15219.8 1920.0 1732.1     12    0.152   0      0.000    0.152
1536.0 6144.0 1056.0  0.0   98304.0  39422.8   42496.0    15091.2   15744.0 15219.8 1920.0 1732.1     12    0.152   0      0.000    0.152
1536.0 6144.0 1056.0  0.0   98304.0  39422.8   42496.0    15091.2   15744.0 15219.8 1920.0 1732.1     12    0.152   0      0.000    0.152
1536.0 6144.0 1056.0  0.0   98304.0  39422.8   42496.0    15091.2   15744.0 15219.8 1920.0 1732.1     12    0.152   0      0.000    0.152
1536.0 6144.0 1056.0  0.0   98304.0  39476.4   42496.0    15091.2   15744.0 15219.8 1920.0 1732.1     12    0.152   0      0.000    0.152
1536.0 6144.0 1056.0  0.0   98304.0  39476.4   42496.0    15091.2   15744.0 15219.8 1920.0 1732.1     12    0.152   0      0.000    0.152
1536.0 6144.0 1056.0  0.0   98304.0  39476.4   42496.0    15091.2   15744.0 15219.8 1920.0 1732.1     12    0.152   0      0.000    0.152
1536.0 6144.0 1056.0  0.0   98304.0  45336.6   42496.0    15091.2   15744.0 15219.8 1920.0 1732.1     12    0.152   0      0.000    0.152
1536.0 6144.0 1056.0  0.0   98304.0  45336.6   42496.0    15091.2   15744.0 15219.8 1920.0 1732.1     12    0.152   0      0.000    0.152
1536.0 6144.0 1056.0  0.0   98304.0  45336.6   42496.0    15091.2   15744.0 15219.8 1920.0 1732.1     12    0.152   0      0.000    0.152
1536.0 6144.0 1056.0  0.0   98304.0  45375.3   42496.0    15091.2   15744.0 15219.8 1920.0 1732.1     12    0.152   0      0.000    0.152
1536.0 6144.0 1056.0  0.0   98304.0  45375.3   42496.0    15091.2   15744.0 15219.8 1920.0 1732.1     12    0.152   0      0.000    0.152
1536.0 6144.0 1056.0  0.0   98304.0  45375.3   42496.0    15091.2   15744.0 15219.8 1920.0 1732.1     12    0.152   0      0.000    0.152
1536.0 6144.0 1056.0  0.0   98304.0  45413.9   42496.0    15091.2   15744.0 15219.8 1920.0 1732.1     12    0.152   0      0.000    0.152
1536.0 6144.0 1056.0  0.0   98304.0  45413.9   42496.0    15091.2   15744.0 15219.8 1920.0 1732.1     12    0.152   0      0.000    0.152
1536.0 6144.0 1056.0  0.0   98304.0  45413.9   42496.0    15091.2   15744.0 15219.8 1920.0 1732.1     12    0.152   0      0.000    0.152
1536.0 6144.0 1056.0  0.0   98304.0  45471.0   42496.0    15091.2   15744.0 15219.8 1920.0 1732.1     12    0.152   0      0.000    0.152
1536.0 6144.0 1056.0  0.0   98304.0  45471.0   42496.0    15091.2   15744.0 15219.8 1920.0 1732.1     12    0.152   0      0.000    0.152
1536.0 6144.0 1056.0  0.0   98304.0  45471.0   42496.0    15091.2   15744.0 15219.8 1920.0 1732.1     12    0.152   0      0.000    0.152
1536.0 6144.0 1056.0  0.0   98304.0  51427.1   42496.0    15091.2   15744.0 15219.8 1920.0 1732.1     12    0.152   0      0.000    0.152
1536.0 6144.0 1056.0  0.0   98304.0  51427.1   42496.0    15091.2   15744.0 15219.8 1920.0 1732.1     12    0.152   0      0.000    0.152
1536.0 6144.0 1056.0  0.0   98304.0  51427.1   42496.0    15091.2   15744.0 15219.8 1920.0 1732.1     12    0.152   0      0.000    0.152
1536.0 6144.0 1056.0  0.0   98304.0  51465.1   42496.0    15091.2   15744.0 15219.8 1920.0 1732.1     12    0.152   0      0.000    0.152
1536.0 6144.0 1056.0  0.0   98304.0  51465.1   42496.0    15091.2   15744.0 15219.8 1920.0 1732.1     12    0.152   0      0.000    0.152
1536.0 6144.0 1056.0  0.0   98304.0  51465.1   42496.0    15091.2   15744.0 15219.8 1920.0 1732.1     12    0.152   0      0.000    0.152
1536.0 6144.0 1056.0  0.0   98304.0  51503.1   42496.0    15091.2   15744.0 15219.8 1920.0 1732.1     12    0.152   0      0.000    0.152
1536.0 6144.0 1056.0  0.0   98304.0  51503.1   42496.0    15091.2   15744.0 15219.8 1920.0 1732.1     12    0.152   0      0.000    0.152
1536.0 6144.0 1056.0  0.0   98304.0  51503.1   42496.0    15091.2   15744.0 15219.8 1920.0 1732.1     12    0.152   0      0.000    0.152
1536.0 6144.0 1056.0  0.0   98304.0  51556.4   42496.0    15091.2   15744.0 15219.8 1920.0 1732.1     12    0.152   0      0.000    0.152
1536.0 6144.0 1056.0  0.0   98304.0  51556.4   42496.0    15091.2   15744.0 15219.8 1920.0 1732.1     12    0.152   0      0.000    0.152
1536.0 6144.0 1056.0  0.0   98304.0  51556.4   42496.0    15091.2   15744.0 15219.8 1920.0 1732.1     12    0.152   0      0.000    0.152
1536.0 6144.0 1056.0  0.0   98304.0  57551.1   42496.0    15091.2   15744.0 15219.8 1920.0 1732.1     12    0.152   0      0.000    0.152
1536.0 6144.0 1056.0  0.0   98304.0  57551.1   42496.0    15091.2   15744.0 15219.8 1920.0 1732.1     12    0.152   0      0.000    0.152
1536.0 6144.0 1056.0  0.0   98304.0  57551.1   42496.0    15091.2   15744.0 15219.8 1920.0 1732.1     12    0.152   0      0.000    0.152
1536.0 6144.0 1056.0  0.0   98304.0  57589.5   42496.0    15091.2   15744.0 15219.8 1920.0 1732.1     12    0.152   0      0.000    0.152
1536.0 6144.0 1056.0  0.0   98304.0  57589.5   42496.0    15091.2   15744.0 15219.8 1920.0 1732.1     12    0.152   0      0.000    0.152
1536.0 6144.0 1056.0  0.0   98304.0  57589.5   42496.0    15091.2   15744.0 15219.8 1920.0 1732.1     12    0.152   0      0.000    0.152
1536.0 6144.0 1056.0  0.0   98304.0  57628.3   42496.0    15091.2   15744.0 15219.8 1920.0 1732.1     12    0.152   0      0.000    0.152
1536.0 6144.0 1056.0  0.0   98304.0  57628.3   42496.0    15091.2   15744.0 15219.8 1920.0 1732.1     12    0.152   0      0.000    0.152
1536.0 6144.0 1056.0  0.0   98304.0  57628.3   42496.0    15091.2   15744.0 15219.8 1920.0 1732.1     12    0.152   0      0.000    0.152
1536.0 6144.0 1056.0  0.0   98304.0  57666.8   42496.0    15091.2   15744.0 15219.8 1920.0 1732.1     12    0.152   0      0.000    0.152
1536.0 6144.0 1056.0  0.0   98304.0  57666.8   42496.0    15091.2   15744.0 15219.8 1920.0 1732.1     12    0.152   0      0.000    0.152
1536.0 6144.0 1056.0  0.0   98304.0  57666.8   42496.0    15091.2   15744.0 15219.8 1920.0 1732.1     12    0.152   0      0.000    0.152
1536.0 6144.0 1056.0  0.0   98304.0  63848.3   42496.0    15091.2   15744.0 15219.8 1920.0 1732.1     12    0.152   0      0.000    0.152
1536.0 6144.0 1056.0  0.0   98304.0  63848.3   42496.0    15091.2   15744.0 15219.8 1920.0 1732.1     12    0.152   0      0.000    0.152
1536.0 6144.0 1056.0  0.0   98304.0  63848.3   42496.0    15091.2   15744.0 15219.8 1920.0 1732.1     12    0.152   0      0.000    0.152
1536.0 6144.0 1056.0  0.0   98304.0  63869.5   42496.0    15091.2   15744.0 15219.8 1920.0 1732.1     12    0.152   0      0.000    0.152
1536.0 6144.0 1056.0  0.0   98304.0  63869.5   42496.0    15091.2   15744.0 15219.8 1920.0 1732.1     12    0.152   0      0.000    0.152
1536.0 6144.0 1056.0  0.0   98304.0  63869.5   42496.0    15091.2   15744.0 15219.8 1920.0 1732.1     12    0.152   0      0.000    0.152
1536.0 6144.0 1056.0  0.0   98304.0  63922.4   42496.0    15091.2   15744.0 15219.8 1920.0 1732.1     12    0.152   0      0.000    0.152
1536.0 6144.0 1056.0  0.0   98304.0  63922.4   42496.0    15091.2   15744.0 15219.8 1920.0 1732.1     12    0.152   0      0.000    0.152
1536.0 6144.0 1056.0  0.0   98304.0  63922.4   42496.0    15091.2   15744.0 15219.8 1920.0 1732.1     12    0.152   0      0.000    0.152
1536.0 6144.0 1056.0  0.0   98304.0  63962.5   42496.0    15091.2   15744.0 15219.8 1920.0 1732.1     12    0.152   0      0.000    0.152
1536.0 6144.0 1056.0  0.0   98304.0  63962.5   42496.0    15091.2   15744.0 15219.8 1920.0 1732.1     12    0.152   0      0.000    0.152
1536.0 6144.0 1056.0  0.0   98304.0  63962.5   42496.0    15091.2   15744.0 15219.8 1920.0 1732.1     12    0.152   0      0.000    0.152
1536.0 6144.0 1056.0  0.0   98304.0  70164.0   42496.0    15091.2   15744.0 15219.8 1920.0 1732.1     12    0.152   0      0.000    0.152
1536.0 6144.0 1056.0  0.0   98304.0  70164.0   42496.0    15091.2   15744.0 15219.8 1920.0 1732.1     12    0.152   0      0.000    0.152
1536.0 6144.0 1056.0  0.0   98304.0  70164.0   42496.0    15091.2   15744.0 15219.8 1920.0 1732.1     12    0.152   0      0.000    0.152
1536.0 6144.0 1056.0  0.0   98304.0  70204.2   42496.0    15091.2   15744.0 15219.8 1920.0 1732.1     12    0.152   0      0.000    0.152
1536.0 6144.0 1056.0  0.0   98304.0  70204.2   42496.0    15091.2   15744.0 15219.8 1920.0 1732.1     12    0.152   0      0.000    0.152
1536.0 6144.0 1056.0  0.0   98304.0  70204.2   42496.0    15091.2   15744.0 15219.8 1920.0 1732.1     12    0.152   0      0.000    0.152
1536.0 6144.0 1056.0  0.0   98304.0  70242.6   42496.0    15091.2   15744.0 15219.8 1920.0 1732.1     12    0.152   0      0.000    0.152
1536.0 6144.0 1056.0  0.0   98304.0  70242.6   42496.0    15091.2   15744.0 15219.8 1920.0 1732.1     12    0.152   0      0.000    0.152
1536.0 6144.0 1056.0  0.0   98304.0  70242.6   42496.0    15091.2   15744.0 15219.8 1920.0 1732.1     12    0.152   0      0.000    0.152
1536.0 6144.0 1056.0  0.0   98304.0  70281.1   42496.0    15091.2   15744.0 15219.8 1920.0 1732.1     12    0.152   0      0.000    0.152
1536.0 6144.0 1056.0  0.0   98304.0  70281.1   42496.0    15091.2   15744.0 15219.8 1920.0 1732.1     12    0.152   0      0.000    0.152
1536.0 6144.0 1056.0  0.0   98304.0  70281.1   42496.0    15091.2   15744.0 15219.8 1920.0 1732.1     12    0.152   0      0.000    0.152
1536.0 6144.0 1056.0  0.0   98304.0  76461.5   42496.0    15091.2   15744.0 15219.8 1920.0 1732.1     12    0.152   0      0.000    0.152
1536.0 6144.0 1056.0  0.0   98304.0  76461.5   42496.0    15091.2   15744.0 15219.8 1920.0 1732.1     12    0.152   0      0.000    0.152
1536.0 6144.0 1056.0  0.0   98304.0  76461.5   42496.0    15091.2   15744.0 15219.8 1920.0 1732.1     12    0.152   0      0.000    0.152
1536.0 6144.0 1056.0  0.0   98304.0  76500.0   42496.0    15091.2   15744.0 15219.8 1920.0 1732.1     12    0.152   0      0.000    0.152
1536.0 6144.0 1056.0  0.0   98304.0  76500.0   42496.0    15091.2   15744.0 15219.8 1920.0 1732.1     12    0.152   0      0.000    0.152
1536.0 6144.0 1056.0  0.0   98304.0  76500.0   42496.0    15091.2   15744.0 15219.8 1920.0 1732.1     12    0.152   0      0.000    0.152
1536.0 6144.0 1056.0  0.0   98304.0  76540.4   42496.0    15091.2   15744.0 15219.8 1920.0 1732.1     12    0.152   0      0.000    0.152
1536.0 6144.0 1056.0  0.0   98304.0  76540.4   42496.0    15091.2   15744.0 15219.8 1920.0 1732.1     12    0.152   0      0.000    0.152
1536.0 6144.0 1056.0  0.0   98304.0  76540.4   42496.0    15091.2   15744.0 15219.8 1920.0 1732.1     12    0.152   0      0.000    0.152
1536.0 6144.0 1056.0  0.0   98304.0  76611.7   42496.0    15091.2   15744.0 15219.8 1920.0 1732.1     12    0.152   0      0.000    0.152
1536.0 6144.0 1056.0  0.0   98304.0  76611.7   42496.0    15091.2   15744.0 15219.8 1920.0 1732.1     12    0.152   0      0.000    0.152
1536.0 6144.0 1056.0  0.0   98304.0  76611.7   42496.0    15091.2   15744.0 15219.8 1920.0 1732.1     12    0.152   0      0.000    0.152
1536.0 6144.0 1056.0  0.0   98304.0  82791.2   42496.0    15091.2   15744.0 15219.8 1920.0 1732.1     12    0.152   0      0.000    0.152
1536.0 6144.0 1056.0  0.0   98304.0  82791.2   42496.0    15091.2   15744.0 15219.8 1920.0 1732.1     12    0.152   0      0.000    0.152
1536.0 6144.0 1056.0  0.0   98304.0  82791.2   42496.0    15091.2   15744.0 15219.8 1920.0 1732.1     12    0.152   0      0.000    0.152
1536.0 6144.0 1056.0  0.0   98304.0  82844.3   42496.0    15091.2   15744.0 15219.8 1920.0 1732.1     12    0.152   0      0.000    0.152
1536.0 6144.0 1056.0  0.0   98304.0  82844.3   42496.0    15091.2   15744.0 15219.8 1920.0 1732.1     12    0.152   0      0.000    0.152
1536.0 6144.0 1056.0  0.0   98304.0  82844.3   42496.0    15091.2   15744.0 15219.8 1920.0 1732.1     12    0.152   0      0.000    0.152
1536.0 6144.0 1056.0  0.0   98304.0  82884.4   42496.0    15091.2   15744.0 15219.8 1920.0 1732.1     12    0.152   0      0.000    0.152
1536.0 6144.0 1056.0  0.0   98304.0  82884.4   42496.0    15091.2   15744.0 15219.8 1920.0 1732.1     12    0.152   0      0.000    0.152
1536.0 6144.0 1056.0  0.0   98304.0  82884.4   42496.0    15091.2   15744.0 15219.8 1920.0 1732.1     12    0.152   0      0.000    0.152
1536.0 6144.0 1056.0  0.0   98304.0  82922.6   42496.0    15091.2   15744.0 15219.8 1920.0 1732.1     12    0.152   0      0.000    0.152
1536.0 6144.0 1056.0  0.0   98304.0  82922.6   42496.0    15091.2   15744.0 15219.8 1920.0 1732.1     12    0.152   0      0.000    0.152
1536.0 6144.0 1056.0  0.0   98304.0  82922.6   42496.0    15091.2   15744.0 15219.8 1920.0 1732.1     12    0.152   0      0.000    0.152
1536.0 6144.0 1056.0  0.0   98304.0  89108.3   42496.0    15091.2   15744.0 15219.8 1920.0 1732.1     12    0.152   0      0.000    0.152
1536.0 6144.0 1056.0  0.0   98304.0  89108.3   42496.0    15091.2   15744.0 15219.8 1920.0 1732.1     12    0.152   0      0.000    0.152
1536.0 6144.0 1056.0  0.0   98304.0  89108.3   42496.0    15091.2   15744.0 15219.8 1920.0 1732.1     12    0.152   0      0.000    0.152
1536.0 6144.0 1056.0  0.0   98304.0  89161.8   42496.0    15091.2   15744.0 15219.8 1920.0 1732.1     12    0.152   0      0.000    0.152
1536.0 6144.0 1056.0  0.0   98304.0  89161.8   42496.0    15091.2   15744.0 15219.8 1920.0 1732.1     12    0.152   0      0.000    0.152
1536.0 6144.0 1056.0  0.0   98304.0  89161.8   42496.0    15091.2   15744.0 15219.8 1920.0 1732.1     12    0.152   0      0.000    0.152
1536.0 6144.0 1056.0  0.0   98304.0  89200.7   42496.0    15091.2   15744.0 15219.8 1920.0 1732.1     12    0.152   0      0.000    0.152
1536.0 6144.0 1056.0  0.0   98304.0  89200.7   42496.0    15091.2   15744.0 15219.8 1920.0 1732.1     12    0.152   0      0.000    0.152
1536.0 6144.0 1056.0  0.0   98304.0  89200.7   42496.0    15091.2   15744.0 15219.8 1920.0 1732.1     12    0.152   0      0.000    0.152
1536.0 6144.0 1056.0  0.0   98304.0  89239.3   42496.0    15091.2   15744.0 15219.8 1920.0 1732.1     12    0.152   0      0.000    0.152
1536.0 6144.0 1056.0  0.0   98304.0  89239.3   42496.0    15091.2   15744.0 15219.8 1920.0 1732.1     12    0.152   0      0.000    0.152
1536.0 6144.0 1056.0  0.0   98304.0  89239.3   42496.0    15091.2   15744.0 15219.8 1920.0 1732.1     12    0.152   0      0.000    0.152
1536.0 6144.0 1056.0  0.0   98304.0  95229.0   42496.0    15091.2   15744.0 15219.8 1920.0 1732.1     12    0.152   0      0.000    0.152
1536.0 6144.0 1056.0  0.0   98304.0  95229.0   42496.0    15091.2   15744.0 15219.8 1920.0 1732.1     12    0.152   0      0.000    0.152
1536.0 6144.0 1056.0  0.0   98304.0  95229.0   42496.0    15091.2   15744.0 15219.8 1920.0 1732.1     12    0.152   0      0.000    0.152
1536.0 6144.0 1056.0  0.0   98304.0  95294.3   42496.0    15091.2   15744.0 15219.8 1920.0 1732.1     12    0.152   0      0.000    0.152
1536.0 6144.0 1056.0  0.0   98304.0  95294.3   42496.0    15091.2   15744.0 15219.8 1920.0 1732.1     12    0.152   0      0.000    0.152
1536.0 6144.0 1056.0  0.0   98304.0  95294.3   42496.0    15091.2   15744.0 15219.8 1920.0 1732.1     12    0.152   0      0.000    0.152
1536.0 6144.0 1056.0  0.0   98304.0  95330.4   42496.0    15091.2   15744.0 15219.8 1920.0 1732.1     12    0.152   0      0.000    0.152
1536.0 6144.0 1056.0  0.0   98304.0  95330.4   42496.0    15091.2   15744.0 15219.8 1920.0 1732.1     12    0.152   0      0.000    0.152
1536.0 6144.0 1056.0  0.0   98304.0  95330.4   42496.0    15091.2   15744.0 15219.8 1920.0 1732.1     12    0.152   0      0.000    0.152
1536.0 6144.0 1056.0  0.0   98304.0  95370.4   42496.0    15091.2   15744.0 15219.8 1920.0 1732.1     12    0.152   0      0.000    0.152
1536.0 6144.0 1056.0  0.0   98304.0  95370.4   42496.0    15091.2   15744.0 15219.8 1920.0 1732.1     12    0.152   0      0.000    0.152
1536.0 6144.0 1056.0  0.0   98304.0  95370.4   42496.0    15091.2   15744.0 15219.8 1920.0 1732.1     12    0.152   0      0.000    0.152
6656.0 1024.0  0.0   992.0  94208.0   3816.6   42496.0    15979.2   15744.0 15219.8 1920.0 1732.1     13    0.159   0      0.000    0.159
6656.0 1024.0  0.0   992.0  94208.0   3816.6   42496.0    15979.2   15744.0 15219.8 1920.0 1732.1     13    0.159   0      0.000    0.159
6656.0 1024.0  0.0   992.0  94208.0   3816.6   42496.0    15979.2   15744.0 15219.8 1920.0 1732.1     13    0.159   0      0.000    0.159
6656.0 1024.0  0.0   992.0  94208.0   3873.6   42496.0    15979.2   15744.0 15219.8 1920.0 1732.1     13    0.159   0      0.000    0.159
6656.0 1024.0  0.0   992.0  94208.0   3873.6   42496.0    15979.2   15744.0 15219.8 1920.0 1732.1     13    0.159   0      0.000    0.159
6656.0 1024.0  0.0   992.0  94208.0   3873.6   42496.0    15979.2   15744.0 15219.8 1920.0 1732.1     13    0.159   0      0.000    0.159
6656.0 1024.0  0.0   992.0  94208.0   3920.0   42496.0    15979.2   15744.0 15219.8 1920.0 1732.1     13    0.159   0      0.000    0.159
6656.0 1024.0  0.0   992.0  94208.0   3920.0   42496.0    15979.2   15744.0 15219.8 1920.0 1732.1     13    0.159   0      0.000    0.159
6656.0 1024.0  0.0   992.0  94208.0   3920.0   42496.0    15979.2   15744.0 15219.8 1920.0 1732.1     13    0.159   0      0.000    0.159
6656.0 1024.0  0.0   992.0  94208.0   3966.9   42496.0    15979.2   15744.0 15219.8 1920.0 1732.1     13    0.159   0      0.000    0.159
6656.0 1024.0  0.0   992.0  94208.0   3966.9   42496.0    15979.2   15744.0 15219.8 1920.0 1732.1     13    0.159   0      0.000    0.159
6656.0 1024.0  0.0   992.0  94208.0   3966.9   42496.0    15979.2   15744.0 15219.8 1920.0 1732.1     13    0.159   0      0.000    0.159
6656.0 1024.0  0.0   992.0  94208.0   9613.4   42496.0    15979.2   15744.0 15219.8 1920.0 1732.1     13    0.159   0      0.000    0.159
6656.0 1024.0  0.0   992.0  94208.0   9613.4   42496.0    15979.2   15744.0 15219.8 1920.0 1732.1     13    0.159   0      0.000    0.159
6656.0 1024.0  0.0   992.0  94208.0   9613.4   42496.0    15979.2   15744.0 15219.8 1920.0 1732.1     13    0.159   0      0.000    0.159
6656.0 1024.0  0.0   992.0  94208.0   9660.3   42496.0    15979.2   15744.0 15219.8 1920.0 1732.1     13    0.159   0      0.000    0.159
6656.0 1024.0  0.0   992.0  94208.0   9660.3   42496.0    15979.2   15744.0 15219.8 1920.0 1732.1     13    0.159   0      0.000    0.159
6656.0 1024.0  0.0   992.0  94208.0   9660.3   42496.0    15979.2   15744.0 15219.8 1920.0 1732.1     13    0.159   0      0.000    0.159
6656.0 1024.0  0.0   992.0  94208.0   9707.6   42496.0    15979.2   15744.0 15219.8 1920.0 1732.1     13    0.159   0      0.000    0.159
6656.0 1024.0  0.0   992.0  94208.0   9707.6   42496.0    15979.2   15744.0 15219.8 1920.0 1732.1     13    0.159   0      0.000    0.159
6656.0 1024.0  0.0   992.0  94208.0   9707.6   42496.0    15979.2   15744.0 15219.8 1920.0 1732.1     13    0.159   0      0.000    0.159
6656.0 1024.0  0.0   992.0  94208.0   9772.0   42496.0    15979.2   15744.0 15219.8 1920.0 1732.1     13    0.159   0      0.000    0.159
6656.0 1024.0  0.0   992.0  94208.0   9772.0   42496.0    15979.2   15744.0 15219.8 1920.0 1732.1     13    0.159   0      0.000    0.159
6656.0 1024.0  0.0   992.0  94208.0   9772.0   42496.0    15979.2   15744.0 15219.8 1920.0 1732.1     13    0.159   0      0.000    0.159
6656.0 1024.0  0.0   992.0  94208.0  15616.4   42496.0    15979.2   15744.0 15219.8 1920.0 1732.1     13    0.159   0      0.000    0.159
6656.0 1024.0  0.0   992.0  94208.0  15616.4   42496.0    15979.2   15744.0 15219.8 1920.0 1732.1     13    0.159   0      0.000    0.159
6656.0 1024.0  0.0   992.0  94208.0  15616.4   42496.0    15979.2   15744.0 15219.8 1920.0 1732.1     13    0.159   0      0.000    0.159
6656.0 1024.0  0.0   992.0  94208.0  15663.7   42496.0    15979.2   15744.0 15219.8 1920.0 1732.1     13    0.159   0      0.000    0.159
6656.0 1024.0  0.0   992.0  94208.0  15663.7   42496.0    15979.2   15744.0 15219.8 1920.0 1732.1     13    0.159   0      0.000    0.159
6656.0 1024.0  0.0   992.0  94208.0  15663.7   42496.0    15979.2   15744.0 15219.8 1920.0 1732.1     13    0.159   0      0.000    0.159
6656.0 1024.0  0.0   992.0  94208.0  15715.9   42496.0    15979.2   15744.0 15219.8 1920.0 1732.1     13    0.159   0      0.000    0.159
6656.0 1024.0  0.0   992.0  94208.0  15715.9   42496.0    15979.2   15744.0 15219.8 1920.0 1732.1     13    0.159   0      0.000    0.159
6656.0 1024.0  0.0   992.0  94208.0  15715.9   42496.0    15979.2   15744.0 15219.8 1920.0 1732.1     13    0.159   0      0.000    0.159
6656.0 1024.0  0.0   992.0  94208.0  15757.3   42496.0    15979.2   15744.0 15219.8 1920.0 1732.1     13    0.159   0      0.000    0.159
6656.0 1024.0  0.0   992.0  94208.0  15757.3   42496.0    15979.2   15744.0 15219.8 1920.0 1732.1     13    0.159   0      0.000    0.159
6656.0 1024.0  0.0   992.0  94208.0  15757.3   42496.0    15979.2   15744.0 15219.8 1920.0 1732.1     13    0.159   0      0.000    0.159
6656.0 1024.0  0.0   992.0  94208.0  22290.2   42496.0    15979.2   15744.0 15219.8 1920.0 1732.1     13    0.159   0      0.000    0.159
6656.0 1024.0  0.0   992.0  94208.0  22290.2   42496.0    15979.2   15744.0 15219.8 1920.0 1732.1     13    0.159   0      0.000    0.159
6656.0 1024.0  0.0   992.0  94208.0  22290.2   42496.0    15979.2   15744.0 15219.8 1920.0 1732.1     13    0.159   0      0.000    0.159
6656.0 1024.0  0.0   992.0  94208.0  22342.5   42496.0    15979.2   15744.0 15219.8 1920.0 1732.1     13    0.159   0      0.000    0.159
6656.0 1024.0  0.0   992.0  94208.0  22342.5   42496.0    15979.2   15744.0 15219.8 1920.0 1732.1     13    0.159   0      0.000    0.159
6656.0 1024.0  0.0   992.0  94208.0  22342.5   42496.0    15979.2   15744.0 15219.8 1920.0 1732.1     13    0.159   0      0.000    0.159
6656.0 1024.0  0.0   992.0  94208.0  22384.0   42496.0    15979.2   15744.0 15219.8 1920.0 1732.1     13    0.159   0      0.000    0.159
6656.0 1024.0  0.0   992.0  94208.0  22384.0   42496.0    15979.2   15744.0 15219.8 1920.0 1732.1     13    0.159   0      0.000    0.159
6656.0 1024.0  0.0   992.0  94208.0  22384.0   42496.0    15979.2   15744.0 15219.8 1920.0 1732.1     13    0.159   0      0.000    0.159
6656.0 1024.0  0.0   992.0  94208.0  22425.6   42496.0    15979.2   15744.0 15219.8 1920.0 1732.1     13    0.159   0      0.000    0.159
6656.0 1024.0  0.0   992.0  94208.0  22425.6   42496.0    15979.2   15744.0 15219.8 1920.0 1732.1     13    0.159   0      0.000    0.159
6656.0 1024.0  0.0   992.0  94208.0  22425.6   42496.0    15979.2   15744.0 15219.8 1920.0 1732.1     13    0.159   0      0.000    0.159
6656.0 1024.0  0.0   992.0  94208.0  28265.3   42496.0    15979.2   15744.0 15219.8 1920.0 1732.1     13    0.159   0      0.000    0.159
6656.0 1024.0  0.0   992.0  94208.0  28265.3   42496.0    15979.2   15744.0 15219.8 1920.0 1732.1     13    0.159   0      0.000    0.159
6656.0 1024.0  0.0   992.0  94208.0  28265.3   42496.0    15979.2   15744.0 15219.8 1920.0 1732.1     13    0.159   0      0.000    0.159
6656.0 1024.0  0.0   992.0  94208.0  28303.7   42496.0    15979.2   15744.0 15219.8 1920.0 1732.1     13    0.159   0      0.000    0.159
6656.0 1024.0  0.0   992.0  94208.0  28303.7   42496.0    15979.2   15744.0 15219.8 1920.0 1732.1     13    0.159   0      0.000    0.159
6656.0 1024.0  0.0   992.0  94208.0  28303.7   42496.0    15979.2   15744.0 15219.8 1920.0 1732.1     13    0.159   0      0.000    0.159
6656.0 1024.0  0.0   992.0  94208.0  28343.2   42496.0    15979.2   15744.0 15219.8 1920.0 1732.1     13    0.159   0      0.000    0.159
6656.0 1024.0  0.0   992.0  94208.0  28343.2   42496.0    15979.2   15744.0 15219.8 1920.0 1732.1     13    0.159   0      0.000    0.159
6656.0 1024.0  0.0   992.0  94208.0  28343.2   42496.0    15979.2   15744.0 15219.8 1920.0 1732.1     13    0.159   0      0.000    0.159
6656.0 1024.0  0.0   992.0  94208.0  28396.3   42496.0    15979.2   15744.0 15219.8 1920.0 1732.1     13    0.159   0      0.000    0.159
6656.0 1024.0  0.0   992.0  94208.0  28396.3   42496.0    15979.2   15744.0 15219.8 1920.0 1732.1     13    0.159   0      0.000    0.159
6656.0 1024.0  0.0   992.0  94208.0  28396.3   42496.0    15979.2   15744.0 15219.8 1920.0 1732.1     13    0.159   0      0.000    0.159
6656.0 1024.0  0.0   992.0  94208.0  34398.7   42496.0    15979.2   15744.0 15219.8 1920.0 1732.1     13    0.159   0      0.000    0.159
6656.0 1024.0  0.0   992.0  94208.0  34398.7   42496.0    15979.2   15744.0 15219.8 1920.0 1732.1     13    0.159   0      0.000    0.159
6656.0 1024.0  0.0   992.0  94208.0  34398.7   42496.0    15979.2   15744.0 15219.8 1920.0 1732.1     13    0.159   0      0.000    0.159
6656.0 1024.0  0.0   992.0  94208.0  34436.0   42496.0    15979.2   15744.0 15219.8 1920.0 1732.1     13    0.159   0      0.000    0.159
6656.0 1024.0  0.0   992.0  94208.0  34436.0   42496.0    15979.2   15744.0 15219.8 1920.0 1732.1     13    0.159   0      0.000    0.159
6656.0 1024.0  0.0   992.0  94208.0  34436.0   42496.0    15979.2   15744.0 15219.8 1920.0 1732.1     13    0.159   0      0.000    0.159
6656.0 1024.0  0.0   992.0  94208.0  34484.1   42496.0    15979.2   15744.0 15219.8 1920.0 1732.1     13    0.159   0      0.000    0.159
6656.0 1024.0  0.0   992.0  94208.0  34484.1   42496.0    15979.2   15744.0 15219.8 1920.0 1732.1     13    0.159   0      0.000    0.159
6656.0 1024.0  0.0   992.0  94208.0  34484.1   42496.0    15979.2   15744.0 15219.8 1920.0 1732.1     13    0.159   0      0.000    0.159
6656.0 1024.0  0.0   992.0  94208.0  34520.0   42496.0    15979.2   15744.0 15219.8 1920.0 1732.1     13    0.159   0      0.000    0.159
6656.0 1024.0  0.0   992.0  94208.0  34520.0   42496.0    15979.2   15744.0 15219.8 1920.0 1732.1     13    0.159   0      0.000    0.159
6656.0 1024.0  0.0   992.0  94208.0  34520.0   42496.0    15979.2   15744.0 15219.8 1920.0 1732.1     13    0.159   0      0.000    0.159
6656.0 1024.0  0.0   992.0  94208.0  40993.7   42496.0    15979.2   15744.0 15219.8 1920.0 1732.1     13    0.159   0      0.000    0.159
6656.0 1024.0  0.0   992.0  94208.0  40993.7   42496.0    15979.2   15744.0 15219.8 1920.0 1732.1     13    0.159   0      0.000    0.159
6656.0 1024.0  0.0   992.0  94208.0  40993.7   42496.0    15979.2   15744.0 15219.8 1920.0 1732.1     13    0.159   0      0.000    0.159
6656.0 1024.0  0.0   992.0  94208.0  41040.6   42496.0    15979.2   15744.0 15219.8 1920.0 1732.1     13    0.159   0      0.000    0.159
6656.0 1024.0  0.0   992.0  94208.0  41040.6   42496.0    15979.2   15744.0 15219.8 1920.0 1732.1     13    0.159   0      0.000    0.159
6656.0 1024.0  0.0   992.0  94208.0  41040.6   42496.0    15979.2   15744.0 15219.8 1920.0 1732.1     13    0.159   0      0.000    0.159
6656.0 1024.0  0.0   992.0  94208.0  41087.8   42496.0    15979.2   15744.0 15219.8 1920.0 1732.1     13    0.159   0      0.000    0.159
6656.0 1024.0  0.0   992.0  94208.0  41087.8   42496.0    15979.2   15744.0 15219.8 1920.0 1732.1     13    0.159   0      0.000    0.159
6656.0 1024.0  0.0   992.0  94208.0  41087.8   42496.0    15979.2   15744.0 15219.8 1920.0 1732.1     13    0.159   0      0.000    0.159
6656.0 1024.0  0.0   992.0  94208.0  41126.1   42496.0    15979.2   15744.0 15219.8 1920.0 1732.1     13    0.159   0      0.000    0.159
6656.0 1024.0  0.0   992.0  94208.0  41126.1   42496.0    15979.2   15744.0 15219.8 1920.0 1732.1     13    0.159   0      0.000    0.159
6656.0 1024.0  0.0   992.0  94208.0  41126.1   42496.0    15979.2   15744.0 15219.8 1920.0 1732.1     13    0.159   0      0.000    0.159
6656.0 1024.0  0.0   992.0  94208.0  46949.8   42496.0    15979.2   15744.0 15219.8 1920.0 1732.1     13    0.159   0      0.000    0.159
6656.0 1024.0  0.0   992.0  94208.0  46949.8   42496.0    15979.2   15744.0 15219.8 1920.0 1732.1     13    0.159   0      0.000    0.159
6656.0 1024.0  0.0   992.0  94208.0  46949.8   42496.0    15979.2   15744.0 15219.8 1920.0 1732.1     13    0.159   0      0.000    0.159
6656.0 1024.0  0.0   992.0  94208.0  46996.4   42496.0    15979.2   15744.0 15219.8 1920.0 1732.1     13    0.159   0      0.000    0.159
6656.0 1024.0  0.0   992.0  94208.0  46996.4   42496.0    15979.2   15744.0 15219.8 1920.0 1732.1     13    0.159   0      0.000    0.159
6656.0 1024.0  0.0   992.0  94208.0  46996.4   42496.0    15979.2   15744.0 15219.8 1920.0 1732.1     13    0.159   0      0.000    0.159
6656.0 1024.0  0.0   992.0  94208.0  47037.7   42496.0    15979.2   15744.0 15219.8 1920.0 1732.1     13    0.159   0      0.000    0.159
6656.0 1024.0  0.0   992.0  94208.0  47037.7   42496.0    15979.2   15744.0 15219.8 1920.0 1732.1     13    0.159   0      0.000    0.159
6656.0 1024.0  0.0   992.0  94208.0  47037.7   42496.0    15979.2   15744.0 15219.8 1920.0 1732.1     13    0.159   0      0.000    0.159
6656.0 1024.0  0.0   992.0  94208.0  47078.9   42496.0    15979.2   15744.0 15219.8 1920.0 1732.1     13    0.159   0      0.000    0.159
6656.0 1024.0  0.0   992.0  94208.0  47078.9   42496.0    15979.2   15744.0 15219.8 1920.0 1732.1     13    0.159   0      0.000    0.159
6656.0 1024.0  0.0   992.0  94208.0  47078.9   42496.0    15979.2   15744.0 15219.8 1920.0 1732.1     13    0.159   0      0.000    0.159
6656.0 1024.0  0.0   992.0  94208.0  53090.3   42496.0    15979.2   15744.0 15219.8 1920.0 1732.1     13    0.159   0      0.000    0.159
6656.0 1024.0  0.0   992.0  94208.0  53090.3   42496.0    15979.2   15744.0 15219.8 1920.0 1732.1     13    0.159   0      0.000    0.159
6656.0 1024.0  0.0   992.0  94208.0  53090.3   42496.0    15979.2   15744.0 15219.8 1920.0 1732.1     13    0.159   0      0.000    0.159
6656.0 1024.0  0.0   992.0  94208.0  53131.9   42496.0    15979.2   15744.0 15219.8 1920.0 1732.1     13    0.159   0      0.000    0.159
6656.0 1024.0  0.0   992.0  94208.0  53131.9   42496.0    15979.2   15744.0 15219.8 1920.0 1732.1     13    0.159   0      0.000    0.159
6656.0 1024.0  0.0   992.0  94208.0  53131.9   42496.0    15979.2   15744.0 15219.8 1920.0 1732.1     13    0.159   0      0.000    0.159
6656.0 1024.0  0.0   992.0  94208.0  53173.4   42496.0    15979.2   15744.0 15219.8 1920.0 1732.1     13    0.159   0      0.000    0.159
6656.0 1024.0  0.0   992.0  94208.0  53173.4   42496.0    15979.2   15744.0 15219.8 1920.0 1732.1     13    0.159   0      0.000    0.159
6656.0 1024.0  0.0   992.0  94208.0  53173.4   42496.0    15979.2   15744.0 15219.8 1920.0 1732.1     13    0.159   0      0.000    0.159
6656.0 1024.0  0.0   992.0  94208.0  53225.7   42496.0    15979.2   15744.0 15219.8 1920.0 1732.1     13    0.159   0      0.000    0.159
6656.0 1024.0  0.0   992.0  94208.0  53225.7   42496.0    15979.2   15744.0 15219.8 1920.0 1732.1     13    0.159   0      0.000    0.159
6656.0 1024.0  0.0   992.0  94208.0  53225.7   42496.0    15979.2   15744.0 15219.8 1920.0 1732.1     13    0.159   0      0.000    0.159
6656.0 1024.0  0.0   992.0  94208.0  59235.7   42496.0    15979.2   15744.0 15219.8 1920.0 1732.1     13    0.159   0      0.000    0.159
6656.0 1024.0  0.0   992.0  94208.0  59235.7   42496.0    15979.2   15744.0 15219.8 1920.0 1732.1     13    0.159   0      0.000    0.159
6656.0 1024.0  0.0   992.0  94208.0  59235.7   42496.0    15979.2   15744.0 15219.8 1920.0 1732.1     13    0.159   0      0.000    0.159
6656.0 1024.0  0.0   992.0  94208.0  59274.0   42496.0    15979.2   15744.0 15219.8 1920.0 1732.1     13    0.159   0      0.000    0.159
6656.0 1024.0  0.0   992.0  94208.0  59274.0   42496.0    15979.2   15744.0 15219.8 1920.0 1732.1     13    0.159   0      0.000    0.159
6656.0 1024.0  0.0   992.0  94208.0  59274.0   42496.0    15979.2   15744.0 15219.8 1920.0 1732.1     13    0.159   0      0.000    0.159
6656.0 1024.0  0.0   992.0  94208.0  59324.3   42496.0    15979.2   15744.0 15219.8 1920.0 1732.1     13    0.159   0      0.000    0.159
6656.0 1024.0  0.0   992.0  94208.0  59324.3   42496.0    15979.2   15744.0 15219.8 1920.0 1732.1     13    0.159   0      0.000    0.159
6656.0 1024.0  0.0   992.0  94208.0  59324.3   42496.0    15979.2   15744.0 15219.8 1920.0 1732.1     13    0.159   0      0.000    0.159
6656.0 1024.0  0.0   992.0  94208.0  59366.3   42496.0    15979.2   15744.0 15219.8 1920.0 1732.1     13    0.159   0      0.000    0.159
6656.0 1024.0  0.0   992.0  94208.0  59366.3   42496.0    15979.2   15744.0 15219.8 1920.0 1732.1     13    0.159   0      0.000    0.159
6656.0 1024.0  0.0   992.0  94208.0  59366.3   42496.0    15979.2   15744.0 15219.8 1920.0 1732.1     13    0.159   0      0.000    0.159
6656.0 1024.0  0.0   992.0  94208.0  65546.3   42496.0    15979.2   15744.0 15219.8 1920.0 1732.1     13    0.159   0      0.000    0.159
6656.0 1024.0  0.0   992.0  94208.0  65546.3   42496.0    15979.2   15744.0 15219.8 1920.0 1732.1     13    0.159   0      0.000    0.159
6656.0 1024.0  0.0   992.0  94208.0  65546.3   42496.0    15979.2   15744.0 15219.8 1920.0 1732.1     13    0.159   0      0.000    0.159
6656.0 1024.0  0.0   992.0  94208.0  65594.2   42496.0    15979.2   15744.0 15219.8 1920.0 1732.1     13    0.159   0      0.000    0.159
6656.0 1024.0  0.0   992.0  94208.0  65594.2   42496.0    15979.2   15744.0 15219.8 1920.0 1732.1     13    0.159   0      0.000    0.159
6656.0 1024.0  0.0   992.0  94208.0  65594.2   42496.0    15979.2   15744.0 15219.8 1920.0 1732.1     13    0.159   0      0.000    0.159
6656.0 1024.0  0.0   992.0  94208.0  65640.7   42496.0    15979.2   15744.0 15219.8 1920.0 1732.1     13    0.159   0      0.000    0.159
6656.0 1024.0  0.0   992.0  94208.0  65640.7   42496.0    15979.2   15744.0 15219.8 1920.0 1732.1     13    0.159   0      0.000    0.159
6656.0 1024.0  0.0   992.0  94208.0  65640.7   42496.0    15979.2   15744.0 15219.8 1920.0 1732.1     13    0.159   0      0.000    0.159
6656.0 1024.0  0.0   992.0  94208.0  65678.4   42496.0    15979.2   15744.0 15219.8 1920.0 1732.1     13    0.159   0      0.000    0.159
6656.0 1024.0  0.0   992.0  94208.0  65678.4   42496.0    15979.2   15744.0 15219.8 1920.0 1732.1     13    0.159   0      0.000    0.159
6656.0 1024.0  0.0   992.0  94208.0  65678.4   42496.0    15979.2   15744.0 15219.8 1920.0 1732.1     13    0.159   0      0.000    0.159
6656.0 1024.0  0.0   992.0  94208.0  71524.3   42496.0    15979.2   15744.0 15219.8 1920.0 1732.1     13    0.159   0      0.000    0.159
6656.0 1024.0  0.0   992.0  94208.0  71524.3   42496.0    15979.2   15744.0 15219.8 1920.0 1732.1     13    0.159   0      0.000    0.159
6656.0 1024.0  0.0   992.0  94208.0  71524.3   42496.0    15979.2   15744.0 15219.8 1920.0 1732.1     13    0.159   0      0.000    0.159
6656.0 1024.0  0.0   992.0  94208.0  71562.0   42496.0    15979.2   15744.0 15219.8 1920.0 1732.1     13    0.159   0      0.000    0.159
6656.0 1024.0  0.0   992.0  94208.0  71562.0   42496.0    15979.2   15744.0 15219.8 1920.0 1732.1     13    0.159   0      0.000    0.159
6656.0 1024.0  0.0   992.0  94208.0  71562.0   42496.0    15979.2   15744.0 15219.8 1920.0 1732.1     13    0.159   0      0.000    0.159
6656.0 1024.0  0.0   992.0  94208.0  71603.9   42496.0    15979.2   15744.0 15219.8 1920.0 1732.1     13    0.159   0      0.000    0.159
6656.0 1024.0  0.0   992.0  94208.0  71603.9   42496.0    15979.2   15744.0 15219.8 1920.0 1732.1     13    0.159   0      0.000    0.159
6656.0 1024.0  0.0   992.0  94208.0  71603.9   42496.0    15979.2   15744.0 15219.8 1920.0 1732.1     13    0.159   0      0.000    0.159
6656.0 1024.0  0.0   992.0  94208.0  71653.2   42496.0    15979.2   15744.0 15219.8 1920.0 1732.1     13    0.159   0      0.000    0.159
6656.0 1024.0  0.0   992.0  94208.0  71653.2   42496.0    15979.2   15744.0 15219.8 1920.0 1732.1     13    0.159   0      0.000    0.159
6656.0 1024.0  0.0   992.0  94208.0  71653.2   42496.0    15979.2   15744.0 15219.8 1920.0 1732.1     13    0.159   0      0.000    0.159
6656.0 1024.0  0.0   992.0  94208.0  77662.5   42496.0    15979.2   15744.0 15219.8 1920.0 1732.1     13    0.159   0      0.000    0.159
6656.0 1024.0  0.0   992.0  94208.0  77662.5   42496.0    15979.2   15744.0 15219.8 1920.0 1732.1     13    0.159   0      0.000    0.159
6656.0 1024.0  0.0   992.0  94208.0  77662.5   42496.0    15979.2   15744.0 15219.8 1920.0 1732.1     13    0.159   0      0.000    0.159
6656.0 1024.0  0.0   992.0  94208.0  77698.5   42496.0    15979.2   15744.0 15219.8 1920.0 1732.1     13    0.159   0      0.000    0.159
6656.0 1024.0  0.0   992.0  94208.0  77698.5   42496.0    15979.2   15744.0 15219.8 1920.0 1732.1     13    0.159   0      0.000    0.159
6656.0 1024.0  0.0   992.0  94208.0  77698.5   42496.0    15979.2   15744.0 15219.8 1920.0 1732.1     13    0.159   0      0.000    0.159
6656.0 1024.0  0.0   992.0  94208.0  77750.5   42496.0    15979.2   15744.0 15219.8 1920.0 1732.1     13    0.159   0      0.000    0.159
6656.0 1024.0  0.0   992.0  94208.0  77750.5   42496.0    15979.2   15744.0 15219.8 1920.0 1732.1     13    0.159   0      0.000    0.159
6656.0 1024.0  0.0   992.0  94208.0  77750.5   42496.0    15979.2   15744.0 15219.8 1920.0 1732.1     13    0.159   0      0.000    0.159
6656.0 1024.0  0.0   992.0  94208.0  77791.7   42496.0    15979.2   15744.0 15219.8 1920.0 1732.1     13    0.159   0      0.000    0.159
6656.0 1024.0  0.0   992.0  94208.0  77791.7   42496.0    15979.2   15744.0 15219.8 1920.0 1732.1     13    0.159   0      0.000    0.159
6656.0 1024.0  0.0   992.0  94208.0  77791.7   42496.0    15979.2   15744.0 15219.8 1920.0 1732.1     13    0.159   0      0.000    0.159
6656.0 1024.0  0.0   992.0  94208.0  84261.8   42496.0    15979.2   15744.0 15219.8 1920.0 1732.1     13    0.159   0      0.000    0.159
6656.0 1024.0  0.0   992.0  94208.0  84261.8   42496.0    15979.2   15744.0 15219.8 1920.0 1732.1     13    0.159   0      0.000    0.159
6656.0 1024.0  0.0   992.0  94208.0  84261.8   42496.0    15979.2   15744.0 15219.8 1920.0 1732.1     13    0.159   0      0.000    0.159
6656.0 1024.0  0.0   992.0  94208.0  84303.4   42496.0    15979.2   15744.0 15219.8 1920.0 1732.1     13    0.159   0      0.000    0.159
6656.0 1024.0  0.0   992.0  94208.0  84303.4   42496.0    15979.2   15744.0 15219.8 1920.0 1732.1     13    0.159   0      0.000    0.159
6656.0 1024.0  0.0   992.0  94208.0  84303.4   42496.0    15979.2   15744.0 15219.8 1920.0 1732.1     13    0.159   0      0.000    0.159
6656.0 1024.0  0.0   992.0  94208.0  84355.6   42496.0    15979.2   15744.0 15219.8 1920.0 1732.1     13    0.159   0      0.000    0.159
6656.0 1024.0  0.0   992.0  94208.0  84355.6   42496.0    15979.2   15744.0 15219.8 1920.0 1732.1     13    0.159   0      0.000    0.159
6656.0 1024.0  0.0   992.0  94208.0  84355.6   42496.0    15979.2   15744.0 15219.8 1920.0 1732.1     13    0.159   0      0.000    0.159
6656.0 1024.0  0.0   992.0  94208.0  84397.2   42496.0    15979.2   15744.0 15219.8 1920.0 1732.1     13    0.159   0      0.000    0.159
6656.0 1024.0  0.0   992.0  94208.0  84397.2   42496.0    15979.2   15744.0 15219.8 1920.0 1732.1     13    0.159   0      0.000    0.159
6656.0 1024.0  0.0   992.0  94208.0  84397.2   42496.0    15979.2   15744.0 15219.8 1920.0 1732.1     13    0.159   0      0.000    0.159
6656.0 1024.0  0.0   992.0  94208.0  90220.5   42496.0    15979.2   15744.0 15219.8 1920.0 1732.1     13    0.159   0      0.000    0.159
6656.0 1024.0  0.0   992.0  94208.0  90220.5   42496.0    15979.2   15744.0 15219.8 1920.0 1732.1     13    0.159   0      0.000    0.159
6656.0 1024.0  0.0   992.0  94208.0  90220.5   42496.0    15979.2   15744.0 15219.8 1920.0 1732.1     13    0.159   0      0.000    0.159
6656.0 1024.0  0.0   992.0  94208.0  90269.7   42496.0    15979.2   15744.0 15219.8 1920.0 1732.1     13    0.159   0      0.000    0.159
6656.0 1024.0  0.0   992.0  94208.0  90269.7   42496.0    15979.2   15744.0 15219.8 1920.0 1732.1     13    0.159   0      0.000    0.159
6656.0 1024.0  0.0   992.0  94208.0  90269.7   42496.0    15979.2   15744.0 15219.8 1920.0 1732.1     13    0.159   0      0.000    0.159
6656.0 1024.0  0.0   992.0  94208.0  90309.1   42496.0    15979.2   15744.0 15219.8 1920.0 1732.1     13    0.159   0      0.000    0.159
6656.0 1024.0  0.0   992.0  94208.0  90309.1   42496.0    15979.2   15744.0 15219.8 1920.0 1732.1     13    0.159   0      0.000    0.159
6656.0 1024.0  0.0   992.0  94208.0  90309.1   42496.0    15979.2   15744.0 15219.8 1920.0 1732.1     13    0.159   0      0.000    0.159
6656.0 1024.0  0.0   992.0  94208.0  90351.1   42496.0    15979.2   15744.0 15219.8 1920.0 1732.1     13    0.159   0      0.000    0.159
6656.0 1024.0  0.0   992.0  94208.0  90351.1   42496.0    15979.2   15744.0 15219.8 1920.0 1732.1     13    0.159   0      0.000    0.159
6656.0 1024.0  0.0   992.0  94208.0  90351.1   42496.0    15979.2   15744.0 15219.8 1920.0 1732.1     13    0.159   0      0.000    0.159
1024.0 6656.0 928.0   0.0   90624.0   2793.0   42496.0    16859.2   15744.0 15219.8 1920.0 1732.1     14    0.168   0      0.000    0.168
1024.0 6656.0 928.0   0.0   90624.0   2793.0   42496.0    16859.2   15744.0 15219.8 1920.0 1732.1     14    0.168   0      0.000    0.168
1024.0 6656.0 928.0   0.0   90624.0   2793.0   42496.0    16859.2   15744.0 15219.8 1920.0 1732.1     14    0.168   0      0.000    0.168
1024.0 6656.0 928.0   0.0   90624.0   2845.3   42496.0    16859.2   15744.0 15219.8 1920.0 1732.1     14    0.168   0      0.000    0.168
1024.0 6656.0 928.0   0.0   90624.0   2845.3   42496.0    16859.2   15744.0 15219.8 1920.0 1732.1     14    0.168   0      0.000    0.168
1024.0 6656.0 928.0   0.0   90624.0   2845.3   42496.0    16859.2   15744.0 15219.8 1920.0 1732.1     14    0.168   0      0.000    0.168
1024.0 6656.0 928.0   0.0   90624.0   2889.4   42496.0    16859.2   15744.0 15219.8 1920.0 1732.1     14    0.168   0      0.000    0.168
1024.0 6656.0 928.0   0.0   90624.0   2889.4   42496.0    16859.2   15744.0 15219.8 1920.0 1732.1     14    0.168   0      0.000    0.168
1024.0 6656.0 928.0   0.0   90624.0   2889.4   42496.0    16859.2   15744.0 15219.8 1920.0 1732.1     14    0.168   0      0.000    0.168
1024.0 6656.0 928.0   0.0   90624.0   2942.1   42496.0    16859.2   15744.0 15219.8 1920.0 1732.1     14    0.168   0      0.000    0.168
1024.0 6656.0 928.0   0.0   90624.0   2942.1   42496.0    16859.2   15744.0 15219.8 1920.0 1732.1     14    0.168   0      0.000    0.168
1024.0 6656.0 928.0   0.0   90624.0   2942.1   42496.0    16859.2   15744.0 15219.8 1920.0 1732.1     14    0.168   0      0.000    0.168
1024.0 6656.0 928.0   0.0   90624.0   9103.1   42496.0    16859.2   15744.0 15219.8 1920.0 1732.1     14    0.168   0      0.000    0.168
1024.0 6656.0 928.0   0.0   90624.0   9103.1   42496.0    16859.2   15744.0 15219.8 1920.0 1732.1     14    0.168   0      0.000    0.168
1024.0 6656.0 928.0   0.0   90624.0   9103.1   42496.0    16859.2   15744.0 15219.8 1920.0 1732.1     14    0.168   0      0.000    0.168
1024.0 6656.0 928.0   0.0   90624.0   9155.9   42496.0    16859.2   15744.0 15219.8 1920.0 1732.1     14    0.168   0      0.000    0.168
1024.0 6656.0 928.0   0.0   90624.0   9155.9   42496.0    16859.2   15744.0 15219.8 1920.0 1732.1     14    0.168   0      0.000    0.168
1024.0 6656.0 928.0   0.0   90624.0   9155.9   42496.0    16859.2   15744.0 15219.8 1920.0 1732.1     14    0.168   0      0.000    0.168
1024.0 6656.0 928.0   0.0   90624.0   9200.4   42496.0    16859.2   15744.0 15219.8 1920.0 1732.1     14    0.168   0      0.000    0.168
1024.0 6656.0 928.0   0.0   90624.0   9200.4   42496.0    16859.2   15744.0 15219.8 1920.0 1732.1     14    0.168   0      0.000    0.168
1024.0 6656.0 928.0   0.0   90624.0   9200.4   42496.0    16859.2   15744.0 15219.8 1920.0 1732.1     14    0.168   0      0.000    0.168
1024.0 6656.0 928.0   0.0   90624.0   9246.6   42496.0    16859.2   15744.0 15219.8 1920.0 1732.1     14    0.168   0      0.000    0.168
1024.0 6656.0 928.0   0.0   90624.0   9246.6   42496.0    16859.2   15744.0 15219.8 1920.0 1732.1     14    0.168   0      0.000    0.168
1024.0 6656.0 928.0   0.0   90624.0   9246.6   42496.0    16859.2   15744.0 15219.8 1920.0 1732.1     14    0.168   0      0.000    0.168
1024.0 6656.0 928.0   0.0   90624.0  14783.1   42496.0    16859.2   15744.0 15219.8 1920.0 1732.1     14    0.168   0      0.000    0.168
1024.0 6656.0 928.0   0.0   90624.0  14783.1   42496.0    16859.2   15744.0 15219.8 1920.0 1732.1     14    0.168   0      0.000    0.168
1024.0 6656.0 928.0   0.0   90624.0  14783.1   42496.0    16859.2   15744.0 15219.8 1920.0 1732.1     14    0.168   0      0.000    0.168
1024.0 6656.0 928.0   0.0   90624.0  14827.8   42496.0    16859.2   15744.0 15219.8 1920.0 1732.1     14    0.168   0      0.000    0.168
1024.0 6656.0 928.0   0.0   90624.0  14827.8   42496.0    16859.2   15744.0 15219.8 1920.0 1732.1     14    0.168   0      0.000    0.168
1024.0 6656.0 928.0   0.0   90624.0  14827.8   42496.0    16859.2   15744.0 15219.8 1920.0 1732.1     14    0.168   0      0.000    0.168
1024.0 6656.0 928.0   0.0   90624.0  14871.8   42496.0    16859.2   15744.0 15219.8 1920.0 1732.1     14    0.168   0      0.000    0.168
1024.0 6656.0 928.0   0.0   90624.0  14871.8   42496.0    16859.2   15744.0 15219.8 1920.0 1732.1     14    0.168   0      0.000    0.168
1024.0 6656.0 928.0   0.0   90624.0  14871.8   42496.0    16859.2   15744.0 15219.8 1920.0 1732.1     14    0.168   0      0.000    0.168
1024.0 6656.0 928.0   0.0   90624.0  14913.9   42496.0    16859.2   15744.0 15219.8 1920.0 1732.1     14    0.168   0      0.000    0.168
1024.0 6656.0 928.0   0.0   90624.0  14913.9   42496.0    16859.2   15744.0 15219.8 1920.0 1732.1     14    0.168   0      0.000    0.168
1024.0 6656.0 928.0   0.0   90624.0  14913.9   42496.0    16859.2   15744.0 15219.8 1920.0 1732.1     14    0.168   0      0.000    0.168
1024.0 6656.0 928.0   0.0   90624.0  21615.9   42496.0    16859.2   15744.0 15219.8 1920.0 1732.1     14    0.168   0      0.000    0.168
1024.0 6656.0 928.0   0.0   90624.0  21615.9   42496.0    16859.2   15744.0 15219.8 1920.0 1732.1     14    0.168   0      0.000    0.168
1024.0 6656.0 928.0   0.0   90624.0  21615.9   42496.0    16859.2   15744.0 15219.8 1920.0 1732.1     14    0.168   0      0.000    0.168
1024.0 6656.0 928.0   0.0   90624.0  21649.7   42496.0    16859.2   15744.0 15219.8 1920.0 1732.1     14    0.168   0      0.000    0.168
1024.0 6656.0 928.0   0.0   90624.0  21649.7   42496.0    16859.2   15744.0 15219.8 1920.0 1732.1     14    0.168   0      0.000    0.168
1024.0 6656.0 928.0   0.0   90624.0  21649.7   42496.0    16859.2   15744.0 15219.8 1920.0 1732.1     14    0.168   0      0.000    0.168
1024.0 6656.0 928.0   0.0   90624.0  21683.8   42496.0    16859.2   15744.0 15219.8 1920.0 1732.1     14    0.168   0      0.000    0.168
1024.0 6656.0 928.0   0.0   90624.0  21683.8   42496.0    16859.2   15744.0 15219.8 1920.0 1732.1     14    0.168   0      0.000    0.168
1024.0 6656.0 928.0   0.0   90624.0  21683.8   42496.0    16859.2   15744.0 15219.8 1920.0 1732.1     14    0.168   0      0.000    0.168
1024.0 6656.0 928.0   0.0   90624.0  21725.8   42496.0    16859.2   15744.0 15219.8 1920.0 1732.1     14    0.168   0      0.000    0.168
1024.0 6656.0 928.0   0.0   90624.0  21725.8   42496.0    16859.2   15744.0 15219.8 1920.0 1732.1     14    0.168   0      0.000    0.168
1024.0 6656.0 928.0   0.0   90624.0  21725.8   42496.0    16859.2   15744.0 15219.8 1920.0 1732.1     14    0.168   0      0.000    0.168
1024.0 6656.0 928.0   0.0   90624.0  27379.5   42496.0    16859.2   15744.0 15219.8 1920.0 1732.1     14    0.168   0      0.000    0.168
1024.0 6656.0 928.0   0.0   90624.0  27379.5   42496.0    16859.2   15744.0 15219.8 1920.0 1732.1     14    0.168   0      0.000    0.168
1024.0 6656.0 928.0   0.0   90624.0  27379.5   42496.0    16859.2   15744.0 15219.8 1920.0 1732.1     14    0.168   0      0.000    0.168
1024.0 6656.0 928.0   0.0   90624.0  27429.4   42496.0    16859.2   15744.0 15219.8 1920.0 1732.1     14    0.168   0      0.000    0.168
1024.0 6656.0 928.0   0.0   90624.0  27429.4   42496.0    16859.2   15744.0 15219.8 1920.0 1732.1     14    0.168   0      0.000    0.168
1024.0 6656.0 928.0   0.0   90624.0  27429.4   42496.0    16859.2   15744.0 15219.8 1920.0 1732.1     14    0.168   0      0.000    0.168
1024.0 6656.0 928.0   0.0   90624.0  27476.9   42496.0    16859.2   15744.0 15219.8 1920.0 1732.1     14    0.168   0      0.000    0.168
1024.0 6656.0 928.0   0.0   90624.0  27476.9   42496.0    16859.2   15744.0 15219.8 1920.0 1732.1     14    0.168   0      0.000    0.168
1024.0 6656.0 928.0   0.0   90624.0  27476.9   42496.0    16859.2   15744.0 15219.8 1920.0 1732.1     14    0.168   0      0.000    0.168
1024.0 6656.0 928.0   0.0   90624.0  27511.1   42496.0    16859.2   15744.0 15219.8 1920.0 1732.1     14    0.168   0      0.000    0.168
1024.0 6656.0 928.0   0.0   90624.0  27511.1   42496.0    16859.2   15744.0 15219.8 1920.0 1732.1     14    0.168   0      0.000    0.168
1024.0 6656.0 928.0   0.0   90624.0  27511.1   42496.0    16859.2   15744.0 15219.8 1920.0 1732.1     14    0.168   0      0.000    0.168
1024.0 6656.0 928.0   0.0   90624.0  33878.4   42496.0    16859.2   15744.0 15219.8 1920.0 1732.1     14    0.168   0      0.000    0.168
1024.0 6656.0 928.0   0.0   90624.0  33878.4   42496.0    16859.2   15744.0 15219.8 1920.0 1732.1     14    0.168   0      0.000    0.168
1024.0 6656.0 928.0   0.0   90624.0  33878.4   42496.0    16859.2   15744.0 15219.8 1920.0 1732.1     14    0.168   0      0.000    0.168
1024.0 6656.0 928.0   0.0   90624.0  33914.0   42496.0    16859.2   15744.0 15219.8 1920.0 1732.1     14    0.168   0      0.000    0.168
1024.0 6656.0 928.0   0.0   90624.0  33914.0   42496.0    16859.2   15744.0 15219.8 1920.0 1732.1     14    0.168   0      0.000    0.168
1024.0 6656.0 928.0   0.0   90624.0  33914.0   42496.0    16859.2   15744.0 15219.8 1920.0 1732.1     14    0.168   0      0.000    0.168
1024.0 6656.0 928.0   0.0   90624.0  33966.3   42496.0    16859.2   15744.0 15219.8 1920.0 1732.1     14    0.168   0      0.000    0.168
1024.0 6656.0 928.0   0.0   90624.0  33966.3   42496.0    16859.2   15744.0 15219.8 1920.0 1732.1     14    0.168   0      0.000    0.168
1024.0 6656.0 928.0   0.0   90624.0  33966.3   42496.0    16859.2   15744.0 15219.8 1920.0 1732.1     14    0.168   0      0.000    0.168
1024.0 6656.0 928.0   0.0   90624.0  34010.7   42496.0    16859.2   15744.0 15219.8 1920.0 1732.1     14    0.168   0      0.000    0.168
1024.0 6656.0 928.0   0.0   90624.0  34010.7   42496.0    16859.2   15744.0 15219.8 1920.0 1732.1     14    0.168   0      0.000    0.168
1024.0 6656.0 928.0   0.0   90624.0  34010.7   42496.0    16859.2   15744.0 15219.8 1920.0 1732.1     14    0.168   0      0.000    0.168
1024.0 6656.0 928.0   0.0   90624.0  39736.9   42496.0    16859.2   15744.0 15219.8 1920.0 1732.1     14    0.168   0      0.000    0.168
1024.0 6656.0 928.0   0.0   90624.0  39736.9   42496.0    16859.2   15744.0 15219.8 1920.0 1732.1     14    0.168   0      0.000    0.168
1024.0 6656.0 928.0   0.0   90624.0  39736.9   42496.0    16859.2   15744.0 15219.8 1920.0 1732.1     14    0.168   0      0.000    0.168
1024.0 6656.0 928.0   0.0   90624.0  39781.2   42496.0    16859.2   15744.0 15219.8 1920.0 1732.1     14    0.168   0      0.000    0.168
1024.0 6656.0 928.0   0.0   90624.0  39781.2   42496.0    16859.2   15744.0 15219.8 1920.0 1732.1     14    0.168   0      0.000    0.168
1024.0 6656.0 928.0   0.0   90624.0  39781.2   42496.0    16859.2   15744.0 15219.8 1920.0 1732.1     14    0.168   0      0.000    0.168
1024.0 6656.0 928.0   0.0   90624.0  39825.7   42496.0    16859.2   15744.0 15219.8 1920.0 1732.1     14    0.168   0      0.000    0.168
1024.0 6656.0 928.0   0.0   90624.0  39825.7   42496.0    16859.2   15744.0 15219.8 1920.0 1732.1     14    0.168   0      0.000    0.168
1024.0 6656.0 928.0   0.0   90624.0  39825.7   42496.0    16859.2   15744.0 15219.8 1920.0 1732.1     14    0.168   0      0.000    0.168
1024.0 6656.0 928.0   0.0   90624.0  39899.3   42496.0    16859.2   15744.0 15219.8 1920.0 1732.1     14    0.168   0      0.000    0.168
1024.0 6656.0 928.0   0.0   90624.0  39899.3   42496.0    16859.2   15744.0 15219.8 1920.0 1732.1     14    0.168   0      0.000    0.168
1024.0 6656.0 928.0   0.0   90624.0  39899.3   42496.0    16859.2   15744.0 15219.8 1920.0 1732.1     14    0.168   0      0.000    0.168
1024.0 6656.0 928.0   0.0   90624.0  46221.2   42496.0    16859.2   15744.0 15219.8 1920.0 1732.1     14    0.168   0      0.000    0.168
1024.0 6656.0 928.0   0.0   90624.0  46221.2   42496.0    16859.2   15744.0 15219.8 1920.0 1732.1     14    0.168   0      0.000    0.168
1024.0 6656.0 928.0   0.0   90624.0  46221.2   42496.0    16859.2   15744.0 15219.8 1920.0 1732.1     14    0.168   0      0.000    0.168
1024.0 6656.0 928.0   0.0   90624.0  46274.2   42496.0    16859.2   15744.0 15219.8 1920.0 1732.1     14    0.168   0      0.000    0.168
1024.0 6656.0 928.0   0.0   90624.0  46274.2   42496.0    16859.2   15744.0 15219.8 1920.0 1732.1     14    0.168   0      0.000    0.168
1024.0 6656.0 928.0   0.0   90624.0  46274.2   42496.0    16859.2   15744.0 15219.8 1920.0 1732.1     14    0.168   0      0.000    0.168
1024.0 6656.0 928.0   0.0   90624.0  46318.6   42496.0    16859.2   15744.0 15219.8 1920.0 1732.1     14    0.168   0      0.000    0.168
1024.0 6656.0 928.0   0.0   90624.0  46318.6   42496.0    16859.2   15744.0 15219.8 1920.0 1732.1     14    0.168   0      0.000    0.168
1024.0 6656.0 928.0   0.0   90624.0  46318.6   42496.0    16859.2   15744.0 15219.8 1920.0 1732.1     14    0.168   0      0.000    0.168
1024.0 6656.0 928.0   0.0   90624.0  46368.9   42496.0    16859.2   15744.0 15219.8 1920.0 1732.1     14    0.168   0      0.000    0.168
1024.0 6656.0 928.0   0.0   90624.0  46368.9   42496.0    16859.2   15744.0 15219.8 1920.0 1732.1     14    0.168   0      0.000    0.168
1024.0 6656.0 928.0   0.0   90624.0  46368.9   42496.0    16859.2   15744.0 15219.8 1920.0 1732.1     14    0.168   0      0.000    0.168
1024.0 6656.0 928.0   0.0   90624.0  52241.7   42496.0    16859.2   15744.0 15219.8 1920.0 1732.1     14    0.168   0      0.000    0.168
1024.0 6656.0 928.0   0.0   90624.0  52241.7   42496.0    16859.2   15744.0 15219.8 1920.0 1732.1     14    0.168   0      0.000    0.168
1024.0 6656.0 928.0   0.0   90624.0  52241.7   42496.0    16859.2   15744.0 15219.8 1920.0 1732.1     14    0.168   0      0.000    0.168
1024.0 6656.0 928.0   0.0   90624.0  52275.6   42496.0    16859.2   15744.0 15219.8 1920.0 1732.1     14    0.168   0      0.000    0.168
1024.0 6656.0 928.0   0.0   90624.0  52275.6   42496.0    16859.2   15744.0 15219.8 1920.0 1732.1     14    0.168   0      0.000    0.168
1024.0 6656.0 928.0   0.0   90624.0  52275.6   42496.0    16859.2   15744.0 15219.8 1920.0 1732.1     14    0.168   0      0.000    0.168
1024.0 6656.0 928.0   0.0   90624.0  52319.9   42496.0    16859.2   15744.0 15219.8 1920.0 1732.1     14    0.168   0      0.000    0.168
1024.0 6656.0 928.0   0.0   90624.0  52319.9   42496.0    16859.2   15744.0 15219.8 1920.0 1732.1     14    0.168   0      0.000    0.168
1024.0 6656.0 928.0   0.0   90624.0  52319.9   42496.0    16859.2   15744.0 15219.8 1920.0 1732.1     14    0.168   0      0.000    0.168
1024.0 6656.0 928.0   0.0   90624.0  52353.8   42496.0    16859.2   15744.0 15219.8 1920.0 1732.1     14    0.168   0      0.000    0.168
1024.0 6656.0 928.0   0.0   90624.0  52353.8   42496.0    16859.2   15744.0 15219.8 1920.0 1732.1     14    0.168   0      0.000    0.168
1024.0 6656.0 928.0   0.0   90624.0  52353.8   42496.0    16859.2   15744.0 15219.8 1920.0 1732.1     14    0.168   0      0.000    0.168
1024.0 6656.0 928.0   0.0   90624.0  58245.5   42496.0    16859.2   15744.0 15219.8 1920.0 1732.1     14    0.168   0      0.000    0.168
1024.0 6656.0 928.0   0.0   90624.0  58245.5   42496.0    16859.2   15744.0 15219.8 1920.0 1732.1     14    0.168   0      0.000    0.168
1024.0 6656.0 928.0   0.0   90624.0  58245.5   42496.0    16859.2   15744.0 15219.8 1920.0 1732.1     14    0.168   0      0.000    0.168
1024.0 6656.0 928.0   0.0   90624.0  58286.6   42496.0    16859.2   15744.0 15219.8 1920.0 1732.1     14    0.168   0      0.000    0.168
1024.0 6656.0 928.0   0.0   90624.0  58286.6   42496.0    16859.2   15744.0 15219.8 1920.0 1732.1     14    0.168   0      0.000    0.168
1024.0 6656.0 928.0   0.0   90624.0  58286.6   42496.0    16859.2   15744.0 15219.8 1920.0 1732.1     14    0.168   0      0.000    0.168
1024.0 6656.0 928.0   0.0   90624.0  58324.8   42496.0    16859.2   15744.0 15219.8 1920.0 1732.1     14    0.168   0      0.000    0.168
1024.0 6656.0 928.0   0.0   90624.0  58324.8   42496.0    16859.2   15744.0 15219.8 1920.0 1732.1     14    0.168   0      0.000    0.168
1024.0 6656.0 928.0   0.0   90624.0  58324.8   42496.0    16859.2   15744.0 15219.8 1920.0 1732.1     14    0.168   0      0.000    0.168
1024.0 6656.0 928.0   0.0   90624.0  58367.3   42496.0    16859.2   15744.0 15219.8 1920.0 1732.1     14    0.168   0      0.000    0.168
1024.0 6656.0 928.0   0.0   90624.0  58367.3   42496.0    16859.2   15744.0 15219.8 1920.0 1732.1     14    0.168   0      0.000    0.168
1024.0 6656.0 928.0   0.0   90624.0  58367.3   42496.0    16859.2   15744.0 15219.8 1920.0 1732.1     14    0.168   0      0.000    0.168
1024.0 6656.0 928.0   0.0   90624.0  64701.3   42496.0    16859.2   15744.0 15219.8 1920.0 1732.1     14    0.168   0      0.000    0.168
1024.0 6656.0 928.0   0.0   90624.0  64701.3   42496.0    16859.2   15744.0 15219.8 1920.0 1732.1     14    0.168   0      0.000    0.168
1024.0 6656.0 928.0   0.0   90624.0  64701.3   42496.0    16859.2   15744.0 15219.8 1920.0 1732.1     14    0.168   0      0.000    0.168
1024.0 6656.0 928.0   0.0   90624.0  64745.6   42496.0    16859.2   15744.0 15219.8 1920.0 1732.1     14    0.168   0      0.000    0.168
1024.0 6656.0 928.0   0.0   90624.0  64745.6   42496.0    16859.2   15744.0 15219.8 1920.0 1732.1     14    0.168   0      0.000    0.168
1024.0 6656.0 928.0   0.0   90624.0  64745.6   42496.0    16859.2   15744.0 15219.8 1920.0 1732.1     14    0.168   0      0.000    0.168
1024.0 6656.0 928.0   0.0   90624.0  64789.7   42496.0    16859.2   15744.0 15219.8 1920.0 1732.1     14    0.168   0      0.000    0.168
1024.0 6656.0 928.0   0.0   90624.0  64789.7   42496.0    16859.2   15744.0 15219.8 1920.0 1732.1     14    0.168   0      0.000    0.168
1024.0 6656.0 928.0   0.0   90624.0  64789.7   42496.0    16859.2   15744.0 15219.8 1920.0 1732.1     14    0.168   0      0.000    0.168
1024.0 6656.0 928.0   0.0   90624.0  64842.5   42496.0    16859.2   15744.0 15219.8 1920.0 1732.1     14    0.168   0      0.000    0.168
1024.0 6656.0 928.0   0.0   90624.0  64842.5   42496.0    16859.2   15744.0 15219.8 1920.0 1732.1     14    0.168   0      0.000    0.168
1024.0 6656.0 928.0   0.0   90624.0  64842.5   42496.0    16859.2   15744.0 15219.8 1920.0 1732.1     14    0.168   0      0.000    0.168
1024.0 6656.0 928.0   0.0   90624.0  70925.1   42496.0    16859.2   15744.0 15219.8 1920.0 1732.1     14    0.168   0      0.000    0.168
1024.0 6656.0 928.0   0.0   90624.0  70925.1   42496.0    16859.2   15744.0 15219.8 1920.0 1732.1     14    0.168   0      0.000    0.168
1024.0 6656.0 928.0   0.0   90624.0  70925.1   42496.0    16859.2   15744.0 15219.8 1920.0 1732.1     14    0.168   0      0.000    0.168
1024.0 6656.0 928.0   0.0   90624.0  70969.4   42496.0    16859.2   15744.0 15219.8 1920.0 1732.1     14    0.168   0      0.000    0.168
1024.0 6656.0 928.0   0.0   90624.0  70969.4   42496.0    16859.2   15744.0 15219.8 1920.0 1732.1     14    0.168   0      0.000    0.168
1024.0 6656.0 928.0   0.0   90624.0  70969.4   42496.0    16859.2   15744.0 15219.8 1920.0 1732.1     14    0.168   0      0.000    0.168
1024.0 6656.0 928.0   0.0   90624.0  71022.0   42496.0    16859.2   15744.0 15219.8 1920.0 1732.1     14    0.168   0      0.000    0.168
1024.0 6656.0 928.0   0.0   90624.0  71022.0   42496.0    16859.2   15744.0 15219.8 1920.0 1732.1     14    0.168   0      0.000    0.168
1024.0 6656.0 928.0   0.0   90624.0  71022.0   42496.0    16859.2   15744.0 15219.8 1920.0 1732.1     14    0.168   0      0.000    0.168
1024.0 6656.0 928.0   0.0   90624.0  71059.2   42496.0    16859.2   15744.0 15219.8 1920.0 1732.1     14    0.168   0      0.000    0.168
1024.0 6656.0 928.0   0.0   90624.0  71059.2   42496.0    16859.2   15744.0 15219.8 1920.0 1732.1     14    0.168   0      0.000    0.168
1024.0 6656.0 928.0   0.0   90624.0  71059.2   42496.0    16859.2   15744.0 15219.8 1920.0 1732.1     14    0.168   0      0.000    0.168
1024.0 6656.0 928.0   0.0   90624.0  76786.7   42496.0    16859.2   15744.0 15219.8 1920.0 1732.1     14    0.168   0      0.000    0.168
1024.0 6656.0 928.0   0.0   90624.0  76786.7   42496.0    16859.2   15744.0 15219.8 1920.0 1732.1     14    0.168   0      0.000    0.168
1024.0 6656.0 928.0   0.0   90624.0  76786.7   42496.0    16859.2   15744.0 15219.8 1920.0 1732.1     14    0.168   0      0.000    0.168
1024.0 6656.0 928.0   0.0   90624.0  76831.5   42496.0    16859.2   15744.0 15219.8 1920.0 1732.1     14    0.168   0      0.000    0.168
1024.0 6656.0 928.0   0.0   90624.0  76831.5   42496.0    16859.2   15744.0 15219.8 1920.0 1732.1     14    0.168   0      0.000    0.168
1024.0 6656.0 928.0   0.0   90624.0  76831.5   42496.0    16859.2   15744.0 15219.8 1920.0 1732.1     14    0.168   0      0.000    0.168
1024.0 6656.0 928.0   0.0   90624.0  76882.1   42496.0    16859.2   15744.0 15219.8 1920.0 1732.1     14    0.168   0      0.000    0.168
1024.0 6656.0 928.0   0.0   90624.0  76882.1   42496.0    16859.2   15744.0 15219.8 1920.0 1732.1     14    0.168   0      0.000    0.168
1024.0 6656.0 928.0   0.0   90624.0  76882.1   42496.0    16859.2   15744.0 15219.8 1920.0 1732.1     14    0.168   0      0.000    0.168
1024.0 6656.0 928.0   0.0   90624.0  76924.3   42496.0    16859.2   15744.0 15219.8 1920.0 1732.1     14    0.168   0      0.000    0.168
1024.0 6656.0 928.0   0.0   90624.0  76924.3   42496.0    16859.2   15744.0 15219.8 1920.0 1732.1     14    0.168   0      0.000    0.168
1024.0 6656.0 928.0   0.0   90624.0  76924.3   42496.0    16859.2   15744.0 15219.8 1920.0 1732.1     14    0.168   0      0.000    0.168
1024.0 6656.0 928.0   0.0   90624.0  83086.8   42496.0    16859.2   15744.0 15219.8 1920.0 1732.1     14    0.168   0      0.000    0.168
1024.0 6656.0 928.0   0.0   90624.0  83086.8   42496.0    16859.2   15744.0 15219.8 1920.0 1732.1     14    0.168   0      0.000    0.168
1024.0 6656.0 928.0   0.0   90624.0  83086.8   42496.0    16859.2   15744.0 15219.8 1920.0 1732.1     14    0.168   0      0.000    0.168
1024.0 6656.0 928.0   0.0   90624.0  83129.0   42496.0    16859.2   15744.0 15219.8 1920.0 1732.1     14    0.168   0      0.000    0.168
1024.0 6656.0 928.0   0.0   90624.0  83129.0   42496.0    16859.2   15744.0 15219.8 1920.0 1732.1     14    0.168   0      0.000    0.168
1024.0 6656.0 928.0   0.0   90624.0  83129.0   42496.0    16859.2   15744.0 15219.8 1920.0 1732.1     14    0.168   0      0.000    0.168
1024.0 6656.0 928.0   0.0   90624.0  83162.6   42496.0    16859.2   15744.0 15219.8 1920.0 1732.1     14    0.168   0      0.000    0.168
1024.0 6656.0 928.0   0.0   90624.0  83162.6   42496.0    16859.2   15744.0 15219.8 1920.0 1732.1     14    0.168   0      0.000    0.168
1024.0 6656.0 928.0   0.0   90624.0  83162.6   42496.0    16859.2   15744.0 15219.8 1920.0 1732.1     14    0.168   0      0.000    0.168
1024.0 6656.0 928.0   0.0   90624.0  83205.0   42496.0    16859.2   15744.0 15219.8 1920.0 1732.1     14    0.168   0      0.000    0.168
1024.0 6656.0 928.0   0.0   90624.0  83205.0   42496.0    16859.2   15744.0 15219.8 1920.0 1732.1     14    0.168   0      0.000    0.168
1024.0 6656.0 928.0   0.0   90624.0  83205.0   42496.0    16859.2   15744.0 15219.8 1920.0 1732.1     14    0.168   0      0.000    0.168
1024.0 6656.0 928.0   0.0   90624.0  89589.9   42496.0    16859.2   15744.0 15219.8 1920.0 1732.1     14    0.168   0      0.000    0.168
1024.0 6656.0 928.0   0.0   90624.0  89589.9   42496.0    16859.2   15744.0 15219.8 1920.0 1732.1     14    0.168   0      0.000    0.168
